BL51 BANKED LINKER/LOCATER V4.16a             09/02/2011  17:17:57  PAGE 1


BL51 BANKED LINKER/LOCATER V4.16a, INVOKED BY:
D:\PROGRAM FILES\CYGNAL\IDEFILES\C51\BIN\BL51.EXE G:\PICO_TEST\AMP36_2.OBJ TO 
>> G:\PICO_TEST\AMP36_2 RS (256) PL (68) PW (78)


INPUT MODULES INCLUDED:
  G:\PICO_TEST\AMP36_2.OBJ (MAIN)


LINK MAP OF MODULE:  G:\PICO_TEST\AMP36_2 (MAIN)


            TYPE    BASE      LENGTH    RELOCATION   SEGMENT NAME
            -----------------------------------------------------

            * * * * * * *   D A T A   M E M O R Y   * * * * * * *
            REG     0000H     0008H     ABSOLUTE     "REG BANK 0"

            * * * * * * *   C O D E   M E M O R Y   * * * * * * *
            CODE    0000H     04C9H     ABSOLUTE     
            CODE    04C9H     315DH     UNIT         MAIN



SYMBOL TABLE OF MODULE:  G:\PICO_TEST\AMP36_2 (MAIN)

  VALUE           TYPE          NAME
  ----------------------------------

  -------         MODULE        MAIN
  C:04C9H         SEGMENT       MAIN
  X:0100H         PUBLIC        MASS0
  B:00C0H.2       SYMBOL        AA
  C:088FH         SYMBOL        AAPAR
  D:004FH         SYMBOL        ABIN
  C:2E39H         SYMBOL        ABRET
  C:03F3H         SYMBOL        ABTOF
  B:00D0H.6       SYMBOL        AC
  D:00E0H         SYMBOL        ACC
  B:00E8H.4       SYMBOL        AD0BUSY
  B:00E8H.2       SYMBOL        AD0CM0
  B:00E8H.3       SYMBOL        AD0CM1
  B:00E8H.7       SYMBOL        AD0EN
  B:00E8H.5       SYMBOL        AD0INT
  B:00E8H.0       SYMBOL        AD0LJST
  B:00E8H.6       SYMBOL        AD0TM
  B:00E8H.1       SYMBOL        AD0WINT
  D:00BCH         SYMBOL        ADC0CF
  D:00E8H         SYMBOL        ADC0CN
  D:00C5H         SYMBOL        ADC0GTH
  D:00C4H         SYMBOL        ADC0GTL
  D:00BFH         SYMBOL        ADC0H
  D:00BEH         SYMBOL        ADC0L
  D:00C7H         SYMBOL        ADC0LTH
  D:00C6H         SYMBOL        ADC0LTL
  D:009CH         SYMBOL        ADC1
  D:00ABH         SYMBOL        ADC1CF
  D:00AAH         SYMBOL        ADC1CN
  C:35FDH         SYMBOL        ADDX
  D:0053H         SYMBOL        ADEC
  C:32B1H         SYMBOL        ADRBLOK
  C:0B8CH         SYMBOL        AFTERK
  C:069EH         SYMBOL        AFTER_2
  C:0714H         SYMBOL        AGE2
  C:0D8EH         SYMBOL        AGE9
  C:0722H         SYMBOL        AGEON
BL51 BANKED LINKER/LOCATER V4.16a           09/02/2011  17:17:57  PAGE 2


  C:082DH         SYMBOL        ALLSUM
  C:3544H         SYMBOL        ALMUL
  C:0402H         SYMBOL        ALTOF
  C:041EH         SYMBOL        ALTOF1
  D:00BAH         SYMBOL        AMX0CF
  D:00BBH         SYMBOL        AMX0SL
  D:00ACH         SYMBOL        AMX1SL
  C:0AECH         SYMBOL        ANKOR
  C:0FA1H         SYMBOL        ANLP1
  C:1819H         SYMBOL        AN_T7
  C:126BH         SYMBOL        AUTOKA
  C:0CBDH         SYMBOL        AVPGO
  C:0B4EH         SYMBOL        AVTDEC1
  C:03FCH         SYMBOL        AWTOF
  D:00F0H         SYMBOL        B
  C:05C9H         SYMBOL        BEGIN
  C:31EEH         SYMBOL        BFORM
  B:0021H.5       SYMBOL        BIFL_KT
  C:3360H         SYMBOL        BIN30
  C:3364H         SYMBOL        BIN31
  C:3374H         SYMBOL        BIN32
  C:3385H         SYMBOL        BIN41
  C:3354H         SYMBOL        BINDEC
  B:0023H.2       SYMBOL        BITAKT
  B:0020H.5       SYMBOL        BITAVP
  B:0021H.2       SYMBOL        BITBON
  B:0022H.5       SYMBOL        BITEIZM
  B:0020H.4       SYMBOL        BITIZM
  B:0022H.2       SYMBOL        BITKLB
  B:0020H.1       SYMBOL        BITMAS
  B:0021H.3       SYMBOL        BITMEM
  B:0022H.1       SYMBOL        BITMENU
  B:0023H.1       SYMBOL        BITMIG
  B:0021H.7       SYMBOL        BITNUL
  B:0022H.7       SYMBOL        BITOLL
  B:0022H.6       SYMBOL        BITPAR
  B:0021H.1       SYMBOL        BITPRD
  B:0023H.4       SYMBOL        BITPRER
  B:0020H.3       SYMBOL        BITRS
  B:0022H.0       SYMBOL        BITT2
  B:0022H.3       SYMBOL        BITV19
  B:0020H.6       SYMBOL        BITVI11
  B:0022H.4       SYMBOL        BITVICH
  B:0020H.0       SYMBOL        BITZNAK
  B:0023H.3       SYMBOL        BITZNB
  B:0020H.7       SYMBOL        BITZUS
  C:1CD9H         SYMBOL        BLOIN
  C:1CABH         SYMBOL        BLOKVV
  C:1CB5H         SYMBOL        BLOKVVC
  C:1C76H         SYMBOL        BL_LI
  C:123BH         SYMBOL        BONPART
  C:19F3H         SYMBOL        BOUT7
  C:2C7AH         SYMBOL        BRET
  C:0EE5H         SYMBOL        BUFDEC
  C:1034H         SYMBOL        BUFDECRS
  D:0040H         SYMBOL        BUFIND
  C:27B6H         SYMBOL        BUFL_DEC
  C:25D5H         SYMBOL        BUFMEA
  C:26E4H         SYMBOL        BUFMIN
  C:13CCH         SYMBOL        BUFON
  C:0E33H         SYMBOL        BUFR
  C:0E15H         SYMBOL        BUFR2
  C:0E0EH         SYMBOL        BUFR3
  C:0E11H         SYMBOL        BUFR30
  D:00DBH         SYMBOL        BUF_IN
BL51 BANKED LINKER/LOCATER V4.16a           09/02/2011  17:17:57  PAGE 3


  B:00C0H.7       SYMBOL        BUSY
  D:00C4H         SYMBOL        BYTE_KOR
  B:00D8H.0       SYMBOL        CCF0
  B:00D8H.1       SYMBOL        CCF1
  B:00D8H.2       SYMBOL        CCF2
  B:00D8H.3       SYMBOL        CCF3
  B:00D8H.4       SYMBOL        CCF4
  C:01F7H         SYMBOL        CDONE
  D:0020H         SYMBOL        CELLBIT
  D:0021H         SYMBOL        CELLBIT1
  D:0022H         SYMBOL        CELLBIT2
  D:0023H         SYMBOL        CELLBIT3
  C:01E2H         SYMBOL        CEXP
  B:00D8H.7       SYMBOL        CF
  C:2D1DH         SYMBOL        CH0
  C:2D3DH         SYMBOL        CH1
  C:2D21H         SYMBOL        CH10
  C:2D35H         SYMBOL        CH100
  C:2D31H         SYMBOL        CH10000
  C:2D85H         SYMBOL        CH150H
  C:2D39H         SYMBOL        CH2
  C:2F00H         SYMBOL        CH20
  C:2D65H         SYMBOL        CH2THO
  C:2D81H         SYMBOL        CH320H
  C:2D29H         SYMBOL        CH4
  C:1EE4H         SYMBOL        CH43
  C:1F8BH         SYMBOL        CH43_42
  C:2D25H         SYMBOL        CH5
  C:2EFCH         SYMBOL        CH57
  C:2D2DH         SYMBOL        CH954
  C:1B08H         SYMBOL        CHAIBL
  C:2B10H         SYMBOL        CHAIBL9
  C:1E39H         SYMBOL        CHAIPR
  C:15A7H         SYMBOL        CHANMA
  C:158EH         SYMBOL        CHANZ
  D:0081H         SYMBOL        CHAVT
  D:009BH         SYMBOL        CHBEFORE
  D:00D6H         SYMBOL        CHBLOK
  D:00CFH         SYMBOL        CHBUF
  X:0E00H         SYMBOL        CHBUF1
  C:2C1DH         SYMBOL        CHCMP
  C:2C30H         SYMBOL        CHDEC
  D:0083H         SYMBOL        CHDEL
  C:1226H         SYMBOL        CHDELMO
  C:2F45H         SYMBOL        CHIF
  C:2F4DH         SYMBOL        CHIF5
  C:2F70H         SYMBOL        CHIFB
  C:2F76H         SYMBOL        CHIFB1
  C:2F7EH         SYMBOL        CHIFL5
  C:2F5FH         SYMBOL        CHIFOUR
  D:00ACH         SYMBOL        CHIND
  D:0033H         SYMBOL        CHIND2
  D:0098H         SYMBOL        CHINKOR
  C:2D7DH         SYMBOL        CHK
  D:003DH         SYMBOL        CHKL
  D:006EH         SYMBOL        CHMAS
  D:003FH         SYMBOL        CHMASN
  C:3296H         SYMBOL        CHMINUS
  C:2BC7H         SYMBOL        CHTADC
  C:2D5DH         SYMBOL        CHTHO
  C:2E04H         SYMBOL        CHTHOU
  C:2D19H         SYMBOL        CHZAP
  C:2D45H         SYMBOL        CH_1
  C:2D75H         SYMBOL        CH_10
  C:2D71H         SYMBOL        CH_10TH
BL51 BANKED LINKER/LOCATER V4.16a           09/02/2011  17:17:57  PAGE 4


  C:2D49H         SYMBOL        CH_2
  C:2D6DH         SYMBOL        CH_200
  C:2D69H         SYMBOL        CH_220
  C:2E42H         SYMBOL        CH_22T
  C:2D79H         SYMBOL        CH_250
  C:2D4DH         SYMBOL        CH_4
  C:2D51H         SYMBOL        CH_5
  C:2E3EH         SYMBOL        CH_500
  C:2D55H         SYMBOL        CH_7
  C:2D59H         SYMBOL        CH_953
  C:2E3AH         SYMBOL        CH_B
  C:2E46H         SYMBOL        CH_FL
  C:2D89H         SYMBOL        CH_M3
  C:2D41H         SYMBOL        CH_MLN
  C:31C4H         SYMBOL        CIKLWR
  D:008EH         SYMBOL        CKCON
  C:2D9BH         SYMBOL        CL4
  C:2DA1H         SYMBOL        CL4N
  C:1F78H         SYMBOL        CLE20
  C:043EH         SYMBOL        CLE256
  C:334EH         SYMBOL        CLEAR
  C:2D98H         SYMBOL        CLEAR4
  C:2DA0H         SYMBOL        CLEARN
  C:31B4H         SYMBOL        CLMASSIX
  C:0CC2H         SYMBOL        CLMASV
  C:31B9H         SYMBOL        CLMAX
  C:334FH         SYMBOL        CLR11
  C:3348H         SYMBOL        CLRDEC
  C:334CH         SYMBOL        CLRNUM
  C:1960H         SYMBOL        CLRVICH
  C:1BC2H         SYMBOL        CL_HL
  C:1BD4H         SYMBOL        CL_HL1
  C:1BDEH         SYMBOL        CL_HL2
  C:1BE8H         SYMBOL        CL_HL3
  D:004EH         SYMBOL        CMD_REZ
  C:2843H         SYMBOL        CMD_TREE
  N:0006H         SYMBOL        CNTR
  D:0025H         SYMBOL        CNT_IN
  D:0024H         SYMBOL        CNT_OUT
  C:2D01H         SYMBOL        CO02S
  C:2D0EH         SYMBOL        CO05S
  C:2CF8H         SYMBOL        CO1S
  C:2CF4H         SYMBOL        CO2S
  C:0DAAH         SYMBOL        COMPA1
  C:0DE0H         SYMBOL        COMPA2
  C:3228H         SYMBOL        COND
  C:049FH         SYMBOL        COPY1
  C:0499H         SYMBOL        COPYPP
  D:00D7H         SYMBOL        COPY_HL
  C:2CD6H         SYMBOL        COUNT
  B:00C8H.0       SYMBOL        CPRL2
  D:009EH         SYMBOL        CPT0CN
  D:009FH         SYMBOL        CPT1CN
  B:00D8H.6       SYMBOL        CR
  C:2CDDH         SYMBOL        CT
  B:00C8H.1       SYMBOL        CT2
  B:00D0H.7       SYMBOL        CY
  D:00D4H         SYMBOL        DAC0CN
  D:00D3H         SYMBOL        DAC0H
  D:00D2H         SYMBOL        DAC0L
  D:00D7H         SYMBOL        DAC1CN
  D:00D6H         SYMBOL        DAC1H
  D:00D5H         SYMBOL        DAC1L
  C:322DH         SYMBOL        DCOA
  C:3234H         SYMBOL        DCOB
BL51 BANKED LINKER/LOCATER V4.16a           09/02/2011  17:17:57  PAGE 5


  C:323FH         SYMBOL        DCOC
  C:324CH         SYMBOL        DCOD
  C:1C2BH         SYMBOL        DDOUTF
  C:1AECH         SYMBOL        DDOUTFR
  C:33A1H         SYMBOL        DEC30
  C:33A6H         SYMBOL        DEC31
  C:33B6H         SYMBOL        DEC32
  C:3394H         SYMBOL        DECBIN
  N:000AH         SYMBOL        DECSIZE
  C:33BFH         SYMBOL        DECT2
  C:3614H         SYMBOL        DEDPTR
  C:0133H         SYMBOL        DENORM
  C:1DBDH         SYMBOL        DGOTO7
  D:00AEH         SYMBOL        DIAP
  C:13F2H         SYMBOL        DIINC
  C:2ED4H         SYMBOL        DIKDN
  C:2DECH         SYMBOL        DIKDW
  C:2E02H         SYMBOL        DIKM
  C:2E00H         SYMBOL        DIPAR
  C:02DDH         SYMBOL        DIV1
  C:0320H         SYMBOL        DIV2
  C:030DH         SYMBOL        DIV3
  C:0336H         SYMBOL        DIV9
  C:347FH         SYMBOL        DIVIDE
  C:33EEH         SYMBOL        DONE
  C:33ECH         SYMBOL        DONE1
  C:3508H         SYMBOL        DOSH
  C:34F6H         SYMBOL        DOSUB
  D:0083H         SYMBOL        DPH
  D:0082H         SYMBOL        DPL
  C:0FDDH         SYMBOL        DVIG0
  C:0FD2H         SYMBOL        DVIG1
  C:0FC7H         SYMBOL        DVIG2
  C:0FBBH         SYMBOL        DVIG3
  C:0FE9H         SYMBOL        DVIG4
  C:100BH         SYMBOL        DVIG6
  C:1009H         SYMBOL        DVM
  B:00A8H.7       SYMBOL        EA
  D:00E6H         SYMBOL        EIE1
  D:00E7H         SYMBOL        EIE2
  D:00F6H         SYMBOL        EIP1
  D:00F7H         SYMBOL        EIP2
  D:00A3H         SYMBOL        EMI0CF
  D:00AFH         SYMBOL        EMI0CN
  D:00A1H         SYMBOL        EMI0TC
  C:23ECH         SYMBOL        ENDKALIB
  C:100FH         SYMBOL        ENDSDV
  C:0A7AH         SYMBOL        ENDSUM
  B:00C0H.6       SYMBOL        ENSMB
  C:0DDBH         SYMBOL        EQU0
  C:0DF9H         SYMBOL        EQU00
  C:16F0H         SYMBOL        EQU1L
  C:1C91H         SYMBOL        EQU2L
  C:230BH         SYMBOL        ERRA0
  C:0CD8H         SYMBOL        ERRA01
  C:2FDAH         SYMBOL        ERROR
  B:00A8H.4       SYMBOL        ES0
  B:00A8H.1       SYMBOL        ET0
  B:00A8H.3       SYMBOL        ET1
  B:00A8H.5       SYMBOL        ET2
  B:00A8H.0       SYMBOL        EX0
  B:00A8H.2       SYMBOL        EX1
  B:00C8H.3       SYMBOL        EXEN2
  B:00C8H.6       SYMBOL        EXF2
  N:0000H         SYMBOL        EXP1
BL51 BANKED LINKER/LOCATER V4.16a           09/02/2011  17:17:57  PAGE 6


  N:0001H         SYMBOL        EXP2
  C:0680H         SYMBOL        EXTCLE
  B:00D0H.5       SYMBOL        F0
  B:00D0H.1       SYMBOL        F1
  C:2DE5H         SYMBOL        FINDEXT
  C:2DD6H         SYMBOL        FINDKOEF
  C:164EH         SYMBOL        FINDMEM
  C:2F2DH         SYMBOL        FINDR
  C:3533H         SYMBOL        FINIS
  D:00B7H         SYMBOL        FLACL
  C:0166H         SYMBOL        FLADD
  C:01D6H         SYMBOL        FLCMP
  C:02B7H         SYMBOL        FLDIV
  C:0203H         SYMBOL        FLMUL
  C:01E1H         SYMBOL        FLOUT
  D:00B6H         SYMBOL        FLSCL
  C:01D1H         SYMBOL        FLSUB
  C:01F8H         SYMBOL        FND
  C:31EBH         SYMBOL        FO1M
  C:31F4H         SYMBOL        FO2M
  C:31F5H         SYMBOL        FORM4
  C:14E5H         SYMBOL        FT1IZM
  C:0343H         SYMBOL        FTOL
  C:037CH         SYMBOL        FTOL1
  C:039EH         SYMBOL        FTOL2
  C:03C4H         SYMBOL        FTOL22
  C:03A2H         SYMBOL        FTOL23
  C:03B5H         SYMBOL        FTOL24
  C:03C2H         SYMBOL        FTOL25
  C:03E4H         SYMBOL        FTOL26
  C:038AH         SYMBOL        FTOL3
  C:038EH         SYMBOL        FTOL33
  C:0371H         SYMBOL        FTOL4
  C:0381H         SYMBOL        FTOL9
  C:245BH         SYMBOL        FULKALIB
  C:060EH         SYMBOL        GENER
  C:1BEFH         SYMBOL        GO23NO
  C:16F6H         SYMBOL        GO31L
  C:16FBH         SYMBOL        GO41L
  C:0C78H         SYMBOL        GOA2
  C:0C82H         SYMBOL        GOA3A2
  C:11BFH         SYMBOL        GOCIKLE
  C:1C22H         SYMBOL        GOFULL
  C:2329H         SYMBOL        GOGO7
  C:0CA0H         SYMBOL        GOKAA2
  C:13BBH         SYMBOL        GOKLB
  C:1B56H         SYMBOL        GOOFF1
  C:1B71H         SYMBOL        GOOFF2
  C:1B8CH         SYMBOL        GOOFF3
  C:1BA7H         SYMBOL        GOOFF4
  C:0C92H         SYMBOL        GOONIN
  C:0E84H         SYMBOL        GOONIN1
  C:0E82H         SYMBOL        GOONIN2
  C:0EBCH         SYMBOL        GOONIND
  C:2B1CH         SYMBOL        GOONOF9
  C:1B1BH         SYMBOL        GOONOFF
  C:1148H         SYMBOL        GOONT
  C:218DH         SYMBOL        GOPAROL
  C:205EH         SYMBOL        GOPAROM
  C:080BH         SYMBOL        GOPART
  C:161BH         SYMBOL        GOSK19
  C:1819H         SYMBOL        GOTO7
  C:0B13H         SYMBOL        GOTOKD
  C:112AH         SYMBOL        GOTOSTROB
  C:1370H         SYMBOL        GOUT6
BL51 BANKED LINKER/LOCATER V4.16a           09/02/2011  17:17:57  PAGE 7


  C:136BH         SYMBOL        GOUT6__
  C:1E5DH         SYMBOL        GOVVLIST
  C:07BDH         SYMBOL        GOZNAK
  C:196BH         SYMBOL        HNOR11
  C:1913H         SYMBOL        HNOR12
  C:19B7H         SYMBOL        HNOT1
  C:18E1H         SYMBOL        HNOT2
  C:1909H         SYMBOL        HR12
  C:1903H         SYMBOL        HVI1113
  D:00A8H         SYMBOL        IE
  B:0088H.1       SYMBOL        IE0
  B:0088H.3       SYMBOL        IE1
  C:18DDH         SYMBOL        INCT
  C:27D6H         SYMBOL        IND
  C:0E6DH         SYMBOL        INDOLL
  C:2E4AH         SYMBOL        INIACP
  C:1D14H         SYMBOL        INNOT1_2
  C:1D05H         SYMBOL        INNOT3
  C:1CF9H         SYMBOL        INNOT6
  C:27CAH         SYMBOL        INTER2
  D:00CDH         SYMBOL        INTERVA
  C:116BH         SYMBOL        INTMUL
  C:116EH         SYMBOL        INTMUL1
  C:1183H         SYMBOL        INTMUL2
  C:1DA6H         SYMBOL        INTN
  D:00B8H         SYMBOL        IP
  B:0021H.4       SYMBOL        IS_2
  B:0023H.5       SYMBOL        IS_CMD
  B:0023H.7       SYMBOL        IS_IZM
  B:0021H.6       SYMBOL        IS_MEM
  B:0023H.6       SYMBOL        IS_RS
  B:0088H.0       SYMBOL        IT0
  B:0088H.2       SYMBOL        IT1
  C:199CH         SYMBOL        IZCHI
  C:145AH         SYMBOL        IZMAN
  C:1460H         SYMBOL        IZMAN1
  C:146CH         SYMBOL        IZMFUN
  C:1470H         SYMBOL        IZMPAT
  C:147FH         SYMBOL        IZMT2
  C:148AH         SYMBOL        IZMT3
  C:349AH         SYMBOL        JFINIS
  C:2D61H         SYMBOL        KD
  C:133AH         SYMBOL        KEYB1
  C:17A9H         SYMBOL        KEYB2
  C:1BF9H         SYMBOL        KFULL
  C:1ADBH         SYMBOL        KFULLR
  C:1B43H         SYMBOL        KGO23
  C:1769H         SYMBOL        KKOUT6
  C:1869H         SYMBOL        KLBOFF
  C:1AB5H         SYMBOL        KLEV1
  C:1ABAH         SYMBOL        KLEV2
  C:1ADEH         SYMBOL        KLEV21
  C:1AC4H         SYMBOL        KLEV22
  C:1AEFH         SYMBOL        KLEV23
  C:1ABFH         SYMBOL        KLEV3
  C:08B8H         SYMBOL        KLMAS
  C:1878H         SYMBOL        KNAVP
  B:0023H.0       SYMBOL        KNIZM
  C:1467H         SYMBOL        KNIZMON
  C:1790H         SYMBOL        KNKMP
  C:1886H         SYMBOL        KNLEFT
  C:1A14H         SYMBOL        KNMEM
  C:183BH         SYMBOL        KNMENU
  C:18A7H         SYMBOL        KNNUL
  C:1492H         SYMBOL        KNOPT
BL51 BANKED LINKER/LOCATER V4.16a           09/02/2011  17:17:57  PAGE 8


  C:14A7H         SYMBOL        KNRAZR
  C:13E8H         SYMBOL        KNRIGHT
  C:1409H         SYMBOL        KNVICH
  D:00A0H         SYMBOL        KOEFKD
  D:0094H         SYMBOL        KOEFKM
  D:0090H         SYMBOL        KOEFKP
  C:0C3CH         SYMBOL        KOMUL
  C:0C36H         SYMBOL        KOMULPZ
  D:00BCH         SYMBOL        KONSTA
  C:1572H         SYMBOL        KON_B
  C:2C8EH         SYMBOL        KOR0US
  D:0084H         SYMBOL        KOR0_AN
  C:0B64H         SYMBOL        KORDEC1
  C:0B44H         SYMBOL        KORDEC10
  C:11F9H         SYMBOL        KORNUL
  C:1C15H         SYMBOL        KVVOD0
  C:1E54H         SYMBOL        LABEL43
  C:1F3DH         SYMBOL        LABEL7
  C:0781H         SYMBOL        LABELA
  C:0FB4H         SYMBOL        LABELB
  C:14A7H         SYMBOL        LABELC
  C:1470H         SYMBOL        LABELE
  C:14D2H         SYMBOL        LABELF
  C:18C9H         SYMBOL        LABELH
  C:2285H         SYMBOL        LABELI
  C:1950H         SYMBOL        LABELI2
  C:1A57H         SYMBOL        LABELK
  C:16ABH         SYMBOL        LABELL
  C:15AFH         SYMBOL        LABELL1
  C:1715H         SYMBOL        LABELN
  C:1E2AH         SYMBOL        LABELP
  C:1DEFH         SYMBOL        LABELS
  C:20D1H         SYMBOL        LABELS1
  C:220BH         SYMBOL        LABELS13
  C:2298H         SYMBOL        LABELS3
  C:2273H         SYMBOL        LABELS4
  C:16D7H         SYMBOL        LABL2
  C:1C9AH         SYMBOL        LABM
  C:171FH         SYMBOL        LABN_1
  C:171AH         SYMBOL        LABN_2
  C:35DBH         SYMBOL        LADD
  C:35ECH         SYMBOL        LADDX
  C:042DH         SYMBOL        LBTOF
  C:33D9H         SYMBOL        LCMP
  C:33EFH         SYMBOL        LDC_LONG
  C:3411H         SYMBOL        LDC_LTEMP
  C:3437H         SYMBOL        LDX_LONG
  C:345DH         SYMBOL        LDX_LTEMP
  C:1D25H         SYMBOL        LEFCUR
  C:1890H         SYMBOL        LEFKL
  C:1A6BH         SYMBOL        LEFMEM11
  C:1C44H         SYMBOL        LEFT21
  C:20C9H         SYMBOL        LEFT_S
  C:21ECH         SYMBOL        LEFT_SK
  C:1AC7H         SYMBOL        LEV220
  C:1745H         SYMBOL        LEV2GO
  D:00B0H         SYMBOL        LEVEL
  C:19A6H         SYMBOL        LI21
  C:1EC3H         SYMBOL        LI42_43
  C:1F47H         SYMBOL        LIST_43
  C:1453H         SYMBOL        LLDI2
  C:1447H         SYMBOL        LLDI23
  C:144EH         SYMBOL        LLDI3
  C:1700H         SYMBOL        LLEV2
  C:3544H         SYMBOL        LLMUL
BL51 BANKED LINKER/LOCATER V4.16a           09/02/2011  17:17:57  PAGE 9


  C:35C9H         SYMBOL        LLSUB
  C:0432H         SYMBOL        LLTOF
  C:3544H         SYMBOL        LMUL
  C:3324H         SYMBOL        LOA3_X
  C:2E99H         SYMBOL        LOAB12
  D:00B7H         SYMBOL        LOAD
  C:19CAH         SYMBOL        LOADB
  C:19F6H         SYMBOL        LOADB2
  C:1A88H         SYMBOL        LOADCLE
  C:2EB6H         SYMBOL        LOADKD
  C:2EA8H         SYMBOL        LOADR2
  C:2CA9H         SYMBOL        LOADT
  C:2C48H         SYMBOL        LOADUS
  C:25EAH         SYMBOL        LOAHL_R2
  C:1C4FH         SYMBOL        LOBLOK
  C:1A83H         SYMBOL        LOCLE
  C:2CB8H         SYMBOL        LOD1
  C:2CC7H         SYMBOL        LODT
  C:1916H         SYMBOL        LOIZMK
  C:2011H         SYMBOL        LOKAME1
  C:2CABH         SYMBOL        LOLEVT
  C:1A78H         SYMBOL        LOLIST
  C:23A0H         SYMBOL        LOME1
  C:2398H         SYMBOL        LOMENU
  C:2C04H         SYMBOL        LOOP
  C:349DH         SYMBOL        LOOPS
  C:2C82H         SYMBOL        LOSPUS
  C:1A9DH         SYMBOL        LOSTAT
  C:2CC3H         SYMBOL        LOTEXT
  C:2F0CH         SYMBOL        LOTP
  C:2F04H         SYMBOL        LOTPUS
  C:1459H         SYMBOL        LOU
  C:1436H         SYMBOL        LOUIZM
  C:16F3H         SYMBOL        LOUTF
  C:190CH         SYMBOL        LOVICH
  C:1A90H         SYMBOL        LOWR
  C:1A95H         SYMBOL        LOWR1
  C:35C9H         SYMBOL        LSUB
  N:0008H         SYMBOL        LTEMP
  C:31C6H         SYMBOL        LWR
  C:318AH         SYMBOL        LWRX
  C:042FH         SYMBOL        LWTOF
  D:006FH         SYMBOL        MABIN
  C:31E1H         SYMBOL        MAFORM
  N:0002H         SYMBOL        MANT1
  N:0008H         SYMBOL        MANT2
  C:1579H         SYMBOL        MARK0_8
  D:00B2H         SYMBOL        MARKER
  C:2F7FH         SYMBOL        MARLE
  C:2F8CH         SYMBOL        MARRI
  C:08D7H         SYMBOL        MAS10
  C:0957H         SYMBOL        MAS20
  C:0A4BH         SYMBOL        MAS4
  C:0ABFH         SYMBOL        MAS5DIV
  C:0A86H         SYMBOL        MASFULL
  X:0104H         SYMBOL        MASS1
  X:0128H         SYMBOL        MASS10
  X:012CH         SYMBOL        MASS11
  X:0130H         SYMBOL        MASS12
  X:0134H         SYMBOL        MASS13
  X:0138H         SYMBOL        MASS14
  X:013CH         SYMBOL        MASS15
  X:0140H         SYMBOL        MASS16
  X:0144H         SYMBOL        MASS17
  X:0148H         SYMBOL        MASS18
BL51 BANKED LINKER/LOCATER V4.16a           09/02/2011  17:17:57  PAGE 10


  X:014CH         SYMBOL        MASS19
  X:0108H         SYMBOL        MASS2
  X:010CH         SYMBOL        MASS3
  X:0110H         SYMBOL        MASS4
  X:0114H         SYMBOL        MASS5
  X:0118H         SYMBOL        MASS6
  X:011CH         SYMBOL        MASS7
  X:0120H         SYMBOL        MASS8
  X:0124H         SYMBOL        MASS9
  C:0AB5H         SYMBOL        MASX5
  C:2749H         SYMBOL        MAXG
  C:27B3H         SYMBOL        MAXVIX
  C:1010H         SYMBOL        MD_3
  C:1010H         SYMBOL        MD_5
  C:1DE6H         SYMBOL        ME11_15DE
  C:2010H         SYMBOL        ME11_15DEC
  C:16BBH         SYMBOL        ME21_22
  C:208AH         SYMBOL        ME21_23
  C:20A6H         SYMBOL        ME21_23DEC
  C:0750H         SYMBOL        ME3
  C:1882H         SYMBOL        MEAVP
  C:066DH         SYMBOL        MECLE
  C:0674H         SYMBOL        MEFF
  C:077CH         SYMBOL        MEM10MS
  C:1C10H         SYMBOL        MEM12NO
  C:2536H         SYMBOL        MENG
  C:23A4H         SYMBOL        MENU12
  C:23ACH         SYMBOL        MENU13
  C:23B4H         SYMBOL        MENU14
  C:23BCH         SYMBOL        MENU15
  C:23C4H         SYMBOL        MENU21
  C:23CCH         SYMBOL        MENU22
  C:23D4H         SYMBOL        MENU23
  C:23DCH         SYMBOL        MENU31
  C:23E4H         SYMBOL        MENU41
  C:185DH         SYMBOL        MENUOFF
  C:1E1CH         SYMBOL        MENUON
  C:1838H         SYMBOL        MERR
  C:1AA7H         SYMBOL        ME_14
  C:2150H         SYMBOL        ME_41
  C:1083H         SYMBOL        ME_5
  C:2124H         SYMBOL        ME_52
  C:2141H         SYMBOL        ME_52V
  C:10BDH         SYMBOL        ME_6
  C:34D0H         SYMBOL        MIDL
  C:2FBCH         SYMBOL        MIGN
  C:2FC4H         SYMBOL        MIGNN
  C:25F6H         SYMBOL        MIN4_HL
  C:2654H         SYMBOL        MING
  C:26BEH         SYMBOL        MINIVIX
  C:1C7AH         SYMBOL        MLABL2
  C:1E5AH         SYMBOL        MLABL2R
  C:0777H         SYMBOL        MMM
  C:0E62H         SYMBOL        MO220
  C:0DCFH         SYMBOL        MO500I
  C:0CF5H         SYMBOL        MO500I_
  C:0DC3H         SYMBOL        MO500R
  C:0CF2H         SYMBOL        MO500R_
  B:00F8H.5       SYMBOL        MODF
  C:1648H         SYMBOL        MOUTF
  C:1DE9H         SYMBOL        MOUTKMEM
  C:324EH         SYMBOL        MOVE28
  C:2E08H         SYMBOL        MOVE82
  C:0EBCH         SYMBOL        MOVEA3
  C:101AH         SYMBOL        MOVEA3_
BL51 BANKED LINKER/LOCATER V4.16a           09/02/2011  17:17:57  PAGE 11


  C:0D65H         SYMBOL        MOVER3_
  D:003AH         SYMBOL        MOVLEFT
  D:003BH         SYMBOL        MOVRIG
  C:0D8CH         SYMBOL        MR_5
  B:00F8H.1       SYMBOL        MSTEN
  C:2A8EH         SYMBOL        MT0A
  C:28F9H         SYMBOL        MTB2
  C:2990H         SYMBOL        MTE2
  C:299EH         SYMBOL        MTF
  C:29AAH         SYMBOL        MTF1
  C:295BH         SYMBOL        MTF2
  C:29C8H         SYMBOL        MTF3
  C:2A54H         SYMBOL        MTF4
  C:29AFH         SYMBOL        MTG
  C:29FCH         SYMBOL        MTH
  C:2A12H         SYMBOL        MTH1
  C:2A22H         SYMBOL        MTH2
  C:2A25H         SYMBOL        MTI
  C:2A10H         SYMBOL        MTI0
  C:2A28H         SYMBOL        MTI1
  C:29DFH         SYMBOL        MTK
  C:29EEH         SYMBOL        MTK1
  C:2A28H         SYMBOL        MTX
  C:2A5AH         SYMBOL        MTX0
  C:2AD2H         SYMBOL        MTX0A
  C:2A68H         SYMBOL        MTX1
  C:2A7DH         SYMBOL        MTX2
  C:2AEAH         SYMBOL        MTX3
  C:2A48H         SYMBOL        MTX5
  C:2A96H         SYMBOL        MTXA
  C:2AB0H         SYMBOL        MTXB
  C:2AB8H         SYMBOL        MTXC
  C:2AC0H         SYMBOL        MTXD
  C:2AC8H         SYMBOL        MTXE
  C:2A45H         SYMBOL        MTY
  C:2AFCH         SYMBOL        MTY2
  C:021AH         SYMBOL        MUP1
  C:0257H         SYMBOL        MUP11
  C:0297H         SYMBOL        MUP2
  C:026CH         SYMBOL        MUP3
  C:1C4AH         SYMBOL        MVV11
  C:1C62H         SYMBOL        MVV12
  C:131DH         SYMBOL        N12DELCH
  C:12C9H         SYMBOL        N4DELCH
  C:130BH         SYMBOL        N8DELCH
  C:164EH         SYMBOL        NBIMENU
  D:0038H         SYMBOL        NBLOK
  C:0358H         SYMBOL        NE05
  D:0037H         SYMBOL        NELEM
  C:27E3H         SYMBOL        NEXIN
  C:277EH         SYMBOL        NEXTMAX
  C:256BH         SYMBOL        NEXTMEA
  C:2689H         SYMBOL        NEXTMIN
  C:1DECH         SYMBOL        NMEM_MENU
  C:0B81H         SYMBOL        NMINUS
  C:0ADFH         SYMBOL        NMINUS3
  C:1289H         SYMBOL        NNDELCH
  C:1751H         SYMBOL        NNMEMB
  C:19B4H         SYMBOL        NNNOTT
  C:0F3AH         SYMBOL        NNNUL
  C:34B8H         SYMBOL        NO
  C:179FH         SYMBOL        NO0CHK
  C:1330H         SYMBOL        NO0CHKL
  C:0791H         SYMBOL        NO0KEY
  C:1D8DH         SYMBOL        NO10MSV
BL51 BANKED LINKER/LOCATER V4.16a           09/02/2011  17:17:57  PAGE 12


  C:1529H         SYMBOL        NO11V6
  C:153DH         SYMBOL        NO12V6
  C:1551H         SYMBOL        NO13V6
  C:2330H         SYMBOL        NO21P7
  C:15FAH         SYMBOL        NO23RI
  C:1D8AH         SYMBOL        NO2MSV
  C:0EB1H         SYMBOL        NO2PARN
  C:1D44H         SYMBOL        NO31N
  C:1630H         SYMBOL        NO31RI
  C:0EA7H         SYMBOL        NO3PARN
  C:122CH         SYMBOL        NO4DEL
  C:124BH         SYMBOL        NO5DEL
  C:1259H         SYMBOL        NO6DEL
  C:0B53H         SYMBOL        NOAVK
  C:0C78H         SYMBOL        NOAVP
  C:0F58H         SYMBOL        NOBAVP
  C:0848H         SYMBOL        NOBEF99
  C:0245H         SYMBOL        NOBIT
  C:0F61H         SYMBOL        NOBITIZM
  C:16C4H         SYMBOL        NOBL21
  C:16CEH         SYMBOL        NOBL22
  C:0F96H         SYMBOL        NOBUF
  C:11CFH         SYMBOL        NOBUF0
  C:0EA3H         SYMBOL        NOCHI0
  C:07B0H         SYMBOL        NOCHIND
  C:0AA2H         SYMBOL        NOCHN10
  C:0A97H         SYMBOL        NOCHN2
  C:0AADH         SYMBOL        NOCHN20
  C:0E87H         SYMBOL        NODI2
  C:1892H         SYMBOL        NODI6
  C:0F0DH         SYMBOL        NODI8
  C:21C0H         SYMBOL        NODI8K
  C:1062H         SYMBOL        NODI8RS
  C:1F20H         SYMBOL        NODI8_43
  C:0E8CH         SYMBOL        NODI9
  C:1F2BH         SYMBOL        NODI9_43
  C:0F20H         SYMBOL        NODIS9
  C:1072H         SYMBOL        NODIS9RS
  C:21C8H         SYMBOL        NODISK9
  C:32F0H         SYMBOL        NOENDLI
  C:2B4FH         SYMBOL        NOEND_M
  C:1736H         SYMBOL        NOEQU1
  C:1D3EH         SYMBOL        NOEQU2
  C:150AH         SYMBOL        NOFIZM
  C:14E4H         SYMBOL        NOFT1
  C:11CAH         SYMBOL        NOFZ
  C:192BH         SYMBOL        NOH37
  C:1A09H         SYMBOL        NOHNOT1
  C:19FEH         SYMBOL        NOHNOT2
  C:0F90H         SYMBOL        NOKLB
  C:0AFBH         SYMBOL        NOKORR
  C:18EDH         SYMBOL        NOLAH
  C:1F9CH         SYMBOL        NOLI_43
  C:1D1CH         SYMBOL        NOM31
  C:1D95H         SYMBOL        NOM32
  C:1DC3H         SYMBOL        NOM33
  C:22ADH         SYMBOL        NOMARL
  C:2796H         SYMBOL        NOMAXI
  C:1C00H         SYMBOL        NOME11
  C:1669H         SYMBOL        NOMEM11
  C:167FH         SYMBOL        NOMEM12
  C:1695H         SYMBOL        NOMEM13
  C:1BFDH         SYMBOL        NOMEMK
  C:26A1H         SYMBOL        NOMINI
  C:14B8H         SYMBOL        NON1C
BL51 BANKED LINKER/LOCATER V4.16a           09/02/2011  17:17:57  PAGE 13


  C:0B38H         SYMBOL        NONULAVT
  C:120EH         SYMBOL        NONULDEL
  C:0FAAH         SYMBOL        NOP1OLL
  C:0EA7H         SYMBOL        NOP3_0
  C:084CH         SYMBOL        NOPART1
  C:086CH         SYMBOL        NOPART2
  C:088CH         SYMBOL        NOPART3
  C:08ACH         SYMBOL        NOPART4
  C:15A1H         SYMBOL        NOPLUS
  C:22C4H         SYMBOL        NOPOIN7
  C:2290H         SYMBOL        NOPOINT
  C:00F6H         SYMBOL        NORDN
  C:0107H         SYMBOL        NORDN1
  C:1709H         SYMBOL        NORIG2
  C:1751H         SYMBOL        NORIM6
  C:15E0H         SYMBOL        NORIME
  C:15DAH         SYMBOL        NORIME1
  C:00F0H         SYMBOL        NORM1
  C:1943H         SYMBOL        NORR11
  C:1953H         SYMBOL        NORR12
  C:0119H         SYMBOL        NORUP
  C:011EH         SYMBOL        NORUP1
  C:0132H         SYMBOL        NORUP2
  C:0FADH         SYMBOL        NORVICH
  C:1118H         SYMBOL        NOSAV1
  C:111FH         SYMBOL        NOSAV2
  C:1126H         SYMBOL        NOSAV3
  C:34F3H         SYMBOL        NOSUB
  C:109BH         SYMBOL        NOSV1
  C:10A2H         SYMBOL        NOSV2
  C:10A9H         SYMBOL        NOSV3
  C:11E4H         SYMBOL        NOT1IN
  C:1828H         SYMBOL        NOT1_7
  C:11ECH         SYMBOL        NOT2IN
  C:1833H         SYMBOL        NOT2_7
  C:11F4H         SYMBOL        NOT3IN
  C:0F6BH         SYMBOL        NOTAKT
  C:0BF8H         SYMBOL        NOTE21
  C:0C13H         SYMBOL        NOTE22
  C:0C2BH         SYMBOL        NOTESTIZM
  C:1162H         SYMBOL        NOTT1
  C:118AH         SYMBOL        NOTT2
  C:1198H         SYMBOL        NOTT3
  C:11AFH         SYMBOL        NOTT4
  C:11BDH         SYMBOL        NOTT5
  C:14BFH         SYMBOL        NOT_1
  C:14BFH         SYMBOL        NOT_10
  C:15C2H         SYMBOL        NOVIR
  C:14F4H         SYMBOL        NOVIR1
  C:25E6H         SYMBOL        NOZMEA
  C:26F5H         SYMBOL        NOZMIN
  C:1F12H         SYMBOL        NOZZBL
  C:0EFAH         SYMBOL        NOZZMI
  C:1F02H         SYMBOL        NOZZMI1
  C:1F09H         SYMBOL        NOZZMI2
  C:1F10H         SYMBOL        NOZZMI3
  C:1EF9H         SYMBOL        NOZZMI43
  C:104DH         SYMBOL        NOZZMIRS
  C:0F44H         SYMBOL        NSEC1
  C:0F4FH         SYMBOL        NSEC10
  C:0F4CH         SYMBOL        NSEC11
  D:0039H         SYMBOL        NUERR
  C:126EH         SYMBOL        NULAVT
  N:0004H         SYMBOL        NUMSIZE
  C:3429H         SYMBOL        OBOARD
BL51 BANKED LINKER/LOCATER V4.16a           09/02/2011  17:17:57  PAGE 14


  C:3471H         SYMBOL        OBOARD1
  C:1A54H         SYMBOL        OFFMENUM
  C:0186H         SYMBOL        OK1
  C:01A0H         SYMBOL        OK2
  C:01C4H         SYMBOL        OK3
  C:2715H         SYMBOL        OLDMAX
  C:2521H         SYMBOL        OLDMEAN
  C:2620H         SYMBOL        OLDMIN
  C:344FH         SYMBOL        ONBOAR1
  C:3403H         SYMBOL        ONBOARD
  C:1A2EH         SYMBOL        ONMEM11
  C:20CCH         SYMBOL        ONMEM12
  C:2270H         SYMBOL        ONMEM13
  C:2FD2H         SYMBOL        ONMIG
  C:146EH         SYMBOL        ONTEST
  C:142AH         SYMBOL        ONVICH
  D:00B2H         SYMBOL        OSCICN
  D:00B1H         SYMBOL        OSCXCN
  C:1F34H         SYMBOL        OUT43
  C:1751H         SYMBOL        OUT6
  C:2359H         SYMBOL        OUT7
  C:2F99H         SYMBOL        OUTA
  C:2FB3H         SYMBOL        OUTA2
  C:14EAH         SYMBOL        OUTF
  C:15B2H         SYMBOL        OUTFL
  C:1A3BH         SYMBOL        OUTKMEM
  C:158BH         SYMBOL        OUTMA
  C:279BH         SYMBOL        OUTMAX
  C:2586H         SYMBOL        OUTMEA
  C:2059H         SYMBOL        OUTMENU
  C:26A6H         SYMBOL        OUTMIN
  C:0E26H         SYMBOL        OUTR
  C:0E42H         SYMBOL        OUTR5
  C:2117H         SYMBOL        OUTSKO
  C:2112H         SYMBOL        OUTSKO1
  C:14F7H         SYMBOL        OUTVICH
  C:13B4H         SYMBOL        OUTVIR
  C:2468H         SYMBOL        OUT_KALI
  B:00D0H.2       SYMBOL        OV
  B:00D0H.0       SYMBOL        P
  D:0080H         SYMBOL        P0
  D:00A4H         SYMBOL        P0MDOUT
  D:0090H         SYMBOL        P1
  D:00BDH         SYMBOL        P1MDIN
  D:00A5H         SYMBOL        P1MDOUT
  D:00A0H         SYMBOL        P2
  D:00A6H         SYMBOL        P2MDOUT
  D:00B0H         SYMBOL        P3
  D:00ADH         SYMBOL        P3IF
  D:00A7H         SYMBOL        P3MDOUT
  D:0084H         SYMBOL        P4
  D:0085H         SYMBOL        P5
  D:0086H         SYMBOL        P6
  D:0096H         SYMBOL        P7
  D:00B5H         SYMBOL        P74OUT
  C:00DEH         SYMBOL        PACK1
  C:21D5H         SYMBOL        PARERR
  D:00AFH         SYMBOL        PARN
  D:00A8H         SYMBOL        PAROL
  D:009AH         SYMBOL        PART
  D:00D8H         SYMBOL        PCA0CN
  D:00FAH         SYMBOL        PCA0CPH0
  D:00FBH         SYMBOL        PCA0CPH1
  D:00FCH         SYMBOL        PCA0CPH2
  D:00FDH         SYMBOL        PCA0CPH3
BL51 BANKED LINKER/LOCATER V4.16a           09/02/2011  17:17:57  PAGE 15


  D:00FEH         SYMBOL        PCA0CPH4
  D:00EAH         SYMBOL        PCA0CPL0
  D:00EBH         SYMBOL        PCA0CPL1
  D:00ECH         SYMBOL        PCA0CPL2
  D:00EDH         SYMBOL        PCA0CPL3
  D:00EEH         SYMBOL        PCA0CPL4
  D:00DAH         SYMBOL        PCA0CPM0
  D:00DBH         SYMBOL        PCA0CPM1
  D:00DCH         SYMBOL        PCA0CPM2
  D:00DDH         SYMBOL        PCA0CPM3
  D:00DEH         SYMBOL        PCA0CPM4
  D:00F9H         SYMBOL        PCA0H
  D:00E9H         SYMBOL        PCA0L
  D:00D9H         SYMBOL        PCA0MD
  D:0087H         SYMBOL        PCON
  C:22C3H         SYMBOL        POIN3
  C:232BH         SYMBOL        POINA
  C:22A8H         SYMBOL        POINA1
  C:22A2H         SYMBOL        POINA2
  C:234EH         SYMBOL        POZB
  N:000CH         SYMBOL        PROD
  B:00B8H.4       SYMBOL        PS
  D:008FH         SYMBOL        PSCTL
  D:00D0H         SYMBOL        PSW
  B:00B8H.1       SYMBOL        PT0
  B:00B8H.3       SYMBOL        PT1
  B:00B8H.5       SYMBOL        PT2
  B:00B8H.0       SYMBOL        PX0
  B:00B8H.2       SYMBOL        PX1
  C:13BEH         SYMBOL        PYSKST
  D:0027H         SYMBOL        P_IN
  D:0026H         SYMBOL        P_OUT
  C:1AE9H         SYMBOL        QUES
  C:0C75H         SYMBOL        QU_AVP
  N:000AH         SYMBOL        R10
  N:000BH         SYMBOL        R11
  N:0008H         SYMBOL        R8
  N:0009H         SYMBOL        R9
  C:0B11H         SYMBOL        RAFTERK
  B:0098H.2       SYMBOL        RB80
  D:00CBH         SYMBOL        RCAP2H
  D:00CAH         SYMBOL        RCAP2L
  D:00E5H         SYMBOL        RCAP4H
  D:00E4H         SYMBOL        RCAP4L
  B:00C8H.5       SYMBOL        RCLK0
  C:1B3DH         SYMBOL        RDDOUTF
  C:2C0DH         SYMBOL        RE1
  C:0BB9H         SYMBOL        RE11_7
  C:0454H         SYMBOL        RE4BYTE
  C:2B32H         SYMBOL        REA3_M
  C:3336H         SYMBOL        REA3_X
  D:0077H         SYMBOL        REACP
  C:2C0BH         SYMBOL        READ
  C:0803H         SYMBOL        READYACP
  C:2BF3H         SYMBOL        READ_X2
  C:074AH         SYMBOL        REBYTE
  C:046CH         SYMBOL        REBYTE2
  C:125EH         SYMBOL        REBYTER
  D:00D1H         SYMBOL        REF0CN
  B:0098H.4       SYMBOL        REN0
  C:1875H         SYMBOL        RENDKALIB
  C:325AH         SYMBOL        RESAR2
  C:3218H         SYMBOL        RESAR8
  C:3303H         SYMBOL        RESA_HL
  D:008CH         SYMBOL        REZAM
BL51 BANKED LINKER/LOCATER V4.16a           09/02/2011  17:17:57  PAGE 16


  D:0088H         SYMBOL        REZAP
  C:0B69H         SYMBOL        REZMUL
  D:0062H         SYMBOL        REZ_A
  D:006AH         SYMBOL        REZ_A0
  D:0066H         SYMBOL        REZ_A1
  D:007BH         SYMBOL        REZ_A2
  D:009CH         SYMBOL        REZ_A3
  D:00A4H         SYMBOL        REZ_AK
  D:005EH         SYMBOL        REZ_AME
  D:00C5H         SYMBOL        REZ_DEL
  D:00C9H         SYMBOL        REZ_R
  C:330AH         SYMBOL        RE_HL
  C:3312H         SYMBOL        RE_HL1
  C:3319H         SYMBOL        RE_HL2
  C:3320H         SYMBOL        RE_HL3
  C:15BFH         SYMBOL        RFINDMEM
  C:1B40H         SYMBOL        RGO23NO
  C:1D19H         SYMBOL        RGOTO7
  C:191DH         SYMBOL        RHNOR11
  C:18E4H         SYMBOL        RHNOT1
  B:0098H.0       SYMBOL        RI
  B:0098H.0       SYMBOL        RI0
  C:15E3H         SYMBOL        RI21_23
  C:15DDH         SYMBOL        RI6
  C:16D1H         SYMBOL        RIGBLO
  C:170FH         SYMBOL        RIGBLOK
  C:13DEH         SYMBOL        RIGHT2
  C:13E2H         SYMBOL        RIGHT3
  C:1563H         SYMBOL        RIKN
  C:132DH         SYMBOL        RIZMAN
  C:15FDH         SYMBOL        RI_31
  C:179CH         SYMBOL        RKNLEFT
  C:17A6H         SYMBOL        RKNMEM
  C:1799H         SYMBOL        RKNNUL
  C:132AH         SYMBOL        RKNOPT
  C:1327H         SYMBOL        RKNRAZR
  C:1A80H         SYMBOL        RKVVOD0
  C:1324H         SYMBOL        RLABELF
  C:1796H         SYMBOL        RLABELH
  C:18EAH         SYMBOL        RLABELI
  C:18E7H         SYMBOL        RLABELK
  C:15BCH         SYMBOL        RLABELL
  C:174EH         SYMBOL        RLABELL1
  C:1645H         SYMBOL        RLABELN
  C:1FF4H         SYMBOL        RLABELP
  C:2121H         SYMBOL        RLABELS13
  C:211EH         SYMBOL        RLABELS4
  C:1AE3H         SYMBOL        RLABL2
  C:1AE6H         SYMBOL        RLABM
  C:1DC0H         SYMBOL        RLEFCUR
  C:2F8BH         SYMBOL        RLER
  C:1E57H         SYMBOL        RLIST_43
  C:0954H         SYMBOL        RMAS4
  C:1E27H         SYMBOL        RME21_23
  C:0B4BH         SYMBOL        RMO220
  C:164BH         SYMBOL        RNNMEMB
  C:0F1EH         SYMBOL        RNO3PARN
  C:10FEH         SYMBOL        RNOBUF0
  C:0C9DH         SYMBOL        RNOCHI0
  C:1941H         SYMBOL        RNOH37
  C:1C97H         SYMBOL        RNOM31
  C:1A38H         SYMBOL        RNOMEMK
  C:0F1BH         SYMBOL        RNORVICH
  C:1006H         SYMBOL        RNOT1IN
  C:0B61H         SYMBOL        RNOTESTIZM
BL51 BANKED LINKER/LOCATER V4.16a           09/02/2011  17:17:57  PAGE 17


  C:1FE0H         SYMBOL        ROUSTA
  C:1FF1H         SYMBOL        ROUSTA1
  C:1321H         SYMBOL        ROUT6
  C:1793H         SYMBOL        ROUT7
  C:26F9H         SYMBOL        ROUTMAX
  C:2604H         SYMBOL        ROUTMIN
  N:0000H         SYMBOL        RR0
  N:0001H         SYMBOL        RR1
  N:0002H         SYMBOL        RR2
  N:0003H         SYMBOL        RR3
  N:0004H         SYMBOL        RR4
  N:0005H         SYMBOL        RR5
  N:0006H         SYMBOL        RR6
  N:0007H         SYMBOL        RR7
  C:2F98H         SYMBOL        RRIR
  C:0C9AH         SYMBOL        RRMO220
  B:00D0H.3       SYMBOL        RS0
  B:00D0H.4       SYMBOL        RS1
  C:0EBAH         SYMBOL        RSEEIND
  D:00EFH         SYMBOL        RSTSRC
  C:27F7H         SYMBOL        RS_BYTE
  C:14C3H         SYMBOL        RTIZMRI
  C:153AH         SYMBOL        RVIOUT
  C:191FH         SYMBOL        RVVIZKO
  C:214DH         SYMBOL        RVVKALI52
  B:00F8H.4       SYMBOL        RXOVRN
  D:00A9H         SYMBOL        SADDR0
  D:00F3H         SYMBOL        SADDR1
  D:00B9H         SYMBOL        SADEN0
  D:00AEH         SYMBOL        SADEN1
  D:0034H         SYMBOL        SADIAP
  D:0032H         SYMBOL        SADIAP2
  D:0031H         SYMBOL        SADIAP3
  D:0030H         SYMBOL        SADIAP4
  D:0036H         SYMBOL        SAUS
  D:003CH         SYMBOL        SAVBA
  C:319CH         SYMBOL        SAVEIR2
  C:04A7H         SYMBOL        SAVELTE
  D:00D3H         SYMBOL        SAVEN_BL
  D:00C0H         SYMBOL        SAVEN_BL2
  D:00C2H         SYMBOL        SAVEN_BL3
  D:00D9H         SYMBOL        SAVEN_BL4
  C:31A8H         SYMBOL        SAVER2
  C:32CFH         SYMBOL        SAVE_HL
  C:2B34H         SYMBOL        SAVE_HLM
  C:32D6H         SYMBOL        SA_HL
  C:32F1H         SYMBOL        SA_HL1
  C:32F8H         SYMBOL        SA_HL2
  C:32FFH         SYMBOL        SA_HL3
  D:0099H         SYMBOL        SBUF0
  D:00F2H         SYMBOL        SBUF1
  D:0098H         SYMBOL        SCON0
  D:00F1H         SYMBOL        SCON1
  C:2BB5H         SYMBOL        SDV
  C:2BC9H         SYMBOL        SDV1
  C:07E4H         SYMBOL        SDVIG0
  C:07D9H         SYMBOL        SDVIG1
  C:07CEH         SYMBOL        SDVIG2
  C:07C2H         SYMBOL        SDVIG3
  C:07F3H         SYMBOL        SDVIG4
  C:07FDH         SYMBOL        SDVIG6
  C:07FBH         SYMBOL        SDVM
  C:0F23H         SYMBOL        SEEGOON
  C:1078H         SYMBOL        SEEGOONRS
  C:0F31H         SYMBOL        SEEIND
BL51 BANKED LINKER/LOCATER V4.16a           09/02/2011  17:17:57  PAGE 18


  C:1F2EH         SYMBOL        SEE_L43
  B:00C0H.3       SYMBOL        SI
  N:0007H         SYMBOL        SIGN
  C:203FH         SYMBOL        SKOR19
  B:00F8H.2       SYMBOL        SLVSEL
  B:0098H.7       SYMBOL        SM00
  B:0098H.6       SYMBOL        SM10
  B:0098H.5       SYMBOL        SM20
  D:00C3H         SYMBOL        SMB0ADR
  D:00C0H         SYMBOL        SMB0CN
  D:00CFH         SYMBOL        SMB0CR
  D:00C2H         SYMBOL        SMB0DAT
  D:00C1H         SYMBOL        SMB0STA
  B:00C0H.1       SYMBOL        SMBFTE
  B:00C0H.0       SYMBOL        SMBTOE
  C:2B3BH         SYMBOL        SM_HL
  C:2B50H         SYMBOL        SM_HL1
  C:2B57H         SYMBOL        SM_HL2
  C:2B5EH         SYMBOL        SM_HL3
  C:19AEH         SYMBOL        SOOTV
  D:0081H         SYMBOL        SP
  B:0021H.0       SYMBOL        SPEED_RS
  D:009AH         SYMBOL        SPI0CFG
  D:009DH         SYMBOL        SPI0CKR
  D:00F8H         SYMBOL        SPI0CN
  D:009BH         SYMBOL        SPI0DAT
  B:00F8H.0       SYMBOL        SPIEN
  B:00F8H.7       SYMBOL        SPIF
  C:20F2H         SYMBOL        SPWRI
  C:2CEBH         SYMBOL        SS1
  B:00C0H.5       SYMBOL        STA
  B:00C0H.4       SYMBOL        STO
  D:00B3H         SYMBOL        SUMMA
  C:084FH         SYMBOL        SUMT2
  C:27F7H         SYMBOL        S_R2
  C:2815H         SYMBOL        S_R3
  C:2816H         SYMBOL        S_R4
  C:2818H         SYMBOL        S_R5
  C:281FH         SYMBOL        S_R6
  C:2829H         SYMBOL        S_R7
  C:283EH         SYMBOL        S_R9
  D:00C8H         SYMBOL        T2CON
  C:1D84H         SYMBOL        T2MSME
  D:00C9H         SYMBOL        T4CON
  C:2850H         SYMBOL        TA0
  C:2859H         SYMBOL        TA1
  C:2881H         SYMBOL        TA2
  C:2871H         SYMBOL        TA2_
  C:28A6H         SYMBOL        TA3
  C:287EH         SYMBOL        TA3_
  C:28A8H         SYMBOL        TA4
  C:28AFH         SYMBOL        TA5
  C:28B1H         SYMBOL        TA6
  C:2E8BH         SYMBOL        TABB1_2
  C:2F23H         SYMBOL        TABN
  C:2CA3H         SYMBOL        TABT11
  C:2CA7H         SYMBOL        TABT7
  C:2CA5H         SYMBOL        TABT9
  C:2C8FH         SYMBOL        TABUS
  C:0F70H         SYMBOL        TAKTIND
  C:28DEH         SYMBOL        TB
  B:0098H.3       SYMBOL        TB80
  C:284DH         SYMBOL        TB_0
  C:28FFH         SYMBOL        TC
  C:2910H         SYMBOL        TC1
BL51 BANKED LINKER/LOCATER V4.16a           09/02/2011  17:17:57  PAGE 19


  C:2926H         SYMBOL        TC2
  C:2936H         SYMBOL        TC3
  B:00C8H.4       SYMBOL        TCLK0
  D:0088H         SYMBOL        TCON
  C:293BH         SYMBOL        TD
  C:2983H         SYMBOL        TE
  C:294AH         SYMBOL        TE1
  C:2FEEH         SYMBOL        TE10MS
  C:2952H         SYMBOL        TE2
  C:2F16H         SYMBOL        TE22
  C:2F1EH         SYMBOL        TE23
  C:2FE4H         SYMBOL        TE2MS
  C:302AH         SYMBOL        TEAEQU0
  C:3066H         SYMBOL        TEAVK
  C:3034H         SYMBOL        TEBEQU0
  C:311AH         SYMBOL        TEBL
  C:3124H         SYMBOL        TEBL0
  C:312EH         SYMBOL        TECH
  C:30DFH         SYMBOL        TECLE
  C:317EH         SYMBOL        TEEND
  C:3174H         SYMBOL        TEERR
  C:3106H         SYMBOL        TEFULL
  C:3110H         SYMBOL        TEINT
  C:30C1H         SYMBOL        TEIZMK
  C:3070H         SYMBOL        TEKALIB
  C:1261H         SYMBOL        TEKAOUT
  C:30B7H         SYMBOL        TEKD
  C:30FBH         SYMBOL        TELIST
  C:314CH         SYMBOL        TEMAX
  C:30E9H         SYMBOL        TEMEM
  C:303EH         SYMBOL        TEMENU
  C:3156H         SYMBOL        TEMID
  C:3142H         SYMBOL        TEMIN
  C:0C48H         SYMBOL        TEMUL
  C:2D8DH         SYMBOL        TENMIN
  C:3160H         SYMBOL        TEOLI
  C:30D5H         SYMBOL        TEOLL
  C:316AH         SYMBOL        TEOLR
  C:30CBH         SYMBOL        TEOUT
  C:30ADH         SYMBOL        TEPAR
  C:30A3H         SYMBOL        TES19_2
  C:3099H         SYMBOL        TES57_6
  C:305CH         SYMBOL        TESKOR
  C:2B6EH         SYMBOL        TEST01
  C:2B9DH         SYMBOL        TEST02
  C:2B7EH         SYMBOL        TEST04
  C:2B64H         SYMBOL        TEST1
  C:2B96H         SYMBOL        TEST2
  C:20C2H         SYMBOL        TEST22
  C:20C7H         SYMBOL        TEST23
  C:2B88H         SYMBOL        TEST3
  C:2B76H         SYMBOL        TEST4
  C:2BA0H         SYMBOL        TEST5
  C:0F88H         SYMBOL        TEST7I
  C:0F81H         SYMBOL        TEST9I
  C:3138H         SYMBOL        TESTAT
  C:2B62H         SYMBOL        TESTRS
  C:20B6H         SYMBOL        TESTS
  C:307BH         SYMBOL        TETE11
  C:308FH         SYMBOL        TETE7
  C:3085H         SYMBOL        TETE9
  C:3048H         SYMBOL        TETESI
  C:3052H         SYMBOL        TETESR
  C:3020H         SYMBOL        TEVICH
  C:30F1H         SYMBOL        TEWR
BL51 BANKED LINKER/LOCATER V4.16a           09/02/2011  17:17:57  PAGE 20


  C:2FE4H         SYMBOL        TEXTT
  B:0088H.5       SYMBOL        TF0
  B:0088H.7       SYMBOL        TF1
  B:00C8H.7       SYMBOL        TF2
  D:008CH         SYMBOL        TH0
  D:008DH         SYMBOL        TH1
  D:00CDH         SYMBOL        TH2
  D:00F5H         SYMBOL        TH4
  B:0098H.1       SYMBOL        TI
  B:0098H.1       SYMBOL        TI0
  C:2BD9H         SYMBOL        TIM
  C:2BDBH         SYMBOL        TIM1
  C:2BDEH         SYMBOL        TIM2
  C:2BE0H         SYMBOL        TIM3
  C:13D7H         SYMBOL        TIZMRI
  D:008AH         SYMBOL        TL0
  D:008BH         SYMBOL        TL1
  D:00CCH         SYMBOL        TL2
  D:00F4H         SYMBOL        TL4
  C:19ABH         SYMBOL        TLABELI
  D:0089H         SYMBOL        TMOD
  D:00CBH         SYMBOL        TMR2RLH
  D:00CAH         SYMBOL        TMR2RLL
  D:0091H         SYMBOL        TMR3CN
  D:0095H         SYMBOL        TMR3H
  D:0094H         SYMBOL        TMR3L
  D:0093H         SYMBOL        TMR3RLH
  D:0092H         SYMBOL        TMR3RLL
  C:2020H         SYMBOL        TOME13
  C:204DH         SYMBOL        TOME14
  C:2065H         SYMBOL        TOME15
  C:2017H         SYMBOL        TOME21
  C:21FDH         SYMBOL        TOSK19
  C:10ABH         SYMBOL        TOSTRO
  C:1928H         SYMBOL        TOUTF
  B:0088H.4       SYMBOL        TR0
  B:0088H.6       SYMBOL        TR1
  B:00C8H.2       SYMBOL        TR2
  C:2B07H         SYMBOL        TR9
  C:14C6H         SYMBOL        TTOUT
  C:0D6AH         SYMBOL        TX1
  C:0D72H         SYMBOL        TX2
  C:0D7AH         SYMBOL        TX3
  C:0D82H         SYMBOL        TX4
  B:00F8H.3       SYMBOL        TXBSY
  C:2B04H         SYMBOL        TZ
  C:009EH         SYMBOL        UNPACK1
  C:00BAH         SYMBOL        UNPACK2
  C:0138H         SYMBOL        UP1
  C:014BH         SYMBOL        UP2
  C:0161H         SYMBOL        UP2A
  C:2DBCH         SYMBOL        UPA
  C:2DCCH         SYMBOL        UPA1
  C:2DACH         SYMBOL        UPA2
  C:32A7H         SYMBOL        UPAA
  C:2E17H         SYMBOL        UPAA4
  C:2E27H         SYMBOL        UPAB
  C:2DB6H         SYMBOL        UPAK
  C:3281H         SYMBOL        UPAK1
  C:2DA6H         SYMBOL        UPAK2
  C:2DC6H         SYMBOL        UPAK3
  C:32A1H         SYMBOL        UPAK4
  C:2E11H         SYMBOL        UPAKA
  C:2E21H         SYMBOL        UPAKB
  C:216CH         SYMBOL        UPAV1
BL51 BANKED LINKER/LOCATER V4.16a           09/02/2011  17:17:57  PAGE 21


  C:222FH         SYMBOL        UPAV2
  C:3293H         SYMBOL        UPK1
  C:3294H         SYMBOL        UPK2
  C:26FCH         SYMBOL        VICHMAX
  C:2508H         SYMBOL        VICHMEAN
  C:2607H         SYMBOL        VICHMIN
  D:00B1H         SYMBOL        VICHR
  C:0FF2H         SYMBOL        VIG0
  C:1000H         SYMBOL        VIG4
  C:149DH         SYMBOL        VIOUT
  C:162BH         SYMBOL        VIOUT2
  C:1921H         SYMBOL        VIOUTF
  C:1406H         SYMBOL        VIT2_10
  C:1DE3H         SYMBOL        VODM11_15
  D:00D5H         SYMBOL        VOLUME
  C:20ADH         SYMBOL        VV21_23
  C:2F5AH         SYMBOL        VVCHIBL
  C:2F35H         SYMBOL        VVCHIF
  C:1D44H         SYMBOL        VVINTE
  C:1978H         SYMBOL        VVIZKO
  C:2222H         SYMBOL        VVKALI52
  C:21D2H         SYMBOL        VVMENU
  C:2F55H         SYMBOL        VVNOL23
  C:2F50H         SYMBOL        VVNOL31
  C:2F4EH         SYMBOL        VVNOL41
  C:1D7CH         SYMBOL        VVOD2_10
  C:1F5BH         SYMBOL        VVOD43
  C:1FF7H         SYMBOL        VVODM11_15
  C:1FB8H         SYMBOL        VVOSTA
  C:1FCCH         SYMBOL        VVOSTAD
  C:1520H         SYMBOL        VVRR6
  C:2144H         SYMBOL        VV_52V
  B:00F8H.6       SYMBOL        WCOL
  D:00FFH         SYMBOL        WDTCN
  D:00B8H         SYMBOL        WORK
  C:326EH         SYMBOL        WR1
  C:326BH         SYMBOL        WRITE
  C:2BE4H         SYMBOL        WRITED_X1
  C:2BE3H         SYMBOL        WRITE_X1
  C:0480H         SYMBOL        WRPAGE
  C:0483H         SYMBOL        WW5
  D:00E1H         SYMBOL        XBR0
  D:00E2H         SYMBOL        XBR1
  D:00E3H         SYMBOL        XBR2
  C:3188H         SYMBOL        XCIKLWR
  N:000CH         SYMBOL        XTEMP
  C:18B9H         SYMBOL        YBNUL
  C:34D6H         SYMBOL        YES
  C:079EH         SYMBOL        YES0KEY
  C:07ABH         SYMBOL        YES0KEY1
  C:0CA7H         SYMBOL        YESAVP
  C:1103H         SYMBOL        YESBUF
  C:0F8AH         SYMBOL        YESIND
  C:1101H         SYMBOL        YESPRD
  C:2C7EH         SYMBOL        YESTEST
  C:11CDH         SYMBOL        YESTT5
  C:0CF8H         SYMBOL        YESVICH
  C:2471H         SYMBOL        YESVI_KM
  C:23E9H         SYMBOL        YESVI_KR
  C:0662H         SYMBOL        YST1
  C:065AH         SYMBOL        YST19
  C:2D03H         SYMBOL        Z01S
  C:2D10H         SYMBOL        Z05S
  C:2CD4H         SYMBOL        Z100
  C:2CE2H         SYMBOL        Z15
BL51 BANKED LINKER/LOCATER V4.16a           09/02/2011  17:17:57  PAGE 22


  C:2CF6H         SYMBOL        Z1S
  C:2BB3H         SYMBOL        ZAPADC
  C:320AH         SYMBOL        ZCMP
  C:31D7H         SYMBOL        ZDIV
  C:00B3H         SYMBOL        ZER1
  C:00D4H         SYMBOL        ZER2
  C:31CDH         SYMBOL        ZMUL
  B:0020H.2       SYMBOL        ZNMAT
  C:07B5H         SYMBOL        ZNPLUS
  C:2CE4H         SYMBOL        ZZ
  C:2CFFH         SYMBOL        Z_01S
  C:2D0CH         SYMBOL        Z_05S
  C:2CD2H         SYMBOL        Z_100
  C:2CE0H         SYMBOL        Z_15
  C:2CE9H         SYMBOL        Z_1MS
  C:2CF2H         SYMBOL        Z_1S
  C:2CDBH         SYMBOL        Z_5
  C:3266H         SYMBOL        Z_9
  C:0000H         LINE#         27
  C:0003H         LINE#         29
  C:000BH         LINE#         31
  C:0013H         LINE#         33
  C:001BH         LINE#         36
  C:0023H         LINE#         38
  C:002BH         LINE#         40
  C:0033H         LINE#         42
  C:003BH         LINE#         44
  C:0043H         LINE#         46
  C:004BH         LINE#         48
  C:0053H         LINE#         50
  C:005BH         LINE#         52
  C:0063H         LINE#         54
  C:006BH         LINE#         56
  C:0073H         LINE#         58
  C:0093H         LINE#         60
  C:009BH         LINE#         62
  C:05C9H         LINE#         249
  C:05CCH         LINE#         251
  C:05CFH         LINE#         252
  C:05D2H         LINE#         253
  C:05D5H         LINE#         254
  C:05D8H         LINE#         255
  C:05DBH         LINE#         257
  C:05DEH         LINE#         258
  C:05E1H         LINE#         259
  C:05E4H         LINE#         261
  C:05E7H         LINE#         262
  C:05EAH         LINE#         263
  C:05EDH         LINE#         264
  C:05F0H         LINE#         265
  C:05F3H         LINE#         266
  C:05F6H         LINE#         267
  C:05F9H         LINE#         268
  C:05FCH         LINE#         269
  C:05FFH         LINE#         270
  C:0602H         LINE#         271
  C:0605H         LINE#         273
  C:0608H         LINE#         274
  C:060BH         LINE#         275
  C:060EH         LINE#         280
  C:0611H         LINE#         281
  C:0614H         LINE#         282
  C:0617H         LINE#         284
  C:0619H         LINE#         285
  C:061BH         LINE#         286
BL51 BANKED LINKER/LOCATER V4.16a           09/02/2011  17:17:57  PAGE 23


  C:061EH         LINE#         287
  C:0621H         LINE#         288
  C:0624H         LINE#         289
  C:0627H         LINE#         290
  C:062AH         LINE#         292
  C:062DH         LINE#         293
  C:0630H         LINE#         294
  C:0633H         LINE#         295
  C:0636H         LINE#         296
  C:0639H         LINE#         297
  C:063CH         LINE#         298
  C:063FH         LINE#         299
  C:0642H         LINE#         300
  C:0645H         LINE#         301
  C:0648H         LINE#         302
  C:064BH         LINE#         303
  C:064EH         LINE#         304
  C:0650H         LINE#         330
  C:0652H         LINE#         331
  C:0655H         LINE#         332
  C:0658H         LINE#         333
  C:065AH         LINE#         334
  C:065DH         LINE#         335
  C:065FH         LINE#         336
  C:0662H         LINE#         338
  C:0664H         LINE#         339
  C:0667H         LINE#         346
  C:066AH         LINE#         348
  C:066BH         LINE#         349
  C:066DH         LINE#         350
  C:066EH         LINE#         351
  C:066FH         LINE#         352
  C:0672H         LINE#         353
  C:0674H         LINE#         354
  C:0675H         LINE#         355
  C:0676H         LINE#         356
  C:0677H         LINE#         357
  C:067AH         LINE#         363
  C:067DH         LINE#         365
  C:0680H         LINE#         366
  C:0681H         LINE#         367
  C:0682H         LINE#         368
  C:0683H         LINE#         369
  C:0685H         LINE#         370
  C:0688H         LINE#         372
  C:068AH         LINE#         373
  C:068CH         LINE#         374
  C:068DH         LINE#         375
  C:068FH         LINE#         377
  C:0691H         LINE#         378
  C:0693H         LINE#         379
  C:0694H         LINE#         380
  C:0696H         LINE#         382
  C:0698H         LINE#         383
  C:069AH         LINE#         385
  C:069CH         LINE#         386
  C:069EH         LINE#         389
  C:06A0H         LINE#         390
  C:06A2H         LINE#         391
  C:06A4H         LINE#         392
  C:06A6H         LINE#         393
  C:06A8H         LINE#         394
  C:06AAH         LINE#         395
  C:06ADH         LINE#         396
  C:06AFH         LINE#         397
BL51 BANKED LINKER/LOCATER V4.16a           09/02/2011  17:17:57  PAGE 24


  C:06B1H         LINE#         398
  C:06B3H         LINE#         399
  C:06B5H         LINE#         400
  C:06B7H         LINE#         402
  C:06B9H         LINE#         403
  C:06BBH         LINE#         405
  C:06BEH         LINE#         406
  C:06C1H         LINE#         407
  C:06C3H         LINE#         408
  C:06C6H         LINE#         409
  C:06C8H         LINE#         410
  C:06CBH         LINE#         411
  C:06CDH         LINE#         412
  C:06D0H         LINE#         413
  C:06D2H         LINE#         414
  C:06D5H         LINE#         415
  C:06D8H         LINE#         416
  C:06DAH         LINE#         417
  C:06DCH         LINE#         418
  C:06DDH         LINE#         419
  C:06DEH         LINE#         420
  C:06E0H         LINE#         421
  C:06E1H         LINE#         423
  C:06E4H         LINE#         424
  C:06E6H         LINE#         425
  C:06E8H         LINE#         426
  C:06E9H         LINE#         427
  C:06EAH         LINE#         428
  C:06ECH         LINE#         429
  C:06EDH         LINE#         430
  C:06F0H         LINE#         431
  C:06F2H         LINE#         432
  C:06F4H         LINE#         433
  C:06F5H         LINE#         434
  C:06F6H         LINE#         435
  C:06F8H         LINE#         436
  C:06F9H         LINE#         437
  C:06FCH         LINE#         438
  C:06FEH         LINE#         439
  C:0700H         LINE#         440
  C:0701H         LINE#         441
  C:0702H         LINE#         442
  C:0704H         LINE#         443
  C:0705H         LINE#         444
  C:0708H         LINE#         445
  C:070BH         LINE#         446
  C:070DH         LINE#         447
  C:070FH         LINE#         448
  C:0710H         LINE#         449
  C:0712H         LINE#         450
  C:0714H         LINE#         452
  C:0716H         LINE#         453
  C:0717H         LINE#         454
  C:071AH         LINE#         455
  C:071DH         LINE#         456
  C:0720H         LINE#         459
  C:0722H         LINE#         460
  C:0724H         LINE#         461
  C:0725H         LINE#         462
  C:0728H         LINE#         463
  C:072BH         LINE#         464
  C:072EH         LINE#         466
  C:0731H         LINE#         467
  C:0734H         LINE#         469
  C:0736H         LINE#         470
BL51 BANKED LINKER/LOCATER V4.16a           09/02/2011  17:17:57  PAGE 25


  C:0738H         LINE#         471
  C:073BH         LINE#         472
  C:073EH         LINE#         476
  C:0741H         LINE#         477
  C:0744H         LINE#         478
  C:0747H         LINE#         479
  C:074AH         LINE#         483
  C:074DH         LINE#         484
  C:0750H         LINE#         487
  C:0752H         LINE#         488
  C:0755H         LINE#         489
  C:0758H         LINE#         499
  C:075AH         LINE#         500
  C:075DH         LINE#         502
  C:0760H         LINE#         503
  C:0762H         LINE#         504
  C:0765H         LINE#         505
  C:0767H         LINE#         506
  C:076AH         LINE#         507
  C:076CH         LINE#         509
  C:076EH         LINE#         510
  C:076FH         LINE#         511
  C:0772H         LINE#         512
  C:0774H         LINE#         513
  C:0776H         LINE#         514
  C:0777H         LINE#         516
  C:0778H         LINE#         517
  C:077AH         LINE#         518
  C:077CH         LINE#         520
  C:077FH         LINE#         521
  C:0781H         LINE#         526
  C:0783H         LINE#         527
  C:0786H         LINE#         528
  C:0788H         LINE#         529
  C:078AH         LINE#         530
  C:078CH         LINE#         531
  C:078FH         LINE#         532
  C:0791H         LINE#         536
  C:0792H         LINE#         537
  C:0794H         LINE#         538
  C:0796H         LINE#         539
  C:0798H         LINE#         540
  C:079AH         LINE#         541
  C:079CH         LINE#         542
  C:079EH         LINE#         545
  C:07A1H         LINE#         547
  C:07A3H         LINE#         548
  C:07A5H         LINE#         549
  C:07A8H         LINE#         550
  C:07ABH         LINE#         551
  C:07AEH         LINE#         554
  C:07B0H         LINE#         556
  C:07B1H         LINE#         557
  C:07B3H         LINE#         558
  C:07B5H         LINE#         560
  C:07B7H         LINE#         561
  C:07B9H         LINE#         562
  C:07BAH         LINE#         563
  C:07BBH         LINE#         564
  C:07BDH         LINE#         567
  C:07BFH         LINE#         568
  C:07C0H         LINE#         569
  C:07C2H         LINE#         570
  C:07C3H         LINE#         571
  C:07C4H         LINE#         572
BL51 BANKED LINKER/LOCATER V4.16a           09/02/2011  17:17:57  PAGE 26


  C:07C6H         LINE#         573
  C:07C7H         LINE#         574
  C:07C8H         LINE#         575
  C:07C9H         LINE#         576
  C:07CBH         LINE#         577
  C:07CCH         LINE#         578
  C:07CEH         LINE#         579
  C:07CFH         LINE#         580
  C:07D0H         LINE#         581
  C:07D2H         LINE#         582
  C:07D3H         LINE#         583
  C:07D5H         LINE#         584
  C:07D7H         LINE#         585
  C:07D9H         LINE#         586
  C:07DAH         LINE#         587
  C:07DBH         LINE#         588
  C:07DDH         LINE#         589
  C:07DEH         LINE#         590
  C:07E0H         LINE#         591
  C:07E2H         LINE#         593
  C:07E4H         LINE#         594
  C:07E5H         LINE#         595
  C:07E6H         LINE#         596
  C:07E8H         LINE#         597
  C:07E9H         LINE#         598
  C:07EBH         LINE#         599
  C:07EDH         LINE#         600
  C:07F0H         LINE#         601
  C:07F1H         LINE#         602
  C:07F3H         LINE#         603
  C:07F4H         LINE#         604
  C:07F5H         LINE#         605
  C:07F7H         LINE#         606
  C:07F9H         LINE#         607
  C:07FBH         LINE#         609
  C:07FDH         LINE#         610
  C:07FEH         LINE#         611
  C:07FFH         LINE#         612
  C:0801H         LINE#         613
  C:0803H         LINE#         615
  C:0805H         LINE#         616
  C:0806H         LINE#         617
  C:0809H         LINE#         618
  C:080BH         LINE#         621
  C:080DH         LINE#         622
  C:080FH         LINE#         623
  C:0812H         LINE#         625
  C:0814H         LINE#         626
  C:0817H         LINE#         627
  C:0819H         LINE#         628
  C:081CH         LINE#         629
  C:081EH         LINE#         630
  C:0821H         LINE#         631
  C:0823H         LINE#         632
  C:0825H         LINE#         633
  C:0827H         LINE#         634
  C:082AH         LINE#         636
  C:082DH         LINE#         637
  C:0830H         LINE#         638
  C:0833H         LINE#         639
  C:0835H         LINE#         640
  C:0838H         LINE#         641
  C:083AH         LINE#         642
  C:083DH         LINE#         644
  C:083FH         LINE#         645
BL51 BANKED LINKER/LOCATER V4.16a           09/02/2011  17:17:57  PAGE 27


  C:0842H         LINE#         647
  C:0844H         LINE#         648
  C:0846H         LINE#         649
  C:0848H         LINE#         650
  C:0849H         LINE#         651
  C:084CH         LINE#         656
  C:084FH         LINE#         659
  C:0851H         LINE#         660
  C:0854H         LINE#         661
  C:0856H         LINE#         662
  C:0859H         LINE#         663
  C:085BH         LINE#         664
  C:085EH         LINE#         665
  C:0860H         LINE#         666
  C:0862H         LINE#         667
  C:0864H         LINE#         668
  C:0867H         LINE#         670
  C:086AH         LINE#         671
  C:086CH         LINE#         673
  C:086FH         LINE#         674
  C:0871H         LINE#         675
  C:0874H         LINE#         676
  C:0876H         LINE#         677
  C:0879H         LINE#         678
  C:087BH         LINE#         679
  C:087EH         LINE#         680
  C:0880H         LINE#         681
  C:0882H         LINE#         682
  C:0884H         LINE#         683
  C:0887H         LINE#         685
  C:088AH         LINE#         686
  C:088CH         LINE#         688
  C:088FH         LINE#         690
  C:0891H         LINE#         691
  C:0894H         LINE#         692
  C:0896H         LINE#         693
  C:0899H         LINE#         694
  C:089BH         LINE#         695
  C:089EH         LINE#         696
  C:08A0H         LINE#         697
  C:08A2H         LINE#         698
  C:08A4H         LINE#         699
  C:08A7H         LINE#         701
  C:08AAH         LINE#         702
  C:08ACH         LINE#         704
  C:08AEH         LINE#         705
  C:08B0H         LINE#         706
  C:08B3H         LINE#         707
  C:08B5H         LINE#         708
  C:08B8H         LINE#         712
  C:08BAH         LINE#         713
  C:08BDH         LINE#         714
  C:08C0H         LINE#         715
  C:08C3H         LINE#         717
  C:08C5H         LINE#         718
  C:08C8H         LINE#         719
  C:08CBH         LINE#         720
  C:08CEH         LINE#         722
  C:08D1H         LINE#         723
  C:08D4H         LINE#         724
  C:08D7H         LINE#         726
  C:08DAH         LINE#         727
  C:08DDH         LINE#         728
  C:08E0H         LINE#         729
  C:08E3H         LINE#         730
BL51 BANKED LINKER/LOCATER V4.16a           09/02/2011  17:17:57  PAGE 28


  C:08E6H         LINE#         731
  C:08E9H         LINE#         732
  C:08ECH         LINE#         733
  C:08EFH         LINE#         734
  C:08F2H         LINE#         735
  C:08F5H         LINE#         736
  C:08F8H         LINE#         737
  C:08FBH         LINE#         738
  C:08FEH         LINE#         739
  C:0901H         LINE#         741
  C:0904H         LINE#         742
  C:0907H         LINE#         743
  C:090AH         LINE#         744
  C:090DH         LINE#         745
  C:0910H         LINE#         747
  C:0912H         LINE#         748
  C:0915H         LINE#         750
  C:0918H         LINE#         751
  C:091BH         LINE#         753
  C:091EH         LINE#         754
  C:0921H         LINE#         755
  C:0924H         LINE#         756
  C:0927H         LINE#         757
  C:092AH         LINE#         758
  C:092DH         LINE#         759
  C:0930H         LINE#         760
  C:0933H         LINE#         761
  C:0936H         LINE#         762
  C:0939H         LINE#         763
  C:093CH         LINE#         764
  C:093FH         LINE#         765
  C:0942H         LINE#         766
  C:0945H         LINE#         767
  C:0948H         LINE#         768
  C:094BH         LINE#         769
  C:094EH         LINE#         770
  C:0951H         LINE#         771
  C:0954H         LINE#         773
  C:0957H         LINE#         775
  C:095AH         LINE#         776
  C:095DH         LINE#         777
  C:0960H         LINE#         778
  C:0963H         LINE#         779
  C:0966H         LINE#         780
  C:0969H         LINE#         781
  C:096CH         LINE#         782
  C:096FH         LINE#         784
  C:0972H         LINE#         785
  C:0975H         LINE#         786
  C:0978H         LINE#         787
  C:097BH         LINE#         788
  C:097EH         LINE#         789
  C:0981H         LINE#         790
  C:0984H         LINE#         791
  C:0987H         LINE#         793
  C:098AH         LINE#         794
  C:098DH         LINE#         795
  C:0990H         LINE#         796
  C:0993H         LINE#         797
  C:0996H         LINE#         798
  C:0999H         LINE#         799
  C:099CH         LINE#         800
  C:099FH         LINE#         801
  C:09A2H         LINE#         802
  C:09A5H         LINE#         803
BL51 BANKED LINKER/LOCATER V4.16a           09/02/2011  17:17:57  PAGE 29


  C:09A8H         LINE#         804
  C:09ABH         LINE#         805
  C:09AEH         LINE#         806
  C:09B1H         LINE#         807
  C:09B4H         LINE#         808
  C:09B7H         LINE#         810
  C:09BAH         LINE#         811
  C:09BDH         LINE#         812
  C:09C0H         LINE#         813
  C:09C3H         LINE#         814
  C:09C6H         LINE#         815
  C:09C9H         LINE#         816
  C:09CCH         LINE#         818
  C:09CEH         LINE#         819
  C:09D1H         LINE#         821
  C:09D4H         LINE#         822
  C:09D7H         LINE#         823
  C:09DAH         LINE#         824
  C:09DDH         LINE#         825
  C:09E0H         LINE#         826
  C:09E3H         LINE#         827
  C:09E6H         LINE#         828
  C:09E9H         LINE#         829
  C:09ECH         LINE#         830
  C:09EFH         LINE#         831
  C:09F2H         LINE#         832
  C:09F5H         LINE#         833
  C:09F8H         LINE#         834
  C:09FBH         LINE#         835
  C:09FEH         LINE#         836
  C:0A01H         LINE#         837
  C:0A04H         LINE#         838
  C:0A07H         LINE#         839
  C:0A0AH         LINE#         840
  C:0A0DH         LINE#         842
  C:0A10H         LINE#         843
  C:0A13H         LINE#         844
  C:0A16H         LINE#         845
  C:0A19H         LINE#         846
  C:0A1CH         LINE#         847
  C:0A1FH         LINE#         848
  C:0A22H         LINE#         849
  C:0A25H         LINE#         850
  C:0A28H         LINE#         851
  C:0A2BH         LINE#         852
  C:0A2EH         LINE#         853
  C:0A31H         LINE#         854
  C:0A34H         LINE#         855
  C:0A37H         LINE#         856
  C:0A3AH         LINE#         857
  C:0A3DH         LINE#         858
  C:0A40H         LINE#         859
  C:0A43H         LINE#         860
  C:0A46H         LINE#         861
  C:0A49H         LINE#         862
  C:0A4BH         LINE#         865
  C:0A4EH         LINE#         866
  C:0A51H         LINE#         867
  C:0A54H         LINE#         868
  C:0A57H         LINE#         869
  C:0A5AH         LINE#         870
  C:0A5DH         LINE#         872
  C:0A5FH         LINE#         873
  C:0A62H         LINE#         875
  C:0A65H         LINE#         876
BL51 BANKED LINKER/LOCATER V4.16a           09/02/2011  17:17:57  PAGE 30


  C:0A68H         LINE#         878
  C:0A6BH         LINE#         879
  C:0A6EH         LINE#         880
  C:0A71H         LINE#         881
  C:0A74H         LINE#         882
  C:0A77H         LINE#         883
  C:0A7AH         LINE#         886
  C:0A7CH         LINE#         887
  C:0A7DH         LINE#         888
  C:0A7EH         LINE#         889
  C:0A81H         LINE#         890
  C:0A84H         LINE#         891
  C:0A86H         LINE#         892
  C:0A89H         LINE#         893
  C:0A8BH         LINE#         894
  C:0A8CH         LINE#         896
  C:0A8FH         LINE#         897
  C:0A92H         LINE#         898
  C:0A95H         LINE#         899
  C:0A97H         LINE#         901
  C:0A9AH         LINE#         902
  C:0A9DH         LINE#         903
  C:0AA0H         LINE#         904
  C:0AA2H         LINE#         906
  C:0AA5H         LINE#         907
  C:0AA8H         LINE#         908
  C:0AABH         LINE#         909
  C:0AADH         LINE#         911
  C:0AB0H         LINE#         912
  C:0AB3H         LINE#         913
  C:0AB5H         LINE#         915
  C:0AB8H         LINE#         916
  C:0AB9H         LINE#         917
  C:0ABBH         LINE#         918
  C:0ABDH         LINE#         919
  C:0ABFH         LINE#         921
  C:0AC2H         LINE#         923
  C:0AC4H         LINE#         924
  C:0AC7H         LINE#         926
  C:0AC8H         LINE#         927
  C:0ACAH         LINE#         928
  C:0ACCH         LINE#         929
  C:0ACDH         LINE#         930
  C:0ACFH         LINE#         932
  C:0AD2H         LINE#         933
  C:0AD4H         LINE#         934
  C:0AD7H         LINE#         936
  C:0AD9H         LINE#         937
  C:0ADAH         LINE#         938
  C:0ADDH         LINE#         939
  C:0ADFH         LINE#         940
  C:0AE2H         LINE#         941
  C:0AE5H         LINE#         942
  C:0AE7H         LINE#         943
  C:0AEAH         LINE#         944
  C:0AECH         LINE#         946
  C:0AEEH         LINE#         947
  C:0AEFH         LINE#         948
  C:0AF2H         LINE#         949
  C:0AF4H         LINE#         950
  C:0AF5H         LINE#         951
  C:0AF8H         LINE#         953
  C:0AFBH         LINE#         957
  C:0AFDH         LINE#         958
  C:0AFEH         LINE#         959
BL51 BANKED LINKER/LOCATER V4.16a           09/02/2011  17:17:57  PAGE 31


  C:0B01H         LINE#         960
  C:0B04H         LINE#         961
  C:0B07H         LINE#         962
  C:0B09H         LINE#         963
  C:0B0CH         LINE#         964
  C:0B0EH         LINE#         966
  C:0B11H         LINE#         968
  C:0B13H         LINE#         970
  C:0B14H         LINE#         971
  C:0B16H         LINE#         972
  C:0B18H         LINE#         973
  C:0B19H         LINE#         974
  C:0B1BH         LINE#         983
  C:0B1DH         LINE#         984
  C:0B20H         LINE#         986
  C:0B23H         LINE#         987
  C:0B25H         LINE#         988
  C:0B28H         LINE#         989
  C:0B2AH         LINE#         990
  C:0B2DH         LINE#         991
  C:0B30H         LINE#         992
  C:0B32H         LINE#         993
  C:0B35H         LINE#         995
  C:0B38H         LINE#         997
  C:0B3AH         LINE#         998
  C:0B3BH         LINE#         999
  C:0B3DH         LINE#         1000
  C:0B3FH         LINE#         1001
  C:0B41H         LINE#         1002
  C:0B44H         LINE#         1003
  C:0B46H         LINE#         1004
  C:0B49H         LINE#         1005
  C:0B4BH         LINE#         1007
  C:0B4EH         LINE#         1009
  C:0B50H         LINE#         1010
  C:0B53H         LINE#         1012
  C:0B55H         LINE#         1013
  C:0B56H         LINE#         1014
  C:0B58H         LINE#         1015
  C:0B5AH         LINE#         1017
  C:0B5CH         LINE#         1018
  C:0B5FH         LINE#         1019
  C:0B61H         LINE#         1021
  C:0B64H         LINE#         1022
  C:0B66H         LINE#         1023
  C:0B69H         LINE#         1026
  C:0B6BH         LINE#         1027
  C:0B6EH         LINE#         1028
  C:0B71H         LINE#         1029
  C:0B73H         LINE#         1030
  C:0B76H         LINE#         1031
  C:0B79H         LINE#         1032
  C:0B7BH         LINE#         1033
  C:0B7CH         LINE#         1034
  C:0B7FH         LINE#         1037
  C:0B81H         LINE#         1038
  C:0B84H         LINE#         1039
  C:0B87H         LINE#         1040
  C:0B89H         LINE#         1041
  C:0B8CH         LINE#         1043
  C:0B8DH         LINE#         1044
  C:0B8FH         LINE#         1045
  C:0B90H         LINE#         1046
  C:0B93H         LINE#         1047
  C:0B96H         LINE#         1048
BL51 BANKED LINKER/LOCATER V4.16a           09/02/2011  17:17:57  PAGE 32


  C:0B99H         LINE#         1049
  C:0B9BH         LINE#         1051
  C:0B9EH         LINE#         1052
  C:0BA0H         LINE#         1053
  C:0BA3H         LINE#         1054
  C:0BA5H         LINE#         1055
  C:0BA7H         LINE#         1056
  C:0BAAH         LINE#         1057
  C:0BADH         LINE#         1058
  C:0BAFH         LINE#         1059
  C:0BB1H         LINE#         1060
  C:0BB3H         LINE#         1061
  C:0BB5H         LINE#         1062
  C:0BB7H         LINE#         1063
  C:0BB9H         LINE#         1064
  C:0BBCH         LINE#         1065
  C:0BBFH         LINE#         1066
  C:0BC2H         LINE#         1067
  C:0BC4H         LINE#         1068
  C:0BC6H         LINE#         1069
  C:0BC8H         LINE#         1070
  C:0BCAH         LINE#         1071
  C:0BCDH         LINE#         1076
  C:0BCFH         LINE#         1077
  C:0BD1H         LINE#         1078
  C:0BD3H         LINE#         1079
  C:0BD5H         LINE#         1080
  C:0BD7H         LINE#         1081
  C:0BD9H         LINE#         1082
  C:0BDCH         LINE#         1083
  C:0BDFH         LINE#         1084
  C:0BE2H         LINE#         1085
  C:0BE4H         LINE#         1086
  C:0BE6H         LINE#         1087
  C:0BE8H         LINE#         1088
  C:0BEAH         LINE#         1089
  C:0BEDH         LINE#         1090
  C:0BF0H         LINE#         1091
  C:0BF3H         LINE#         1092
  C:0BF6H         LINE#         1094
  C:0BF8H         LINE#         1095
  C:0BFBH         LINE#         1096
  C:0BFDH         LINE#         1097
  C:0BFFH         LINE#         1098
  C:0C02H         LINE#         1099
  C:0C05H         LINE#         1100
  C:0C07H         LINE#         1101
  C:0C09H         LINE#         1102
  C:0C0BH         LINE#         1103
[...]


  C:274FH         LINE#         5173
  C:2751H         LINE#         5174
  C:2752H         LINE#         5175
  C:2754H         LINE#         5176
  C:2755H         LINE#         5177
  C:2757H         LINE#         5178
  C:2758H         LINE#         5179
  C:2759H         LINE#         5180
  C:275BH         LINE#         5181
  C:275CH         LINE#         5182
  C:275EH         LINE#         5183
  C:2760H         LINE#         5184
  C:2762H         LINE#         5185
  C:2764H         LINE#         5186
  C:2766H         LINE#         5187
  C:2768H         LINE#         5189
  C:276AH         LINE#         5190
  C:276CH         LINE#         5191
  C:276DH         LINE#         5192
  C:276EH         LINE#         5193
  C:2770H         LINE#         5194
  C:2771H         LINE#         5196
  C:2772H         LINE#         5197
  C:2774H         LINE#         5198
  C:2775H         LINE#         5199
  C:2776H         LINE#         5200
  C:2778H         LINE#         5201
  C:277AH         LINE#         5202
  C:277BH         LINE#         5203
  C:277CH         LINE#         5204
  C:277EH         LINE#         5207
  C:2780H         LINE#         5208
  C:2783H         LINE#         5210
  C:2786H         LINE#         5211
  C:2789H         LINE#         5212
  C:278CH         LINE#         5213
  C:278FH         LINE#         5214
  C:2791H         LINE#         5215
  C:2793H         LINE#         5216
  C:2796H         LINE#         5217
  C:2798H         LINE#         5218
  C:2799H         LINE#         5219
  C:279BH         LINE#         5220
  C:279DH         LINE#         5221
  C:27A0H         LINE#         5223
  C:27A3H         LINE#         5224
  C:27A6H         LINE#         5225
  C:27A9H         LINE#         5226
  C:27ACH         LINE#         5227
  C:27AEH         LINE#         5228
  C:27B0H         LINE#         5229
  C:27B3H         LINE#         5230
  C:27B6H         LINE#         5233
  C:27B8H         LINE#         5234
  C:27BBH         LINE#         5235
  C:27BEH         LINE#         5236
  C:27C1H         LINE#         5237
  C:27C4H         LINE#         5238
  C:27C6H         LINE#         5239
  C:27C9H         LINE#         5240
  C:27CAH         LINE#         5244
  C:27CCH         LINE#         5245
  C:27CEH         LINE#         5246
  C:27D0H         LINE#         5249
  C:27D3H         LINE#         5250
BL51 BANKED LINKER/LOCATER V4.16a           09/02/2011  17:17:57  PAGE 82


  C:27D5H         LINE#         5251
  C:27D6H         LINE#         5255
  C:27D8H         LINE#         5256
  C:27D9H         LINE#         5257
  C:27DCH         LINE#         5258
  C:27DFH         LINE#         5259
  C:27E1H         LINE#         5260
  C:27E3H         LINE#         5261
  C:27E5H         LINE#         5262
  C:27E6H         LINE#         5263
  C:27E8H         LINE#         5264
  C:27EBH         LINE#         5265
  C:27EDH         LINE#         5266
  C:27F0H         LINE#         5267
  C:27F1H         LINE#         5268
  C:27F3H         LINE#         5269
  C:27F4H         LINE#         5270
  C:27F6H         LINE#         5271
  C:27F7H         LINE#         5288
  C:27F9H         LINE#         5289
  C:27FBH         LINE#         5291
  C:27FDH         LINE#         5292
  C:27FFH         LINE#         5293
  C:2800H         LINE#         5294
  C:2802H         LINE#         5295
  C:2804H         LINE#         5296
  C:2807H         LINE#         5297
  C:2809H         LINE#         5298
  C:280BH         LINE#         5300
  C:280EH         LINE#         5301
  C:280FH         LINE#         5303
  C:2811H         LINE#         5307
  C:2813H         LINE#         5308
  C:2815H         LINE#         5310
  C:2816H         LINE#         5313
  C:2818H         LINE#         5317
  C:281AH         LINE#         5318
  C:281BH         LINE#         5319
  C:281DH         LINE#         5320
  C:281FH         LINE#         5321
  C:2822H         LINE#         5322
  C:2825H         LINE#         5323
  C:2827H         LINE#         5324
  C:2829H         LINE#         5327
  C:282CH         LINE#         5328
  C:282EH         LINE#         5329
  C:2830H         LINE#         5331
  C:2832H         LINE#         5332
  C:2833H         LINE#         5333
  C:2835H         LINE#         5334
  C:2837H         LINE#         5335
  C:2839H         LINE#         5336
  C:283CH         LINE#         5338
  C:283EH         LINE#         5341
  C:2840H         LINE#         5342
  C:2842H         LINE#         5344
  C:2843H         LINE#         5347
  C:2846H         LINE#         5348
  C:2848H         LINE#         5352
  C:284BH         LINE#         5353
  C:284DH         LINE#         5355
  C:2850H         LINE#         5357
  C:2851H         LINE#         5358
  C:2854H         LINE#         5359
  C:2856H         LINE#         5360
BL51 BANKED LINKER/LOCATER V4.16a           09/02/2011  17:17:57  PAGE 83


  C:2859H         LINE#         5362
  C:285CH         LINE#         5363
  C:285EH         LINE#         5364
  C:2860H         LINE#         5365
  C:2861H         LINE#         5366
  C:2864H         LINE#         5367
  C:2866H         LINE#         5368
  C:2869H         LINE#         5369
  C:286CH         LINE#         5370
  C:286EH         LINE#         5371
  C:2871H         LINE#         5373
  C:2874H         LINE#         5374
  C:2876H         LINE#         5375
  C:2879H         LINE#         5376
  C:287CH         LINE#         5377
  C:287EH         LINE#         5379
  C:2881H         LINE#         5381
  C:2883H         LINE#         5382
  C:2885H         LINE#         5383
  C:2887H         LINE#         5384
  C:2888H         LINE#         5385
  C:2889H         LINE#         5386
  C:288BH         LINE#         5387
  C:288CH         LINE#         5388
  C:288DH         LINE#         5389
  C:288EH         LINE#         5390
  C:2890H         LINE#         5391
  C:2891H         LINE#         5392
  C:2892H         LINE#         5393
  C:2893H         LINE#         5394
  C:2895H         LINE#         5395
  C:2896H         LINE#         5396
  C:2897H         LINE#         5397
  C:2898H         LINE#         5398
  C:289AH         LINE#         5399
  C:289BH         LINE#         5400
  C:289CH         LINE#         5401
  C:289DH         LINE#         5402
  C:289FH         LINE#         5403
  C:28A2H         LINE#         5404
  C:28A4H         LINE#         5405
  C:28A6H         LINE#         5407
  C:28A8H         LINE#         5409
  C:28ABH         LINE#         5410
  C:28ADH         LINE#         5411
  C:28AFH         LINE#         5413
  C:28B1H         LINE#         5415
  C:28B2H         LINE#         5416
  C:28B3H         LINE#         5418
  C:28B5H         LINE#         5419
  C:28B6H         LINE#         5420
  C:28B7H         LINE#         5421
  C:28B8H         LINE#         5422
  C:28B9H         LINE#         5423
  C:28BAH         LINE#         5424
  C:28BBH         LINE#         5425
  C:28BCH         LINE#         5427
  C:28BEH         LINE#         5428
  C:28BFH         LINE#         5445
  C:28C0H         LINE#         5446
  C:28C1H         LINE#         5447
  C:28C2H         LINE#         5448
  C:28C3H         LINE#         5449
  C:28C4H         LINE#         5450
  C:28C5H         LINE#         5451
BL51 BANKED LINKER/LOCATER V4.16a           09/02/2011  17:17:57  PAGE 84


  C:28C6H         LINE#         5452
  C:28C7H         LINE#         5453
  C:28C8H         LINE#         5454
  C:28C9H         LINE#         5455
  C:28CCH         LINE#         5456
  C:28CDH         LINE#         5457
  C:28CEH         LINE#         5458
  C:28CFH         LINE#         5459
  C:28D0H         LINE#         5460
  C:28D1H         LINE#         5461
  C:28D2H         LINE#         5462
  C:28D4H         LINE#         5463
  C:28D5H         LINE#         5464
  C:28D8H         LINE#         5465
  C:28DBH         LINE#         5467
  C:28DEH         LINE#         5470
  C:28E1H         LINE#         5471
  C:28E2H         LINE#         5472
  C:28E3H         LINE#         5473
  C:28E4H         LINE#         5474
  C:28E6H         LINE#         5475
  C:28E8H         LINE#         5476
  C:28E9H         LINE#         5477
  C:28EBH         LINE#         5478
  C:28EDH         LINE#         5479
  C:28EEH         LINE#         5480
  C:28F0H         LINE#         5481
  C:28F2H         LINE#         5482
  C:28F3H         LINE#         5483
  C:28F6H         LINE#         5484
  C:28F9H         LINE#         5486
  C:28FCH         LINE#         5487
  C:28FFH         LINE#         5491
  C:2902H         LINE#         5492
  C:2903H         LINE#         5493
  C:2904H         LINE#         5494
  C:2905H         LINE#         5495
  C:2907H         LINE#         5496
  C:2909H         LINE#         5497
  C:290AH         LINE#         5498
  C:290CH         LINE#         5499
  C:290EH         LINE#         5500
  C:2910H         LINE#         5502
  C:2911H         LINE#         5503
  C:2913H         LINE#         5504
  C:2915H         LINE#         5505
  C:2916H         LINE#         5506
  C:2919H         LINE#         5508
  C:291BH         LINE#         5509
  C:291EH         LINE#         5510
  C:2921H         LINE#         5511
  C:2923H         LINE#         5512
  C:2926H         LINE#         5513
  C:2929H         LINE#         5515
  C:292BH         LINE#         5516
  C:292EH         LINE#         5517
  C:2931H         LINE#         5518
  C:2933H         LINE#         5519
  C:2936H         LINE#         5520
  C:2938H         LINE#         5521
  C:293BH         LINE#         5524
  C:293EH         LINE#         5525
  C:293FH         LINE#         5526
  C:2940H         LINE#         5527
  C:2942H         LINE#         5528
BL51 BANKED LINKER/LOCATER V4.16a           09/02/2011  17:17:57  PAGE 85


  C:2945H         LINE#         5529
  C:2947H         LINE#         5530
  C:294AH         LINE#         5532
  C:294DH         LINE#         5533
  C:294FH         LINE#         5534
  C:2952H         LINE#         5536
  C:2955H         LINE#         5537
  C:2958H         LINE#         5538
  C:295BH         LINE#         5540
  C:295CH         LINE#         5541
  C:295DH         LINE#         5542
  C:295EH         LINE#         5543
  C:295FH         LINE#         5544
  C:2960H         LINE#         5545
  C:2962H         LINE#         5546
  C:2964H         LINE#         5547
  C:2966H         LINE#         5548
  C:2968H         LINE#         5549
  C:2969H         LINE#         5550
  C:296AH         LINE#         5551
  C:296BH         LINE#         5552
  C:296CH         LINE#         5553
  C:296EH         LINE#         5554
  C:2970H         LINE#         5555
  C:2973H         LINE#         5556
  C:2975H         LINE#         5557
  C:2978H         LINE#         5558
  C:297AH         LINE#         5559
  C:297CH         LINE#         5560
  C:297EH         LINE#         5561
  C:2980H         LINE#         5562
  C:2983H         LINE#         5565
  C:2986H         LINE#         5566
  C:2987H         LINE#         5567
  C:2988H         LINE#         5568
  C:2989H         LINE#         5569
  C:298BH         LINE#         5570
  C:298DH         LINE#         5571
  C:2990H         LINE#         5573
  C:2991H         LINE#         5574
  C:2993H         LINE#         5575
  C:2995H         LINE#         5576
  C:2996H         LINE#         5577
  C:2998H         LINE#         5578
  C:299AH         LINE#         5580
  C:299BH         LINE#         5582
  C:299EH         LINE#         5585
  C:29A1H         LINE#         5586
  C:29A2H         LINE#         5587
  C:29A5H         LINE#         5588
  C:29A7H         LINE#         5589
  C:29AAH         LINE#         5590
  C:29ACH         LINE#         5591
  C:29AFH         LINE#         5592
  C:29B2H         LINE#         5593
  C:29B3H         LINE#         5594
  C:29B6H         LINE#         5595
  C:29B8H         LINE#         5596
  C:29BAH         LINE#         5597
  C:29BDH         LINE#         5598
  C:29BFH         LINE#         5599
  C:29C2H         LINE#         5600
  C:29C5H         LINE#         5601
  C:29C8H         LINE#         5602
  C:29CBH         LINE#         5608
BL51 BANKED LINKER/LOCATER V4.16a           09/02/2011  17:17:57  PAGE 86


  C:29CDH         LINE#         5609
  C:29CFH         LINE#         5612
  C:29D1H         LINE#         5613
  C:29D4H         LINE#         5614
  C:29D7H         LINE#         5615
  C:29D9H         LINE#         5616
  C:29DCH         LINE#         5617
  C:29DFH         LINE#         5620
  C:29E2H         LINE#         5621
  C:29E3H         LINE#         5622
  C:29E6H         LINE#         5623
  C:29E8H         LINE#         5624
  C:29EAH         LINE#         5625
  C:29EBH         LINE#         5626
  C:29EEH         LINE#         5628
  C:29F0H         LINE#         5629
  C:29F1H         LINE#         5630
  C:29F2H         LINE#         5631
  C:29F4H         LINE#         5632
  C:29F6H         LINE#         5633
  C:29F7H         LINE#         5634
  C:29F9H         LINE#         5635
  C:29FCH         LINE#         5639
  C:29FFH         LINE#         5640
  C:2A00H         LINE#         5641
  C:2A03H         LINE#         5642
  C:2A05H         LINE#         5643
  C:2A07H         LINE#         5644
  C:2A09H         LINE#         5645
  C:2A0BH         LINE#         5646
  C:2A0DH         LINE#         5647
  C:2A10H         LINE#         5649
  C:2A12H         LINE#         5652
  C:2A15H         LINE#         5654
  C:2A17H         LINE#         5655
  C:2A19H         LINE#         5656
  C:2A1BH         LINE#         5657
  C:2A1DH         LINE#         5658
  C:2A1FH         LINE#         5659
  C:2A22H         LINE#         5664
  C:2A25H         LINE#         5666
  C:2A28H         LINE#         5679
  C:2A2BH         LINE#         5680
  C:2A2CH         LINE#         5681
  C:2A2DH         LINE#         5682
  C:2A2FH         LINE#         5683
  C:2A32H         LINE#         5684
  C:2A33H         LINE#         5685
  C:2A34H         LINE#         5686
  C:2A35H         LINE#         5687
  C:2A36H         LINE#         5688
  C:2A37H         LINE#         5689
  C:2A38H         LINE#         5690
  C:2A39H         LINE#         5691
  C:2A3BH         LINE#         5692
  C:2A3CH         LINE#         5694
  C:2A3FH         LINE#         5695
  C:2A42H         LINE#         5697
  C:2A45H         LINE#         5699
  C:2A48H         LINE#         5701
  C:2A49H         LINE#         5702
  C:2A4BH         LINE#         5703
  C:2A4DH         LINE#         5704
  C:2A4EH         LINE#         5705
  C:2A51H         LINE#         5706
BL51 BANKED LINKER/LOCATER V4.16a           09/02/2011  17:17:57  PAGE 87


  C:2A54H         LINE#         5707
  C:2A57H         LINE#         5708
  C:2A5AH         LINE#         5711
  C:2A5DH         LINE#         5712
  C:2A5FH         LINE#         5713
  C:2A62H         LINE#         5714
  C:2A65H         LINE#         5715
  C:2A68H         LINE#         5725
  C:2A6BH         LINE#         5726
  C:2A6DH         LINE#         5727
  C:2A6FH         LINE#         5728
  C:2A71H         LINE#         5729
  C:2A72H         LINE#         5730
  C:2A74H         LINE#         5731
  C:2A77H         LINE#         5732
  C:2A7AH         LINE#         5733
  C:2A7DH         LINE#         5736
  C:2A80H         LINE#         5738
  C:2A83H         LINE#         5740
  C:2A86H         LINE#         5745
  C:2A88H         LINE#         5746
  C:2A8BH         LINE#         5747
  C:2A8EH         LINE#         5749
  C:2A91H         LINE#         5750
  C:2A93H         LINE#         5751
  C:2A96H         LINE#         5753
  C:2A99H         LINE#         5754
  C:2A9BH         LINE#         5755
  C:2A9DH         LINE#         5756
  C:2A9EH         LINE#         5757
  C:2AA0H         LINE#         5758
  C:2AA1H         LINE#         5759
  C:2AA2H         LINE#         5760
  C:2AA5H         LINE#         5761
  C:2AA8H         LINE#         5762
  C:2AABH         LINE#         5763
  C:2AAEH         LINE#         5764
  C:2AB0H         LINE#         5766
  C:2AB3H         LINE#         5767
  C:2AB5H         LINE#         5768
  C:2AB7H         LINE#         5769
  C:2AB8H         LINE#         5771
  C:2ABBH         LINE#         5772
  C:2ABDH         LINE#         5773
  C:2ABFH         LINE#         5774
  C:2AC0H         LINE#         5776
  C:2AC3H         LINE#         5777
  C:2AC5H         LINE#         5778
  C:2AC7H         LINE#         5779
  C:2AC8H         LINE#         5781
  C:2ACBH         LINE#         5782
  C:2ACDH         LINE#         5783
  C:2ACFH         LINE#         5784
  C:2AD2H         LINE#         5786
  C:2AD5H         LINE#         5787
  C:2AD7H         LINE#         5788
  C:2ADAH         LINE#         5790
  C:2ADCH         LINE#         5791
  C:2ADDH         LINE#         5792
  C:2ADFH         LINE#         5793
  C:2AE0H         LINE#         5794
  C:2AE1H         LINE#         5795
  C:2AE3H         LINE#         5796
  C:2AE6H         LINE#         5798
  C:2AE8H         LINE#         5799
BL51 BANKED LINKER/LOCATER V4.16a           09/02/2011  17:17:57  PAGE 88


  C:2AEAH         LINE#         5802
  C:2AECH         LINE#         5803
  C:2AEDH         LINE#         5804
  C:2AEEH         LINE#         5805
  C:2AEFH         LINE#         5806
  C:2AF0H         LINE#         5807
  C:2AF1H         LINE#         5808
  C:2AF2H         LINE#         5809
  C:2AF3H         LINE#         5810
  C:2AF5H         LINE#         5811
  C:2AF6H         LINE#         5812
  C:2AF7H         LINE#         5813
  C:2AF8H         LINE#         5814
  C:2AF9H         LINE#         5815
  C:2AFAH         LINE#         5816
  C:2AFCH         LINE#         5820
  C:2AFFH         LINE#         5821
  C:2B02H         LINE#         5822
  C:2B04H         LINE#         5825
  C:2B07H         LINE#         5827
  C:2B09H         LINE#         5828
  C:2B0BH         LINE#         5829
  C:2B0DH         LINE#         5830
  C:2B0FH         LINE#         5831
  C:2B10H         LINE#         5834
  C:2B12H         LINE#         5835
  C:2B15H         LINE#         5836
  C:2B17H         LINE#         5837
  C:2B19H         LINE#         5838
  C:2B1AH         LINE#         5839
  C:2B1CH         LINE#         5841
  C:2B1DH         LINE#         5842
  C:2B1EH         LINE#         5843
  C:2B1FH         LINE#         5844
  C:2B21H         LINE#         5845
  C:2B24H         LINE#         5846
  C:2B26H         LINE#         5847
  C:2B27H         LINE#         5848
  C:2B2AH         LINE#         5849
  C:2B2DH         LINE#         5850
  C:2B30H         LINE#         5851
  C:2B32H         LINE#         5853
  C:2B34H         LINE#         5875
  C:2B36H         LINE#         5876
  C:2B39H         LINE#         5877
  C:2B3BH         LINE#         5878
  C:2B3DH         LINE#         5879
  C:2B3EH         LINE#         5880
  C:2B3FH         LINE#         5881
  C:2B41H         LINE#         5882
  C:2B42H         LINE#         5884
  C:2B44H         LINE#         5885
  C:2B47H         LINE#         5886
  C:2B49H         LINE#         5887
  C:2B4AH         LINE#         5888
  C:2B4DH         LINE#         5889
  C:2B4FH         LINE#         5892
  C:2B50H         LINE#         5893
  C:2B53H         LINE#         5894
  C:2B55H         LINE#         5895
  C:2B57H         LINE#         5896
  C:2B5AH         LINE#         5897
  C:2B5CH         LINE#         5898
  C:2B5EH         LINE#         5899
  C:2B60H         LINE#         5900
BL51 BANKED LINKER/LOCATER V4.16a           09/02/2011  17:17:57  PAGE 89


  -------         ENDMOD        MAIN

LINK/LOCATE RUN COMPLETE.  0 WARNING(S),  0 ERROR(S)
