BL51 BANKED LINKER/LOCATER V4.16a             12/21/2006  10:37:55  PAGE 1


BL51 BANKED LINKER/LOCATER V4.16a, INVOKED BY:
D:\PROGRAM FILES\CYGNAL\IDEFILES\C51\BIN\BL51.EXE D:\AMP\AMP1_K4.OBJ TO D:\AMP
>> \AMP1_K1 RS (256) PL (68) PW (78)


INPUT MODULES INCLUDED:
  D:\AMP\AMP1_K4.OBJ (MAIN)


LINK MAP OF MODULE:  D:\AMP\AMP1_K1 (MAIN)


            TYPE    BASE      LENGTH    RELOCATION   SEGMENT NAME
            -----------------------------------------------------

            * * * * * * *   D A T A   M E M O R Y   * * * * * * *
            REG     0000H     0008H     ABSOLUTE     "REG BANK 0"

            * * * * * * *   C O D E   M E M O R Y   * * * * * * *
            CODE    0000H     04C9H     ABSOLUTE     
            CODE    04C9H     1798H     UNIT         MAIN



SYMBOL TABLE OF MODULE:  D:\AMP\AMP1_K1 (MAIN)

  VALUE           TYPE          NAME
  ----------------------------------

  -------         MODULE        MAIN
  C:04C9H         SEGMENT       MAIN
  X:0080H         PUBLIC        MASS0
  B:00C0H.2       SYMBOL        AA
  C:07E4H         SYMBOL        AAPAR
  D:004FH         SYMBOL        ABIN
  C:03F3H         SYMBOL        ABTOF
  B:00D0H.6       SYMBOL        AC
  D:00E0H         SYMBOL        ACC
  B:00E8H.4       SYMBOL        AD0BUSY
  B:00E8H.7       SYMBOL        AD0EN
  B:00E8H.5       SYMBOL        AD0INT
  B:00E8H.0       SYMBOL        AD0LJST
  B:00E8H.2       SYMBOL        AD0STM0
  B:00E8H.3       SYMBOL        AD0STM1
  B:00E8H.6       SYMBOL        AD0TM
  B:00E8H.1       SYMBOL        AD0WINT
  D:00BCH         SYMBOL        ADC0CF
  D:00E8H         SYMBOL        ADC0CN
  D:00C5H         SYMBOL        ADC0GTH
  D:00C4H         SYMBOL        ADC0GTL
  D:00BFH         SYMBOL        ADC0H
  D:00BEH         SYMBOL        ADC0L
  D:00C7H         SYMBOL        ADC0LTH
  D:00C6H         SYMBOL        ADC0LTL
  D:009CH         SYMBOL        ADC1
  D:00ABH         SYMBOL        ADC1CF
  D:00AAH         SYMBOL        ADC1CN
  C:1C38H         SYMBOL        ADDX
  D:0053H         SYMBOL        ADEC
  C:097AH         SYMBOL        AFTERK
  C:068BH         SYMBOL        AGE2
  C:0699H         SYMBOL        AGEON
  C:0A84H         SYMBOL        ALESS0
  C:07A2H         SYMBOL        ALLSUM
  C:1B7FH         SYMBOL        ALMUL
  C:0402H         SYMBOL        ALTOF
BL51 BANKED LINKER/LOCATER V4.16a           12/21/2006  10:37:55  PAGE 2


  C:041EH         SYMBOL        ALTOF1
  D:00BAH         SYMBOL        AMX0CF
  D:00BBH         SYMBOL        AMX0SL
  D:00ACH         SYMBOL        AMX1SL
  C:08DBH         SYMBOL        ANKOR
  C:1233H         SYMBOL        AN_T7
  C:0C30H         SYMBOL        AUTOKA
  C:09EEH         SYMBOL        AVPGO
  C:0941H         SYMBOL        AVTDEC1
  C:03FCH         SYMBOL        AWTOF
  D:00F0H         SYMBOL        B
  C:05C9H         SYMBOL        BEGIN
  C:0DD0H         SYMBOL        BFORM
  C:199BH         SYMBOL        BIN30
  C:199FH         SYMBOL        BIN31
  C:19AFH         SYMBOL        BIN32
  C:19C0H         SYMBOL        BIN41
  C:198FH         SYMBOL        BINDEC
  B:0023H.2       SYMBOL        BITAKT
  B:0020H.5       SYMBOL        BITAVP
  B:0021H.2       SYMBOL        BITBON
  B:0021H.0       SYMBOL        BITBUF
  B:0020H.4       SYMBOL        BITIZM
  B:0020H.1       SYMBOL        BITMAS
  B:0021H.3       SYMBOL        BITMEM
  B:0022H.1       SYMBOL        BITMENU
  B:0023H.1       SYMBOL        BITMIG
  B:0021H.7       SYMBOL        BITNUL
  B:0022H.7       SYMBOL        BITOLL
  B:0021H.1       SYMBOL        BITPRD
  B:0020H.3       SYMBOL        BITRS
  B:0022H.0       SYMBOL        BITT2
  B:0020H.6       SYMBOL        BITVI11
  B:0022H.2       SYMBOL        BITVI12
  B:0022H.3       SYMBOL        BITVI13
  B:0022H.5       SYMBOL        BITVI21
  B:0022H.6       SYMBOL        BITVI31
  B:0022H.4       SYMBOL        BITVICH
  B:0020H.0       SYMBOL        BITZNAK
  B:0020H.7       SYMBOL        BITZUS
  B:0021H.4       SYMBOL        BMEM11
  B:0021H.5       SYMBOL        BMEM12
  B:0021H.6       SYMBOL        BMEM13
  C:13ADH         SYMBOL        BOUT7
  C:1650H         SYMBOL        BRET
  C:0AB8H         SYMBOL        BUFDEC
  D:0040H         SYMBOL        BUFIND
  C:0F09H         SYMBOL        BUFON
  B:00D8H.0       SYMBOL        CCF0
  B:00D8H.1       SYMBOL        CCF1
  B:00D8H.2       SYMBOL        CCF2
  B:00D8H.3       SYMBOL        CCF3
  B:00D8H.4       SYMBOL        CCF4
  C:01F7H         SYMBOL        CDONE
  D:0020H         SYMBOL        CELLBIT
  D:0021H         SYMBOL        CELLBIT1
  D:0022H         SYMBOL        CELLBIT2
  D:0023H         SYMBOL        CELLBIT3
  C:01E2H         SYMBOL        CEXP
  B:00D8H.7       SYMBOL        CF
  C:18C8H         SYMBOL        CH0
  C:18E4H         SYMBOL        CH1
  C:18CCH         SYMBOL        CH10
  C:18DCH         SYMBOL        CH100
  C:18D8H         SYMBOL        CH10000
BL51 BANKED LINKER/LOCATER V4.16a           12/21/2006  10:37:55  PAGE 3


  C:18E0H         SYMBOL        CH2
  C:1886H         SYMBOL        CH20
  C:18F8H         SYMBOL        CH2THO
  C:18D0H         SYMBOL        CH5
  C:1882H         SYMBOL        CH57
  C:18D4H         SYMBOL        CH954
  C:1073H         SYMBOL        CHANMA
  C:1069H         SYMBOL        CHANZ
  D:0081H         SYMBOL        CHAVT
  D:009BH         SYMBOL        CHBEFORE
  D:00ADH         SYMBOL        CHBUF
  C:0E75H         SYMBOL        CHCMP
  C:0CDCH         SYMBOL        CHDEC
  D:0083H         SYMBOL        CHDEL
  C:0C18H         SYMBOL        CHDELMO
  C:1813H         SYMBOL        CHIF
  D:00ACH         SYMBOL        CHIND
  D:0098H         SYMBOL        CHINKOR
  D:003DH         SYMBOL        CHKL
  D:006EH         SYMBOL        CHMAS
  D:003FH         SYMBOL        CHMASN
  C:0D26H         SYMBOL        CHTADC
  C:18F0H         SYMBOL        CHTHO
  C:1976H         SYMBOL        CHTHOU
  C:18C4H         SYMBOL        CHZAP
  C:18E8H         SYMBOL        CH_1
  C:1904H         SYMBOL        CH_10TH
  C:1900H         SYMBOL        CH_200
  C:18FCH         SYMBOL        CH_220
  C:18ECH         SYMBOL        CH_953
  C:0DA6H         SYMBOL        CIKLWR
  D:008EH         SYMBOL        CKCON
  C:1916H         SYMBOL        CL4
  C:191CH         SYMBOL        CL4N
  C:043EH         SYMBOL        CLE256
  C:1989H         SYMBOL        CLEAR
  C:1913H         SYMBOL        CLEAR4
  C:191BH         SYMBOL        CLEARN
  C:0D96H         SYMBOL        CLMASSIX
  C:09F3H         SYMBOL        CLMASV
  C:0D9BH         SYMBOL        CLMAX
  C:198AH         SYMBOL        CLR11
  C:1983H         SYMBOL        CLRDEC
  C:1987H         SYMBOL        CLRNUM
  C:1334H         SYMBOL        CLRVICH
  N:0006H         SYMBOL        CNTR
  C:18B9H         SYMBOL        CO02S
  C:18B0H         SYMBOL        CO1S
  C:18ACH         SYMBOL        CO2S
  C:0E0AH         SYMBOL        COND
  D:00A4H         SYMBOL        CONSTE
  D:00A8H         SYMBOL        CONSTF
  C:049FH         SYMBOL        COPY1
  C:0499H         SYMBOL        COPYPP
  C:188EH         SYMBOL        COUNT
  B:00C8H.0       SYMBOL        CPRL2
  D:009EH         SYMBOL        CPT0CN
  D:009FH         SYMBOL        CPT1CN
  B:00D8H.6       SYMBOL        CR
  C:1895H         SYMBOL        CT
  B:00C8H.1       SYMBOL        CT2
  B:00D0H.7       SYMBOL        CY
  D:00D4H         SYMBOL        DAC0CN
  D:00D3H         SYMBOL        DAC0H
  D:00D2H         SYMBOL        DAC0L
BL51 BANKED LINKER/LOCATER V4.16a           12/21/2006  10:37:55  PAGE 4


  D:00D7H         SYMBOL        DAC1CN
  D:00D6H         SYMBOL        DAC1H
  D:00D5H         SYMBOL        DAC1L
  C:0E0FH         SYMBOL        DCOA
  C:0E16H         SYMBOL        DCOB
  C:0E21H         SYMBOL        DCOC
  C:0E2EH         SYMBOL        DCOD
  C:06C5H         SYMBOL        DD
  C:14A0H         SYMBOL        DDOUTF
  C:19DCH         SYMBOL        DEC30
  C:19E1H         SYMBOL        DEC31
  C:19F1H         SYMBOL        DEC32
  C:19CFH         SYMBOL        DECBIN
  N:000AH         SYMBOL        DECSIZE
  C:19FAH         SYMBOL        DECT2
  C:1C4FH         SYMBOL        DEDPTR
  C:0133H         SYMBOL        DENORM
  C:1573H         SYMBOL        DGOTO7
  D:00AEH         SYMBOL        DIAP
  C:0F28H         SYMBOL        DIINC
  C:185AH         SYMBOL        DIKDN
  C:1960H         SYMBOL        DIKDW
  C:1974H         SYMBOL        DIPAR
  C:02DDH         SYMBOL        DIV1
  C:0320H         SYMBOL        DIV2
  C:030DH         SYMBOL        DIV3
  C:0336H         SYMBOL        DIV9
  C:1ABAH         SYMBOL        DIVIDE
  C:1A29H         SYMBOL        DONE
  C:1A27H         SYMBOL        DONE1
  C:1B43H         SYMBOL        DOSH
  C:1B31H         SYMBOL        DOSUB
  D:0083H         SYMBOL        DPH
  D:0082H         SYMBOL        DPL
  C:0B6BH         SYMBOL        DVIG0
  C:0B60H         SYMBOL        DVIG1
  C:0B55H         SYMBOL        DVIG2
  C:0B49H         SYMBOL        DVIG3
  C:0B77H         SYMBOL        DVIG4
  C:0B96H         SYMBOL        DVIG6
  C:0B94H         SYMBOL        DVM
  B:00A8H.7       SYMBOL        EA
  D:00E6H         SYMBOL        EIE1
  D:00E7H         SYMBOL        EIE2
  D:00F6H         SYMBOL        EIP1
  D:00F7H         SYMBOL        EIP2
  D:00A3H         SYMBOL        EMI0CF
  D:00AFH         SYMBOL        EMI0CN
  D:00A1H         SYMBOL        EMI0TC
  C:0B9AH         SYMBOL        ENDSDV
  C:0895H         SYMBOL        ENDSUM
  B:00C0H.6       SYMBOL        ENSMB
  C:1156H         SYMBOL        EQU1L
  B:00A8H.4       SYMBOL        ES
  B:00A8H.1       SYMBOL        ET0
  B:00A8H.3       SYMBOL        ET1
  B:00A8H.5       SYMBOL        ET2
  B:00A8H.0       SYMBOL        EX0
  B:00A8H.2       SYMBOL        EX1
  B:00C8H.3       SYMBOL        EXEN2
  B:00C8H.6       SYMBOL        EXF2
  N:0000H         SYMBOL        EXP1
  N:0001H         SYMBOL        EXP2
  B:00D0H.5       SYMBOL        F0
  B:00D0H.1       SYMBOL        F1
BL51 BANKED LINKER/LOCATER V4.16a           12/21/2006  10:37:55  PAGE 5


  C:1951H         SYMBOL        FINDKOEF
  C:1B6EH         SYMBOL        FINIS
  D:00B7H         SYMBOL        FLACL
  C:0166H         SYMBOL        FLADD
  C:01D6H         SYMBOL        FLCMP
  C:02B7H         SYMBOL        FLDIV
  C:0203H         SYMBOL        FLMUL
  C:01E1H         SYMBOL        FLOUT
  D:00B6H         SYMBOL        FLSCL
  C:01D1H         SYMBOL        FLSUB
  C:01F8H         SYMBOL        FND
  C:0DCDH         SYMBOL        FO1M
  C:0DD6H         SYMBOL        FO2M
  C:0DD7H         SYMBOL        FORM4
  C:1007H         SYMBOL        FT1IZM
  C:0343H         SYMBOL        FTOL
  C:037CH         SYMBOL        FTOL1
  C:039EH         SYMBOL        FTOL2
  C:03C4H         SYMBOL        FTOL22
  C:03A2H         SYMBOL        FTOL23
  C:03B5H         SYMBOL        FTOL24
  C:03C2H         SYMBOL        FTOL25
  C:03E4H         SYMBOL        FTOL26
  C:038AH         SYMBOL        FTOL3
  C:038EH         SYMBOL        FTOL33
  C:0371H         SYMBOL        FTOL4
  C:0381H         SYMBOL        FTOL9
  C:060EH         SYMBOL        GENER
  C:146FH         SYMBOL        GO23NO
  C:115CH         SYMBOL        GO31L
  C:1161H         SYMBOL        GO41L
  C:09B5H         SYMBOL        GOA2
  C:09BFH         SYMBOL        GOA3A2
  C:0BD3H         SYMBOL        GOCIKLE
  C:149AH         SYMBOL        GOFULL
  C:09CCH         SYMBOL        GOONIN
  C:0A8DH         SYMBOL        GOONIND
  C:0BBDH         SYMBOL        GOONT
  C:123FH         SYMBOL        GOTO7
  C:0900H         SYMBOL        GOTOKD
  C:073AH         SYMBOL        GOZNAK
  C:133FH         SYMBOL        HNOR11
  C:1300H         SYMBOL        HNOR12
  C:1379H         SYMBOL        HNOT1
  C:12CEH         SYMBOL        HNOT2
  C:12F6H         SYMBOL        HR12
  C:12F0H         SYMBOL        HVI1113
  D:00A8H         SYMBOL        IE
  B:0088H.1       SYMBOL        IE0
  B:0088H.3       SYMBOL        IE1
  C:12CAH         SYMBOL        INCT
  C:0CF4H         SYMBOL        IND
  C:0A54H         SYMBOL        INDA3
  C:0A2CH         SYMBOL        INDOLL
  C:1788H         SYMBOL        INIACP
  C:155CH         SYMBOL        INTN
  D:00B8H         SYMBOL        IP
  B:0088H.0       SYMBOL        IT0
  B:0088H.2       SYMBOL        IT1
  C:1361H         SYMBOL        IZCHI
  C:0F79H         SYMBOL        IZMAN
  C:0F88H         SYMBOL        IZMFUN
  C:0F8CH         SYMBOL        IZMPAT
  C:0FA9H         SYMBOL        IZMT2
  C:0FB4H         SYMBOL        IZMT3
BL51 BANKED LINKER/LOCATER V4.16a           12/21/2006  10:37:55  PAGE 6


  C:1AD5H         SYMBOL        JFINIS
  C:18F4H         SYMBOL        KD
  C:0E97H         SYMBOL        KEYB1
  C:11CEH         SYMBOL        KEYB2
  C:1473H         SYMBOL        KFULL
  C:145FH         SYMBOL        KGO23
  C:1420H         SYMBOL        KLEV1
  C:1425H         SYMBOL        KLEV2
  C:1441H         SYMBOL        KLEV21
  C:142AH         SYMBOL        KLEV22
  C:1449H         SYMBOL        KLEV23
  C:0800H         SYMBOL        KLMAS
  C:1271H         SYMBOL        KNAVP
  B:0023H.0       SYMBOL        KNIZM
  C:0F83H         SYMBOL        KNIZMON
  C:11BFH         SYMBOL        KNKMP
  C:127EH         SYMBOL        KNLEFT
  C:13CBH         SYMBOL        KNMEM
  C:1261H         SYMBOL        KNMENU
  C:1299H         SYMBOL        KNNUL
  C:0FBCH         SYMBOL        KNOPT
  C:0FD1H         SYMBOL        KNRAZR
  C:0F1EH         SYMBOL        KNRIGHT
  C:0F3AH         SYMBOL        KNVICH
  D:00A0H         SYMBOL        KOEFKD
  D:0094H         SYMBOL        KOEFKM
  D:0090H         SYMBOL        KOEFKP
  D:00BCH         SYMBOL        KONSTA
  D:00C0H         SYMBOL        KONSTB
  C:1660H         SYMBOL        KOR0US
  D:0084H         SYMBOL        KOR0_AN
  C:094FH         SYMBOL        KORDEC1
  C:093AH         SYMBOL        KORDEC10
  C:0BF8H         SYMBOL        KORNUL
  C:148DH         SYMBOL        KVVOD0
  C:070FH         SYMBOL        LABELA
  C:0B42H         SYMBOL        LABELB
  C:0FD1H         SYMBOL        LABELC
  C:0F9AH         SYMBOL        LABELE
  C:0FF3H         SYMBOL        LABELF
  C:12B9H         SYMBOL        LABELH
  C:158EH         SYMBOL        LABELI
  C:13E6H         SYMBOL        LABELK
  C:1101H         SYMBOL        LABELL
  C:107BH         SYMBOL        LABELL1
  C:117BH         SYMBOL        LABELN
  C:158EH         SYMBOL        LABELP
  C:1148H         SYMBOL        LABL2
  C:1121H         SYMBOL        LABL21
  C:1137H         SYMBOL        LABL22
  C:14C2H         SYMBOL        LABM
  C:1C16H         SYMBOL        LADD
  C:1C27H         SYMBOL        LADDX
  C:1119H         SYMBOL        LAL22
  C:042DH         SYMBOL        LBTOF
  C:1A14H         SYMBOL        LCMP
  C:1A2AH         SYMBOL        LDC_LONG
  C:1A4CH         SYMBOL        LDC_LTEMP
  C:1A72H         SYMBOL        LDX_LONG
  C:1A98H         SYMBOL        LDX_LTEMP
  C:1505H         SYMBOL        LEFCUR
  C:13EEH         SYMBOL        LEFMEM11
  C:142DH         SYMBOL        LEV220
  C:118FH         SYMBOL        LEV2GO
  D:00B0H         SYMBOL        LEVEL
BL51 BANKED LINKER/LOCATER V4.16a           12/21/2006  10:37:55  PAGE 7


  C:136BH         SYMBOL        LI21
  C:0F72H         SYMBOL        LLDI2
  C:0F66H         SYMBOL        LLDI23
  C:0F6DH         SYMBOL        LLDI3
  C:1166H         SYMBOL        LLEV2
  C:1B7FH         SYMBOL        LLMUL
  C:1C04H         SYMBOL        LLSUB
  C:0432H         SYMBOL        LLTOF
  C:1B7FH         SYMBOL        LMUL
  C:17D7H         SYMBOL        LOAB12
  D:00B7H         SYMBOL        LOAD
  C:138AH         SYMBOL        LOADB
  C:13B0H         SYMBOL        LOADB2
  C:140CH         SYMBOL        LOADCLE
  C:183CH         SYMBOL        LOADKD
  C:182EH         SYMBOL        LOADR2
  C:1675H         SYMBOL        LOADT
  C:1621H         SYMBOL        LOADUS
  C:14A8H         SYMBOL        LOBLOK
  C:1407H         SYMBOL        LOCLE
  C:1684H         SYMBOL        LOD1
  C:1690H         SYMBOL        LODT
  C:1303H         SYMBOL        LOIZMK
  C:1677H         SYMBOL        LOLEVT
  C:13FBH         SYMBOL        LOLIST
  C:0D63H         SYMBOL        LOOP
  C:1AD8H         SYMBOL        LOOPS
  C:1654H         SYMBOL        LOSPUS
  C:168CH         SYMBOL        LOTEXT
  C:0F78H         SYMBOL        LOU
  C:0F55H         SYMBOL        LOUIZM
  C:111EH         SYMBOL        LOUTF
  C:12F9H         SYMBOL        LOVICH
  C:1415H         SYMBOL        LOWR
  C:1417H         SYMBOL        LOWR1
  C:1C04H         SYMBOL        LSUB
  N:0008H         SYMBOL        LTEMP
  C:0DA8H         SYMBOL        LWR
  C:0D6CH         SYMBOL        LWRX
  C:042FH         SYMBOL        LWTOF
  D:006FH         SYMBOL        MABIN
  C:0DC3H         SYMBOL        MAFORM
  N:0002H         SYMBOL        MANT1
  N:0008H         SYMBOL        MANT2
  C:1061H         SYMBOL        MARK0_8
  D:00B2H         SYMBOL        MARKER
  C:1814H         SYMBOL        MARLE
  C:1821H         SYMBOL        MARRI
  C:081EH         SYMBOL        MAS10
  C:08C4H         SYMBOL        MAS5DIV
  C:08A1H         SYMBOL        MASFULL
  X:0084H         SYMBOL        MASS1
  X:0088H         SYMBOL        MASS2
  X:008CH         SYMBOL        MASS3
  X:0090H         SYMBOL        MASS4
  X:0094H         SYMBOL        MASS5
  X:0098H         SYMBOL        MASS6
  X:009CH         SYMBOL        MASS7
  X:00A0H         SYMBOL        MASS8
  X:00A4H         SYMBOL        MASS9
  C:08BAH         SYMBOL        MASX5
  C:1279H         SYMBOL        MEAVP
  C:0638H         SYMBOL        MECLE
  C:063FH         SYMBOL        MEFF
  C:1489H         SYMBOL        MEM12NO
BL51 BANKED LINKER/LOCATER V4.16a           12/21/2006  10:37:55  PAGE 8


  C:1B0BH         SYMBOL        MIDL
  C:17E6H         SYMBOL        MIGN
  C:17EEH         SYMBOL        MIGNN
  C:14BFH         SYMBOL        MLABL2
  C:070AH         SYMBOL        MMM
  C:0A21H         SYMBOL        MO220
  B:00F8H.5       SYMBOL        MODF
  C:10B4H         SYMBOL        MOUTF
  C:0E30H         SYMBOL        MOVE28
  C:197AH         SYMBOL        MOVE82
  C:0A8DH         SYMBOL        MOVEA3
  D:003AH         SYMBOL        MOVLEFT
  D:003BH         SYMBOL        MOVRIG
  B:00F8H.1       SYMBOL        MSTEN
  C:021AH         SYMBOL        MUP1
  C:0257H         SYMBOL        MUP11
  C:0297H         SYMBOL        MUP2
  C:026CH         SYMBOL        MUP3
  C:14A3H         SYMBOL        MVV11
  C:14BBH         SYMBOL        MVV12
  C:0CD8H         SYMBOL        N12DELCH
  C:0C81H         SYMBOL        N4DELCH
  C:0CC9H         SYMBOL        N8DELCH
  C:10BAH         SYMBOL        NBIMENU
  D:00C4H         SYMBOL        NBLOK
  C:0358H         SYMBOL        NE05
  C:0CFEH         SYMBOL        NEXIN
  C:096CH         SYMBOL        NMINUS
  C:0C41H         SYMBOL        NNDELCH
  C:119BH         SYMBOL        NNMEMB
  C:0B06H         SYMBOL        NNNUL
  C:1AF3H         SYMBOL        NO
  C:071CH         SYMBOL        NO0KEY
  C:1036H         SYMBOL        NO11V6
  C:1043H         SYMBOL        NO12V6
  C:1050H         SYMBOL        NO13V6
  C:15E0H         SYMBOL        NO21P7
  C:0A79H         SYMBOL        NO2PARN
  C:1519H         SYMBOL        NO31N
  C:0A6FH         SYMBOL        NO3PARN
  C:0C1EH         SYMBOL        NO4DEL
  C:0946H         SYMBOL        NOAVK
  C:09B2H         SYMBOL        NOAVP
  C:0B23H         SYMBOL        NOBAVP
  C:07B8H         SYMBOL        NOBEF99
  C:0245H         SYMBOL        NOBIT
  C:0B29H         SYMBOL        NOBITIZM
  C:0BE0H         SYMBOL        NOBUF0
  C:0A50H         SYMBOL        NOCHI0
  C:08B2H         SYMBOL        NOCHN2
  C:0A36H         SYMBOL        NODI2
  C:1287H         SYMBOL        NODI6
  C:0ADDH         SYMBOL        NODI8
  C:0A3BH         SYMBOL        NODI9
  C:0AECH         SYMBOL        NODIS9
  C:1189H         SYMBOL        NOEQU1
  C:1513H         SYMBOL        NOEQU2
  C:1017H         SYMBOL        NOFIZM
  C:1006H         SYMBOL        NOFT1
  C:0BDBH         SYMBOL        NOFZ
  C:130AH         SYMBOL        NOH37
  C:13C0H         SYMBOL        NOHNOT1
  C:13B8H         SYMBOL        NOHNOT2
  C:08E4H         SYMBOL        NOKORR
  C:12DAH         SYMBOL        NOLAH
BL51 BANKED LINKER/LOCATER V4.16a           12/21/2006  10:37:55  PAGE 9


  C:113FH         SYMBOL        NOLEV1
  C:14FCH         SYMBOL        NOM31
  C:154BH         SYMBOL        NOM32
  C:1576H         SYMBOL        NOM33
  C:15ABH         SYMBOL        NOMARL
  C:147AH         SYMBOL        NOME11
  C:10D5H         SYMBOL        NOMEM11
  C:10EBH         SYMBOL        NOMEM12
  C:1477H         SYMBOL        NOMEMK
  C:0FE2H         SYMBOL        NON1C
  C:092EH         SYMBOL        NONULAVT
  C:0C05H         SYMBOL        NONULDEL
  C:0A54H         SYMBOL        NOP3_0
  C:07BCH         SYMBOL        NOPART1
  C:07DCH         SYMBOL        NOPART2
  C:07E1H         SYMBOL        NOPART3
  C:07F4H         SYMBOL        NOPART4
  C:15B2H         SYMBOL        NOPOIN7
  C:1599H         SYMBOL        NOPOINT
  C:1080H         SYMBOL        NOR11
  C:1029H         SYMBOL        NOR13
  C:00F6H         SYMBOL        NORDN
  C:0107H         SYMBOL        NORDN1
  C:116FH         SYMBOL        NORIG2
  C:119BH         SYMBOL        NORIM6
  C:00F0H         SYMBOL        NORM1
  C:131AH         SYMBOL        NORR11
  C:1327H         SYMBOL        NORR12
  C:0119H         SYMBOL        NORUP
  C:011EH         SYMBOL        NORUP1
  C:0132H         SYMBOL        NORUP2
  C:0B3BH         SYMBOL        NORVICH
  C:1B2EH         SYMBOL        NOSUB
  C:0BE3H         SYMBOL        NOT1IN
  C:124EH         SYMBOL        NOT1_7
  C:0BEBH         SYMBOL        NOT2IN
  C:1259H         SYMBOL        NOT2_7
  C:0BF3H         SYMBOL        NOT3IN
  C:0B33H         SYMBOL        NOTAKT
  C:0BC6H         SYMBOL        NOTT1
  C:0BCBH         SYMBOL        NOTT5
  C:0FECH         SYMBOL        NOT_1
  C:0FECH         SYMBOL        NOT_10
  C:108DH         SYMBOL        NOVIR
  C:0ACDH         SYMBOL        NOZZMI
  C:0B0FH         SYMBOL        NSEC01
  C:0B16H         SYMBOL        NSEC1
  C:0B1BH         SYMBOL        NSEC10
  C:0C30H         SYMBOL        NULAVT
  N:0004H         SYMBOL        NUMSIZE
  C:1A64H         SYMBOL        OBOARD
  C:1AACH         SYMBOL        OBOARD1
  C:0186H         SYMBOL        OK1
  C:01A0H         SYMBOL        OK2
  C:01C4H         SYMBOL        OK3
  C:1A8AH         SYMBOL        ONBOAR1
  C:1A3EH         SYMBOL        ONBOARD
  C:13D9H         SYMBOL        ONMEM11
  C:17FCH         SYMBOL        ONMIG
  C:0F4DH         SYMBOL        ONVICH
  D:00B2H         SYMBOL        OSCICN
  D:00B1H         SYMBOL        OSCXCN
  C:119BH         SYMBOL        OUT6
  C:1600H         SYMBOL        OUT7
  C:100DH         SYMBOL        OUTF
BL51 BANKED LINKER/LOCATER V4.16a           12/21/2006  10:37:55  PAGE 10


  C:1067H         SYMBOL        OUTMA
  B:00D0H.2       SYMBOL        OV
  B:00D0H.0       SYMBOL        P
  D:0080H         SYMBOL        P0
  D:00A4H         SYMBOL        P0MDOUT
  D:0090H         SYMBOL        P1
  D:00BDH         SYMBOL        P1MDIN
  D:00A5H         SYMBOL        P1MDOUT
  D:00A0H         SYMBOL        P2
  D:00A6H         SYMBOL        P2MDOUT
  D:00B0H         SYMBOL        P3
  D:00ADH         SYMBOL        P3IF
  D:00A7H         SYMBOL        P3MDOUT
  D:0084H         SYMBOL        P4
  D:0085H         SYMBOL        P5
  D:0086H         SYMBOL        P6
  D:0096H         SYMBOL        P7
  D:00B5H         SYMBOL        P74OUT
  C:00DEH         SYMBOL        PACK1
  D:00AFH         SYMBOL        PARN
  D:009AH         SYMBOL        PART
  D:00D8H         SYMBOL        PCA0CN
  D:00FAH         SYMBOL        PCA0CPH0
  D:00FBH         SYMBOL        PCA0CPH1
  D:00FCH         SYMBOL        PCA0CPH2
  D:00FDH         SYMBOL        PCA0CPH3
  D:00FEH         SYMBOL        PCA0CPH4
  D:00EAH         SYMBOL        PCA0CPL0
  D:00EBH         SYMBOL        PCA0CPL1
  D:00ECH         SYMBOL        PCA0CPL2
  D:00EDH         SYMBOL        PCA0CPL3
  D:00EEH         SYMBOL        PCA0CPL4
  D:00DAH         SYMBOL        PCA0CPM0
  D:00DBH         SYMBOL        PCA0CPM1
  D:00DCH         SYMBOL        PCA0CPM2
  D:00DDH         SYMBOL        PCA0CPM3
  D:00DEH         SYMBOL        PCA0CPM4
  D:00F9H         SYMBOL        PCA0H
  D:00E9H         SYMBOL        PCA0L
  D:00D9H         SYMBOL        PCA0MD
  D:0087H         SYMBOL        PCON
  N:000CH         SYMBOL        PROD
  B:00B8H.4       SYMBOL        PS
  D:008FH         SYMBOL        PSCTL
  D:00D0H         SYMBOL        PSW
  B:00B8H.1       SYMBOL        PT0
  B:00B8H.3       SYMBOL        PT1
  B:00B8H.5       SYMBOL        PT2
  B:00B8H.0       SYMBOL        PX0
  B:00B8H.2       SYMBOL        PX1
  C:0F01H         SYMBOL        PYSKST
  N:000AH         SYMBOL        R10
  N:000BH         SYMBOL        R11
  N:0008H         SYMBOL        R8
  N:0009H         SYMBOL        R9
  B:0098H.2       SYMBOL        RB8
  D:00CBH         SYMBOL        RCAP2H
  D:00CAH         SYMBOL        RCAP2L
  D:00E5H         SYMBOL        RCAP4H
  D:00E4H         SYMBOL        RCAP4L
  B:00C8H.5       SYMBOL        RCLK
  C:0E65H         SYMBOL        RE1
  C:0454H         SYMBOL        RE4BYTE
  D:0077H         SYMBOL        REACP
  C:0E63H         SYMBOL        READ
BL51 BANKED LINKER/LOCATER V4.16a           12/21/2006  10:37:55  PAGE 11


  C:0780H         SYMBOL        READYACP
  C:0D52H         SYMBOL        READ_X2
  C:06D5H         SYMBOL        REBYTE
  C:046CH         SYMBOL        REBYTE2
  D:00D1H         SYMBOL        REF0CN
  B:0098H.4       SYMBOL        REN
  C:0E3CH         SYMBOL        RESAR2
  C:0DFAH         SYMBOL        RESAR8
  D:008CH         SYMBOL        REZAM
  D:0088H         SYMBOL        REZAP
  C:0954H         SYMBOL        REZMUL
  D:0062H         SYMBOL        REZ_A
  D:006AH         SYMBOL        REZ_A0
  D:0066H         SYMBOL        REZ_A1
  D:007BH         SYMBOL        REZ_A2
  D:009CH         SYMBOL        REZ_A3
  D:005EH         SYMBOL        REZ_AME
  C:14F9H         SYMBOL        RGOTO7
  C:12D1H         SYMBOL        RHNOT1
  B:0098H.0       SYMBOL        RI
  C:1142H         SYMBOL        RIGBLO
  C:1175H         SYMBOL        RIGBLOK
  C:0F15H         SYMBOL        RIGHT2
  C:0F19H         SYMBOL        RIGHT3
  C:10A9H         SYMBOL        RIMEN6
  C:0E94H         SYMBOL        RIZMAN
  C:11CBH         SYMBOL        RKNLEFT
  C:11BCH         SYMBOL        RKNMEM
  C:11C8H         SYMBOL        RKNNUL
  C:0E91H         SYMBOL        RKNOPT
  C:0E8EH         SYMBOL        RKNRAZR
  C:1404H         SYMBOL        RKVVOD0
  C:0E8BH         SYMBOL        RLABELF
  C:11C5H         SYMBOL        RLABELH
  C:12D7H         SYMBOL        RLABELI
  C:12D4H         SYMBOL        RLABELK
  C:1198H         SYMBOL        RLABELL1
  C:1446H         SYMBOL        RLABL2
  C:1820H         SYMBOL        RLER
  C:09D4H         SYMBOL        RMO220
  C:10B7H         SYMBOL        RNNMEMB
  C:0AEAH         SYMBOL        RNO3PARN
  C:09D6H         SYMBOL        RNOCHI0
  C:13E3H         SYMBOL        RNOMEMK
  C:10A6H         SYMBOL        RNORIM6
  C:0AE8H         SYMBOL        RNORVICH
  C:0BB9H         SYMBOL        RNOT1IN
  C:0E88H         SYMBOL        ROUT6
  C:11C2H         SYMBOL        ROUT7
  C:1317H         SYMBOL        ROUTF
  N:0000H         SYMBOL        RR0
  N:0001H         SYMBOL        RR1
  N:0002H         SYMBOL        RR2
  N:0003H         SYMBOL        RR3
  N:0004H         SYMBOL        RR4
  N:0005H         SYMBOL        RR5
  N:0006H         SYMBOL        RR6
  N:0007H         SYMBOL        RR7
  C:182DH         SYMBOL        RRIR
  B:00D0H.3       SYMBOL        RS0
  B:00D0H.4       SYMBOL        RS1
  C:0A82H         SYMBOL        RSEEIND
  D:00EFH         SYMBOL        RSTSRC
  C:0FF0H         SYMBOL        RTIZMRI
  B:00F8H.4       SYMBOL        RXOVRN
BL51 BANKED LINKER/LOCATER V4.16a           12/21/2006  10:37:55  PAGE 12


  D:00A9H         SYMBOL        SADDR0
  D:00F3H         SYMBOL        SADDR1
  D:00B9H         SYMBOL        SADEN0
  D:00AEH         SYMBOL        SADEN1
  D:003CH         SYMBOL        SAVBA
  C:0D7EH         SYMBOL        SAVEIR2
  C:04A7H         SYMBOL        SAVELTE
  C:0D8AH         SYMBOL        SAVER2
  D:0099H         SYMBOL        SBUF0
  D:00F2H         SYMBOL        SBUF1
  D:0098H         SYMBOL        SCON0
  D:00F1H         SYMBOL        SCON1
  C:0D14H         SYMBOL        SDV
  C:0D28H         SYMBOL        SDV1
  C:0761H         SYMBOL        SDVIG0
  C:0756H         SYMBOL        SDVIG1
  C:074BH         SYMBOL        SDVIG2
  C:073FH         SYMBOL        SDVIG3
  C:0770H         SYMBOL        SDVIG4
  C:077AH         SYMBOL        SDVIG6
  C:0778H         SYMBOL        SDVM
  C:0AEFH         SYMBOL        SEEGOON
  C:0AFDH         SYMBOL        SEEIND
  B:00C0H.3       SYMBOL        SI
  N:0007H         SYMBOL        SIGN
  B:00F8H.2       SYMBOL        SLVSEL
  B:0098H.7       SYMBOL        SM0
  B:0098H.6       SYMBOL        SM1
  B:0098H.5       SYMBOL        SM2
  D:00C3H         SYMBOL        SMB0ADR
  D:00C0H         SYMBOL        SMB0CN
  D:00CFH         SYMBOL        SMB0CR
  D:00C2H         SYMBOL        SMB0DAT
  D:00C1H         SYMBOL        SMB0STA
  B:00C0H.1       SYMBOL        SMBFTE
  B:00C0H.0       SYMBOL        SMBTOE
  C:1373H         SYMBOL        SOOTV
  D:0081H         SYMBOL        SP
  D:009AH         SYMBOL        SPI0CFG
  D:009DH         SYMBOL        SPI0CKR
  D:00F8H         SYMBOL        SPI0CN
  D:009BH         SYMBOL        SPI0DAT
  B:00F8H.0       SYMBOL        SPIEN
  B:00F8H.7       SYMBOL        SPIF
  C:18A3H         SYMBOL        SS1
  B:00C0H.5       SYMBOL        STA
  B:00C0H.4       SYMBOL        STO
  D:00B3H         SYMBOL        SUMMA
  D:00C8H         SYMBOL        T2CON
  D:00C9H         SYMBOL        T4CON
  C:17C9H         SYMBOL        TABB1_2
  C:1661H         SYMBOL        TABUS
  C:0B38H         SYMBOL        TAKTIND
  B:0098H.3       SYMBOL        TB8
  B:00C8H.4       SYMBOL        TCLK
  D:0088H         SYMBOL        TCON
  C:16DEH         SYMBOL        TEAEQU0
  C:1774H         SYMBOL        TEBBL
  C:16E8H         SYMBOL        TEBEQU0
  C:176AH         SYMBOL        TEBL
  C:1760H         SYMBOL        TEBLOK
  C:172FH         SYMBOL        TECLE
  C:177EH         SYMBOL        TEEBL
  C:1756H         SYMBOL        TEFULL
  C:1711H         SYMBOL        TEIZMK
BL51 BANKED LINKER/LOCATER V4.16a           12/21/2006  10:37:55  PAGE 13


  C:1706H         SYMBOL        TEKALIB
  C:174BH         SYMBOL        TELIST
  C:1739H         SYMBOL        TEMEM
  C:16F2H         SYMBOL        TEMENU
  C:1908H         SYMBOL        TENMIN
  C:1725H         SYMBOL        TEOLL
  C:171BH         SYMBOL        TEOUT
  C:16FCH         SYMBOL        TETEST
  C:16D4H         SYMBOL        TEVICH
  C:1741H         SYMBOL        TEWR
  C:1698H         SYMBOL        TEXTT
  B:0088H.5       SYMBOL        TF0
  B:0088H.7       SYMBOL        TF1
  B:00C8H.7       SYMBOL        TF2
  D:008CH         SYMBOL        TH0
  D:008DH         SYMBOL        TH1
  D:00CDH         SYMBOL        TH2
  D:00F5H         SYMBOL        TH4
  B:0098H.1       SYMBOL        TI
  C:0D38H         SYMBOL        TIM
  C:0D3AH         SYMBOL        TIM1
  C:0D3DH         SYMBOL        TIM2
  C:0D3FH         SYMBOL        TIM3
  C:0F0EH         SYMBOL        TIZMRI
  D:008AH         SYMBOL        TL0
  D:008BH         SYMBOL        TL1
  D:00CCH         SYMBOL        TL2
  D:00F4H         SYMBOL        TL4
  C:1370H         SYMBOL        TLABELI
  D:0089H         SYMBOL        TMOD
  D:00CBH         SYMBOL        TMR2RLH
  D:00CAH         SYMBOL        TMR2RLL
  D:0091H         SYMBOL        TMR3CN
  D:0095H         SYMBOL        TMR3H
  D:0094H         SYMBOL        TMR3L
  D:0093H         SYMBOL        TMR3RLH
  D:0092H         SYMBOL        TMR3RLL
  B:0088H.4       SYMBOL        TR0
  B:0088H.6       SYMBOL        TR1
  B:00C8H.2       SYMBOL        TR2
  B:00F8H.3       SYMBOL        TXBSY
  C:009EH         SYMBOL        UNPACK1
  C:00BAH         SYMBOL        UNPACK2
  C:0138H         SYMBOL        UP1
  C:014BH         SYMBOL        UP2
  C:0161H         SYMBOL        UP2A
  C:1937H         SYMBOL        UPA
  C:1947H         SYMBOL        UPA1
  C:1927H         SYMBOL        UPA2
  C:1931H         SYMBOL        UPAK
  C:1921H         SYMBOL        UPAK2
  C:1941H         SYMBOL        UPAK3
  D:00B1H         SYMBOL        VICHR
  C:0B80H         SYMBOL        VIG0
  C:0B8EH         SYMBOL        VIG4
  C:0FC7H         SYMBOL        VIOUT
  C:1804H         SYMBOL        VVCHIF
  C:134CH         SYMBOL        VVIZKO
  C:1021H         SYMBOL        VVRR6
  B:00F8H.6       SYMBOL        WCOL
  D:00FFH         SYMBOL        WDTCN
  D:00B8H         SYMBOL        WORK
  C:0E50H         SYMBOL        WR1
  C:0E4DH         SYMBOL        WRITE
  C:0D43H         SYMBOL        WRITED_X1
BL51 BANKED LINKER/LOCATER V4.16a           12/21/2006  10:37:55  PAGE 14


  C:0D42H         SYMBOL        WRITE_X1
  C:0480H         SYMBOL        WRPAGE
  C:0483H         SYMBOL        WW5
  D:00E1H         SYMBOL        XBR0
  D:00E2H         SYMBOL        XBR1
  D:00E3H         SYMBOL        XBR2
  C:0D6AH         SYMBOL        XCIKLWR
  N:000CH         SYMBOL        XTEMP
  C:12AAH         SYMBOL        YBNUL
  C:1B11H         SYMBOL        YES
  C:09D8H         SYMBOL        YESAVP
  C:0BBDH         SYMBOL        YESBUF
  C:0BBBH         SYMBOL        YESPRD
  C:0BDEH         SYMBOL        YESTT5
  C:0A05H         SYMBOL        YESVICH
  C:1085H         SYMBOL        YESVIR
  C:18BBH         SYMBOL        Z01S
  C:188CH         SYMBOL        Z100
  C:189AH         SYMBOL        Z15
  C:18AEH         SYMBOL        Z1S
  C:0D12H         SYMBOL        ZAPADC
  C:0DECH         SYMBOL        ZCMP
  C:0DB9H         SYMBOL        ZDIV
  C:00B3H         SYMBOL        ZER1
  C:00D4H         SYMBOL        ZER2
  C:0DAFH         SYMBOL        ZMUL
  B:0020H.2       SYMBOL        ZNMAT
  C:0732H         SYMBOL        ZNPLUS
  C:189CH         SYMBOL        ZZ
  C:18B7H         SYMBOL        Z_01S
  C:188AH         SYMBOL        Z_100
  C:1898H         SYMBOL        Z_15
  C:18A1H         SYMBOL        Z_1MS
  C:18AAH         SYMBOL        Z_1S
  C:1893H         SYMBOL        Z_5
  C:0E48H         SYMBOL        Z_9
  C:0000H         LINE#         15
  C:0003H         LINE#         18
  C:000BH         LINE#         20
  C:0013H         LINE#         22
  C:001BH         LINE#         24
  C:0023H         LINE#         26
  C:002BH         LINE#         28
  C:0033H         LINE#         30
  C:003BH         LINE#         32
  C:0043H         LINE#         34
  C:004BH         LINE#         36
  C:0053H         LINE#         38
  C:005BH         LINE#         41
  C:0063H         LINE#         43
  C:006BH         LINE#         45
  C:0073H         LINE#         47
  C:0093H         LINE#         49
  C:009BH         LINE#         52
  C:05C9H         LINE#         244
  C:05CCH         LINE#         245
  C:05CFH         LINE#         246
  C:05D2H         LINE#         247
  C:05D5H         LINE#         248
  C:05D8H         LINE#         249
  C:05DBH         LINE#         251
  C:05DEH         LINE#         252
  C:05E1H         LINE#         253
  C:05E4H         LINE#         255
  C:05E7H         LINE#         256
BL51 BANKED LINKER/LOCATER V4.16a           12/21/2006  10:37:55  PAGE 15


  C:05EAH         LINE#         257
  C:05EDH         LINE#         258
  C:05F0H         LINE#         259
  C:05F3H         LINE#         260
  C:05F6H         LINE#         261
  C:05F9H         LINE#         262
  C:05FCH         LINE#         263
  C:05FFH         LINE#         264
  C:0602H         LINE#         265
  C:0605H         LINE#         267
  C:0608H         LINE#         268
  C:060BH         LINE#         269
  C:060EH         LINE#         273
  C:0610H         LINE#         274
  C:0613H         LINE#         276
  C:0616H         LINE#         277
  C:0619H         LINE#         278
  C:061CH         LINE#         280
  C:061EH         LINE#         281
  C:0620H         LINE#         283
  C:0623H         LINE#         286
  C:0626H         LINE#         287
  C:0629H         LINE#         288
  C:062CH         LINE#         289
  C:062FH         LINE#         291
  C:0632H         LINE#         292
  C:0635H         LINE#         294
  C:0636H         LINE#         295
  C:0638H         LINE#         296
  C:0639H         LINE#         297
  C:063AH         LINE#         298
  C:063DH         LINE#         299
  C:063FH         LINE#         300
  C:0640H         LINE#         301
  C:0641H         LINE#         302
  C:0642H         LINE#         303
  C:0645H         LINE#         304
  C:0648H         LINE#         305
  C:064AH         LINE#         306
  C:064CH         LINE#         307
  C:064DH         LINE#         308
  C:064FH         LINE#         310
  C:0651H         LINE#         311
  C:0653H         LINE#         312
  C:0654H         LINE#         313
  C:0656H         LINE#         315
  C:0658H         LINE#         316
  C:065AH         LINE#         319
  C:065CH         LINE#         320
  C:065EH         LINE#         321
  C:0660H         LINE#         322
  C:0662H         LINE#         323
  C:0664H         LINE#         324
  C:0666H         LINE#         325
  C:0668H         LINE#         326
  C:066AH         LINE#         327
  C:066CH         LINE#         328
  C:066EH         LINE#         329
  C:0670H         LINE#         331
  C:0672H         LINE#         332
  C:0674H         LINE#         334
  C:0677H         LINE#         335
  C:067AH         LINE#         336
  C:067CH         LINE#         337
  C:067FH         LINE#         338
BL51 BANKED LINKER/LOCATER V4.16a           12/21/2006  10:37:55  PAGE 16


  C:0681H         LINE#         339
  C:0684H         LINE#         340
  C:0686H         LINE#         341
  C:0689H         LINE#         348
  C:068BH         LINE#         350
  C:068DH         LINE#         351
  C:068EH         LINE#         352
  C:0691H         LINE#         353
  C:0694H         LINE#         354
  C:0697H         LINE#         357
  C:0699H         LINE#         358
  C:069BH         LINE#         359
  C:069CH         LINE#         360
  C:069FH         LINE#         361
  C:06A2H         LINE#         362
  C:06A5H         LINE#         364
  C:06A7H         LINE#         365
  C:06A9H         LINE#         366
  C:06AAH         LINE#         367
  C:06ACH         LINE#         368
  C:06ADH         LINE#         369
  C:06AFH         LINE#         370
  C:06B0H         LINE#         371
  C:06B2H         LINE#         372
  C:06B3H         LINE#         373
  C:06B5H         LINE#         374
  C:06B6H         LINE#         375
  C:06B8H         LINE#         376
  C:06B9H         LINE#         377
  C:06BBH         LINE#         378
  C:06BCH         LINE#         379
  C:06BEH         LINE#         380
  C:06BFH         LINE#         381
  C:06C1H         LINE#         382
  C:06C2H         LINE#         383
  C:06C4H         LINE#         384
  C:06C5H         LINE#         386
  C:06C8H         LINE#         387
  C:06CBH         LINE#         390
  C:06CDH         LINE#         391
  C:06CFH         LINE#         392
  C:06D2H         LINE#         393
  C:06D5H         LINE#         395
  C:06D7H         LINE#         396
  C:06DAH         LINE#         397
  C:06DDH         LINE#         398
  C:06DFH         LINE#         399
  C:06E1H         LINE#         400
  C:06E3H         LINE#         401
  C:06E4H         LINE#         402
  C:06E5H         LINE#         404
  C:06E7H         LINE#         405
  C:06E9H         LINE#         406
  C:06EBH         LINE#         407
  C:06EDH         LINE#         408
  C:06F0H         LINE#         410
  C:06F3H         LINE#         411
  C:06F5H         LINE#         412
  C:06F8H         LINE#         413
  C:06FAH         LINE#         414
  C:06FDH         LINE#         415
  C:06FFH         LINE#         417
  C:0701H         LINE#         418
  C:0702H         LINE#         419
  C:0705H         LINE#         420
BL51 BANKED LINKER/LOCATER V4.16a           12/21/2006  10:37:55  PAGE 17


  C:0707H         LINE#         421
  C:0709H         LINE#         422
  C:070AH         LINE#         424
  C:070BH         LINE#         425
  C:070DH         LINE#         426
  C:070FH         LINE#         429
  C:0712H         LINE#         430
  C:0715H         LINE#         431
  C:0717H         LINE#         432
  C:071AH         LINE#         433
  C:071CH         LINE#         438
  C:071EH         LINE#         439
  C:0721H         LINE#         440
  C:0724H         LINE#         443
  C:0727H         LINE#         444
  C:072AH         LINE#         445
  C:072DH         LINE#         446
  C:0730H         LINE#         447
  C:0732H         LINE#         449
  C:0734H         LINE#         450
  C:0736H         LINE#         451
  C:0737H         LINE#         452
  C:0738H         LINE#         453
  C:073AH         LINE#         457
  C:073CH         LINE#         458
  C:073DH         LINE#         459
  C:073FH         LINE#         460
  C:0740H         LINE#         461
  C:0741H         LINE#         462
  C:0743H         LINE#         463
  C:0744H         LINE#         464
  C:0745H         LINE#         465
  C:0746H         LINE#         466
  C:0748H         LINE#         467
  C:0749H         LINE#         468
  C:074BH         LINE#         469
  C:074CH         LINE#         470
  C:074DH         LINE#         471
  C:074FH         LINE#         472
  C:0750H         LINE#         473
  C:0752H         LINE#         474
  C:0754H         LINE#         476
  C:0756H         LINE#         477
  C:0757H         LINE#         478
  C:0758H         LINE#         479
  C:075AH         LINE#         480
  C:075BH         LINE#         481
  C:075DH         LINE#         482
  C:075FH         LINE#         484
  C:0761H         LINE#         485
  C:0762H         LINE#         486
  C:0763H         LINE#         487
  C:0765H         LINE#         488
  C:0766H         LINE#         489
  C:0768H         LINE#         490
  C:076AH         LINE#         492
  C:076DH         LINE#         493
  C:076EH         LINE#         494
  C:0770H         LINE#         495
  C:0771H         LINE#         496
  C:0772H         LINE#         497
  C:0774H         LINE#         498
  C:0776H         LINE#         499
  C:0778H         LINE#         501
  C:077AH         LINE#         502
BL51 BANKED LINKER/LOCATER V4.16a           12/21/2006  10:37:55  PAGE 18


  C:077BH         LINE#         503
  C:077CH         LINE#         504
  C:077EH         LINE#         505
  C:0780H         LINE#         510
  C:0782H         LINE#         511
  C:0784H         LINE#         512
  C:0787H         LINE#         514
  C:0789H         LINE#         515
  C:078CH         LINE#         516
  C:078EH         LINE#         517
  C:0791H         LINE#         518
  C:0793H         LINE#         519
  C:0796H         LINE#         520
  C:0798H         LINE#         521
  C:079AH         LINE#         522
  C:079CH         LINE#         523
  C:079FH         LINE#         525
  C:07A2H         LINE#         526
  C:07A5H         LINE#         527
  C:07A8H         LINE#         528
  C:07AAH         LINE#         529
  C:07ADH         LINE#         531
  C:07AFH         LINE#         532
  C:07B2H         LINE#         535
  C:07B4H         LINE#         536
  C:07B6H         LINE#         537
  C:07B8H         LINE#         538
  C:07B9H         LINE#         539
  C:07BCH         LINE#         545
  C:07BFH         LINE#         547
  C:07C1H         LINE#         548
  C:07C4H         LINE#         549
  C:07C6H         LINE#         550
  C:07C9H         LINE#         551
  C:07CBH         LINE#         552
  C:07CEH         LINE#         553
  C:07D0H         LINE#         554
  C:07D2H         LINE#         555
  C:07D4H         LINE#         556
  C:07D7H         LINE#         558
  C:07DAH         LINE#         559
  C:07DCH         LINE#         563
  C:07DFH         LINE#         564
  C:07E1H         LINE#         566
  C:07E4H         LINE#         567
  C:07E6H         LINE#         568
  C:07E9H         LINE#         569
  C:07EBH         LINE#         570
  C:07EEH         LINE#         571
  C:07F0H         LINE#         572
  C:07F2H         LINE#         574
  C:07F4H         LINE#         575
  C:07F6H         LINE#         576
  C:07F8H         LINE#         577
  C:07FBH         LINE#         578
  C:07FDH         LINE#         579
  C:0800H         LINE#         583
  C:0802H         LINE#         584
  C:0805H         LINE#         585
  C:0808H         LINE#         586
  C:080BH         LINE#         588
  C:080DH         LINE#         589
  C:0810H         LINE#         590
  C:0813H         LINE#         591
  C:0816H         LINE#         593
BL51 BANKED LINKER/LOCATER V4.16a           12/21/2006  10:37:55  PAGE 19


  C:0819H         LINE#         594
  C:081CH         LINE#         595
  C:081EH         LINE#         596
  C:0821H         LINE#         597
  C:0824H         LINE#         598
  C:0827H         LINE#         599
  C:082AH         LINE#         600
  C:082DH         LINE#         601
  C:0830H         LINE#         602
  C:0833H         LINE#         604
  C:0836H         LINE#         605
  C:0839H         LINE#         607
  C:083CH         LINE#         608
  C:083FH         LINE#         610
  C:0842H         LINE#         611
  C:0845H         LINE#         613
  C:0848H         LINE#         614
  C:084BH         LINE#         616
  C:084EH         LINE#         617
  C:0851H         LINE#         619
  C:0854H         LINE#         622
  C:0856H         LINE#         623
  C:0859H         LINE#         625
  C:085CH         LINE#         626
  C:085FH         LINE#         628
  C:0862H         LINE#         629
  C:0865H         LINE#         630
  C:0868H         LINE#         631
  C:086BH         LINE#         632
  C:086EH         LINE#         633
  C:0871H         LINE#         634
  C:0874H         LINE#         635
  C:0877H         LINE#         636
  C:087AH         LINE#         637
  C:087DH         LINE#         638
  C:0880H         LINE#         639
  C:0883H         LINE#         640
  C:0886H         LINE#         641
  C:0889H         LINE#         642
  C:088CH         LINE#         643
  C:088FH         LINE#         644
  C:0892H         LINE#         645
  C:0895H         LINE#         648
  C:0897H         LINE#         649
  C:0898H         LINE#         650
  C:0899H         LINE#         651
  C:089CH         LINE#         653
  C:089FH         LINE#         654
  C:08A1H         LINE#         655
  C:08A4H         LINE#         656
  C:08A6H         LINE#         657
  C:08A7H         LINE#         659
  C:08AAH         LINE#         660
  C:08ADH         LINE#         661
  C:08B0H         LINE#         662
  C:08B2H         LINE#         664
  C:08B5H         LINE#         665
  C:08B8H         LINE#         666
  C:08BAH         LINE#         668
  C:08BDH         LINE#         669
  C:08BEH         LINE#         670
  C:08C0H         LINE#         671
  C:08C2H         LINE#         672
  C:08C4H         LINE#         675
  C:08C7H         LINE#         682
BL51 BANKED LINKER/LOCATER V4.16a           12/21/2006  10:37:55  PAGE 20


  C:08C9H         LINE#         683
  C:08CCH         LINE#         687
  C:08CDH         LINE#         688
  C:08CFH         LINE#         689
  C:08D1H         LINE#         690
  C:08D2H         LINE#         691
  C:08D4H         LINE#         693
  C:08D6H         LINE#         694
  C:08D9H         LINE#         695
  C:08DBH         LINE#         699
  C:08DDH         LINE#         700
  C:08DEH         LINE#         701
  C:08E1H         LINE#         705
  C:08E4H         LINE#         706
  C:08E7H         LINE#         707
  C:08EAH         LINE#         708
  C:08ECH         LINE#         709
  C:08EFH         LINE#         710
  C:08F1H         LINE#         711
  C:08F4H         LINE#         712
  C:08F7H         LINE#         713
  C:08F9H         LINE#         714
  C:08FCH         LINE#         715
  C:08FEH         LINE#         717
  C:0900H         LINE#         719
  C:0901H         LINE#         720
  C:0903H         LINE#         721
  C:0905H         LINE#         722
  C:0906H         LINE#         723
  C:0908H         LINE#         726
  C:090AH         LINE#         727
  C:090DH         LINE#         728
  C:0910H         LINE#         729
  C:0913H         LINE#         731
  C:0916H         LINE#         732
  C:0919H         LINE#         733
  C:091BH         LINE#         734
  C:091EH         LINE#         735
  C:0920H         LINE#         736
  C:0923H         LINE#         737
  C:0926H         LINE#         738
  C:0928H         LINE#         739
  C:092BH         LINE#         740
  C:092EH         LINE#         742
  C:0930H         LINE#         743
  C:0931H         LINE#         744
  C:0933H         LINE#         745
  C:0935H         LINE#         746
  C:0937H         LINE#         747
  C:093AH         LINE#         748
  C:093CH         LINE#         749
  C:093FH         LINE#         750
  C:0941H         LINE#         752
  C:0943H         LINE#         753
  C:0946H         LINE#         755
  C:0948H         LINE#         756
  C:0949H         LINE#         757
  C:094BH         LINE#         758
  C:094DH         LINE#         760
  C:094FH         LINE#         761
  C:0951H         LINE#         762
  C:0954H         LINE#         768
  C:0956H         LINE#         769
  C:0959H         LINE#         770
  C:095CH         LINE#         771
BL51 BANKED LINKER/LOCATER V4.16a           12/21/2006  10:37:55  PAGE 21


  C:095EH         LINE#         772
  C:0961H         LINE#         774
  C:0964H         LINE#         775
  C:0966H         LINE#         776
  C:0967H         LINE#         778
  C:096AH         LINE#         780
  C:096CH         LINE#         781
  C:096FH         LINE#         782
  C:0972H         LINE#         784
  C:0975H         LINE#         785
  C:0977H         LINE#         786
  C:097AH         LINE#         791
  C:097DH         LINE#         792
  C:097EH         LINE#         793
  C:0980H         LINE#         794
  C:0981H         LINE#         795
  C:0984H         LINE#         796
  C:0987H         LINE#         797
  C:098AH         LINE#         799
  C:098CH         LINE#         800
  C:098FH         LINE#         801
  C:0992H         LINE#         802
  C:0995H         LINE#         804
  C:0998H         LINE#         806
  C:099BH         LINE#         807
  C:099DH         LINE#         808
  C:09A0H         LINE#         809
  C:09A3H         LINE#         810
  C:09A6H         LINE#         811
  C:09A9H         LINE#         812
  C:09ACH         LINE#         814
  C:09AFH         LINE#         815
  C:09B2H         LINE#         816
  C:09B5H         LINE#         818
  C:09B7H         LINE#         819
  C:09BAH         LINE#         820
  C:09BCH         LINE#         821
  C:09BFH         LINE#         823
  C:09C1H         LINE#         824
  C:09C4H         LINE#         825
  C:09C7H         LINE#         826
  C:09C9H         LINE#         827
  C:09CCH         LINE#         830
  C:09CEH         LINE#         831
  C:09D1H         LINE#         832
  C:09D4H         LINE#         843
  C:09D6H         LINE#         844
  C:09D8H         LINE#         847
  C:09D9H         LINE#         848
  C:09DBH         LINE#         849
  C:09DCH         LINE#         850
  C:09DFH         LINE#         851
  C:09E2H         LINE#         852
  C:09E5H         LINE#         853
  C:09E7H         LINE#         854
  C:09E9H         LINE#         855
  C:09ECH         LINE#         856
  C:09EEH         LINE#         858
  C:09EFH         LINE#         859
  C:09F2H         LINE#         860
  C:09F3H         LINE#         862
  C:09F6H         LINE#         864
  C:09F9H         LINE#         865
  C:09FBH         LINE#         866
  C:09FEH         LINE#         867
BL51 BANKED LINKER/LOCATER V4.16a           12/21/2006  10:37:55  PAGE 22


  C:0A00H         LINE#         868
  C:0A03H         LINE#         869
  C:0A05H         LINE#         872
  C:0A07H         LINE#         873
  C:0A0AH         LINE#         874
  C:0A0CH         LINE#         875
  C:0A0FH         LINE#         876
  C:0A12H         LINE#         877
  C:0A14H         LINE#         878
  C:0A17H         LINE#         879
  C:0A1AH         LINE#         880
  C:0A1CH         LINE#         881
  C:0A1FH         LINE#         882
  C:0A21H         LINE#         884
  C:0A24H         LINE#         885
  C:0A27H         LINE#         886
  C:0A29H         LINE#         887
  C:0A2CH         LINE#         889
  C:0A2FH         LINE#         890
  C:0A32H         LINE#         891
  C:0A34H         LINE#         892
  C:0A36H         LINE#         894
  C:0A37H         LINE#         896
  C:0A3AH         LINE#         897
  C:0A3BH         LINE#         899
  C:0A3EH         LINE#         902
  C:0A41H         LINE#         903
  C:0A43H         LINE#         904
  C:0A46H         LINE#         905
  C:0A48H         LINE#         906
  C:0A4BH         LINE#         907
  C:0A4DH         LINE#         908
  C:0A50H         LINE#         910
  C:0A51H         LINE#         911
  C:0A54H         LINE#         923
  C:0A56H         LINE#         924
  C:0A59H         LINE#         925
  C:0A5CH         LINE#         926
  C:0A5FH         LINE#         927
  C:0A62H         LINE#         929
  C:0A63H         LINE#         930
  C:0A66H         LINE#         931
  C:0A68H         LINE#         932
  C:0A6AH         LINE#         934
  C:0A6BH         LINE#         935
  C:0A6DH         LINE#         936
  C:0A6FH         LINE#         938
  C:0A72H         LINE#         940
  C:0A74H         LINE#         941
  C:0A76H         LINE#         942
  C:0A79H         LINE#         945
  C:0A7BH         LINE#         946
  C:0A7DH         LINE#         947
  C:0A7EH         LINE#         948
  C:0A80H         LINE#         949
  C:0A82H         LINE#         950
  C:0A84H         LINE#         951
  C:0A85H         LINE#         952
  C:0A87H         LINE#         953
  C:0A89H         LINE#         955
  C:0A8AH         LINE#         956
  C:0A8BH         LINE#         957
  C:0A8DH         LINE#         966
  C:0A90H         LINE#         967
  C:0A93H         LINE#         968
BL51 BANKED LINKER/LOCATER V4.16a           12/21/2006  10:37:55  PAGE 23


  C:0A96H         LINE#         971
  C:0A98H         LINE#         972
  C:0A9BH         LINE#         973
  C:0A9EH         LINE#         975
  C:0AA0H         LINE#         976
  C:0AA3H         LINE#         978
  C:0AA6H         LINE#         979
  C:0AA8H         LINE#         980
  C:0AABH         LINE#         983
  C:0AADH         LINE#         984
  C:0AAFH         LINE#         985
  C:0AB2H         LINE#         987
  C:0AB4H         LINE#         988
  C:0AB6H         LINE#         989
  C:0AB8H         LINE#         990
  C:0AB9H         LINE#         991
  C:0ABBH         LINE#         992
  C:0ABCH         LINE#         993
  C:0ABDH         LINE#         994
  C:0ABEH         LINE#         995
  C:0AC0H         LINE#         996
  C:0AC2H         LINE#         997
  C:0AC4H         LINE#         998
  C:0AC6H         LINE#         999
  C:0AC8H         LINE#         1000
  C:0ACBH         LINE#         1001
  C:0ACDH         LINE#         1002
  C:0ACFH         LINE#         1003
  C:0AD1H         LINE#         1004
  C:0AD2H         LINE#         1005
  C:0AD5H         LINE#         1006
  C:0AD7H         LINE#         1007
  C:0AD8H         LINE#         1008
  C:0ADAH         LINE#         1009
  C:0ADBH         LINE#         1010
  C:0ADDH         LINE#         1011
  C:0AE0H         LINE#         1012
  C:0AE2H         LINE#         1013
  C:0AE3H         LINE#         1014
  C:0AE5H         LINE#         1016
  C:0AE6H         LINE#         1017
  C:0AE8H         LINE#         1019
  C:0AEAH         LINE#         1020
  C:0AECH         LINE#         1022
  C:0AEEH         LINE#         1023
  C:0AEFH         LINE#         1024
  C:0AF0H         LINE#         1025
  C:0AF2H         LINE#         1026
  C:0AF3H         LINE#         1027
  C:0AF5H         LINE#         1028
  C:0AF6H         LINE#         1029
  C:0AF8H         LINE#         1032
  C:0AFAH         LINE#         1033
  C:0AFDH         LINE#         1037
  C:0AFFH         LINE#         1038
  C:0B00H         LINE#         1039
  C:0B03H         LINE#         1040
  C:0B05H         LINE#         1041
  C:0B06H         LINE#         1042
  C:0B08H         LINE#         1043
  C:0B0BH         LINE#         1044
  C:0B0DH         LINE#         1045
  C:0B0FH         LINE#         1046
  C:0B12H         LINE#         1047
  C:0B14H         LINE#         1048
BL51 BANKED LINKER/LOCATER V4.16a           12/21/2006  10:37:55  PAGE 24


  C:0B16H         LINE#         1049
  C:0B19H         LINE#         1050
  C:0B1BH         LINE#         1053
  C:0B1CH         LINE#         1054
  C:0B1FH         LINE#         1055
  C:0B21H         LINE#         1056
  C:0B22H         LINE#         1057
  C:0B23H         LINE#         1058
  C:0B26H         LINE#         1059
  C:0B28H         LINE#         1060
  C:0B29H         LINE#         1062
  C:0B2CH         LINE#         1063
  C:0B2EH         LINE#         1064
  C:0B31H         LINE#         1065
  C:0B33H         LINE#         1066
  C:0B35H         LINE#         1067
  C:0B38H         LINE#         1068
  C:0B3BH         LINE#         1070
  C:0B3DH         LINE#         1071
  C:0B3FH         LINE#         1072
  C:0B42H         LINE#         1075
  C:0B44H         LINE#         1077
  C:0B46H         LINE#         1078
  C:0B47H         LINE#         1079
  C:0B49H         LINE#         1080
  C:0B4AH         LINE#         1081
  C:0B4BH         LINE#         1082
  C:0B4DH         LINE#         1083
  C:0B4EH         LINE#         1084
  C:0B4FH         LINE#         1085
  C:0B50H         LINE#         1086
  C:0B52H         LINE#         1087
  C:0B53H         LINE#         1088
  C:0B55H         LINE#         1089
  C:0B56H         LINE#         1090
  C:0B57H         LINE#         1091
  C:0B59H         LINE#         1092
  C:0B5AH         LINE#         1093
  C:0B5BH         LINE#         1094
  C:0B5CH         LINE#         1095
  C:0B5EH         LINE#         1097
  C:0B60H         LINE#         1098
  C:0B61H         LINE#         1099
  C:0B62H         LINE#         1100
  C:0B64H         LINE#         1101
  C:0B65H         LINE#         1102
  C:0B66H         LINE#         1103
  C:0B67H         LINE#         1104
  C:0B69H         LINE#         1106
  C:0B6BH         LINE#         1107
  C:0B6CH         LINE#         1108
  C:0B6DH         LINE#         1109
  C:0B6FH         LINE#         1110
  C:0B70H         LINE#         1111
  C:0B71H         LINE#         1112
  C:0B72H         LINE#         1113
  C:0B74H         LINE#         1116
  C:0B75H         LINE#         1117
  C:0B77H         LINE#         1118
  C:0B78H         LINE#         1119
  C:0B79H         LINE#         1120
  C:0B7BH         LINE#         1121
  C:0B7CH         LINE#         1122
  C:0B7DH         LINE#         1123
  C:0B7EH         LINE#         1125
BL51 BANKED LINKER/LOCATER V4.16a           12/21/2006  10:37:55  PAGE 25


  C:0B80H         LINE#         1126
  C:0B81H         LINE#         1127
  C:0B82H         LINE#         1128
  C:0B84H         LINE#         1129
  C:0B85H         LINE#         1130
  C:0B86H         LINE#         1131
  C:0B87H         LINE#         1132
  C:0B88H         LINE#         1134
  C:0B8BH         LINE#         1135
  C:0B8CH         LINE#         1136
  C:0B8EH         LINE#         1137
  C:0B8FH         LINE#         1138
  C:0B90H         LINE#         1139
  C:0B92H         LINE#         1140
  C:0B94H         LINE#         1142
  C:0B96H         LINE#         1143
  C:0B97H         LINE#         1144
  C:0B98H         LINE#         1145
  C:0B9AH         LINE#         1146
  C:0B9BH         LINE#         1150
  C:0B9EH         LINE#         1151
  C:0BA1H         LINE#         1152
  C:0BA3H         LINE#         1153
  C:0BA6H         LINE#         1154
  C:0BA7H         LINE#         1155
  C:0BA9H         LINE#         1157
  C:0BAAH         LINE#         1158
  C:0BACH         LINE#         1161
  C:0BAEH         LINE#         1162
  C:0BB1H         LINE#         1163
  C:0BB4H         LINE#         1164
  C:0BB7H         LINE#         1165
  C:0BB9H         LINE#         1166
  C:0BBBH         LINE#         1168
  C:0BBDH         LINE#         1170
  C:0BBFH         LINE#         1171
  C:0BC1H         LINE#         1172
  C:0BC4H         LINE#         1174
  C:0BC6H         LINE#         1176
  C:0BC9H         LINE#         1178
  C:0BCBH         LINE#         1180
  C:0BCCH         LINE#         1181
  C:0BCEH         LINE#         1182
  C:0BD0H         LINE#         1183
  C:0BD1H         LINE#         1184
  C:0BD3H         LINE#         1185
  C:0BD6H         LINE#         1186
  C:0BD9H         LINE#         1187
  C:0BDBH         LINE#         1188
  C:0BDEH         LINE#         1191
  C:0BE0H         LINE#         1193
  C:0BE1H         LINE#         1194
  C:0BE3H         LINE#         1197
  C:0BE6H         LINE#         1198
  C:0BE8H         LINE#         1199
  C:0BEBH         LINE#         1201
  C:0BEEH         LINE#         1202
  C:0BF0H         LINE#         1203
  C:0BF3H         LINE#         1204
  C:0BF5H         LINE#         1205
  C:0BF8H         LINE#         1211
  C:0BFAH         LINE#         1212
  C:0BFDH         LINE#         1224
  C:0C00H         LINE#         1225
  C:0C03H         LINE#         1226
BL51 BANKED LINKER/LOCATER V4.16a           12/21/2006  10:37:55  PAGE 26


  C:0C05H         LINE#         1228
  C:0C08H         LINE#         1230
  C:0C0AH         LINE#         1231
  C:0C0DH         LINE#         1241
  C:0C10H         LINE#         1242
  C:0C12H         LINE#         1243
  C:0C15H         LINE#         1254
  C:0C18H         LINE#         1255
  C:0C1AH         LINE#         1256
  C:0C1BH         LINE#         1257
  C:0C1EH         LINE#         1259
  C:0C21H         LINE#         1260
  C:0C23H         LINE#         1261
  C:0C25H         LINE#         1262
  C:0C27H         LINE#         1263
  C:0C28H         LINE#         1264
  C:0C2AH         LINE#         1265
  C:0C2DH         LINE#         1266
  C:0C30H         LINE#         1276
  C:0C32H         LINE#         1277
  C:0C35H         LINE#         1278
  C:0C38H         LINE#         1279
  C:0C39H         LINE#         1280
  C:0C3AH         LINE#         1281
  C:0C3DH         LINE#         1282
  C:0C3EH         LINE#         1283
  C:0C41H         LINE#         1285
  C:0C44H         LINE#         1290
  C:0C46H         LINE#         1291
  C:0C47H         LINE#         1292
  C:0C49H         LINE#         1293
  C:0C4AH         LINE#         1294
  C:0C4CH         LINE#         1295
  C:0C4DH         LINE#         1296
  C:0C4FH         LINE#         1297
  C:0C50H         LINE#         1299
  C:0C53H         LINE#         1300
  C:0C55H         LINE#         1301
  C:0C58H         LINE#         1302
  C:0C5AH         LINE#         1303
  C:0C5DH         LINE#         1304
  C:0C60H         LINE#         1305
  C:0C63H         LINE#         1306
  C:0C66H         LINE#         1307
  C:0C69H         LINE#         1308
  C:0C6CH         LINE#         1309
  C:0C6DH         LINE#         1310
  C:0C6FH         LINE#         1311
  C:0C70H         LINE#         1312
  C:0C72H         LINE#         1313
  C:0C75H         LINE#         1316
  C:0C77H         LINE#         1317
  C:0C79H         LINE#         1318
  C:0C7BH         LINE#         1319
  C:0C7DH         LINE#         1320
  C:0C7EH         LINE#         1321
  C:0C81H         LINE#         1323
  C:0C84H         LINE#         1328
  C:0C86H         LINE#         1329
  C:0C87H         LINE#         1330
  C:0C89H         LINE#         1331
  C:0C8AH         LINE#         1332
  C:0C8CH         LINE#         1333
  C:0C8DH         LINE#         1334
  C:0C8FH         LINE#         1335
BL51 BANKED LINKER/LOCATER V4.16a           12/21/2006  10:37:55  PAGE 27


  C:0C90H         LINE#         1337
  C:0C93H         LINE#         1338
  C:0C95H         LINE#         1339
  C:0C98H         LINE#         1340
  C:0C9AH         LINE#         1341
  C:0C9DH         LINE#         1342
  C:0CA0H         LINE#         1343
  C:0CA3H         LINE#         1344
  C:0CA6H         LINE#         1345
  C:0CA9H         LINE#         1346
  C:0CACH         LINE#         1347
  C:0CADH         LINE#         1348
  C:0CAFH         LINE#         1349
  C:0CB0H         LINE#         1350
  C:0CB2H         LINE#         1351
  C:0CB5H         LINE#         1354
  C:0CB7H         LINE#         1355
  C:0CB9H         LINE#         1356
  C:0CBBH         LINE#         1357
  C:0CBCH         LINE#         1358
  C:0CBDH         LINE#         1360
  C:0CBFH         LINE#         1361
  C:0CC1H         LINE#         1362
  C:0CC3H         LINE#         1363
  C:0CC5H         LINE#         1364
  C:0CC6H         LINE#         1365
  C:0CC9H         LINE#         1367
  C:0CCCH         LINE#         1368
  C:0CCEH         LINE#         1369
  C:0CD0H         LINE#         1370
  C:0CD2H         LINE#         1371
  C:0CD3H         LINE#         1372
  C:0CD5H         LINE#         1373
  C:0CD8H         LINE#         1374
  C:0CD9H         LINE#         1375
  C:0CDCH         LINE#         1379
  C:0CDDH         LINE#         1380
  C:0CDEH         LINE#         1381
  C:0CDFH         LINE#         1382
  C:0CE0H         LINE#         1383
  C:0CE1H         LINE#         1384
  C:0CE3H         LINE#         1385
  C:0CE5H         LINE#         1386
  C:0CE8H         LINE#         1387
  C:0CEBH         LINE#         1388
  C:0CEEH         LINE#         1389
  C:0CEFH         LINE#         1390
  C:0CF0H         LINE#         1391
  C:0CF1H         LINE#         1392
  C:0CF2H         LINE#         1393
  C:0CF3H         LINE#         1394
  C:0CF4H         LINE#         1399
  C:0CF7H         LINE#         1400
  C:0CFAH         LINE#         1401
  C:0CFCH         LINE#         1402
  C:0CFEH         LINE#         1403
  C:0D00H         LINE#         1404
  C:0D01H         LINE#         1405
  C:0D03H         LINE#         1406
  C:0D06H         LINE#         1407
  C:0D08H         LINE#         1408
  C:0D0BH         LINE#         1409
  C:0D0CH         LINE#         1410
  C:0D0EH         LINE#         1411
  C:0D11H         LINE#         1412
BL51 BANKED LINKER/LOCATER V4.16a           12/21/2006  10:37:55  PAGE 28


  C:0D12H         LINE#         1415
  C:0D14H         LINE#         1416
  C:0D16H         LINE#         1417
  C:0D17H         LINE#         1418
  C:0D19H         LINE#         1419
  C:0D1CH         LINE#         1421
  C:0D1EH         LINE#         1422
  C:0D21H         LINE#         1423
  C:0D23H         LINE#         1424
  C:0D25H         LINE#         1425
  C:0D26H         LINE#         1427
  C:0D28H         LINE#         1428
  C:0D2AH         LINE#         1429
  C:0D2DH         LINE#         1430
  C:0D2FH         LINE#         1431
  C:0D31H         LINE#         1432
  C:0D32H         LINE#         1433
  C:0D35H         LINE#         1434
  C:0D37H         LINE#         1435
  C:0D38H         LINE#         1437
  C:0D3AH         LINE#         1438
  C:0D3CH         LINE#         1439
  C:0D3DH         LINE#         1441
  C:0D3FH         LINE#         1442
  C:0D41H         LINE#         1443
  C:0D42H         LINE#         1446
  C:0D43H         LINE#         1448
  C:0D45H         LINE#         1449
  C:0D47H         LINE#         1450
  C:0D49H         LINE#         1451
  C:0D4CH         LINE#         1452
  C:0D4EH         LINE#         1453
  C:0D51H         LINE#         1454
  C:0D52H         LINE#         1457
  C:0D53H         LINE#         1458
  C:0D55H         LINE#         1459
  C:0D57H         LINE#         1460
  C:0D59H         LINE#         1461
  C:0D5CH         LINE#         1462
  C:0D5EH         LINE#         1463
  C:0D60H         LINE#         1464
  C:0D62H         LINE#         1465
  C:0D63H         LINE#         1468
  C:0D66H         LINE#         1469
  C:0D69H         LINE#         1470
  C:0D6AH         LINE#         1480
  C:0D6CH         LINE#         1481
  C:0D6DH         LINE#         1482
  C:0D6FH         LINE#         1483
  C:0D71H         LINE#         1484
  C:0D72H         LINE#         1485
  C:0D73H         LINE#         1486
  C:0D74H         LINE#         1487
  C:0D75H         LINE#         1488
  C:0D76H         LINE#         1489
  C:0D78H         LINE#         1490
  C:0D7AH         LINE#         1492
  C:0D7BH         LINE#         1493
  C:0D7DH         LINE#         1494
  C:0D7EH         LINE#         1496
  C:0D7FH         LINE#         1497
  C:0D80H         LINE#         1498
  C:0D81H         LINE#         1499
  C:0D82H         LINE#         1500
  C:0D83H         LINE#         1501
BL51 BANKED LINKER/LOCATER V4.16a           12/21/2006  10:37:55  PAGE 29


  C:0D84H         LINE#         1502
  C:0D85H         LINE#         1503
  C:0D86H         LINE#         1504
  C:0D87H         LINE#         1505
  C:0D88H         LINE#         1506
  C:0D89H         LINE#         1507
  C:0D8AH         LINE#         1510
  C:0D8BH         LINE#         1511
  C:0D8CH         LINE#         1512
  C:0D8DH         LINE#         1513
  C:0D8EH         LINE#         1514
  C:0D8FH         LINE#         1515
  C:0D90H         LINE#         1516
  C:0D91H         LINE#         1517
  C:0D92H         LINE#         1518
  C:0D93H         LINE#         1519
  C:0D94H         LINE#         1520
  C:0D95H         LINE#         1521
  C:0D96H         LINE#         1522
  C:0D98H         LINE#         1523
  C:0D9BH         LINE#         1524
  C:0D9DH         LINE#         1525
  C:0D9EH         LINE#         1526
  C:0D9FH         LINE#         1527
  C:0DA1H         LINE#         1528
  C:0DA3H         LINE#         1529
  C:0DA5H         LINE#         1530
  C:0DA6H         LINE#         1536
  C:0DA8H         LINE#         1537
  C:0DA9H         LINE#         1538
  C:0DAAH         LINE#         1539
  C:0DABH         LINE#         1540
  C:0DACH         LINE#         1541
  C:0DAEH         LINE#         1542
  C:0DAFH         LINE#         1545
  C:0DB2H         LINE#         1546
  C:0DB5H         LINE#         1547
  C:0DB8H         LINE#         1548
  C:0DB9H         LINE#         1550
  C:0DBCH         LINE#         1551
  C:0DBFH         LINE#         1552
  C:0DC2H         LINE#         1553
  C:0DC3H         LINE#         1555
  C:0DC4H         LINE#         1556
  C:0DC5H         LINE#         1557
  C:0DC7H         LINE#         1558
  C:0DC9H         LINE#         1559
  C:0DCCH         LINE#         1560
  C:0DCDH         LINE#         1561
  C:0DCFH         LINE#         1562
  C:0DD0H         LINE#         1564
  C:0DD3H         LINE#         1565
  C:0DD6H         LINE#         1566
  C:0DD7H         LINE#         1569
  C:0DD8H         LINE#         1570
  C:0DD9H         LINE#         1571
  C:0DDBH         LINE#         1572
  C:0DDCH         LINE#         1573
  C:0DDDH         LINE#         1574
  C:0DDEH         LINE#         1575
  C:0DE0H         LINE#         1576
  C:0DE1H         LINE#         1577
  C:0DE2H         LINE#         1578
  C:0DE3H         LINE#         1579
  C:0DE5H         LINE#         1580
BL51 BANKED LINKER/LOCATER V4.16a           12/21/2006  10:37:55  PAGE 30


  C:0DE6H         LINE#         1581
  C:0DE7H         LINE#         1582
  C:0DE8H         LINE#         1583
  C:0DEAH         LINE#         1584
  C:0DEBH         LINE#         1585
  C:0DECH         LINE#         1587
  C:0DEFH         LINE#         1588
  C:0DF2H         LINE#         1589
  C:0DF4H         LINE#         1590
  C:0DF7H         LINE#         1591
  C:0DF9H         LINE#         1592
  C:0DFAH         LINE#         1597
  C:0DFBH         LINE#         1598
  C:0DFDH         LINE#         1599
  C:0DFEH         LINE#         1600
  C:0DFFH         LINE#         1601
  C:0E01H         LINE#         1602
  C:0E02H         LINE#         1603
  C:0E03H         LINE#         1604
  C:0E05H         LINE#         1605
  C:0E06H         LINE#         1606
  C:0E07H         LINE#         1607
  C:0E09H         LINE#         1608
  C:0E0AH         LINE#         1619
  C:0E0BH         LINE#         1620
  C:0E0CH         LINE#         1621
  C:0E0DH         LINE#         1622
  C:0E0FH         LINE#         1623
  C:0E11H         LINE#         1624
  C:0E12H         LINE#         1625
  C:0E14H         LINE#         1626
  C:0E16H         LINE#         1627
  C:0E17H         LINE#         1628
  C:0E18H         LINE#         1629
  C:0E19H         LINE#         1630
  C:0E1AH         LINE#         1631
  C:0E1BH         LINE#         1632
  C:0E1CH         LINE#         1633
  C:0E1DH         LINE#         1634
  C:0E1EH         LINE#         1635
  C:0E20H         LINE#         1636
  C:0E21H         LINE#         1637
  C:0E22H         LINE#         1638
  C:0E23H         LINE#         1639
  C:0E24H         LINE#         1640
  C:0E25H         LINE#         1641
  C:0E26H         LINE#         1642
  C:0E28H         LINE#         1643
  C:0E29H         LINE#         1644
  C:0E2BH         LINE#         1645
  C:0E2DH         LINE#         1646
  C:0E2EH         LINE#         1647
  C:0E2FH         LINE#         1648
  C:0E30H         LINE#         1650
  C:0E32H         LINE#         1651
  C:0E35H         LINE#         1652
  C:0E38H         LINE#         1653
  C:0E3BH         LINE#         1654
  C:0E3CH         LINE#         1658
  C:0E3DH         LINE#         1659
  C:0E3EH         LINE#         1660
  C:0E3FH         LINE#         1661
  C:0E40H         LINE#         1662
  C:0E41H         LINE#         1663
  C:0E42H         LINE#         1664
BL51 BANKED LINKER/LOCATER V4.16a           12/21/2006  10:37:55  PAGE 31


  C:0E43H         LINE#         1665
  C:0E44H         LINE#         1666
  C:0E45H         LINE#         1667
  C:0E46H         LINE#         1668
  C:0E47H         LINE#         1669
  C:0E48H         LINE#         1672
  C:0E4AH         LINE#         1673
  C:0E4CH         LINE#         1674
  C:0E4DH         LINE#         1678
  C:0E4FH         LINE#         1679
  C:0E50H         LINE#         1680
  C:0E52H         LINE#         1681
  C:0E53H         LINE#         1682
  C:0E54H         LINE#         1683
  C:0E56H         LINE#         1684
  C:0E59H         LINE#         1685
  C:0E5BH         LINE#         1686
  C:0E5EH         LINE#         1687
  C:0E60H         LINE#         1688
  C:0E62H         LINE#         1689
  C:0E63H         LINE#         1693
  C:0E65H         LINE#         1694
  C:0E67H         LINE#         1695
  C:0E6AH         LINE#         1696
  C:0E6CH         LINE#         1697
  C:0E6DH         LINE#         1698
  C:0E6FH         LINE#         1699
  C:0E72H         LINE#         1700
  C:0E74H         LINE#         1701
  C:0E75H         LINE#         1707
  C:0E76H         LINE#         1708
  C:0E77H         LINE#         1709
  C:0E78H         LINE#         1710
  C:0E79H         LINE#         1711
  C:0E7AH         LINE#         1712
  C:0E7CH         LINE#         1713
  C:0E7EH         LINE#         1714
  C:0E81H         LINE#         1715
  C:0E84H         LINE#         1716
  C:0E87H         LINE#         1717
  C:0E88H         LINE#         1725
  C:0E8BH         LINE#         1726
  C:0E8EH         LINE#         1727
  C:0E91H         LINE#         1728
  C:0E94H         LINE#         1729
  C:0E97H         LINE#         1731
  C:0E99H         LINE#         1732
  C:0E9BH         LINE#         1733
  C:0E9DH         LINE#         1734
  C:0E9FH         LINE#         1735
  C:0EA1H         LINE#         1736
  C:0EA3H         LINE#         1737
  C:0EA5H         LINE#         1738
  C:0EA7H         LINE#         1739
  C:0EA9H         LINE#         1740
  C:0EABH         LINE#         1741
  C:0EADH         LINE#         1742
  C:0EB0H         LINE#         1744
  C:0EB3H         LINE#         1747
  C:0EB5H         LINE#         1748
  C:0EB7H         LINE#         1749
  C:0EB8H         LINE#         1750
  C:0EB9H         LINE#         1751
  C:0EBBH         LINE#         1753
  C:0EBDH         LINE#         1754
BL51 BANKED LINKER/LOCATER V4.16a           12/21/2006  10:37:55  PAGE 32


  C:0EC0H         LINE#         1755
  C:0EC2H         LINE#         1756
  C:0EC4H         LINE#         1757
  C:0EC6H         LINE#         1758
  C:0EC8H         LINE#         1759
  C:0ECBH         LINE#         1760
  C:0ECEH         LINE#         1761
  C:0ED1H         LINE#         1762
  C:0ED3H         LINE#         1763
  C:0ED6H         LINE#         1764
  C:0ED9H         LINE#         1765
  C:0EDBH         LINE#         1766
  C:0EDEH         LINE#         1767
  C:0EE1H         LINE#         1768
  C:0EE3H         LINE#         1769
  C:0EE6H         LINE#         1770
  C:0EE9H         LINE#         1771
  C:0EEBH         LINE#         1772
  C:0EEEH         LINE#         1773
  C:0EF1H         LINE#         1774
  C:0EF3H         LINE#         1775
  C:0EF6H         LINE#         1776
  C:0EF9H         LINE#         1777
  C:0EFBH         LINE#         1778
  C:0EFEH         LINE#         1779
  C:0F01H         LINE#         1781
  C:0F04H         LINE#         1782
  C:0F06H         LINE#         1783
  C:0F09H         LINE#         1784
  C:0F0BH         LINE#         1785
  C:0F0EH         LINE#         1787
  C:0F10H         LINE#         1788
  C:0F13H         LINE#         1790
  C:0F15H         LINE#         1792
  C:0F16H         LINE#         1793
  C:0F19H         LINE#         1795
  C:0F1CH         LINE#         1796
  C:0F1EH         LINE#         1802
  C:0F20H         LINE#         1804
  C:0F21H         LINE#         1805
  C:0F24H         LINE#         1806
  C:0F26H         LINE#         1807
  C:0F28H         LINE#         1808
  C:0F2BH         LINE#         1809
  C:0F2DH         LINE#         1810
  C:0F30H         LINE#         1811
  C:0F32H         LINE#         1812
  C:0F35H         LINE#         1813
  C:0F38H         LINE#         1814
  C:0F3AH         LINE#         1816
  C:0F3DH         LINE#         1817
  C:0F3FH         LINE#         1818
  C:0F41H         LINE#         1820
  C:0F43H         LINE#         1821
  C:0F45H         LINE#         1823
  C:0F48H         LINE#         1824
  C:0F4BH         LINE#         1826
  C:0F4DH         LINE#         1828
  C:0F4FH         LINE#         1829
  C:0F51H         LINE#         1830
  C:0F53H         LINE#         1831
  C:0F55H         LINE#         1833
  C:0F58H         LINE#         1834
  C:0F5AH         LINE#         1835
  C:0F5BH         LINE#         1836
BL51 BANKED LINKER/LOCATER V4.16a           12/21/2006  10:37:55  PAGE 33


  C:0F5DH         LINE#         1837
  C:0F5EH         LINE#         1838
  C:0F60H         LINE#         1840
  C:0F62H         LINE#         1841
  C:0F64H         LINE#         1842
  C:0F66H         LINE#         1843
[...]
  C:12D7H         LINE#         2320
  C:12DAH         LINE#         2322
  C:12DDH         LINE#         2331
  C:12DFH         LINE#         2332
  C:12E2H         LINE#         2333
  C:12E5H         LINE#         2334
  C:12E8H         LINE#         2335
  C:12EBH         LINE#         2336
  C:12EDH         LINE#         2337
  C:12F0H         LINE#         2338
  C:12F3H         LINE#         2339
  C:12F6H         LINE#         2340
  C:12F9H         LINE#         2341
BL51 BANKED LINKER/LOCATER V4.16a           12/21/2006  10:37:55  PAGE 39


  C:12FBH         LINE#         2342
  C:12FEH         LINE#         2343
  C:1300H         LINE#         2344
  C:1303H         LINE#         2345
  C:1305H         LINE#         2346
  C:1308H         LINE#         2348
  C:130AH         LINE#         2350
  C:130DH         LINE#         2351
  C:1310H         LINE#         2352
  C:1313H         LINE#         2353
  C:1315H         LINE#         2354
  C:1317H         LINE#         2355
  C:131AH         LINE#         2357
  C:131DH         LINE#         2358
  C:1320H         LINE#         2359
  C:1323H         LINE#         2360
  C:1325H         LINE#         2361
  C:1327H         LINE#         2363
  C:132AH         LINE#         2364
  C:132DH         LINE#         2365
  C:1330H         LINE#         2366
  C:1332H         LINE#         2367
  C:1334H         LINE#         2369
  C:1336H         LINE#         2370
  C:1338H         LINE#         2371
  C:133AH         LINE#         2372
  C:133CH         LINE#         2373
  C:133FH         LINE#         2376
  C:1342H         LINE#         2377
  C:1345H         LINE#         2378
  C:1348H         LINE#         2379
  C:134AH         LINE#         2380
  C:134CH         LINE#         2382
  C:134EH         LINE#         2383
  C:134FH         LINE#         2385
  C:1352H         LINE#         2386
  C:1354H         LINE#         2387
  C:1356H         LINE#         2388
  C:1358H         LINE#         2389
  C:135BH         LINE#         2390
  C:135EH         LINE#         2391
  C:1361H         LINE#         2393
  C:1364H         LINE#         2398
  C:1366H         LINE#         2399
  C:1367H         LINE#         2400
  C:136AH         LINE#         2401
  C:136BH         LINE#         2402
  C:136DH         LINE#         2403
  C:1370H         LINE#         2405
  C:1379H         LINE#         2412
  C:137CH         LINE#         2413
  C:137FH         LINE#         2414
  C:1382H         LINE#         2415
  C:1384H         LINE#         2416
  C:1385H         LINE#         2417
  C:1387H         LINE#         2418
  C:1388H         LINE#         2419
  C:138AH         LINE#         2422
  C:138CH         LINE#         2423
  C:138FH         LINE#         2424
  C:1391H         LINE#         2425
  C:1392H         LINE#         2426
  C:1393H         LINE#         2427
  C:1394H         LINE#         2428
  C:1397H         LINE#         2430
BL51 BANKED LINKER/LOCATER V4.16a           12/21/2006  10:37:55  PAGE 40


  C:139AH         LINE#         2431
  C:139DH         LINE#         2432
  C:139FH         LINE#         2433
  C:13A1H         LINE#         2434
  C:13A2H         LINE#         2435
  C:13A4H         LINE#         2436
  C:13A6H         LINE#         2437
  C:13A8H         LINE#         2438
  C:13A9H         LINE#         2439
  C:13ABH         LINE#         2440
  C:13ADH         LINE#         2441
  C:13B0H         LINE#         2443
  C:13B3H         LINE#         2444
  C:13B5H         LINE#         2445
  C:13B8H         LINE#         2447
  C:13BAH         LINE#         2448
  C:13BBH         LINE#         2449
  C:13BDH         LINE#         2450
  C:13BEH         LINE#         2451
  C:13C0H         LINE#         2452
  C:13C3H         LINE#         2453
  C:13C5H         LINE#         2454
  C:13C6H         LINE#         2455
  C:13C8H         LINE#         2456
  C:13C9H         LINE#         2457
  C:13CBH         LINE#         2460
  C:13CDH         LINE#         2461
  C:13D0H         LINE#         2462
  C:13D3H         LINE#         2463
  C:13D5H         LINE#         2464
  C:13D7H         LINE#         2465
  C:13D9H         LINE#         2466
  C:13DBH         LINE#         2467
  C:13DDH         LINE#         2468
  C:13DEH         LINE#         2469
  C:13E0H         LINE#         2470
  C:13E3H         LINE#         2472
  C:13E6H         LINE#         2495
  C:13E9H         LINE#         2496
  C:13EBH         LINE#         2497
  C:13EEH         LINE#         2498
  C:13F1H         LINE#         2499
  C:13F3H         LINE#         2500
  C:13F6H         LINE#         2501
  C:13F9H         LINE#         2502
  C:13FBH         LINE#         2503
  C:13FEH         LINE#         2504
  C:1401H         LINE#         2505
  C:1404H         LINE#         2507
  C:1407H         LINE#         2510
  C:140AH         LINE#         2511
  C:140CH         LINE#         2512
  C:140FH         LINE#         2513
  C:1412H         LINE#         2514
  C:1415H         LINE#         2515
  C:1417H         LINE#         2516
  C:141AH         LINE#         2517
  C:141DH         LINE#         2518
  C:1420H         LINE#         2519
  C:1423H         LINE#         2520
  C:1425H         LINE#         2521
  C:1428H         LINE#         2522
  C:142AH         LINE#         2525
  C:142DH         LINE#         2526
  C:1430H         LINE#         2527
BL51 BANKED LINKER/LOCATER V4.16a           12/21/2006  10:37:55  PAGE 41


  C:1433H         LINE#         2528
  C:1436H         LINE#         2529
  C:1438H         LINE#         2530
  C:143BH         LINE#         2531
  C:143EH         LINE#         2532
  C:1441H         LINE#         2534
  C:1444H         LINE#         2535
  C:1446H         LINE#         2537
  C:1449H         LINE#         2539
  C:144CH         LINE#         2540
  C:144FH         LINE#         2541
  C:1452H         LINE#         2542
  C:1455H         LINE#         2543
  C:1458H         LINE#         2545
  C:145AH         LINE#         2546
  C:145CH         LINE#         2547
  C:145FH         LINE#         2549
  C:1462H         LINE#         2550
  C:1465H         LINE#         2551
  C:1468H         LINE#         2553
  C:146AH         LINE#         2554
  C:146CH         LINE#         2555
  C:146FH         LINE#         2557
  C:1471H         LINE#         2558
  C:1473H         LINE#         2560
  C:1475H         LINE#         2561
  C:1477H         LINE#         2563
  C:147AH         LINE#         2565
  C:147DH         LINE#         2566
  C:147FH         LINE#         2567
  C:1482H         LINE#         2568
  C:1485H         LINE#         2569
  C:1487H         LINE#         2570
  C:1489H         LINE#         2573
  C:148BH         LINE#         2574
  C:148DH         LINE#         2576
  C:1490H         LINE#         2577
  C:1493H         LINE#         2578
  C:1495H         LINE#         2579
  C:1498H         LINE#         2580
  C:149AH         LINE#         2581
  C:149DH         LINE#         2582
  C:14A0H         LINE#         2583
  C:14A3H         LINE#         2585
  C:14A6H         LINE#         2586
  C:14A8H         LINE#         2587
  C:14ABH         LINE#         2588
  C:14AEH         LINE#         2589
  C:14B0H         LINE#         2590
  C:14B2H         LINE#         2591
  C:14B5H         LINE#         2592
  C:14B8H         LINE#         2593
  C:14BBH         LINE#         2594
  C:14BDH         LINE#         2595
  C:14BFH         LINE#         2599
  C:14C2H         LINE#         2601
  C:14C5H         LINE#         2602
  C:14C8H         LINE#         2603
  C:14CBH         LINE#         2604
  C:14CEH         LINE#         2605
  C:14D1H         LINE#         2607
  C:14D3H         LINE#         2609
  C:14D5H         LINE#         2610
  C:14D7H         LINE#         2611
  C:14DAH         LINE#         2612
BL51 BANKED LINKER/LOCATER V4.16a           12/21/2006  10:37:55  PAGE 42


  C:14DDH         LINE#         2613
  C:14DFH         LINE#         2614
  C:14E1H         LINE#         2615
  C:14E4H         LINE#         2618
  C:14E6H         LINE#         2619
  C:14E8H         LINE#         2620
  C:14E9H         LINE#         2621
  C:14ECH         LINE#         2622
  C:14EFH         LINE#         2623
  C:14F1H         LINE#         2624
  C:14F3H         LINE#         2625
  C:14F6H         LINE#         2626
  C:14F9H         LINE#         2627
  C:14FCH         LINE#         2629
  C:14FFH         LINE#         2630
  C:1502H         LINE#         2631
  C:1505H         LINE#         2633
  C:1507H         LINE#         2634
  C:1509H         LINE#         2635
  C:150AH         LINE#         2636
  C:150BH         LINE#         2637
  C:150DH         LINE#         2638
  C:150FH         LINE#         2639
  C:1510H         LINE#         2640
  C:1513H         LINE#         2641
  C:1516H         LINE#         2642
  C:1519H         LINE#         2644
  C:151CH         LINE#         2645
  C:151FH         LINE#         2646
  C:1521H         LINE#         2648
  C:1523H         LINE#         2649
  C:1525H         LINE#         2650
  C:1528H         LINE#         2651
  C:152BH         LINE#         2652
  C:152DH         LINE#         2653
  C:152FH         LINE#         2654
  C:1532H         LINE#         2655
  C:1535H         LINE#         2656
  C:1538H         LINE#         2658
  C:153BH         LINE#         2659
  C:153EH         LINE#         2660
  C:1540H         LINE#         2661
  C:1542H         LINE#         2662
  C:1545H         LINE#         2663
  C:1548H         LINE#         2664
  C:154BH         LINE#         2667
  C:154EH         LINE#         2668
  C:1551H         LINE#         2669
  C:1554H         LINE#         2670
  C:1557H         LINE#         2671
  C:155AH         LINE#         2673
  C:155CH         LINE#         2674
  C:155EH         LINE#         2675
  C:1560H         LINE#         2676
  C:1563H         LINE#         2677
  C:1566H         LINE#         2678
  C:1568H         LINE#         2679
  C:156AH         LINE#         2680
  C:156DH         LINE#         2681
  C:1570H         LINE#         2682
  C:1573H         LINE#         2683
  C:1576H         LINE#         2685
  C:1579H         LINE#         2686
  C:157CH         LINE#         2687
  C:157FH         LINE#         2688
BL51 BANKED LINKER/LOCATER V4.16a           12/21/2006  10:37:55  PAGE 43


  C:1582H         LINE#         2689
  C:1585H         LINE#         2690
  C:1587H         LINE#         2692
  C:1589H         LINE#         2693
  C:158BH         LINE#         2695
  C:158EH         LINE#         2699
  C:1591H         LINE#         2700
  C:1593H         LINE#         2701
  C:1596H         LINE#         2703
  C:1599H         LINE#         2704
  C:159CH         LINE#         2705
  C:159EH         LINE#         2706
  C:15A1H         LINE#         2707
  C:15A3H         LINE#         2708
  C:15A6H         LINE#         2709
  C:15A8H         LINE#         2710
  C:15ABH         LINE#         2712
  C:15ACH         LINE#         2713
  C:15AEH         LINE#         2714
  C:15B1H         LINE#         2715
  C:15B2H         LINE#         2717
  C:15B5H         LINE#         2718
  C:15B7H         LINE#         2719
  C:15BAH         LINE#         2720
  C:15BCH         LINE#         2721
  C:15BDH         LINE#         2722
  C:15C0H         LINE#         2723
  C:15C2H         LINE#         2726
  C:15C5H         LINE#         2727
  C:15C7H         LINE#         2728
  C:15C9H         LINE#         2729
  C:15CCH         LINE#         2730
  C:15CFH         LINE#         2731
  C:15D2H         LINE#         2732
  C:15D4H         LINE#         2733
  C:15D7H         LINE#         2736
  C:15DAH         LINE#         2737
  C:15DDH         LINE#         2739
  C:15E0H         LINE#         2743
  C:15E3H         LINE#         2744
  C:15E5H         LINE#         2745
  C:15E7H         LINE#         2746
  C:15EAH         LINE#         2747
  C:15EDH         LINE#         2748
  C:15F0H         LINE#         2749
  C:15F2H         LINE#         2750
  C:15F5H         LINE#         2752
  C:15F7H         LINE#         2753
  C:15F9H         LINE#         2754
  C:15FBH         LINE#         2755
  C:15FDH         LINE#         2756
  C:1600H         LINE#         2760
  C:1602H         LINE#         2761
  C:1604H         LINE#         2762
  C:1606H         LINE#         2763
  C:1608H         LINE#         2764
  C:160AH         LINE#         2765
  C:160CH         LINE#         2766
  C:160EH         LINE#         2767
  C:1610H         LINE#         2768
  C:1612H         LINE#         2769
  C:1614H         LINE#         2770
  C:1616H         LINE#         2771
  C:1618H         LINE#         2772
  C:161AH         LINE#         2773
BL51 BANKED LINKER/LOCATER V4.16a           12/21/2006  10:37:55  PAGE 44


  C:161DH         LINE#         2774
  C:1620H         LINE#         2775
  C:1621H         LINE#         2777
  C:1623H         LINE#         2778
  C:1624H         LINE#         2779
  C:1625H         LINE#         2780
  C:1626H         LINE#         2781
  C:1629H         LINE#         2782
  C:162AH         LINE#         2783
  C:162BH         LINE#         2784
  C:162DH         LINE#         2785
  C:162FH         LINE#         2786
  C:1630H         LINE#         2787
  C:1632H         LINE#         2788
  C:1633H         LINE#         2789
  C:1634H         LINE#         2790
  C:1635H         LINE#         2791
  C:1636H         LINE#         2792
  C:1638H         LINE#         2793
  C:163AH         LINE#         2794
  C:163BH         LINE#         2795
  C:163DH         LINE#         2796
  C:163FH         LINE#         2797
  C:1642H         LINE#         2798
  C:1644H         LINE#         2799
  C:1646H         LINE#         2800
  C:1647H         LINE#         2801
  C:1648H         LINE#         2802
  C:164AH         LINE#         2803
  C:164CH         LINE#         2804
  C:164EH         LINE#         2805
  C:1650H         LINE#         2806
  C:1653H         LINE#         2807
  C:1654H         LINE#         2812
  C:1655H         LINE#         2820
  C:1656H         LINE#         2821
  C:1657H         LINE#         2822
  C:1658H         LINE#         2823
  C:165AH         LINE#         2824
  C:165CH         LINE#         2825
  C:165DH         LINE#         2826
  C:165FH         LINE#         2827
  C:1675H         LINE#         2846
  C:1677H         LINE#         2847
  C:1679H         LINE#         2848
  C:167BH         LINE#         2849
  C:167EH         LINE#         2850
  C:167FH         LINE#         2851
  C:1680H         LINE#         2852
  C:1681H         LINE#         2853
  C:1684H         LINE#         2854
  C:1685H         LINE#         2855
  C:1686H         LINE#         2856
  C:1687H         LINE#         2857
  C:1688H         LINE#         2858
  C:1689H         LINE#         2859
  C:168BH         LINE#         2860
  C:168CH         LINE#         2864
  C:168EH         LINE#         2865
  C:1690H         LINE#         2866
  C:1691H         LINE#         2867
  C:1692H         LINE#         2868
  C:1693H         LINE#         2869
  C:1694H         LINE#         2870
  C:1695H         LINE#         2871
BL51 BANKED LINKER/LOCATER V4.16a           12/21/2006  10:37:55  PAGE 45


  C:1697H         LINE#         2872
  C:1788H         LINE#         2907
  C:178AH         LINE#         2909
  C:178DH         LINE#         2910
  C:178EH         LINE#         2911
  C:1791H         LINE#         2912
  C:1792H         LINE#         2913
  C:1795H         LINE#         2914
  C:1797H         LINE#         2915
  C:179AH         LINE#         2916
  C:179CH         LINE#         2917
  C:179FH         LINE#         2918
  C:17A1H         LINE#         2919
  C:17A4H         LINE#         2920
  C:17A7H         LINE#         2921
  C:17A9H         LINE#         2922
  C:17ACH         LINE#         2923
  C:17AEH         LINE#         2924
  C:17B1H         LINE#         2925
  C:17B3H         LINE#         2926
  C:17B6H         LINE#         2927
  C:17B9H         LINE#         2928
  C:17BBH         LINE#         2929
  C:17BEH         LINE#         2930
  C:17C0H         LINE#         2931
  C:17C3H         LINE#         2932
  C:17C5H         LINE#         2933
  C:17C8H         LINE#         2934
  C:17D7H         LINE#         2945
  C:17D9H         LINE#         2946
  C:17DCH         LINE#         2947
  C:17DDH         LINE#         2948
  C:17DEH         LINE#         2949
  C:17DFH         LINE#         2950
  C:17E0H         LINE#         2951
  C:17E1H         LINE#         2952
  C:17E2H         LINE#         2953
  C:17E3H         LINE#         2954
  C:17E4H         LINE#         2955
  C:17E5H         LINE#         2958
  C:17E6H         LINE#         2963
  C:17E8H         LINE#         2965
  C:17EBH         LINE#         2967
  C:17EDH         LINE#         2968
  C:17EEH         LINE#         2971
  C:17F0H         LINE#         2972
  C:17F1H         LINE#         2973
  C:17F2H         LINE#         2974
  C:17F5H         LINE#         2975
  C:17F7H         LINE#         2978
  C:17F9H         LINE#         2979
  C:17FBH         LINE#         2980
  C:17FCH         LINE#         2982
  C:17FEH         LINE#         2985
  C:1800H         LINE#         2986
  C:1803H         LINE#         2988
  C:1804H         LINE#         2990
  C:1806H         LINE#         2991
  C:1808H         LINE#         2992
  C:1809H         LINE#         2993
  C:180BH         LINE#         2994
  C:180CH         LINE#         2995
  C:180DH         LINE#         2996
  C:180EH         LINE#         2997
  C:1811H         LINE#         2998
BL51 BANKED LINKER/LOCATER V4.16a           12/21/2006  10:37:55  PAGE 46


  C:1813H         LINE#         3000
  C:1814H         LINE#         3004
  C:1816H         LINE#         3006
  C:1818H         LINE#         3007
  C:1819H         LINE#         3008
  C:181AH         LINE#         3009
  C:181BH         LINE#         3010
  C:181DH         LINE#         3011
  C:181FH         LINE#         3012
  C:1820H         LINE#         3013
  C:1821H         LINE#         3016
  C:1823H         LINE#         3017
  C:1825H         LINE#         3018
  C:1826H         LINE#         3019
  C:1828H         LINE#         3020
  C:1829H         LINE#         3021
  C:182AH         LINE#         3022
  C:182CH         LINE#         3023
  C:182DH         LINE#         3024
  C:182EH         LINE#         3029
  C:1830H         LINE#         3030
  C:1831H         LINE#         3031
  C:1832H         LINE#         3032
  C:1833H         LINE#         3033
  C:1834H         LINE#         3034
  C:1835H         LINE#         3035
  C:1836H         LINE#         3036
  C:1837H         LINE#         3037
  C:1838H         LINE#         3038
  C:1839H         LINE#         3039
  C:183AH         LINE#         3040
  C:183BH         LINE#         3041
  C:183CH         LINE#         3046
  C:183EH         LINE#         3047
  C:183FH         LINE#         3048
  C:1842H         LINE#         3049
  C:1845H         LINE#         3050
  C:1846H         LINE#         3051
  C:1847H         LINE#         3052
  C:1848H         LINE#         3053
  C:184AH         LINE#         3054
  C:184BH         LINE#         3055
  C:184CH         LINE#         3056
  C:184DH         LINE#         3057
  C:184FH         LINE#         3058
  C:1850H         LINE#         3059
  C:1851H         LINE#         3060
  C:1852H         LINE#         3061
  C:1854H         LINE#         3062
  C:1855H         LINE#         3063
  C:1856H         LINE#         3064
  C:1857H         LINE#         3065
  C:1859H         LINE#         3066
  -------         ENDMOD        MAIN

LINK/LOCATE RUN COMPLETE.  0 WARNING(S),  0 ERROR(S)
