BL51 BANKED LINKER/LOCATER V4.16a             01/17/2007  14:15:23  PAGE 1


BL51 BANKED LINKER/LOCATER V4.16a, INVOKED BY:
D:\PROGRAM FILES\CYGNAL\IDEFILES\C51\BIN\BL51.EXE D:\AMP\AMP23.OBJ TO D:\AMP\A
>> MP23 RS (256) PL (68) PW (78)


INPUT MODULES INCLUDED:
  D:\AMP\AMP23.OBJ (MAIN)


LINK MAP OF MODULE:  D:\AMP\AMP23 (MAIN)


            TYPE    BASE      LENGTH    RELOCATION   SEGMENT NAME
            -----------------------------------------------------

            * * * * * * *   D A T A   M E M O R Y   * * * * * * *
            REG     0000H     0008H     ABSOLUTE     "REG BANK 0"

            * * * * * * *   C O D E   M E M O R Y   * * * * * * *
            CODE    0000H     04C9H     ABSOLUTE     
            CODE    04C9H     1E16H     UNIT         MAIN



SYMBOL TABLE OF MODULE:  D:\AMP\AMP23 (MAIN)

  VALUE           TYPE          NAME
  ----------------------------------

  -------         MODULE        MAIN
  C:04C9H         SEGMENT       MAIN
  X:0080H         PUBLIC        MASS0
  B:00C0H.2       SYMBOL        AA
  C:07F4H         SYMBOL        AAPAR
  D:004FH         SYMBOL        ABIN
  C:1F05H         SYMBOL        ABRET
  C:03F3H         SYMBOL        ABTOF
  B:00D0H.6       SYMBOL        AC
  D:00E0H         SYMBOL        ACC
  B:00E8H.4       SYMBOL        AD0BUSY
  B:00E8H.7       SYMBOL        AD0EN
  B:00E8H.5       SYMBOL        AD0INT
  B:00E8H.0       SYMBOL        AD0LJST
  B:00E8H.2       SYMBOL        AD0STM0
  B:00E8H.3       SYMBOL        AD0STM1
  B:00E8H.6       SYMBOL        AD0TM
  B:00E8H.1       SYMBOL        AD0WINT
  D:00BCH         SYMBOL        ADC0CF
  D:00E8H         SYMBOL        ADC0CN
  D:00C5H         SYMBOL        ADC0GTH
  D:00C4H         SYMBOL        ADC0GTL
  D:00BFH         SYMBOL        ADC0H
  D:00BEH         SYMBOL        ADC0L
  D:00C7H         SYMBOL        ADC0LTH
  D:00C6H         SYMBOL        ADC0LTL
  D:009CH         SYMBOL        ADC1
  D:00ABH         SYMBOL        ADC1CF
  D:00AAH         SYMBOL        ADC1CN
  C:22B6H         SYMBOL        ADDX
  D:0053H         SYMBOL        ADEC
  C:0AAFH         SYMBOL        AFTERK
  C:068BH         SYMBOL        AGE2
  C:0BACH         SYMBOL        AGE9
  C:0699H         SYMBOL        AGEON
  C:0CE2H         SYMBOL        ALESS0
  C:07ADH         SYMBOL        ALLSUM
BL51 BANKED LINKER/LOCATER V4.16a           01/17/2007  14:15:23  PAGE 2


  C:21FDH         SYMBOL        ALMUL
  C:0402H         SYMBOL        ALTOF
  C:041EH         SYMBOL        ALTOF1
  D:00BAH         SYMBOL        AMX0CF
  D:00BBH         SYMBOL        AMX0SL
  D:00ACH         SYMBOL        AMX1SL
  C:0A02H         SYMBOL        ANKOR
  C:1526H         SYMBOL        AN_T7
  C:0E92H         SYMBOL        AUTOKA
  C:0B35H         SYMBOL        AVPGO
  C:0A74H         SYMBOL        AVTDEC1
  C:03FCH         SYMBOL        AWTOF
  D:00F0H         SYMBOL        B
  C:05C9H         SYMBOL        BEGIN
  C:102CH         SYMBOL        BFORM
  C:2019H         SYMBOL        BIN30
  C:201DH         SYMBOL        BIN31
  C:202DH         SYMBOL        BIN32
  C:203EH         SYMBOL        BIN41
  C:200DH         SYMBOL        BINDEC
  B:0023H.2       SYMBOL        BITAKT
  B:0020H.5       SYMBOL        BITAVP
  B:0021H.2       SYMBOL        BITBON
  B:0021H.0       SYMBOL        BITBUF
  B:0022H.5       SYMBOL        BITEIZM
  B:0020H.4       SYMBOL        BITIZM
  B:0022H.2       SYMBOL        BITKLB
  B:0020H.1       SYMBOL        BITMAS
  B:0021H.3       SYMBOL        BITMEM
  B:0022H.1       SYMBOL        BITMENU
  B:0023H.1       SYMBOL        BITMIG
  B:0021H.7       SYMBOL        BITNUL
  B:0022H.7       SYMBOL        BITOLL
  B:0021H.1       SYMBOL        BITPRD
  B:0020H.3       SYMBOL        BITRS
  B:0022H.0       SYMBOL        BITT2
  B:0022H.3       SYMBOL        BITV19
  B:0020H.6       SYMBOL        BITVI11
  B:0022H.6       SYMBOL        BITVI31
  B:0022H.4       SYMBOL        BITVICH
  B:0020H.0       SYMBOL        BITZNAK
  B:0023H.3       SYMBOL        BITZNB
  B:0020H.7       SYMBOL        BITZUS
  B:0021H.4       SYMBOL        BMEM11
  B:0021H.5       SYMBOL        BMEM12
  B:0021H.6       SYMBOL        BMEM13
  C:16BFH         SYMBOL        BOUT7
  C:1D8AH         SYMBOL        BRET
  C:0D19H         SYMBOL        BUFDEC
  D:0040H         SYMBOL        BUFIND
  C:116DH         SYMBOL        BUFON
  C:0C51H         SYMBOL        BUFR
  C:0C33H         SYMBOL        BUFR2
  C:0C2CH         SYMBOL        BUFR3
  C:0C2FH         SYMBOL        BUFR30
  B:00D8H.0       SYMBOL        CCF0
  B:00D8H.1       SYMBOL        CCF1
  B:00D8H.2       SYMBOL        CCF2
  B:00D8H.3       SYMBOL        CCF3
  B:00D8H.4       SYMBOL        CCF4
  C:01F7H         SYMBOL        CDONE
  D:0020H         SYMBOL        CELLBIT
  D:0021H         SYMBOL        CELLBIT1
  D:0022H         SYMBOL        CELLBIT2
  D:0023H         SYMBOL        CELLBIT3
BL51 BANKED LINKER/LOCATER V4.16a           01/17/2007  14:15:23  PAGE 3


  C:01E2H         SYMBOL        CEXP
  B:00D8H.7       SYMBOL        CF
  C:1E1AH         SYMBOL        CH0
  C:1E36H         SYMBOL        CH1
  C:1E1EH         SYMBOL        CH10
  C:1E2EH         SYMBOL        CH100
  C:1E2AH         SYMBOL        CH10000
  C:1E32H         SYMBOL        CH2
  C:1FCCH         SYMBOL        CH20
  C:1E4AH         SYMBOL        CH2THO
  C:1E22H         SYMBOL        CH5
  C:1FC8H         SYMBOL        CH57
  C:1E26H         SYMBOL        CH954
  C:12FDH         SYMBOL        CHANMA
  C:12E4H         SYMBOL        CHANZ
  D:0081H         SYMBOL        CHAVT
  D:009BH         SYMBOL        CHBEFORE
  D:00ADH         SYMBOL        CHBUF
  C:10D1H         SYMBOL        CHCMP
  C:0F38H         SYMBOL        CHDEC
  D:0083H         SYMBOL        CHDEL
  C:0E7AH         SYMBOL        CHDELMO
  C:1CEEH         SYMBOL        CHIF
  D:00ACH         SYMBOL        CHIND
  D:0098H         SYMBOL        CHINKOR
  D:003DH         SYMBOL        CHKL
  D:006EH         SYMBOL        CHMAS
  D:003FH         SYMBOL        CHMASN
  C:0F82H         SYMBOL        CHTADC
  C:1E42H         SYMBOL        CHTHO
  C:1ED0H         SYMBOL        CHTHOU
  C:1E16H         SYMBOL        CHZAP
  C:1E3AH         SYMBOL        CH_1
  C:1E5AH         SYMBOL        CH_10
  C:1E56H         SYMBOL        CH_10TH
  C:1E52H         SYMBOL        CH_200
  C:1E4EH         SYMBOL        CH_220
  C:1F0EH         SYMBOL        CH_22T
  C:1E5EH         SYMBOL        CH_250
  C:1F0AH         SYMBOL        CH_500
  C:1E3EH         SYMBOL        CH_953
  C:1F06H         SYMBOL        CH_B
  C:1F12H         SYMBOL        CH_FL
  C:1002H         SYMBOL        CIKLWR
  D:008EH         SYMBOL        CKCON
  C:1E70H         SYMBOL        CL4
  C:1E76H         SYMBOL        CL4N
  C:043EH         SYMBOL        CLE256
  C:2007H         SYMBOL        CLEAR
  C:1E6DH         SYMBOL        CLEAR4
  C:1E75H         SYMBOL        CLEARN
  C:0FF2H         SYMBOL        CLMASSIX
  C:0B3AH         SYMBOL        CLMASV
  C:0FF7H         SYMBOL        CLMAX
  C:2008H         SYMBOL        CLR11
  C:2001H         SYMBOL        CLRDEC
  C:2005H         SYMBOL        CLRNUM
  C:1637H         SYMBOL        CLRVICH
  N:0006H         SYMBOL        CNTR
  C:1E0BH         SYMBOL        CO02S
  C:1E02H         SYMBOL        CO1S
  C:1DFEH         SYMBOL        CO2S
  C:0BC8H         SYMBOL        COMPA1
  C:0BFEH         SYMBOL        COMPA2
  C:1066H         SYMBOL        COND
BL51 BANKED LINKER/LOCATER V4.16a           01/17/2007  14:15:23  PAGE 4


  D:00A4H         SYMBOL        CONSTE
  D:00A8H         SYMBOL        CONSTF
  C:049FH         SYMBOL        COPY1
  C:0499H         SYMBOL        COPYPP
  C:1DE0H         SYMBOL        COUNT
  B:00C8H.0       SYMBOL        CPRL2
  D:009EH         SYMBOL        CPT0CN
  D:009FH         SYMBOL        CPT1CN
  B:00D8H.6       SYMBOL        CR
  C:1DE7H         SYMBOL        CT
  B:00C8H.1       SYMBOL        CT2
  B:00D0H.7       SYMBOL        CY
  D:00D4H         SYMBOL        DAC0CN
  D:00D3H         SYMBOL        DAC0H
  D:00D2H         SYMBOL        DAC0L
  D:00D7H         SYMBOL        DAC1CN
  D:00D6H         SYMBOL        DAC1H
  D:00D5H         SYMBOL        DAC1L
  C:106BH         SYMBOL        DCOA
  C:1072H         SYMBOL        DCOB
  C:107DH         SYMBOL        DCOC
  C:108AH         SYMBOL        DCOD
  C:06C5H         SYMBOL        DD
  C:17BCH         SYMBOL        DDOUTF
  C:205AH         SYMBOL        DEC30
  C:205FH         SYMBOL        DEC31
  C:206FH         SYMBOL        DEC32
  C:204DH         SYMBOL        DECBIN
  N:000AH         SYMBOL        DECSIZE
  C:2078H         SYMBOL        DECT2
  C:22CDH         SYMBOL        DEDPTR
  C:0133H         SYMBOL        DENORM
  C:18ABH         SYMBOL        DGOTO7
  D:00AEH         SYMBOL        DIAP
  C:118BH         SYMBOL        DIINC
  C:1FA0H         SYMBOL        DIKDN
  C:1EBAH         SYMBOL        DIKDW
  C:1ECEH         SYMBOL        DIPAR
  C:02DDH         SYMBOL        DIV1
  C:0320H         SYMBOL        DIV2
  C:030DH         SYMBOL        DIV3
  C:0336H         SYMBOL        DIV9
  C:2138H         SYMBOL        DIVIDE
  C:20A7H         SYMBOL        DONE
  C:20A5H         SYMBOL        DONE1
  C:21C1H         SYMBOL        DOSH
  C:21AFH         SYMBOL        DOSUB
  D:0083H         SYMBOL        DPH
  D:0082H         SYMBOL        DPL
  C:0DCDH         SYMBOL        DVIG0
  C:0DC2H         SYMBOL        DVIG1
  C:0DB7H         SYMBOL        DVIG2
  C:0DABH         SYMBOL        DVIG3
  C:0DD9H         SYMBOL        DVIG4
  C:0DF8H         SYMBOL        DVIG6
  C:0DF6H         SYMBOL        DVM
  B:00A8H.7       SYMBOL        EA
  D:00E6H         SYMBOL        EIE1
  D:00E7H         SYMBOL        EIE2
  D:00F6H         SYMBOL        EIP1
  D:00F7H         SYMBOL        EIP2
  D:00A3H         SYMBOL        EMI0CF
  D:00AFH         SYMBOL        EMI0CN
  D:00A1H         SYMBOL        EMI0TC
  C:0DFCH         SYMBOL        ENDSDV
BL51 BANKED LINKER/LOCATER V4.16a           01/17/2007  14:15:23  PAGE 5


  C:099BH         SYMBOL        ENDSUM
  B:00C0H.6       SYMBOL        ENSMB
  C:0BF9H         SYMBOL        EQU0
  C:0C17H         SYMBOL        EQU00
  C:1431H         SYMBOL        EQU1L
  C:17F4H         SYMBOL        EQU2L
  B:00A8H.4       SYMBOL        ES
  B:00A8H.1       SYMBOL        ET0
  B:00A8H.3       SYMBOL        ET1
  B:00A8H.5       SYMBOL        ET2
  B:00A8H.0       SYMBOL        EX0
  B:00A8H.2       SYMBOL        EX1
  B:00C8H.3       SYMBOL        EXEN2
  B:00C8H.6       SYMBOL        EXF2
  N:0000H         SYMBOL        EXP1
  N:0001H         SYMBOL        EXP2
  B:00D0H.5       SYMBOL        F0
  B:00D0H.1       SYMBOL        F1
  C:1EABH         SYMBOL        FINDKOEF
  C:1FF9H         SYMBOL        FINDR
  C:21ECH         SYMBOL        FINIS
  D:00B7H         SYMBOL        FLACL
  C:0166H         SYMBOL        FLADD
  C:01D6H         SYMBOL        FLCMP
  C:02B7H         SYMBOL        FLDIV
  C:0203H         SYMBOL        FLMUL
  C:01E1H         SYMBOL        FLOUT
  D:00B6H         SYMBOL        FLSCL
  C:01D1H         SYMBOL        FLSUB
  C:01F8H         SYMBOL        FND
  C:1029H         SYMBOL        FO1M
  C:1032H         SYMBOL        FO2M
  C:1033H         SYMBOL        FORM4
  C:1259H         SYMBOL        FT1IZM
  C:0343H         SYMBOL        FTOL
  C:037CH         SYMBOL        FTOL1
  C:039EH         SYMBOL        FTOL2
  C:03C4H         SYMBOL        FTOL22
  C:03A2H         SYMBOL        FTOL23
  C:03B5H         SYMBOL        FTOL24
  C:03C2H         SYMBOL        FTOL25
  C:03E4H         SYMBOL        FTOL26
  C:038AH         SYMBOL        FTOL3
  C:038EH         SYMBOL        FTOL33
  C:0371H         SYMBOL        FTOL4
  C:0381H         SYMBOL        FTOL9
  C:060EH         SYMBOL        GENER
  C:1784H         SYMBOL        GO23NO
  C:1437H         SYMBOL        GO31L
  C:143CH         SYMBOL        GO41L
  C:0AFAH         SYMBOL        GOA2
  C:0B04H         SYMBOL        GOA3A2
  C:0E35H         SYMBOL        GOCIKLE
  C:17B6H         SYMBOL        GOFULL
  C:0B11H         SYMBOL        GOONIN
  C:0CEBH         SYMBOL        GOONIND
  C:0E1FH         SYMBOL        GOONT
  C:078BH         SYMBOL        GOPART
  C:1364H         SYMBOL        GOSK19
  C:1526H         SYMBOL        GOTO7
  C:0A24H         SYMBOL        GOTOKD
  C:111AH         SYMBOL        GOUT6
  C:073DH         SYMBOL        GOZNAK
  C:1642H         SYMBOL        HNOR11
  C:15F8H         SYMBOL        HNOR12
BL51 BANKED LINKER/LOCATER V4.16a           01/17/2007  14:15:23  PAGE 6


  C:1688H         SYMBOL        HNOT1
  C:15C6H         SYMBOL        HNOT2
  C:15EEH         SYMBOL        HR12
  C:15E8H         SYMBOL        HVI1113
  D:00A8H         SYMBOL        IE
  B:0088H.1       SYMBOL        IE0
  B:0088H.3       SYMBOL        IE1
  C:15C2H         SYMBOL        INCT
  C:0F50H         SYMBOL        IND
  C:0CB1H         SYMBOL        INDA3
  C:0C88H         SYMBOL        INDOLL
  C:1F16H         SYMBOL        INIACP
  C:1894H         SYMBOL        INTN
  D:00B8H         SYMBOL        IP
  B:0088H.0       SYMBOL        IT0
  B:0088H.2       SYMBOL        IT1
  C:1670H         SYMBOL        IZCHI
  C:11DCH         SYMBOL        IZMAN
  C:11EBH         SYMBOL        IZMFUN
  C:11EFH         SYMBOL        IZMPAT
  C:11FEH         SYMBOL        IZMT2
  C:1209H         SYMBOL        IZMT3
  C:2153H         SYMBOL        JFINIS
  C:1E46H         SYMBOL        KD
  C:10F3H         SYMBOL        KEYB1
  C:14BDH         SYMBOL        KEYB2
  C:178EH         SYMBOL        KFULL
  C:1774H         SYMBOL        KGO23
  C:1732H         SYMBOL        KLEV1
  C:1737H         SYMBOL        KLEV2
  C:1753H         SYMBOL        KLEV21
  C:173CH         SYMBOL        KLEV22
  C:175EH         SYMBOL        KLEV23
  C:0810H         SYMBOL        KLMAS
  C:1568H         SYMBOL        KNAVP
  B:0023H.0       SYMBOL        KNIZM
  C:11E6H         SYMBOL        KNIZMON
  C:14AEH         SYMBOL        KNKMP
  C:1575H         SYMBOL        KNLEFT
  C:16DDH         SYMBOL        KNMEM
  C:1548H         SYMBOL        KNMENU
  C:1590H         SYMBOL        KNNUL
  C:1211H         SYMBOL        KNOPT
  C:1226H         SYMBOL        KNRAZR
  C:1181H         SYMBOL        KNRIGHT
  C:119DH         SYMBOL        KNVICH
  D:00A0H         SYMBOL        KOEFKD
  D:0094H         SYMBOL        KOEFKM
  D:0090H         SYMBOL        KOEFKP
  D:00BCH         SYMBOL        KONSTA
  D:00C0H         SYMBOL        KONSTB
  C:12C8H         SYMBOL        KON_B
  C:1D9EH         SYMBOL        KOR0US
  D:0084H         SYMBOL        KOR0_AN
  C:0A87H         SYMBOL        KORDEC1
  C:0A6DH         SYMBOL        KORDEC10
  C:0E5AH         SYMBOL        KORNUL
  C:17A9H         SYMBOL        KVVOD0
  C:18F4H         SYMBOL        LABEL7
  C:0712H         SYMBOL        LABELA
  C:0DA4H         SYMBOL        LABELB
  C:1226H         SYMBOL        LABELC
  C:11EFH         SYMBOL        LABELE
  C:1245H         SYMBOL        LABELF
  C:15B1H         SYMBOL        LABELH
BL51 BANKED LINKER/LOCATER V4.16a           01/17/2007  14:15:23  PAGE 7


  C:1A33H         SYMBOL        LABELI
  C:1627H         SYMBOL        LABELI2
  C:16F8H         SYMBOL        LABELK
  C:13D3H         SYMBOL        LABELL
  C:1305H         SYMBOL        LABELL1
  C:1456H         SYMBOL        LABELN
  C:18F4H         SYMBOL        LABELP
  C:18C6H         SYMBOL        LABELS
  C:19AFH         SYMBOL        LABELS1
  C:1A46H         SYMBOL        LABELS3
  C:1A1AH         SYMBOL        LABELS4
  C:141AH         SYMBOL        LABL2
  C:13F3H         SYMBOL        LABL21
  C:1409H         SYMBOL        LABL22
  C:17FAH         SYMBOL        LABM
  C:2294H         SYMBOL        LADD
  C:22A5H         SYMBOL        LADDX
  C:13EBH         SYMBOL        LAL22
  C:042DH         SYMBOL        LBTOF
  C:2092H         SYMBOL        LCMP
  C:20A8H         SYMBOL        LDC_LONG
  C:20CAH         SYMBOL        LDC_LTEMP
  C:20F0H         SYMBOL        LDX_LONG
  C:2116H         SYMBOL        LDX_LTEMP
  C:183DH         SYMBOL        LEFCUR
  C:1700H         SYMBOL        LEFMEM11
  C:19FCH         SYMBOL        LEFT_SK
  C:173FH         SYMBOL        LEV220
  C:147CH         SYMBOL        LEV2GO
  D:00B0H         SYMBOL        LEVEL
  C:167AH         SYMBOL        LI21
  C:11D5H         SYMBOL        LLDI2
  C:11C9H         SYMBOL        LLDI23
  C:11D0H         SYMBOL        LLDI3
  C:1441H         SYMBOL        LLEV2
  C:21FDH         SYMBOL        LLMUL
  C:2282H         SYMBOL        LLSUB
  C:0432H         SYMBOL        LLTOF
  C:21FDH         SYMBOL        LMUL
  C:1F65H         SYMBOL        LOAB12
  D:00B7H         SYMBOL        LOAD
  C:1699H         SYMBOL        LOADB
  C:16C2H         SYMBOL        LOADB2
  C:171EH         SYMBOL        LOADCLE
  C:1F82H         SYMBOL        LOADKD
  C:1F74H         SYMBOL        LOADR2
  C:1DB9H         SYMBOL        LOADT
  C:1D5BH         SYMBOL        LOADUS
  C:17C6H         SYMBOL        LOBLOK
  C:1719H         SYMBOL        LOCLE
  C:1DC8H         SYMBOL        LOD1
  C:1DD4H         SYMBOL        LODT
  C:15FBH         SYMBOL        LOIZMK
  C:1915H         SYMBOL        LOKAME1
  C:1DBBH         SYMBOL        LOLEVT
  C:170DH         SYMBOL        LOLIST
  C:1C78H         SYMBOL        LOME1
  C:1C70H         SYMBOL        LOMENU
  C:0FBFH         SYMBOL        LOOP
  C:2156H         SYMBOL        LOOPS
  C:1D92H         SYMBOL        LOSPUS
  C:1DD0H         SYMBOL        LOTEXT
  C:1FD8H         SYMBOL        LOTP
  C:1FD0H         SYMBOL        LOTPUS
  C:11DBH         SYMBOL        LOU
BL51 BANKED LINKER/LOCATER V4.16a           01/17/2007  14:15:23  PAGE 8


  C:11B8H         SYMBOL        LOUIZM
  C:13F0H         SYMBOL        LOUTF
  C:15F1H         SYMBOL        LOVICH
  C:1727H         SYMBOL        LOWR
  C:1729H         SYMBOL        LOWR1
  C:2282H         SYMBOL        LSUB
  N:0008H         SYMBOL        LTEMP
  C:1004H         SYMBOL        LWR
  C:0FC8H         SYMBOL        LWRX
  C:042FH         SYMBOL        LWTOF
  D:006FH         SYMBOL        MABIN
  C:101FH         SYMBOL        MAFORM
  N:0002H         SYMBOL        MANT1
  N:0008H         SYMBOL        MANT2
  C:12CFH         SYMBOL        MARK0_8
  D:00B2H         SYMBOL        MARKER
  C:1CEFH         SYMBOL        MARLE
  C:1CFCH         SYMBOL        MARRI
  C:082FH         SYMBOL        MAS10
  C:08ACH         SYMBOL        MAS20
  C:09D5H         SYMBOL        MAS5DIV
  C:09A7H         SYMBOL        MASFULL
  X:0084H         SYMBOL        MASS1
  X:00A8H         SYMBOL        MASS10
  X:00ACH         SYMBOL        MASS11
  X:00B0H         SYMBOL        MASS12
  X:00B4H         SYMBOL        MASS13
  X:00B8H         SYMBOL        MASS14
  X:00BCH         SYMBOL        MASS15
  X:00C0H         SYMBOL        MASS16
  X:00C4H         SYMBOL        MASS17
  X:00C8H         SYMBOL        MASS18
  X:00CCH         SYMBOL        MASS19
  X:0088H         SYMBOL        MASS2
  X:008CH         SYMBOL        MASS3
  X:0090H         SYMBOL        MASS4
  X:0094H         SYMBOL        MASS5
  X:0098H         SYMBOL        MASS6
  X:009CH         SYMBOL        MASS7
  X:00A0H         SYMBOL        MASS8
  X:00A4H         SYMBOL        MASS9
  C:09CBH         SYMBOL        MASX5
  C:1914H         SYMBOL        ME11_15DEC
  C:196DH         SYMBOL        ME21_23
  C:1989H         SYMBOL        ME21_23DEC
  C:1570H         SYMBOL        MEAVP
  C:0638H         SYMBOL        MECLE
  C:063FH         SYMBOL        MEFF
  C:17A5H         SYMBOL        MEM12NO
  C:1C7CH         SYMBOL        MENU12
  C:1C84H         SYMBOL        MENU13
  C:1C8CH         SYMBOL        MENU14
  C:1C94H         SYMBOL        MENU15
  C:1C9CH         SYMBOL        MENU21
  C:1CA4H         SYMBOL        MENU22
  C:1CACH         SYMBOL        MENU23
  C:1CB4H         SYMBOL        MENU31
  C:1CBCH         SYMBOL        MENU41
  C:155CH         SYMBOL        MENUOFF
  C:18E7H         SYMBOL        MENUON
  C:19EAH         SYMBOL        ME_41
  C:2189H         SYMBOL        MIDL
  C:1CC1H         SYMBOL        MIGN
  C:1CC9H         SYMBOL        MIGNN
  C:17DDH         SYMBOL        MLABL2
BL51 BANKED LINKER/LOCATER V4.16a           01/17/2007  14:15:23  PAGE 9


  C:070DH         SYMBOL        MMM
  C:0C7DH         SYMBOL        MO220
  C:0BEDH         SYMBOL        MO500I
  C:0BE1H         SYMBOL        MO500R
  B:00F8H.5       SYMBOL        MODF
  C:1386H         SYMBOL        MOUTF
  C:108CH         SYMBOL        MOVE28
  C:1ED4H         SYMBOL        MOVE82
  C:0CEBH         SYMBOL        MOVEA3
  D:003AH         SYMBOL        MOVLEFT
  D:003BH         SYMBOL        MOVRIG
  B:00F8H.1       SYMBOL        MSTEN
  C:021AH         SYMBOL        MUP1
  C:0257H         SYMBOL        MUP11
  C:0297H         SYMBOL        MUP2
  C:026CH         SYMBOL        MUP3
  C:17C1H         SYMBOL        MVV11
  C:17D9H         SYMBOL        MVV12
  C:0F34H         SYMBOL        N12DELCH
  C:0EE5H         SYMBOL        N4DELCH
  C:0F22H         SYMBOL        N8DELCH
  C:138CH         SYMBOL        NBIMENU
  D:00C4H         SYMBOL        NBLOK
  C:0358H         SYMBOL        NE05
  C:0F5AH         SYMBOL        NEXIN
  C:0AA4H         SYMBOL        NMINUS
  C:09F5H         SYMBOL        NMINUS3
  C:0EA5H         SYMBOL        NNDELCH
  C:1488H         SYMBOL        NNMEMB
  C:0D68H         SYMBOL        NNNUL
  C:2171H         SYMBOL        NO
  C:071FH         SYMBOL        NO0KEY
  C:128EH         SYMBOL        NO11V6
  C:129BH         SYMBOL        NO12V6
  C:12A8H         SYMBOL        NO13V6
  C:1ABCH         SYMBOL        NO21P7
  C:1350H         SYMBOL        NO23RI
  C:0CD6H         SYMBOL        NO2PARN
  C:1851H         SYMBOL        NO31N
  C:136FH         SYMBOL        NO31RI
  C:0CCCH         SYMBOL        NO3PARN
  C:0E80H         SYMBOL        NO4DEL
  C:0A79H         SYMBOL        NOAVK
  C:0AF7H         SYMBOL        NOAVP
  C:0D85H         SYMBOL        NOBAVP
  C:07C8H         SYMBOL        NOBEF99
  C:0245H         SYMBOL        NOBIT
  C:0D8BH         SYMBOL        NOBITIZM
  C:0E42H         SYMBOL        NOBUF0
  C:0CADH         SYMBOL        NOCHI0
  C:09C3H         SYMBOL        NOCHN10
  C:09B8H         SYMBOL        NOCHN2
  C:0C93H         SYMBOL        NODI2
  C:157EH         SYMBOL        NODI6
  C:0D3EH         SYMBOL        NODI8
  C:0C98H         SYMBOL        NODI9
  C:0D4EH         SYMBOL        NODIS9
  C:146DH         SYMBOL        NOEQU1
  C:184BH         SYMBOL        NOEQU2
  C:126CH         SYMBOL        NOFIZM
  C:1258H         SYMBOL        NOFT1
  C:0E3DH         SYMBOL        NOFZ
  C:1608H         SYMBOL        NOH37
  C:16D2H         SYMBOL        NOHNOT1
  C:16CAH         SYMBOL        NOHNOT2
BL51 BANKED LINKER/LOCATER V4.16a           01/17/2007  14:15:23  PAGE 10


  C:0A0BH         SYMBOL        NOKORR
  C:15D2H         SYMBOL        NOLAH
  C:1411H         SYMBOL        NOLEV1
  C:1834H         SYMBOL        NOM31
  C:1883H         SYMBOL        NOM32
  C:18AEH         SYMBOL        NOM33
  C:1A5BH         SYMBOL        NOMARL
  C:1795H         SYMBOL        NOME11
  C:13A7H         SYMBOL        NOMEM11
  C:13BDH         SYMBOL        NOMEM12
  C:1792H         SYMBOL        NOMEMK
  C:1237H         SYMBOL        NON1C
  C:0A61H         SYMBOL        NONULAVT
  C:0E67H         SYMBOL        NONULDEL
  C:0CB1H         SYMBOL        NOP3_0
  C:07CCH         SYMBOL        NOPART1
  C:07ECH         SYMBOL        NOPART2
  C:07F1H         SYMBOL        NOPART3
  C:0804H         SYMBOL        NOPART4
  C:12F7H         SYMBOL        NOPLUS
  C:1A72H         SYMBOL        NOPOIN7
  C:1A3EH         SYMBOL        NOPOINT
  C:130BH         SYMBOL        NOR11
  C:1281H         SYMBOL        NOR13
  C:00F6H         SYMBOL        NORDN
  C:0107H         SYMBOL        NORDN1
  C:144AH         SYMBOL        NORIG2
  C:1488H         SYMBOL        NORIM6
  C:1336H         SYMBOL        NORIME
  C:1330H         SYMBOL        NORIME1
  C:00F0H         SYMBOL        NORM1
  C:161AH         SYMBOL        NORR11
  C:162AH         SYMBOL        NORR12
  C:0119H         SYMBOL        NORUP
  C:011EH         SYMBOL        NORUP1
  C:0132H         SYMBOL        NORUP2
  C:0D9DH         SYMBOL        NORVICH
  C:21ACH         SYMBOL        NOSUB
  C:0E45H         SYMBOL        NOT1IN
  C:1535H         SYMBOL        NOT1_7
  C:0E4DH         SYMBOL        NOT2IN
  C:1540H         SYMBOL        NOT2_7
  C:0E55H         SYMBOL        NOT3IN
  C:0D95H         SYMBOL        NOTAKT
  C:0E28H         SYMBOL        NOTT1
  C:0E2DH         SYMBOL        NOTT5
  C:123EH         SYMBOL        NOT_1
  C:123EH         SYMBOL        NOT_10
  C:131BH         SYMBOL        NOVIR
  C:1269H         SYMBOL        NOVIR1
  C:0D2EH         SYMBOL        NOZZMI
  C:0D71H         SYMBOL        NSEC01
  C:0D78H         SYMBOL        NSEC1
  C:0D7DH         SYMBOL        NSEC10
  C:0E92H         SYMBOL        NULAVT
  N:0004H         SYMBOL        NUMSIZE
  C:20E2H         SYMBOL        OBOARD
  C:212AH         SYMBOL        OBOARD1
  C:0186H         SYMBOL        OK1
  C:01A0H         SYMBOL        OK2
  C:01C4H         SYMBOL        OK3
  C:2108H         SYMBOL        ONBOAR1
  C:20BCH         SYMBOL        ONBOARD
  C:16EBH         SYMBOL        ONMEM11
  C:1990H         SYMBOL        ONMEM12
BL51 BANKED LINKER/LOCATER V4.16a           01/17/2007  14:15:23  PAGE 11


  C:1A17H         SYMBOL        ONMEM13
  C:1CD7H         SYMBOL        ONMIG
  C:11B0H         SYMBOL        ONVICH
  D:00B2H         SYMBOL        OSCICN
  D:00B1H         SYMBOL        OSCXCN
  C:1488H         SYMBOL        OUT6
  C:1AEAH         SYMBOL        OUT7
  C:1D09H         SYMBOL        OUTA
  C:1D23H         SYMBOL        OUTA2
  C:1D2CH         SYMBOL        OUTB
  C:1D52H         SYMBOL        OUTB2
  C:1D3DH         SYMBOL        OUTB3
  C:125FH         SYMBOL        OUTF
  C:1308H         SYMBOL        OUTFL
  C:12E1H         SYMBOL        OUTMA
  C:1954H         SYMBOL        OUTMENU
  C:0C44H         SYMBOL        OUTR
  C:0C60H         SYMBOL        OUTR5
  C:115BH         SYMBOL        OUTVIR
  B:00D0H.2       SYMBOL        OV
  B:00D0H.0       SYMBOL        P
  D:0080H         SYMBOL        P0
  D:00A4H         SYMBOL        P0MDOUT
  D:0090H         SYMBOL        P1
  D:00BDH         SYMBOL        P1MDIN
  D:00A5H         SYMBOL        P1MDOUT
  D:00A0H         SYMBOL        P2
  D:00A6H         SYMBOL        P2MDOUT
  D:00B0H         SYMBOL        P3
  D:00ADH         SYMBOL        P3IF
  D:00A7H         SYMBOL        P3MDOUT
  D:0084H         SYMBOL        P4
  D:0085H         SYMBOL        P5
  D:0086H         SYMBOL        P6
  D:0096H         SYMBOL        P7
  D:00B5H         SYMBOL        P74OUT
  C:00DEH         SYMBOL        PACK1
  D:00AFH         SYMBOL        PARN
  D:009AH         SYMBOL        PART
  D:00D8H         SYMBOL        PCA0CN
  D:00FAH         SYMBOL        PCA0CPH0
  D:00FBH         SYMBOL        PCA0CPH1
  D:00FCH         SYMBOL        PCA0CPH2
  D:00FDH         SYMBOL        PCA0CPH3
  D:00FEH         SYMBOL        PCA0CPH4
  D:00EAH         SYMBOL        PCA0CPL0
  D:00EBH         SYMBOL        PCA0CPL1
  D:00ECH         SYMBOL        PCA0CPL2
  D:00EDH         SYMBOL        PCA0CPL3
  D:00EEH         SYMBOL        PCA0CPL4
  D:00DAH         SYMBOL        PCA0CPM0
  D:00DBH         SYMBOL        PCA0CPM1
  D:00DCH         SYMBOL        PCA0CPM2
  D:00DDH         SYMBOL        PCA0CPM3
  D:00DEH         SYMBOL        PCA0CPM4
  D:00F9H         SYMBOL        PCA0H
  D:00E9H         SYMBOL        PCA0L
  D:00D9H         SYMBOL        PCA0MD
  D:0087H         SYMBOL        PCON
  C:1A71H         SYMBOL        POIN3
  C:1AB7H         SYMBOL        POINA
  C:1A56H         SYMBOL        POINA1
  C:1A50H         SYMBOL        POINA2
  C:1ADAH         SYMBOL        POZB
  N:000CH         SYMBOL        PROD
BL51 BANKED LINKER/LOCATER V4.16a           01/17/2007  14:15:23  PAGE 12


  B:00B8H.4       SYMBOL        PS
  D:008FH         SYMBOL        PSCTL
  D:00D0H         SYMBOL        PSW
  B:00B8H.1       SYMBOL        PT0
  B:00B8H.3       SYMBOL        PT1
  B:00B8H.5       SYMBOL        PT2
  B:00B8H.0       SYMBOL        PX0
  B:00B8H.2       SYMBOL        PX1
  C:1165H         SYMBOL        PYSKST
  N:000AH         SYMBOL        R10
  N:000BH         SYMBOL        R11
  N:0008H         SYMBOL        R8
  N:0009H         SYMBOL        R9
  C:0A21H         SYMBOL        RAFTERK
  B:0098H.2       SYMBOL        RB8
  D:00CBH         SYMBOL        RCAP2H
  D:00CAH         SYMBOL        RCAP2L
  D:00E5H         SYMBOL        RCAP4H
  D:00E4H         SYMBOL        RCAP4L
  B:00C8H.5       SYMBOL        RCLK
  C:10C1H         SYMBOL        RE1
  C:0454H         SYMBOL        RE4BYTE
  D:0077H         SYMBOL        REACP
  C:10BFH         SYMBOL        READ
  C:0783H         SYMBOL        READYACP
  C:0FAEH         SYMBOL        READ_X2
  C:06D8H         SYMBOL        REBYTE
  C:046CH         SYMBOL        REBYTE2
  D:00D1H         SYMBOL        REF0CN
  B:0098H.4       SYMBOL        REN
  C:1098H         SYMBOL        RESAR2
  C:1056H         SYMBOL        RESAR8
  D:008CH         SYMBOL        REZAM
  D:0088H         SYMBOL        REZAP
  C:0A8CH         SYMBOL        REZMUL
  D:0062H         SYMBOL        REZ_A
  D:006AH         SYMBOL        REZ_A0
  D:0066H         SYMBOL        REZ_A1
  D:007BH         SYMBOL        REZ_A2
  D:009CH         SYMBOL        REZ_A3
  D:005EH         SYMBOL        REZ_AME
  D:00C5H         SYMBOL        REZ_DEL
  D:00C9H         SYMBOL        REZ_R
  C:1831H         SYMBOL        RGOTO7
  C:1602H         SYMBOL        RHNOR11
  C:15C9H         SYMBOL        RHNOT1
  B:0098H.0       SYMBOL        RI
  C:1339H         SYMBOL        RI21_23
  C:1333H         SYMBOL        RI6
  C:1414H         SYMBOL        RIGBLO
  C:1450H         SYMBOL        RIGBLOK
  C:1178H         SYMBOL        RIGHT2
  C:117CH         SYMBOL        RIGHT3
  C:12BAH         SYMBOL        RIKN
  C:10F0H         SYMBOL        RIZMAN
  C:1353H         SYMBOL        RI_31
  C:14BAH         SYMBOL        RKNLEFT
  C:14ABH         SYMBOL        RKNMEM
  C:14B7H         SYMBOL        RKNNUL
  C:10EDH         SYMBOL        RKNOPT
  C:10EAH         SYMBOL        RKNRAZR
  C:1716H         SYMBOL        RKVVOD0
  C:10E7H         SYMBOL        RLABELF
  C:14B4H         SYMBOL        RLABELH
  C:15CFH         SYMBOL        RLABELI
BL51 BANKED LINKER/LOCATER V4.16a           01/17/2007  14:15:23  PAGE 13


  C:15CCH         SYMBOL        RLABELK
  C:1318H         SYMBOL        RLABELL
  C:1485H         SYMBOL        RLABELL1
  C:1383H         SYMBOL        RLABELN
  C:1A15H         SYMBOL        RLABELS3
  C:1758H         SYMBOL        RLABL2
  C:175BH         SYMBOL        RLABM
  C:1CFBH         SYMBOL        RLER
  C:18F2H         SYMBOL        RME21_23
  C:0B19H         SYMBOL        RMO220
  C:1389H         SYMBOL        RNNMEMB
  C:0D4BH         SYMBOL        RNO3PARN
  C:0B1CH         SYMBOL        RNOCHI0
  C:1618H         SYMBOL        RNOH37
  C:16F5H         SYMBOL        RNOMEMK
  C:127EH         SYMBOL        RNOR11
  C:0D49H         SYMBOL        RNORVICH
  C:0E1BH         SYMBOL        RNOT1IN
  C:10E4H         SYMBOL        ROUT6
  C:14B1H         SYMBOL        ROUT7
  C:1615H         SYMBOL        ROUTF
  N:0000H         SYMBOL        RR0
  N:0001H         SYMBOL        RR1
  N:0002H         SYMBOL        RR2
  N:0003H         SYMBOL        RR3
  N:0004H         SYMBOL        RR4
  N:0005H         SYMBOL        RR5
  N:0006H         SYMBOL        RR6
  N:0007H         SYMBOL        RR7
  C:1D08H         SYMBOL        RRIR
  B:00D0H.3       SYMBOL        RS0
  B:00D0H.4       SYMBOL        RS1
  C:0CE0H         SYMBOL        RSEEIND
  D:00EFH         SYMBOL        RSTSRC
  C:1242H         SYMBOL        RTIZMRI
  C:1604H         SYMBOL        RVVIZKO
  B:00F8H.4       SYMBOL        RXOVRN
  D:00A9H         SYMBOL        SADDR0
  D:00F3H         SYMBOL        SADDR1
  D:00B9H         SYMBOL        SADEN0
  D:00AEH         SYMBOL        SADEN1
  D:003CH         SYMBOL        SAVBA
  C:0FDAH         SYMBOL        SAVEIR2
  C:04A7H         SYMBOL        SAVELTE
  C:0FE6H         SYMBOL        SAVER2
  D:0099H         SYMBOL        SBUF0
  D:00F2H         SYMBOL        SBUF1
  D:0098H         SYMBOL        SCON0
  D:00F1H         SYMBOL        SCON1
  C:0F70H         SYMBOL        SDV
  C:0F84H         SYMBOL        SDV1
  C:0764H         SYMBOL        SDVIG0
  C:0759H         SYMBOL        SDVIG1
  C:074EH         SYMBOL        SDVIG2
  C:0742H         SYMBOL        SDVIG3
  C:0773H         SYMBOL        SDVIG4
  C:077DH         SYMBOL        SDVIG6
  C:077BH         SYMBOL        SDVM
  C:0D51H         SYMBOL        SEEGOON
  C:0D5FH         SYMBOL        SEEIND
  B:00C0H.3       SYMBOL        SI
  N:0007H         SYMBOL        SIGN
  C:193DH         SYMBOL        SKOR19
  B:00F8H.2       SYMBOL        SLVSEL
  B:0098H.7       SYMBOL        SM0
BL51 BANKED LINKER/LOCATER V4.16a           01/17/2007  14:15:23  PAGE 14


  B:0098H.6       SYMBOL        SM1
  B:0098H.5       SYMBOL        SM2
  D:00C3H         SYMBOL        SMB0ADR
  D:00C0H         SYMBOL        SMB0CN
  D:00CFH         SYMBOL        SMB0CR
  D:00C2H         SYMBOL        SMB0DAT
  D:00C1H         SYMBOL        SMB0STA
  B:00C0H.1       SYMBOL        SMBFTE
  B:00C0H.0       SYMBOL        SMBTOE
  C:1682H         SYMBOL        SOOTV
  D:0081H         SYMBOL        SP
  D:009AH         SYMBOL        SPI0CFG
  D:009DH         SYMBOL        SPI0CKR
  D:00F8H         SYMBOL        SPI0CN
  D:009BH         SYMBOL        SPI0DAT
  B:00F8H.0       SYMBOL        SPIEN
  B:00F8H.7       SYMBOL        SPIF
  C:19D0H         SYMBOL        SPWRI
  C:1DF5H         SYMBOL        SS1
  B:00C0H.5       SYMBOL        STA
  B:00C0H.4       SYMBOL        STO
  D:00B3H         SYMBOL        SUMMA
  C:07CFH         SYMBOL        SUMT2
  D:00C8H         SYMBOL        T2CON
  D:00C9H         SYMBOL        T4CON
  C:1F57H         SYMBOL        TABB1_2
  C:1FEFH         SYMBOL        TABN
  C:1DB3H         SYMBOL        TABT11
  C:1DB7H         SYMBOL        TABT7
  C:1DB5H         SYMBOL        TABT9
  C:1D9FH         SYMBOL        TABUS
  C:0D9AH         SYMBOL        TAKTIND
  B:0098H.3       SYMBOL        TB8
  B:00C8H.4       SYMBOL        TCLK
  D:0088H         SYMBOL        TCON
  C:1FE2H         SYMBOL        TE22
  C:1FEAH         SYMBOL        TE23
  C:1B57H         SYMBOL        TEAEQU0
  C:1B94H         SYMBOL        TEAVK
  C:1C48H         SYMBOL        TEBBL
  C:1B61H         SYMBOL        TEBEQU0
  C:1C3EH         SYMBOL        TEBL
  C:1C34H         SYMBOL        TEBLOK
  C:1C03H         SYMBOL        TECLE
  C:1C52H         SYMBOL        TEEBL
  C:1C2AH         SYMBOL        TEFULL
  C:1BE5H         SYMBOL        TEIZMK
  C:1B9EH         SYMBOL        TEKALIB
  C:1C1FH         SYMBOL        TELIST
  C:1C0DH         SYMBOL        TEMEM
  C:1B6BH         SYMBOL        TEMENU
  C:1E62H         SYMBOL        TENMIN
  C:1C5CH         SYMBOL        TEOLI
  C:1BF9H         SYMBOL        TEOLL
  C:1C66H         SYMBOL        TEOLR
  C:1BEFH         SYMBOL        TEOUT
  C:1BDBH         SYMBOL        TEPAR
  C:1BD1H         SYMBOL        TES19_2
  C:1BC7H         SYMBOL        TES57_6
  C:1B8AH         SYMBOL        TESKOR
  C:19A8H         SYMBOL        TEST22
  C:19ADH         SYMBOL        TEST23
  C:199CH         SYMBOL        TESTS
  C:1BA9H         SYMBOL        TETE11
  C:1BBDH         SYMBOL        TETE7
BL51 BANKED LINKER/LOCATER V4.16a           01/17/2007  14:15:23  PAGE 15


  C:1BB3H         SYMBOL        TETE9
  C:1B75H         SYMBOL        TETESI
  C:1B7FH         SYMBOL        TETESR
  C:1B4DH         SYMBOL        TEVICH
  C:1C15H         SYMBOL        TEWR
  C:1B11H         SYMBOL        TEXTT
  B:0088H.5       SYMBOL        TF0
  B:0088H.7       SYMBOL        TF1
  B:00C8H.7       SYMBOL        TF2
  D:008CH         SYMBOL        TH0
  D:008DH         SYMBOL        TH1
  D:00CDH         SYMBOL        TH2
  D:00F5H         SYMBOL        TH4
  B:0098H.1       SYMBOL        TI
  C:0F94H         SYMBOL        TIM
  C:0F96H         SYMBOL        TIM1
  C:0F99H         SYMBOL        TIM2
  C:0F9BH         SYMBOL        TIM3
  C:1171H         SYMBOL        TIZMRI
  D:008AH         SYMBOL        TL0
  D:008BH         SYMBOL        TL1
  D:00CCH         SYMBOL        TL2
  D:00F4H         SYMBOL        TL4
  C:167FH         SYMBOL        TLABELI
  D:0089H         SYMBOL        TMOD
  D:00CBH         SYMBOL        TMR2RLH
  D:00CAH         SYMBOL        TMR2RLL
  D:0091H         SYMBOL        TMR3CN
  D:0095H         SYMBOL        TMR3H
  D:0094H         SYMBOL        TMR3L
  D:0093H         SYMBOL        TMR3RLH
  D:0092H         SYMBOL        TMR3RLL
  C:1921H         SYMBOL        TOME13
  C:1948H         SYMBOL        TOME14
  C:1959H         SYMBOL        TOME15
  C:191BH         SYMBOL        TOME21
  C:1A0AH         SYMBOL        TOSK19
  C:1606H         SYMBOL        TOUTF
  B:0088H.4       SYMBOL        TR0
  B:0088H.6       SYMBOL        TR1
  B:00C8H.2       SYMBOL        TR2
  B:00F8H.3       SYMBOL        TXBSY
  C:009EH         SYMBOL        UNPACK1
  C:00BAH         SYMBOL        UNPACK2
  C:0138H         SYMBOL        UP1
  C:014BH         SYMBOL        UP2
  C:0161H         SYMBOL        UP2A
  C:1E91H         SYMBOL        UPA
  C:1EA1H         SYMBOL        UPA1
  C:1E81H         SYMBOL        UPA2
  C:1EE3H         SYMBOL        UPAA
  C:1EF3H         SYMBOL        UPAB
  C:1E8BH         SYMBOL        UPAK
  C:1E7BH         SYMBOL        UPAK2
  C:1E9BH         SYMBOL        UPAK3
  C:1EDDH         SYMBOL        UPAKA
  C:1EEDH         SYMBOL        UPAKB
  D:00B1H         SYMBOL        VICHR
  C:0DE2H         SYMBOL        VIG0
  C:0DF0H         SYMBOL        VIG4
  C:121CH         SYMBOL        VIOUT
  C:1993H         SYMBOL        VV21_23
  C:1CDFH         SYMBOL        VVCHIF
  C:164FH         SYMBOL        VVIZKO
  C:18FEH         SYMBOL        VVODM11_15
BL51 BANKED LINKER/LOCATER V4.16a           01/17/2007  14:15:23  PAGE 16


  C:1276H         SYMBOL        VVRR6
  B:00F8H.6       SYMBOL        WCOL
  D:00FFH         SYMBOL        WDTCN
  D:00B8H         SYMBOL        WORK
  C:10ACH         SYMBOL        WR1
  C:10A9H         SYMBOL        WRITE
  C:0F9FH         SYMBOL        WRITED_X1
  C:0F9EH         SYMBOL        WRITE_X1
  C:0480H         SYMBOL        WRPAGE
  C:0483H         SYMBOL        WW5
  D:00E1H         SYMBOL        XBR0
  D:00E2H         SYMBOL        XBR1
  D:00E3H         SYMBOL        XBR2
  C:0FC6H         SYMBOL        XCIKLWR
  N:000CH         SYMBOL        XTEMP
  C:15A1H         SYMBOL        YBNUL
  C:218FH         SYMBOL        YES
  C:0B1FH         SYMBOL        YESAVP
  C:0E1FH         SYMBOL        YESBUF
  C:0E1DH         SYMBOL        YESPRD
  C:1D8EH         SYMBOL        YESTEST
  C:0E40H         SYMBOL        YESTT5
  C:0B4CH         SYMBOL        YESVICH
  C:1310H         SYMBOL        YESVIR
  C:1E0DH         SYMBOL        Z01S
  C:1DDEH         SYMBOL        Z100
  C:1DECH         SYMBOL        Z15
  C:1E00H         SYMBOL        Z1S
  C:0F6EH         SYMBOL        ZAPADC
  C:1048H         SYMBOL        ZCMP
  C:1015H         SYMBOL        ZDIV
  C:00B3H         SYMBOL        ZER1
  C:00D4H         SYMBOL        ZER2
  C:100BH         SYMBOL        ZMUL
  B:0020H.2       SYMBOL        ZNMAT
  C:0735H         SYMBOL        ZNPLUS
  C:1DEEH         SYMBOL        ZZ
  C:1E09H         SYMBOL        Z_01S
  C:1DDCH         SYMBOL        Z_100
  C:1DEAH         SYMBOL        Z_15
  C:1DF3H         SYMBOL        Z_1MS
  C:1DFCH         SYMBOL        Z_1S
  C:1DE5H         SYMBOL        Z_5
  C:10A4H         SYMBOL        Z_9
  C:0000H         LINE#         15
  C:0003H         LINE#         18
  C:000BH         LINE#         20
  C:0013H         LINE#         22
  C:001BH         LINE#         24
  C:0023H         LINE#         26
  C:002BH         LINE#         28
  C:0033H         LINE#         30
  C:003BH         LINE#         32
  C:0043H         LINE#         34
  C:004BH         LINE#         36
  C:0053H         LINE#         38
  C:005BH         LINE#         41
  C:0063H         LINE#         43
  C:006BH         LINE#         45
  C:0073H         LINE#         47
  C:0093H         LINE#         49
  C:009BH         LINE#         52
  C:05C9H         LINE#         209
  C:05CCH         LINE#         210
  C:05CFH         LINE#         211
BL51 BANKED LINKER/LOCATER V4.16a           01/17/2007  14:15:23  PAGE 17


  C:05D2H         LINE#         212
  C:05D5H         LINE#         213
  C:05D8H         LINE#         214
  C:05DBH         LINE#         216
  C:05DEH         LINE#         217
  C:05E1H         LINE#         218
  C:05E4H         LINE#         220
  C:05E7H         LINE#         221
  C:05EAH         LINE#         222
  C:05EDH         LINE#         223
  C:05F0H         LINE#         224
  C:05F3H         LINE#         225
  C:05F6H         LINE#         226
  C:05F9H         LINE#         227
  C:05FCH         LINE#         228
  C:05FFH         LINE#         229
  C:0602H         LINE#         230
  C:0605H         LINE#         232
  C:0608H         LINE#         233
  C:060BH         LINE#         234
  C:060EH         LINE#         238
  C:0610H         LINE#         239
  C:0613H         LINE#         241
  C:0616H         LINE#         242
  C:0619H         LINE#         243
  C:061CH         LINE#         245
  C:061EH         LINE#         246
  C:0620H         LINE#         248
  C:0623H         LINE#         251
  C:0626H         LINE#         252
  C:0629H         LINE#         253
  C:062CH         LINE#         254
  C:062FH         LINE#         256
  C:0632H         LINE#         257
  C:0635H         LINE#         259
  C:0636H         LINE#         260
  C:0638H         LINE#         261
  C:0639H         LINE#         262
  C:063AH         LINE#         263
  C:063DH         LINE#         264
  C:063FH         LINE#         265
  C:0640H         LINE#         266
  C:0641H         LINE#         267
  C:0642H         LINE#         268
  C:0645H         LINE#         269
  C:0648H         LINE#         270
  C:064AH         LINE#         271
  C:064CH         LINE#         272
  C:064DH         LINE#         273
  C:064FH         LINE#         275
  C:0651H         LINE#         276
  C:0653H         LINE#         277
  C:0654H         LINE#         278
  C:0656H         LINE#         280
  C:0658H         LINE#         281
  C:065AH         LINE#         285
  C:065CH         LINE#         286
  C:065EH         LINE#         287
  C:0660H         LINE#         288
  C:0662H         LINE#         289
  C:0664H         LINE#         290
  C:0666H         LINE#         291
  C:0668H         LINE#         292
  C:066AH         LINE#         293
  C:066CH         LINE#         294
BL51 BANKED LINKER/LOCATER V4.16a           01/17/2007  14:15:23  PAGE 18


  C:066EH         LINE#         295
  C:0670H         LINE#         297
  C:0672H         LINE#         298
  C:0674H         LINE#         300
  C:0677H         LINE#         301
  C:067AH         LINE#         302
  C:067CH         LINE#         303
  C:067FH         LINE#         304
  C:0681H         LINE#         305
  C:0684H         LINE#         306
  C:0686H         LINE#         307
  C:0689H         LINE#         314
  C:068BH         LINE#         316
  C:068DH         LINE#         317
  C:068EH         LINE#         318
  C:0691H         LINE#         319
  C:0694H         LINE#         320
  C:0697H         LINE#         323
  C:0699H         LINE#         324
  C:069BH         LINE#         325
  C:069CH         LINE#         326
  C:069FH         LINE#         327
  C:06A2H         LINE#         328
  C:06A5H         LINE#         330
  C:06A7H         LINE#         331
  C:06A9H         LINE#         332
  C:06AAH         LINE#         333
  C:06ACH         LINE#         334
  C:06ADH         LINE#         335
  C:06AFH         LINE#         336
  C:06B0H         LINE#         337
  C:06B2H         LINE#         338
  C:06B3H         LINE#         339
  C:06B5H         LINE#         340
  C:06B6H         LINE#         341
  C:06B8H         LINE#         342
  C:06B9H         LINE#         343
  C:06BBH         LINE#         344
  C:06BCH         LINE#         345
  C:06BEH         LINE#         346
  C:06BFH         LINE#         347
  C:06C1H         LINE#         348
  C:06C2H         LINE#         349
  C:06C4H         LINE#         350
  C:06C5H         LINE#         352
  C:06C8H         LINE#         353
  C:06CBH         LINE#         354
  C:06CEH         LINE#         356
  C:06D0H         LINE#         357
  C:06D2H         LINE#         358
  C:06D5H         LINE#         359
  C:06D8H         LINE#         361
  C:06DAH         LINE#         362
  C:06DDH         LINE#         363
  C:06E0H         LINE#         364
  C:06E2H         LINE#         365
  C:06E4H         LINE#         366
  C:06E6H         LINE#         367
  C:06E7H         LINE#         368
  C:06E8H         LINE#         370
  C:06EAH         LINE#         371
  C:06ECH         LINE#         372
  C:06EEH         LINE#         373
  C:06F0H         LINE#         374
  C:06F3H         LINE#         376
BL51 BANKED LINKER/LOCATER V4.16a           01/17/2007  14:15:23  PAGE 19


  C:06F6H         LINE#         377
  C:06F8H         LINE#         378
  C:06FBH         LINE#         379
  C:06FDH         LINE#         380
  C:0700H         LINE#         381
  C:0702H         LINE#         383
  C:0704H         LINE#         384
  C:0705H         LINE#         385
  C:0708H         LINE#         386
  C:070AH         LINE#         387
  C:070CH         LINE#         388
  C:070DH         LINE#         390
  C:070EH         LINE#         391
  C:0710H         LINE#         392
  C:0712H         LINE#         395
  C:0715H         LINE#         396
  C:0718H         LINE#         397
  C:071AH         LINE#         398
  C:071DH         LINE#         399
  C:071FH         LINE#         404
  C:0721H         LINE#         405
  C:0724H         LINE#         406
  C:0727H         LINE#         416
  C:072AH         LINE#         417
  C:072DH         LINE#         418
  C:0730H         LINE#         419
  C:0733H         LINE#         420
  C:0735H         LINE#         422
  C:0737H         LINE#         423
  C:0739H         LINE#         424
  C:073AH         LINE#         425
  C:073BH         LINE#         426
  C:073DH         LINE#         430
  C:073FH         LINE#         431
  C:0740H         LINE#         432
  C:0742H         LINE#         433
  C:0743H         LINE#         434
  C:0744H         LINE#         435
  C:0746H         LINE#         436
  C:0747H         LINE#         437
  C:0748H         LINE#         438
  C:0749H         LINE#         439
  C:074BH         LINE#         440
  C:074CH         LINE#         441
  C:074EH         LINE#         442
  C:074FH         LINE#         443
  C:0750H         LINE#         444
  C:0752H         LINE#         445
  C:0753H         LINE#         446
  C:0755H         LINE#         447
  C:0757H         LINE#         449
  C:0759H         LINE#         450
  C:075AH         LINE#         451
  C:075BH         LINE#         452
  C:075DH         LINE#         453
  C:075EH         LINE#         454
  C:0760H         LINE#         455
  C:0762H         LINE#         457
  C:0764H         LINE#         458
  C:0765H         LINE#         459
  C:0766H         LINE#         460
  C:0768H         LINE#         461
  C:0769H         LINE#         462
  C:076BH         LINE#         463
  C:076DH         LINE#         465
BL51 BANKED LINKER/LOCATER V4.16a           01/17/2007  14:15:23  PAGE 20


  C:0770H         LINE#         466
  C:0771H         LINE#         467
  C:0773H         LINE#         468
  C:0774H         LINE#         469
  C:0775H         LINE#         470
  C:0777H         LINE#         471
  C:0779H         LINE#         472
  C:077BH         LINE#         474
  C:077DH         LINE#         475
  C:077EH         LINE#         476
  C:077FH         LINE#         477
  C:0781H         LINE#         478
  C:0783H         LINE#         483
  C:0785H         LINE#         484
  C:0786H         LINE#         485
  C:0789H         LINE#         486
  C:078BH         LINE#         489
  C:078DH         LINE#         490
  C:078FH         LINE#         491
  C:0792H         LINE#         493
  C:0794H         LINE#         494
  C:0797H         LINE#         495
  C:0799H         LINE#         496
  C:079CH         LINE#         497
  C:079EH         LINE#         498
  C:07A1H         LINE#         499
  C:07A3H         LINE#         500
  C:07A5H         LINE#         501
  C:07A7H         LINE#         502
  C:07AAH         LINE#         504
  C:07ADH         LINE#         505
  C:07B0H         LINE#         506
  C:07B3H         LINE#         507
  C:07B5H         LINE#         508
  C:07B8H         LINE#         509
  C:07BAH         LINE#         510
  C:07BDH         LINE#         512
  C:07BFH         LINE#         513
  C:07C2H         LINE#         516
  C:07C4H         LINE#         517
  C:07C6H         LINE#         518
  C:07C8H         LINE#         519
  C:07C9H         LINE#         520
  C:07CCH         LINE#         526
  C:07CFH         LINE#         529
  C:07D1H         LINE#         530
  C:07D4H         LINE#         531
  C:07D6H         LINE#         532
  C:07D9H         LINE#         533
  C:07DBH         LINE#         534
  C:07DEH         LINE#         535
  C:07E0H         LINE#         536
  C:07E2H         LINE#         537
  C:07E4H         LINE#         538
  C:07E7H         LINE#         540
  C:07EAH         LINE#         541
  C:07ECH         LINE#         545
  C:07EFH         LINE#         546
  C:07F1H         LINE#         548
  C:07F4H         LINE#         549
  C:07F6H         LINE#         550
  C:07F9H         LINE#         551
  C:07FBH         LINE#         552
  C:07FEH         LINE#         553
  C:0800H         LINE#         554
BL51 BANKED LINKER/LOCATER V4.16a           01/17/2007  14:15:23  PAGE 21


  C:0802H         LINE#         556
  C:0804H         LINE#         557
  C:0806H         LINE#         558
  C:0808H         LINE#         559
  C:080BH         LINE#         560
  C:080DH         LINE#         561
  C:0810H         LINE#         565
  C:0812H         LINE#         566
  C:0815H         LINE#         567
  C:0818H         LINE#         568
  C:081BH         LINE#         570
  C:081DH         LINE#         571
  C:0820H         LINE#         572
  C:0823H         LINE#         573
  C:0826H         LINE#         575
  C:0829H         LINE#         576
  C:082CH         LINE#         577
  C:082FH         LINE#         578
  C:0832H         LINE#         579
  C:0835H         LINE#         580
  C:0838H         LINE#         581
  C:083BH         LINE#         582
  C:083EH         LINE#         583
  C:0841H         LINE#         584
  C:0844H         LINE#         585
  C:0847H         LINE#         587
  C:084AH         LINE#         588
  C:084DH         LINE#         590
  C:0850H         LINE#         591
  C:0853H         LINE#         593
  C:0856H         LINE#         594
  C:0859H         LINE#         596
  C:085CH         LINE#         597
  C:085FH         LINE#         599
  C:0862H         LINE#         600
  C:0865H         LINE#         602
  C:0868H         LINE#         605
  C:086AH         LINE#         606
  C:086DH         LINE#         608
  C:0870H         LINE#         609
  C:0873H         LINE#         611
  C:0876H         LINE#         612
  C:0879H         LINE#         613
  C:087CH         LINE#         614
  C:087FH         LINE#         615
  C:0882H         LINE#         616
  C:0885H         LINE#         617
  C:0888H         LINE#         618
  C:088BH         LINE#         619
  C:088EH         LINE#         620
  C:0891H         LINE#         621
  C:0894H         LINE#         622
  C:0897H         LINE#         623
  C:089AH         LINE#         624
  C:089DH         LINE#         625
  C:08A0H         LINE#         626
  C:08A3H         LINE#         627
  C:08A6H         LINE#         628
  C:08A9H         LINE#         629
  C:08ACH         LINE#         631
  C:08AFH         LINE#         632
  C:08B2H         LINE#         633
  C:08B5H         LINE#         634
  C:08B8H         LINE#         635
  C:08BBH         LINE#         636
BL51 BANKED LINKER/LOCATER V4.16a           01/17/2007  14:15:23  PAGE 22


  C:08BEH         LINE#         637
  C:08C1H         LINE#         639
  C:08C4H         LINE#         640
  C:08C7H         LINE#         642
  C:08CAH         LINE#         643
  C:08CDH         LINE#         645
  C:08D0H         LINE#         646
  C:08D3H         LINE#         648
  C:08D6H         LINE#         649
  C:08D9H         LINE#         651
  C:08DCH         LINE#         652
  C:08DFH         LINE#         654
  C:08E2H         LINE#         655
  C:08E5H         LINE#         656
  C:08E8H         LINE#         658
  C:08EBH         LINE#         659
  C:08EEH         LINE#         660
  C:08F1H         LINE#         661
  C:08F4H         LINE#         662
  C:08F7H         LINE#         663
  C:08FAH         LINE#         664
  C:08FDH         LINE#         666
  C:0900H         LINE#         667
  C:0903H         LINE#         669
  C:0906H         LINE#         670
  C:0909H         LINE#         672
  C:090CH         LINE#         673
  C:090FH         LINE#         675
  C:0912H         LINE#         676
  C:0915H         LINE#         678
  C:0918H         LINE#         679
  C:091BH         LINE#         681
  C:091EH         LINE#         684
  C:0920H         LINE#         685
  C:0923H         LINE#         687
  C:0926H         LINE#         688
  C:0929H         LINE#         690
  C:092CH         LINE#         691
  C:092FH         LINE#         692
  C:0932H         LINE#         693
  C:0935H         LINE#         694
  C:0938H         LINE#         695
  C:093BH         LINE#         696
  C:093EH         LINE#         697
  C:0941H         LINE#         698
  C:0944H         LINE#         699
  C:0947H         LINE#         700
  C:094AH         LINE#         701
  C:094DH         LINE#         702
  C:0950H         LINE#         703
  C:0953H         LINE#         704
  C:0956H         LINE#         705
  C:0959H         LINE#         706
  C:095CH         LINE#         707
  C:095FH         LINE#         709
  C:0962H         LINE#         710
  C:0965H         LINE#         711
  C:0968H         LINE#         712
  C:096BH         LINE#         713
  C:096EH         LINE#         714
  C:0971H         LINE#         715
  C:0974H         LINE#         716
  C:0977H         LINE#         717
  C:097AH         LINE#         718
  C:097DH         LINE#         719
BL51 BANKED LINKER/LOCATER V4.16a           01/17/2007  14:15:23  PAGE 23


  C:0980H         LINE#         720
  C:0983H         LINE#         721
  C:0986H         LINE#         722
  C:0989H         LINE#         723
  C:098CH         LINE#         724
  C:098FH         LINE#         725
  C:0992H         LINE#         726
  C:0995H         LINE#         727
  C:0998H         LINE#         728
  C:099BH         LINE#         734
  C:099DH         LINE#         735
  C:099EH         LINE#         736
  C:099FH         LINE#         737
  C:09A2H         LINE#         739
  C:09A5H         LINE#         740
  C:09A7H         LINE#         741
  C:09AAH         LINE#         742
  C:09ACH         LINE#         743
  C:09ADH         LINE#         745
  C:09B0H         LINE#         746
  C:09B3H         LINE#         747
  C:09B6H         LINE#         748
  C:09B8H         LINE#         750
  C:09BBH         LINE#         751
  C:09BEH         LINE#         752
  C:09C1H         LINE#         753
  C:09C3H         LINE#         756
  C:09C6H         LINE#         757
  C:09C9H         LINE#         758
  C:09CBH         LINE#         759
  C:09CEH         LINE#         760
  C:09CFH         LINE#         761
  C:09D1H         LINE#         762
  C:09D3H         LINE#         763
  C:09D5H         LINE#         766
  C:09D8H         LINE#         773
  C:09DAH         LINE#         774
  C:09DDH         LINE#         778
  C:09DEH         LINE#         779
  C:09E0H         LINE#         780
  C:09E2H         LINE#         781
  C:09E3H         LINE#         782
  C:09E5H         LINE#         784
  C:09E8H         LINE#         785
  C:09EAH         LINE#         786
  C:09EDH         LINE#         788
  C:09EFH         LINE#         789
  C:09F0H         LINE#         790
  C:09F3H         LINE#         791
  C:09F5H         LINE#         792
  C:09F8H         LINE#         793
  C:09FBH         LINE#         794
  C:09FDH         LINE#         795
  C:0A00H         LINE#         796
  C:0A02H         LINE#         799
  C:0A04H         LINE#         800
  C:0A05H         LINE#         801
  C:0A08H         LINE#         803
  C:0A0BH         LINE#         807
  C:0A0DH         LINE#         808
  C:0A0EH         LINE#         809
  C:0A11H         LINE#         810
  C:0A14H         LINE#         811
  C:0A17H         LINE#         812
  C:0A19H         LINE#         813
BL51 BANKED LINKER/LOCATER V4.16a           01/17/2007  14:15:23  PAGE 24


  C:0A1CH         LINE#         814
  C:0A1EH         LINE#         816
  C:0A21H         LINE#         818
  C:0A24H         LINE#         820
  C:0A25H         LINE#         821
  C:0A27H         LINE#         822
  C:0A29H         LINE#         823
  C:0A2AH         LINE#         824
  C:0A2CH         LINE#         826
  C:0A2FH         LINE#         827
  C:0A32H         LINE#         829
  C:0A35H         LINE#         830
  C:0A38H         LINE#         831
  C:0A3BH         LINE#         832
  C:0A3EH         LINE#         833
  C:0A41H         LINE#         835
  C:0A43H         LINE#         836
  C:0A46H         LINE#         837
  C:0A49H         LINE#         838
  C:0A4CH         LINE#         839
  C:0A4EH         LINE#         840
  C:0A51H         LINE#         841
  C:0A53H         LINE#         842
  C:0A56H         LINE#         843
  C:0A59H         LINE#         844
  C:0A5BH         LINE#         845
  C:0A5EH         LINE#         846
  C:0A61H         LINE#         848
  C:0A63H         LINE#         849
  C:0A64H         LINE#         850
  C:0A66H         LINE#         851
  C:0A68H         LINE#         852
  C:0A6AH         LINE#         853
  C:0A6DH         LINE#         854
  C:0A6FH         LINE#         855
  C:0A72H         LINE#         856
  C:0A74H         LINE#         858
  C:0A76H         LINE#         859
  C:0A79H         LINE#         861
  C:0A7BH         LINE#         862
  C:0A7CH         LINE#         863
  C:0A7EH         LINE#         864
  C:0A80H         LINE#         866
  C:0A82H         LINE#         867
  C:0A85H         LINE#         868
  C:0A87H         LINE#         869
  C:0A89H         LINE#         870
  C:0A8CH         LINE#         876
  C:0A8EH         LINE#         877
  C:0A91H         LINE#         878
  C:0A94H         LINE#         879
  C:0A96H         LINE#         880
  C:0A99H         LINE#         882
  C:0A9CH         LINE#         883
  C:0A9EH         LINE#         884
  C:0A9FH         LINE#         885
  C:0AA2H         LINE#         888
  C:0AA4H         LINE#         889
  C:0AA7H         LINE#         890
  C:0AAAH         LINE#         893
  C:0AACH         LINE#         894
  C:0AAFH         LINE#         900
  C:0AB0H         LINE#         901
  C:0AB2H         LINE#         902
  C:0AB3H         LINE#         903
BL51 BANKED LINKER/LOCATER V4.16a           01/17/2007  14:15:23  PAGE 25


  C:0AB6H         LINE#         904
  C:0AB9H         LINE#         905
  C:0ABCH         LINE#         906
  C:0ABEH         LINE#         907
  C:0AC1H         LINE#         908
  C:0AC4H         LINE#         910
  C:0AC7H         LINE#         911
  C:0ACAH         LINE#         912
  C:0ACDH         LINE#         913
  C:0AD0H         LINE#         914
  C:0AD3H         LINE#         915
  C:0AD5H         LINE#         916
  C:0AD8H         LINE#         918
  C:0ADBH         LINE#         920
  C:0ADEH         LINE#         921
  C:0AE0H         LINE#         922
  C:0AE3H         LINE#         923
  C:0AE6H         LINE#         924
  C:0AE9H         LINE#         925
  C:0AECH         LINE#         926
  C:0AEFH         LINE#         927
  C:0AF1H         LINE#         928
  C:0AF4H         LINE#         929
  C:0AF7H         LINE#         930
  C:0AFAH         LINE#         932
  C:0AFCH         LINE#         933
  C:0AFFH         LINE#         934
  C:0B01H         LINE#         935
  C:0B04H         LINE#         937
  C:0B06H         LINE#         938
  C:0B09H         LINE#         939
  C:0B0CH         LINE#         940
  C:0B0EH         LINE#         941
  C:0B11H         LINE#         944
  C:0B13H         LINE#         945
  C:0B16H         LINE#         946
  C:0B19H         LINE#         957
  C:0B1CH         LINE#         958
  C:0B1FH         LINE#         961
  C:0B20H         LINE#         962
  C:0B22H         LINE#         963
  C:0B23H         LINE#         964
  C:0B26H         LINE#         965
  C:0B29H         LINE#         966
  C:0B2CH         LINE#         967
  C:0B2EH         LINE#         968
  C:0B30H         LINE#         969
  C:0B33H         LINE#         970
  C:0B35H         LINE#         972
  C:0B36H         LINE#         973
  C:0B39H         LINE#         974
  C:0B3AH         LINE#         976
  C:0B3DH         LINE#         978
  C:0B40H         LINE#         979
  C:0B42H         LINE#         980
  C:0B45H         LINE#         981
  C:0B47H         LINE#         982
  C:0B4AH         LINE#         983
  C:0B4CH         LINE#         986
  C:0B4EH         LINE#         987
  C:0B51H         LINE#         988
  C:0B54H         LINE#         989
  C:0B56H         LINE#         990
  C:0B59H         LINE#         992
  C:0B5CH         LINE#         993
BL51 BANKED LINKER/LOCATER V4.16a           01/17/2007  14:15:23  PAGE 26


  C:0B5DH         LINE#         994
  C:0B5FH         LINE#         995
  C:0B60H         LINE#         996
  C:0B63H         LINE#         998
  C:0B66H         LINE#         999
  C:0B69H         LINE#         1000
  C:0B6CH         LINE#         1001
  C:0B6EH         LINE#         1002
  C:0B71H         LINE#         1003
  C:0B74H         LINE#         1004
  C:0B77H         LINE#         1005
  C:0B79H         LINE#         1007
  C:0B7CH         LINE#         1008
  C:0B7EH         LINE#         1009
  C:0B80H         LINE#         1010
  C:0B82H         LINE#         1011
  C:0B84H         LINE#         1012
  C:0B86H         LINE#         1013
  C:0B89H         LINE#         1014
  C:0B8CH         LINE#         1015
  C:0B8FH         LINE#         1016
  C:0B92H         LINE#         1017
  C:0B94H         LINE#         1018
  C:0B96H         LINE#         1019
  C:0B98H         LINE#         1020
  C:0B9AH         LINE#         1021
  C:0B9DH         LINE#         1022
  C:0B9FH         LINE#         1023
  C:0BA2H         LINE#         1024
  C:0BA5H         LINE#         1026
  C:0BA7H         LINE#         1027
  C:0BAAH         LINE#         1029
  C:0BACH         LINE#         1031
  C:0BAEH         LINE#         1032
  C:0BAFH         LINE#         1033
  C:0BB2H         LINE#         1035
  C:0BB4H         LINE#         1036
  C:0BB7H         LINE#         1038
  C:0BBAH         LINE#         1039
  C:0BBDH         LINE#         1040
  C:0BC0H         LINE#         1042
  C:0BC2H         LINE#         1043
  C:0BC4H         LINE#         1044
  C:0BC6H         LINE#         1045
  C:0BC8H         LINE#         1046
  C:0BCBH         LINE#         1047
  C:0BCEH         LINE#         1048
  C:0BD1H         LINE#         1049
  C:0BD3H         LINE#         1050
  C:0BD5H         LINE#         1051
  C:0BD6H         LINE#         1052
  C:0BD9H         LINE#         1053
  C:0BDCH         LINE#         1054
  C:0BDFH         LINE#         1055
  C:0BE1H         LINE#         1057
  C:0BE4H         LINE#         1058
  C:0BE7H         LINE#         1059
  C:0BEAH         LINE#         1060
  C:0BEDH         LINE#         1061
  C:0BF0H         LINE#         1062
  C:0BF3H         LINE#         1063
  C:0BF6H         LINE#         1064
  C:0BF9H         LINE#         1066
  C:0BFBH         LINE#         1067
  C:0BFEH         LINE#         1069
BL51 BANKED LINKER/LOCATER V4.16a           01/17/2007  14:15:23  PAGE 27


  C:0C01H         LINE#         1070
  C:0C04H         LINE#         1071
  C:0C07H         LINE#         1072
  C:0C09H         LINE#         1073
  C:0C0BH         LINE#         1074
  C:0C0CH         LINE#         1075
  C:0C0FH         LINE#         1076
  C:0C12H         LINE#         1077
  C:0C15H         LINE#         1078
  C:0C17H         LINE#         1082
  C:0C19H         LINE#         1083
  C:0C1BH         LINE#         1084
  C:0C1EH         LINE#         1089
  C:0C20H         LINE#         1090
  C:0C23H         LINE#         1091
  C:0C24H         LINE#         1092
  C:0C27H         LINE#         1093
  C:0C28H         LINE#         1094
  C:0C2AH         LINE#         1095
  C:0C2CH         LINE#         1097
  C:0C2DH         LINE#         1098
  C:0C2FH         LINE#         1099
  C:0C31H         LINE#         1100
  C:0C33H         LINE#         1101
  C:0C34H         LINE#         1102
  C:0C36H         LINE#         1103
  C:0C37H         LINE#         1104
  C:0C38H         LINE#         1105
  C:0C39H         LINE#         1106
  C:0C3BH         LINE#         1108
  C:0C3DH         LINE#         1109
  C:0C40H         LINE#         1110
  C:0C42H         LINE#         1111
  C:0C44H         LINE#         1113
  C:0C46H         LINE#         1114
  C:0C47H         LINE#         1115
  C:0C49H         LINE#         1116
  C:0C4AH         LINE#         1117
  C:0C4BH         LINE#         1118
  C:0C4CH         LINE#         1119
  C:0C4DH         LINE#         1120
  C:0C4FH         LINE#         1121
  C:0C51H         LINE#         1122
  C:0C52H         LINE#         1123
  C:0C54H         LINE#         1124
  C:0C55H         LINE#         1125
  C:0C56H         LINE#         1126
  C:0C57H         LINE#         1127
  C:0C59H         LINE#         1129
  C:0C5BH         LINE#         1130
  C:0C5EH         LINE#         1131
  C:0C60H         LINE#         1132
  C:0C61H         LINE#         1133
  C:0C63H         LINE#         1135
  C:0C66H         LINE#         1136
  C:0C68H         LINE#         1137
  C:0C6AH         LINE#         1138
  C:0C6CH         LINE#         1139
  C:0C6EH         LINE#         1140
  C:0C71H         LINE#         1141
  C:0C74H         LINE#         1142
  C:0C77H         LINE#         1143
  C:0C7AH         LINE#         1144
  C:0C7DH         LINE#         1149
  C:0C80H         LINE#         1150
BL51 BANKED LINKER/LOCATER V4.16a           01/17/2007  14:15:23  PAGE 28


  C:0C83H         LINE#         1151
  C:0C85H         LINE#         1152
  C:0C88H         LINE#         1154
  C:0C8BH         LINE#         1155
  C:0C8EH         LINE#         1156
  C:0C90H         LINE#         1157
  C:0C93H         LINE#         1159
  C:0C94H         LINE#         1161
  C:0C97H         LINE#         1162
  C:0C98H         LINE#         1164
  C:0C9BH         LINE#         1167
  C:0C9EH         LINE#         1168
  C:0CA0H         LINE#         1169
  C:0CA3H         LINE#         1170
  C:0CA5H         LINE#         1171
  C:0CA8H         LINE#         1172
  C:0CAAH         LINE#         1173
  C:0CADH         LINE#         1175
  C:0CAEH         LINE#         1176
  C:0CB1H         LINE#         1188
  C:0CB3H         LINE#         1189
  C:0CB6H         LINE#         1190
  C:0CB9H         LINE#         1191
  C:0CBCH         LINE#         1192
  C:0CBFH         LINE#         1194
  C:0CC0H         LINE#         1195
  C:0CC3H         LINE#         1196
  C:0CC5H         LINE#         1197
  C:0CC7H         LINE#         1199
  C:0CC8H         LINE#         1200
  C:0CCAH         LINE#         1201
  C:0CCCH         LINE#         1203
  C:0CCFH         LINE#         1205
  C:0CD1H         LINE#         1206
  C:0CD3H         LINE#         1207
  C:0CD6H         LINE#         1210
  C:0CD8H         LINE#         1211
  C:0CDAH         LINE#         1212
  C:0CDBH         LINE#         1213
  C:0CDDH         LINE#         1214
  C:0CE0H         LINE#         1215
  C:0CE2H         LINE#         1216
  C:0CE3H         LINE#         1217
  C:0CE5H         LINE#         1218
  C:0CE7H         LINE#         1220
  C:0CE8H         LINE#         1221
  C:0CE9H         LINE#         1222
  C:0CEBH         LINE#         1231
  C:0CEEH         LINE#         1232
  C:0CF1H         LINE#         1233
  C:0CF4H         LINE#         1234
  C:0CF7H         LINE#         1237
  C:0CF9H         LINE#         1238
  C:0CFCH         LINE#         1239
  C:0CFFH         LINE#         1241
  C:0D01H         LINE#         1242
  C:0D04H         LINE#         1244
  C:0D07H         LINE#         1245
  C:0D09H         LINE#         1246
  C:0D0CH         LINE#         1249
  C:0D0EH         LINE#         1250
  C:0D10H         LINE#         1251
  C:0D13H         LINE#         1253
  C:0D15H         LINE#         1254
  C:0D17H         LINE#         1255
BL51 BANKED LINKER/LOCATER V4.16a           01/17/2007  14:15:23  PAGE 29


  C:0D19H         LINE#         1256
  C:0D1AH         LINE#         1257
  C:0D1CH         LINE#         1258
  C:0D1DH         LINE#         1259
  C:0D1EH         LINE#         1260
  C:0D1FH         LINE#         1261
  C:0D21H         LINE#         1262
  C:0D23H         LINE#         1263
  C:0D25H         LINE#         1264
  C:0D27H         LINE#         1265
  C:0D29H         LINE#         1266
  C:0D2CH         LINE#         1267
  C:0D2EH         LINE#         1268
  C:0D30H         LINE#         1269
  C:0D32H         LINE#         1270
  C:0D33H         LINE#         1271
  C:0D36H         LINE#         1272
  C:0D38H         LINE#         1273
  C:0D39H         LINE#         1274
  C:0D3BH         LINE#         1275
  C:0D3CH         LINE#         1276
  C:0D3EH         LINE#         1277
  C:0D41H         LINE#         1279
  C:0D43H         LINE#         1280
  C:0D44H         LINE#         1281
  C:0D46H         LINE#         1283
  C:0D47H         LINE#         1284
  C:0D49H         LINE#         1286
  C:0D4BH         LINE#         1287
  C:0D4EH         LINE#         1289
  C:0D50H         LINE#         1290
  C:0D51H         LINE#         1291
  C:0D52H         LINE#         1292
  C:0D54H         LINE#         1293
  C:0D55H         LINE#         1294
  C:0D57H         LINE#         1295
  C:0D58H         LINE#         1296
  C:0D5AH         LINE#         1300
  C:0D5CH         LINE#         1301
  C:0D5FH         LINE#         1305
  C:0D61H         LINE#         1306
  C:0D62H         LINE#         1307
  C:0D65H         LINE#         1308
  C:0D67H         LINE#         1309
  C:0D68H         LINE#         1310
  C:0D6AH         LINE#         1311
  C:0D6DH         LINE#         1312
  C:0D6FH         LINE#         1313
  C:0D71H         LINE#         1314
  C:0D74H         LINE#         1315
  C:0D76H         LINE#         1316
  C:0D78H         LINE#         1317
  C:0D7BH         LINE#         1318
  C:0D7DH         LINE#         1321
  C:0D7EH         LINE#         1322
  C:0D81H         LINE#         1323
  C:0D83H         LINE#         1324
  C:0D84H         LINE#         1325
  C:0D85H         LINE#         1326
  C:0D88H         LINE#         1327
  C:0D8AH         LINE#         1328
  C:0D8BH         LINE#         1330
  C:0D8EH         LINE#         1331
  C:0D90H         LINE#         1332
  C:0D93H         LINE#         1333
BL51 BANKED LINKER/LOCATER V4.16a           01/17/2007  14:15:23  PAGE 30


  C:0D95H         LINE#         1334
  C:0D97H         LINE#         1335
  C:0D9AH         LINE#         1338
  C:0D9DH         LINE#         1340
  C:0D9FH         LINE#         1341
  C:0DA1H         LINE#         1342
  C:0DA4H         LINE#         1345
  C:0DA6H         LINE#         1347
  C:0DA8H         LINE#         1348
  C:0DA9H         LINE#         1349
  C:0DABH         LINE#         1350
  C:0DACH         LINE#         1351
  C:0DADH         LINE#         1352
  C:0DAFH         LINE#         1353
  C:0DB0H         LINE#         1354
  C:0DB1H         LINE#         1355
  C:0DB2H         LINE#         1356
  C:0DB4H         LINE#         1357
  C:0DB5H         LINE#         1358
  C:0DB7H         LINE#         1359
  C:0DB8H         LINE#         1360
  C:0DB9H         LINE#         1361
  C:0DBBH         LINE#         1362
  C:0DBCH         LINE#         1363
  C:0DBDH         LINE#         1364
  C:0DBEH         LINE#         1365
  C:0DC0H         LINE#         1367
  C:0DC2H         LINE#         1368
  C:0DC3H         LINE#         1369
  C:0DC4H         LINE#         1370
  C:0DC6H         LINE#         1371
  C:0DC7H         LINE#         1372
  C:0DC8H         LINE#         1373
  C:0DC9H         LINE#         1374
  C:0DCBH         LINE#         1376
  C:0DCDH         LINE#         1377
  C:0DCEH         LINE#         1378
  C:0DCFH         LINE#         1379
  C:0DD1H         LINE#         1380
  C:0DD2H         LINE#         1381
  C:0DD3H         LINE#         1382
  C:0DD4H         LINE#         1383
  C:0DD6H         LINE#         1386
  C:0DD7H         LINE#         1387
  C:0DD9H         LINE#         1388
  C:0DDAH         LINE#         1389
  C:0DDBH         LINE#         1390
  C:0DDDH         LINE#         1391
  C:0DDEH         LINE#         1392
  C:0DDFH         LINE#         1393
  C:0DE0H         LINE#         1395
  C:0DE2H         LINE#         1396
  C:0DE3H         LINE#         1397
  C:0DE4H         LINE#         1398
  C:0DE6H         LINE#         1399
  C:0DE7H         LINE#         1400
  C:0DE8H         LINE#         1401
  C:0DE9H         LINE#         1402
  C:0DEAH         LINE#         1404
  C:0DEDH         LINE#         1405
  C:0DEEH         LINE#         1406
  C:0DF0H         LINE#         1407
  C:0DF1H         LINE#         1408
  C:0DF2H         LINE#         1409
  C:0DF4H         LINE#         1410
BL51 BANKED LINKER/LOCATER V4.16a           01/17/2007  14:15:23  PAGE 31


  C:0DF6H         LINE#         1412
  C:0DF8H         LINE#         1413
  C:0DF9H         LINE#         1414
  C:0DFAH         LINE#         1415
  C:0DFCH         LINE#         1416
  C:0DFDH         LINE#         1420
  C:0E00H         LINE#         1421
  C:0E03H         LINE#         1422
  C:0E05H         LINE#         1423
  C:0E08H         LINE#         1424
  C:0E09H         LINE#         1425
  C:0E0BH         LINE#         1427
  C:0E0CH         LINE#         1428
  C:0E0EH         LINE#         1431
  C:0E10H         LINE#         1432
  C:0E13H         LINE#         1433
  C:0E16H         LINE#         1434
  C:0E19H         LINE#         1435
  C:0E1BH         LINE#         1436
  C:0E1DH         LINE#         1438
  C:0E1FH         LINE#         1440
  C:0E21H         LINE#         1441
  C:0E23H         LINE#         1442
  C:0E26H         LINE#         1444
  C:0E28H         LINE#         1446
  C:0E2BH         LINE#         1448
  C:0E2DH         LINE#         1450
  C:0E2EH         LINE#         1451
  C:0E30H         LINE#         1452
  C:0E32H         LINE#         1453
  C:0E33H         LINE#         1454
  C:0E35H         LINE#         1455
  C:0E38H         LINE#         1456
  C:0E3BH         LINE#         1457
  C:0E3DH         LINE#         1458
  C:0E40H         LINE#         1461
  C:0E42H         LINE#         1463
  C:0E43H         LINE#         1464
  C:0E45H         LINE#         1467
  C:0E48H         LINE#         1468
  C:0E4AH         LINE#         1469
  C:0E4DH         LINE#         1471
  C:0E50H         LINE#         1472
  C:0E52H         LINE#         1473
  C:0E55H         LINE#         1474
  C:0E57H         LINE#         1475
  C:0E5AH         LINE#         1481
  C:0E5CH         LINE#         1482
  C:0E5FH         LINE#         1494
  C:0E62H         LINE#         1495
  C:0E65H         LINE#         1496
  C:0E67H         LINE#         1499
  C:0E6AH         LINE#         1501
  C:0E6CH         LINE#         1502
  C:0E6FH         LINE#         1512
  C:0E72H         LINE#         1513
  C:0E74H         LINE#         1514
  C:0E77H         LINE#         1525
  C:0E7AH         LINE#         1526
  C:0E7CH         LINE#         1527
  C:0E7DH         LINE#         1528
  C:0E80H         LINE#         1531
  C:0E83H         LINE#         1532
  C:0E85H         LINE#         1533
  C:0E87H         LINE#         1534
BL51 BANKED LINKER/LOCATER V4.16a           01/17/2007  14:15:23  PAGE 32


  C:0E89H         LINE#         1535
  C:0E8AH         LINE#         1536
  C:0E8CH         LINE#         1537
  C:0E8FH         LINE#         1538
  C:0E92H         LINE#         1548
  C:0E94H         LINE#         1549
  C:0E97H         LINE#         1550
  C:0E99H         LINE#         1551
  C:0E9BH         LINE#         1552
  C:0E9CH         LINE#         1553
  C:0E9DH         LINE#         1554
  C:0E9FH         LINE#         1555
  C:0EA1H         LINE#         1556
  C:0EA2H         LINE#         1557
  C:0EA5H         LINE#         1559
  C:0EA8H         LINE#         1564
  C:0EAAH         LINE#         1565
  C:0EABH         LINE#         1566
  C:0EADH         LINE#         1567
  C:0EAEH         LINE#         1568
  C:0EB0H         LINE#         1569
  C:0EB1H         LINE#         1570
  C:0EB3H         LINE#         1571
  C:0EB4H         LINE#         1573
  C:0EB7H         LINE#         1574
  C:0EB9H         LINE#         1575
  C:0EBCH         LINE#         1576
  C:0EBEH         LINE#         1577
  C:0EC1H         LINE#         1578
  C:0EC4H         LINE#         1579
  C:0EC7H         LINE#         1580
  C:0ECAH         LINE#         1581
  C:0ECDH         LINE#         1582
  C:0ED0H         LINE#         1583
  C:0ED1H         LINE#         1584
  C:0ED3H         LINE#         1585
  C:0ED4H         LINE#         1586
  C:0ED6H         LINE#         1587
  C:0ED9H         LINE#         1590
  C:0EDBH         LINE#         1591
  C:0EDDH         LINE#         1592
  C:0EDFH         LINE#         1593
  C:0EE1H         LINE#         1594
  C:0EE2H         LINE#         1595
  C:0EE5H         LINE#         1597
  C:0EE8H         LINE#         1602
  C:0EEAH         LINE#         1603
  C:0EEBH         LINE#         1604
  C:0EEDH         LINE#         1605
  C:0EEEH         LINE#         1606
  C:0EF0H         LINE#         1607
  C:0EF1H         LINE#         1608
  C:0EF3H         LINE#         1609
  C:0EF4H         LINE#         1611
  C:0EF7H         LINE#         1612
  C:0EF9H         LINE#         1613
  C:0EFCH         LINE#         1614
  C:0EFEH         LINE#         1615
  C:0F01H         LINE#         1616
  C:0F04H         LINE#         1617
  C:0F07H         LINE#         1618
  C:0F0AH         LINE#         1619
  C:0F0DH         LINE#         1620
  C:0F10H         LINE#         1621
  C:0F11H         LINE#         1622
BL51 BANKED LINKER/LOCATER V4.16a           01/17/2007  14:15:23  PAGE 33


  C:0F13H         LINE#         1623
[...]
  C:173CH         LINE#         2944
BL51 BANKED LINKER/LOCATER V4.16a           01/17/2007  14:15:23  PAGE 48


  C:173FH         LINE#         2945
  C:1742H         LINE#         2946
  C:1745H         LINE#         2947
  C:1748H         LINE#         2948
  C:174AH         LINE#         2949
  C:174DH         LINE#         2950
  C:1750H         LINE#         2951
  C:1753H         LINE#         2953
  C:1756H         LINE#         2954
  C:1758H         LINE#         2956
  C:175BH         LINE#         2957
  C:175EH         LINE#         2959
  C:1761H         LINE#         2960
  C:1764H         LINE#         2961
  C:1767H         LINE#         2962
  C:176AH         LINE#         2963
  C:176DH         LINE#         2965
  C:176FH         LINE#         2966
  C:1771H         LINE#         2967
  C:1774H         LINE#         2969
  C:1777H         LINE#         2970
  C:177AH         LINE#         2971
  C:177DH         LINE#         2973
  C:177FH         LINE#         2974
  C:1781H         LINE#         2975
  C:1784H         LINE#         2977
  C:1786H         LINE#         2978
  C:1789H         LINE#         2979
  C:178CH         LINE#         2980
  C:178EH         LINE#         2982
  C:1790H         LINE#         2983
  C:1792H         LINE#         2986
  C:1795H         LINE#         2988
  C:1798H         LINE#         2989
  C:179AH         LINE#         2990
  C:179DH         LINE#         2991
  C:17A0H         LINE#         2992
  C:17A2H         LINE#         2993
  C:17A5H         LINE#         2996
  C:17A7H         LINE#         2997
  C:17A9H         LINE#         2999
  C:17ACH         LINE#         3000
  C:17AFH         LINE#         3001
  C:17B1H         LINE#         3002
  C:17B4H         LINE#         3003
  C:17B6H         LINE#         3004
  C:17B9H         LINE#         3005
  C:17BCH         LINE#         3006
  C:17BEH         LINE#         3008
  C:17C1H         LINE#         3010
  C:17C4H         LINE#         3011
  C:17C6H         LINE#         3012
  C:17C9H         LINE#         3013
  C:17CCH         LINE#         3014
  C:17CEH         LINE#         3015
  C:17D0H         LINE#         3016
  C:17D3H         LINE#         3017
  C:17D6H         LINE#         3018
  C:17D9H         LINE#         3019
  C:17DBH         LINE#         3020
  C:17DDH         LINE#         3032
  C:17DFH         LINE#         3033
  C:17E1H         LINE#         3034
  C:17E2H         LINE#         3035
  C:17E3H         LINE#         3036
BL51 BANKED LINKER/LOCATER V4.16a           01/17/2007  14:15:23  PAGE 49


  C:17E4H         LINE#         3037
  C:17E6H         LINE#         3039
  C:17E8H         LINE#         3040
  C:17EAH         LINE#         3041
  C:17EBH         LINE#         3042
  C:17ECH         LINE#         3043
  C:17EEH         LINE#         3044
  C:17F0H         LINE#         3045
  C:17F1H         LINE#         3047
  C:17F4H         LINE#         3048
  C:17F6H         LINE#         3049
  C:17F7H         LINE#         3050
  C:17FAH         LINE#         3053
  C:17FDH         LINE#         3054
  C:1800H         LINE#         3055
  C:1803H         LINE#         3056
  C:1806H         LINE#         3057
  C:1809H         LINE#         3059
  C:180BH         LINE#         3061
  C:180DH         LINE#         3062
  C:180FH         LINE#         3063
  C:1812H         LINE#         3064
  C:1815H         LINE#         3065
  C:1817H         LINE#         3066
  C:1819H         LINE#         3067
  C:181CH         LINE#         3070
  C:181EH         LINE#         3071
  C:1820H         LINE#         3072
  C:1821H         LINE#         3073
  C:1824H         LINE#         3074
  C:1827H         LINE#         3075
  C:1829H         LINE#         3076
  C:182BH         LINE#         3077
  C:182EH         LINE#         3078
  C:1831H         LINE#         3079
  C:1834H         LINE#         3081
  C:1837H         LINE#         3082
  C:183AH         LINE#         3083
  C:183DH         LINE#         3085
  C:183FH         LINE#         3086
  C:1841H         LINE#         3087
  C:1842H         LINE#         3088
  C:1843H         LINE#         3089
  C:1845H         LINE#         3090
  C:1847H         LINE#         3091
  C:1848H         LINE#         3092
  C:184BH         LINE#         3093
  C:184EH         LINE#         3094
  C:1851H         LINE#         3096
  C:1854H         LINE#         3097
  C:1857H         LINE#         3098
  C:1859H         LINE#         3100
  C:185BH         LINE#         3101
  C:185DH         LINE#         3102
  C:1860H         LINE#         3103
  C:1863H         LINE#         3104
  C:1865H         LINE#         3105
  C:1867H         LINE#         3106
  C:186AH         LINE#         3107
  C:186DH         LINE#         3108
  C:1870H         LINE#         3110
  C:1873H         LINE#         3111
  C:1876H         LINE#         3112
  C:1878H         LINE#         3113
  C:187AH         LINE#         3114
BL51 BANKED LINKER/LOCATER V4.16a           01/17/2007  14:15:23  PAGE 50


  C:187DH         LINE#         3115
  C:1880H         LINE#         3116
  C:1883H         LINE#         3119
  C:1886H         LINE#         3120
  C:1889H         LINE#         3121
  C:188CH         LINE#         3122
  C:188FH         LINE#         3123
  C:1892H         LINE#         3125
  C:1894H         LINE#         3126
  C:1896H         LINE#         3127
  C:1898H         LINE#         3128
  C:189BH         LINE#         3129
  C:189EH         LINE#         3130
  C:18A0H         LINE#         3131
  C:18A2H         LINE#         3132
  C:18A5H         LINE#         3133
  C:18A8H         LINE#         3134
  C:18ABH         LINE#         3135
  C:18AEH         LINE#         3137
  C:18B1H         LINE#         3138
  C:18B4H         LINE#         3139
  C:18B7H         LINE#         3140
  C:18BAH         LINE#         3141
  C:18BDH         LINE#         3142
  C:18BFH         LINE#         3144
  C:18C1H         LINE#         3145
  C:18C3H         LINE#         3147
  C:18C6H         LINE#         3150
  C:18C9H         LINE#         3151
  C:18CBH         LINE#         3152
  C:18CDH         LINE#         3153
  C:18CEH         LINE#         3154
  C:18CFH         LINE#         3155
  C:18D1H         LINE#         3157
  C:18D4H         LINE#         3158
  C:18D7H         LINE#         3159
  C:18D9H         LINE#         3160
  C:18DCH         LINE#         3161
  C:18DEH         LINE#         3162
  C:18E1H         LINE#         3163
  C:18E4H         LINE#         3164
  C:18E7H         LINE#         3165
  C:18E9H         LINE#         3166
  C:18EBH         LINE#         3168
  C:18EDH         LINE#         3169
  C:18EFH         LINE#         3170
  C:18F2H         LINE#         3174
  C:18F4H         LINE#         3177
  C:18F6H         LINE#         3178
  C:18F8H         LINE#         3179
  C:18F9H         LINE#         3180
  C:18FBH         LINE#         3181
  C:18FEH         LINE#         3183
  C:1900H         LINE#         3184
  C:1903H         LINE#         3185
  C:1906H         LINE#         3188
  C:1909H         LINE#         3189
  C:190BH         LINE#         3190
  C:190EH         LINE#         3191
  C:1911H         LINE#         3192
  C:1914H         LINE#         3194
  C:1915H         LINE#         3195
  C:1918H         LINE#         3196
  C:191BH         LINE#         3198
  C:191EH         LINE#         3200
BL51 BANKED LINKER/LOCATER V4.16a           01/17/2007  14:15:23  PAGE 51


  C:1921H         LINE#         3202
  C:1924H         LINE#         3203
  C:1926H         LINE#         3205
  C:1928H         LINE#         3206
  C:192AH         LINE#         3207
  C:192DH         LINE#         3208
  C:192FH         LINE#         3209
  C:1932H         LINE#         3210
  C:1935H         LINE#         3211
  C:1938H         LINE#         3212
  C:193AH         LINE#         3213
  C:193DH         LINE#         3214
  C:1940H         LINE#         3215
  C:1943H         LINE#         3216
  C:1945H         LINE#         3217
  C:1948H         LINE#         3220
  C:194BH         LINE#         3221
  C:194DH         LINE#         3222
  C:194FH         LINE#         3223
  C:1951H         LINE#         3224
  C:1952H         LINE#         3225
  C:1954H         LINE#         3226
  C:1956H         LINE#         3227
  C:1959H         LINE#         3229
  C:195BH         LINE#         3230
  C:195EH         LINE#         3231
  C:1960H         LINE#         3232
  C:1962H         LINE#         3233
  C:1965H         LINE#         3234
  C:1968H         LINE#         3235
  C:196AH         LINE#         3236
  C:196DH         LINE#         3239
  C:196FH         LINE#         3240
  C:1971H         LINE#         3241
  C:1972H         LINE#         3242
  C:1973H         LINE#         3243
  C:1975H         LINE#         3244
  C:1978H         LINE#         3245
  C:197BH         LINE#         3246
  C:197EH         LINE#         3247
  C:1980H         LINE#         3248
  C:1983H         LINE#         3249
  C:1986H         LINE#         3250
  C:1989H         LINE#         3252
  C:198AH         LINE#         3253
  C:198DH         LINE#         3254
  C:1990H         LINE#         3255
  C:1993H         LINE#         3257
  C:1996H         LINE#         3258
  C:1999H         LINE#         3259
  C:199CH         LINE#         3261
  C:199FH         LINE#         3262
  C:19A1H         LINE#         3263
  C:19A3H         LINE#         3264
  C:19A5H         LINE#         3265
  C:19A8H         LINE#         3266
  C:19ABH         LINE#         3268
  C:19ADH         LINE#         3271
  C:19AFH         LINE#         3273
  C:19B2H         LINE#         3274
  C:19B5H         LINE#         3275
  C:19B8H         LINE#         3276
  C:19BBH         LINE#         3277
  C:19BEH         LINE#         3282
  C:19C0H         LINE#         3283
BL51 BANKED LINKER/LOCATER V4.16a           01/17/2007  14:15:23  PAGE 52


  C:19C2H         LINE#         3284
  C:19C4H         LINE#         3285
  C:19C7H         LINE#         3290
  C:19C9H         LINE#         3291
  C:19CBH         LINE#         3292
  C:19CEH         LINE#         3293
  C:19D0H         LINE#         3294
  C:19D1H         LINE#         3296
  C:19D4H         LINE#         3297
  C:19D6H         LINE#         3298
  C:19D9H         LINE#         3300
  C:19DBH         LINE#         3301
  C:19DDH         LINE#         3302
  C:19E0H         LINE#         3303
  C:19E3H         LINE#         3306
  C:19E5H         LINE#         3307
  C:19E7H         LINE#         3308
  C:19EAH         LINE#         3310
  C:19EDH         LINE#         3311
  C:19F0H         LINE#         3312
  C:19F3H         LINE#         3313
  C:19F6H         LINE#         3314
  C:19F9H         LINE#         3319
  C:19FCH         LINE#         3320
  C:19FFH         LINE#         3321
  C:1A02H         LINE#         3322
  C:1A05H         LINE#         3323
  C:1A07H         LINE#         3324
  C:1A0AH         LINE#         3325
  C:1A0DH         LINE#         3326
  C:1A10H         LINE#         3327
  C:1A12H         LINE#         3328
  C:1A15H         LINE#         3333
  C:1A17H         LINE#         3334
  C:1A1AH         LINE#         3336
  C:1A1DH         LINE#         3337
  C:1A20H         LINE#         3338
  C:1A23H         LINE#         3339
  C:1A26H         LINE#         3340
  C:1A29H         LINE#         3342
  C:1A2BH         LINE#         3344
  C:1A2DH         LINE#         3345
  C:1A30H         LINE#         3347
  C:1A33H         LINE#         3350
  C:1A36H         LINE#         3351
  C:1A38H         LINE#         3352
  C:1A3BH         LINE#         3354
  C:1A3EH         LINE#         3356
  C:1A41H         LINE#         3357
  C:1A43H         LINE#         3358
  C:1A46H         LINE#         3359
  C:1A48H         LINE#         3360
  C:1A4AH         LINE#         3361
  C:1A4DH         LINE#         3362
  C:1A50H         LINE#         3364
  C:1A52H         LINE#         3365
  C:1A53H         LINE#         3366
  C:1A56H         LINE#         3368
  C:1A59H         LINE#         3369
  C:1A5BH         LINE#         3378
  C:1A5DH         LINE#         3379
  C:1A5FH         LINE#         3380
  C:1A60H         LINE#         3381
  C:1A61H         LINE#         3382
  C:1A62H         LINE#         3383
BL51 BANKED LINKER/LOCATER V4.16a           01/17/2007  14:15:23  PAGE 53


  C:1A64H         LINE#         3385
  C:1A66H         LINE#         3386
  C:1A67H         LINE#         3387
  C:1A69H         LINE#         3388
  C:1A6BH         LINE#         3389
  C:1A6EH         LINE#         3390
  C:1A71H         LINE#         3391
  C:1A72H         LINE#         3393
  C:1A75H         LINE#         3394
  C:1A77H         LINE#         3395
  C:1A7AH         LINE#         3396
  C:1A7CH         LINE#         3397
  C:1A7DH         LINE#         3398
  C:1A80H         LINE#         3399
  C:1A82H         LINE#         3402
  C:1A84H         LINE#         3403
  C:1A86H         LINE#         3404
  C:1A89H         LINE#         3405
  C:1A8CH         LINE#         3407
  C:1A8EH         LINE#         3408
  C:1A90H         LINE#         3409
  C:1A93H         LINE#         3410
  C:1A96H         LINE#         3411
  C:1A99H         LINE#         3412
  C:1A9BH         LINE#         3413
  C:1A9EH         LINE#         3415
  C:1AA0H         LINE#         3416
  C:1AA2H         LINE#         3417
  C:1AA5H         LINE#         3418
  C:1AA8H         LINE#         3419
  C:1AABH         LINE#         3420
  C:1AAEH         LINE#         3421
  C:1AB1H         LINE#         3422
  C:1AB4H         LINE#         3423
  C:1AB7H         LINE#         3425
  C:1ABAH         LINE#         3426
  C:1ABCH         LINE#         3430
  C:1ABEH         LINE#         3431
  C:1AC0H         LINE#         3432
  C:1AC3H         LINE#         3433
  C:1AC6H         LINE#         3434
  C:1AC8H         LINE#         3435
  C:1ACAH         LINE#         3436
  C:1ACDH         LINE#         3437
  C:1AD0H         LINE#         3438
  C:1AD3H         LINE#         3439
  C:1AD6H         LINE#         3440
  C:1AD7H         LINE#         3441
  C:1AD9H         LINE#         3442
  C:1ADAH         LINE#         3443
  C:1ADCH         LINE#         3444
  C:1ADFH         LINE#         3446
  C:1AE1H         LINE#         3447
  C:1AE3H         LINE#         3448
  C:1AE5H         LINE#         3449
  C:1AE7H         LINE#         3450
  C:1AEAH         LINE#         3454
  C:1AECH         LINE#         3455
  C:1AEEH         LINE#         3456
  C:1AF0H         LINE#         3457
  C:1AF2H         LINE#         3458
  C:1AF4H         LINE#         3459
  C:1AF6H         LINE#         3460
  C:1AF8H         LINE#         3461
  C:1AFAH         LINE#         3462
BL51 BANKED LINKER/LOCATER V4.16a           01/17/2007  14:15:23  PAGE 54


  C:1AFCH         LINE#         3463
  C:1AFEH         LINE#         3464
  C:1B00H         LINE#         3465
  C:1B02H         LINE#         3466
  C:1B04H         LINE#         3467
  C:1B06H         LINE#         3468
  C:1B08H         LINE#         3469
  C:1B0BH         LINE#         3471
  C:1B0EH         LINE#         3472
  C:1B10H         LINE#         3473
  C:1C70H         LINE#         3524
  C:1C72H         LINE#         3525
  C:1C75H         LINE#         3526
  C:1C78H         LINE#         3527
  C:1C7BH         LINE#         3528
  C:1C7CH         LINE#         3529
  C:1C7FH         LINE#         3530
  C:1C82H         LINE#         3531
  C:1C84H         LINE#         3532
  C:1C87H         LINE#         3533
  C:1C8AH         LINE#         3534
  C:1C8CH         LINE#         3535
  C:1C8FH         LINE#         3536
  C:1C92H         LINE#         3537
  C:1C94H         LINE#         3538
  C:1C97H         LINE#         3539
  C:1C9AH         LINE#         3540
  C:1C9CH         LINE#         3542
  C:1C9FH         LINE#         3543
  C:1CA2H         LINE#         3544
  C:1CA4H         LINE#         3545
  C:1CA7H         LINE#         3546
  C:1CAAH         LINE#         3547
  C:1CACH         LINE#         3548
  C:1CAFH         LINE#         3549
  C:1CB2H         LINE#         3550
  C:1CB4H         LINE#         3551
  C:1CB7H         LINE#         3552
  C:1CBAH         LINE#         3553
  C:1CBCH         LINE#         3556
  C:1CBFH         LINE#         3557
  C:1CC1H         LINE#         3559
  C:1CC3H         LINE#         3561
  C:1CC6H         LINE#         3563
  C:1CC8H         LINE#         3564
  C:1CC9H         LINE#         3567
  C:1CCBH         LINE#         3568
  C:1CCCH         LINE#         3569
  C:1CCDH         LINE#         3570
  C:1CD0H         LINE#         3571
  C:1CD2H         LINE#         3574
  C:1CD4H         LINE#         3576
  C:1CD6H         LINE#         3577
  C:1CD7H         LINE#         3579
  C:1CD9H         LINE#         3582
  C:1CDBH         LINE#         3583
  C:1CDEH         LINE#         3584
  C:1CDFH         LINE#         3586
  C:1CE1H         LINE#         3587
  C:1CE3H         LINE#         3588
  C:1CE4H         LINE#         3589
  C:1CE6H         LINE#         3590
  C:1CE7H         LINE#         3591
  C:1CE8H         LINE#         3592
  C:1CE9H         LINE#         3593
BL51 BANKED LINKER/LOCATER V4.16a           01/17/2007  14:15:23  PAGE 55


  C:1CECH         LINE#         3594
  C:1CEEH         LINE#         3596
  C:1CEFH         LINE#         3600
  C:1CF1H         LINE#         3602
  C:1CF3H         LINE#         3603
  C:1CF4H         LINE#         3604
  C:1CF5H         LINE#         3605
  C:1CF6H         LINE#         3606
  C:1CF8H         LINE#         3607
  C:1CFAH         LINE#         3608
  C:1CFBH         LINE#         3609
  C:1CFCH         LINE#         3612
  C:1CFEH         LINE#         3613
  C:1D00H         LINE#         3614
  C:1D01H         LINE#         3615
  C:1D03H         LINE#         3616
  C:1D04H         LINE#         3617
  C:1D05H         LINE#         3618
  C:1D07H         LINE#         3619
  C:1D08H         LINE#         3620
  C:1D09H         LINE#         3623
  C:1D0BH         LINE#         3624
  C:1D0EH         LINE#         3625
  C:1D11H         LINE#         3626
  C:1D13H         LINE#         3627
  C:1D16H         LINE#         3628
  C:1D18H         LINE#         3629
  C:1D1AH         LINE#         3630
  C:1D1DH         LINE#         3631
  C:1D1FH         LINE#         3632
  C:1D21H         LINE#         3633
  C:1D23H         LINE#         3634
  C:1D24H         LINE#         3635
  C:1D26H         LINE#         3636
  C:1D27H         LINE#         3637
  C:1D28H         LINE#         3638
  C:1D29H         LINE#         3639
  C:1D2BH         LINE#         3640
  C:1D2CH         LINE#         3643
  C:1D2EH         LINE#         3644
  C:1D31H         LINE#         3645
  C:1D32H         LINE#         3646
  C:1D34H         LINE#         3647
  C:1D36H         LINE#         3648
  C:1D37H         LINE#         3649
  C:1D39H         LINE#         3650
  C:1D3AH         LINE#         3651
  C:1D3DH         LINE#         3652
  C:1D40H         LINE#         3653
  C:1D42H         LINE#         3654
  C:1D45H         LINE#         3655
  C:1D47H         LINE#         3656
  C:1D49H         LINE#         3657
  C:1D4CH         LINE#         3658
  C:1D4EH         LINE#         3659
  C:1D50H         LINE#         3660
  C:1D52H         LINE#         3661
  C:1D53H         LINE#         3662
  C:1D55H         LINE#         3663
  C:1D56H         LINE#         3664
  C:1D57H         LINE#         3665
  C:1D58H         LINE#         3666
  C:1D5AH         LINE#         3667
  -------         ENDMOD        MAIN

BL51 BANKED LINKER/LOCATER V4.16a           01/17/2007  14:15:23  PAGE 56


LINK/LOCATE RUN COMPLETE.  0 WARNING(S),  0 ERROR(S)
