BL51 BANKED LINKER/LOCATER V4.16a             01/29/2007  16:42:18  PAGE 1


BL51 BANKED LINKER/LOCATER V4.16a, INVOKED BY:
D:\PROGRAM FILES\CYGNAL\IDEFILES\C51\BIN\BL51.EXE D:\AMP\AMP25.OBJ TO D:\AMP\A
>> MP25 RS (256) PL (68) PW (78)


INPUT MODULES INCLUDED:
  D:\AMP\AMP25.OBJ (MAIN)


LINK MAP OF MODULE:  D:\AMP\AMP25 (MAIN)


            TYPE    BASE      LENGTH    RELOCATION   SEGMENT NAME
            -----------------------------------------------------

            * * * * * * *   D A T A   M E M O R Y   * * * * * * *
            REG     0000H     0008H     ABSOLUTE     "REG BANK 0"

            * * * * * * *   C O D E   M E M O R Y   * * * * * * *
            CODE    0000H     04C9H     ABSOLUTE     
            CODE    04C9H     2069H     UNIT         MAIN



SYMBOL TABLE OF MODULE:  D:\AMP\AMP25 (MAIN)

  VALUE           TYPE          NAME
  ----------------------------------

  -------         MODULE        MAIN
  C:04C9H         SEGMENT       MAIN
  X:0080H         PUBLIC        MASS0
  B:00C0H.2       SYMBOL        AA
  C:081EH         SYMBOL        AAPAR
  D:004FH         SYMBOL        ABIN
  C:1F38H         SYMBOL        ABRET
  C:03F3H         SYMBOL        ABTOF
  B:00D0H.6       SYMBOL        AC
  D:00E0H         SYMBOL        ACC
  B:00E8H.4       SYMBOL        AD0BUSY
  B:00E8H.7       SYMBOL        AD0EN
  B:00E8H.5       SYMBOL        AD0INT
  B:00E8H.0       SYMBOL        AD0LJST
  B:00E8H.2       SYMBOL        AD0STM0
  B:00E8H.3       SYMBOL        AD0STM1
  B:00E8H.6       SYMBOL        AD0TM
  B:00E8H.1       SYMBOL        AD0WINT
  D:00BCH         SYMBOL        ADC0CF
  D:00E8H         SYMBOL        ADC0CN
  D:00C5H         SYMBOL        ADC0GTH
  D:00C4H         SYMBOL        ADC0GTL
  D:00BFH         SYMBOL        ADC0H
  D:00BEH         SYMBOL        ADC0L
  D:00C7H         SYMBOL        ADC0LTH
  D:00C6H         SYMBOL        ADC0LTL
  D:009CH         SYMBOL        ADC1
  D:00ABH         SYMBOL        ADC1CF
  D:00AAH         SYMBOL        ADC1CN
  C:2509H         SYMBOL        ADDX
  D:0053H         SYMBOL        ADEC
  C:0AD9H         SYMBOL        AFTERK
  C:06B5H         SYMBOL        AGE2
  C:0BEAH         SYMBOL        AGE9
  C:06C3H         SYMBOL        AGEON
  C:0D1FH         SYMBOL        ALESS0
  C:07D7H         SYMBOL        ALLSUM
BL51 BANKED LINKER/LOCATER V4.16a           01/29/2007  16:42:18  PAGE 2


  C:2450H         SYMBOL        ALMUL
  C:0402H         SYMBOL        ALTOF
  C:041EH         SYMBOL        ALTOF1
  D:00BAH         SYMBOL        AMX0CF
  D:00BBH         SYMBOL        AMX0SL
  D:00ACH         SYMBOL        AMX1SL
  C:0A2CH         SYMBOL        ANKOR
  C:1580H         SYMBOL        AN_T7
  C:0EE9H         SYMBOL        AUTOKA
  C:0B71H         SYMBOL        AVPGO
  C:0A9EH         SYMBOL        AVTDEC1
  C:03FCH         SYMBOL        AWTOF
  D:00F0H         SYMBOL        B
  C:05C9H         SYMBOL        BEGIN
  C:1083H         SYMBOL        BFORM
  C:226CH         SYMBOL        BIN30
  C:2270H         SYMBOL        BIN31
  C:2280H         SYMBOL        BIN32
  C:2291H         SYMBOL        BIN41
  C:2260H         SYMBOL        BINDEC
  B:0023H.2       SYMBOL        BITAKT
  B:0020H.5       SYMBOL        BITAVP
  B:0021H.2       SYMBOL        BITBON
  B:0021H.0       SYMBOL        BITBUF
  B:0022H.5       SYMBOL        BITEIZM
  B:0020H.4       SYMBOL        BITIZM
  B:0022H.2       SYMBOL        BITKLB
  B:0020H.1       SYMBOL        BITMAS
  B:0021H.3       SYMBOL        BITMEM
  B:0022H.1       SYMBOL        BITMENU
  B:0023H.1       SYMBOL        BITMIG
  B:0021H.7       SYMBOL        BITNUL
  B:0022H.7       SYMBOL        BITOLL
  B:0021H.1       SYMBOL        BITPRD
  B:0020H.3       SYMBOL        BITRS
  B:0022H.0       SYMBOL        BITT2
  B:0022H.3       SYMBOL        BITV19
  B:0020H.6       SYMBOL        BITVI11
  B:0022H.6       SYMBOL        BITVI31
  B:0022H.4       SYMBOL        BITVICH
  B:0020H.0       SYMBOL        BITZNAK
  B:0023H.3       SYMBOL        BITZNB
  B:0020H.7       SYMBOL        BITZUS
  B:0021H.4       SYMBOL        BMEM11
  B:0021H.5       SYMBOL        BMEM12
  B:0021H.6       SYMBOL        BMEM13
  C:1723H         SYMBOL        BOUT7
  C:1DA5H         SYMBOL        BRET
  C:0D4EH         SYMBOL        BUFDEC
  D:0040H         SYMBOL        BUFIND
  C:11C7H         SYMBOL        BUFON
  C:0C8FH         SYMBOL        BUFR
  C:0C71H         SYMBOL        BUFR2
  C:0C6AH         SYMBOL        BUFR3
  C:0C6DH         SYMBOL        BUFR30
  B:00D8H.0       SYMBOL        CCF0
  B:00D8H.1       SYMBOL        CCF1
  B:00D8H.2       SYMBOL        CCF2
  B:00D8H.3       SYMBOL        CCF3
  B:00D8H.4       SYMBOL        CCF4
  C:01F7H         SYMBOL        CDONE
  D:0020H         SYMBOL        CELLBIT
  D:0021H         SYMBOL        CELLBIT1
  D:0022H         SYMBOL        CELLBIT2
  D:0023H         SYMBOL        CELLBIT3
BL51 BANKED LINKER/LOCATER V4.16a           01/29/2007  16:42:18  PAGE 3


  C:01E2H         SYMBOL        CEXP
  B:00D8H.7       SYMBOL        CF
  C:1E42H         SYMBOL        CH0
  C:1E5EH         SYMBOL        CH1
  C:1E46H         SYMBOL        CH10
  C:1E56H         SYMBOL        CH100
  C:1E52H         SYMBOL        CH10000
  C:1E5AH         SYMBOL        CH2
  C:1FFFH         SYMBOL        CH20
  C:1E72H         SYMBOL        CH2THO
  C:1E4AH         SYMBOL        CH5
  C:1FFBH         SYMBOL        CH57
  C:1E4EH         SYMBOL        CH954
  C:1357H         SYMBOL        CHANMA
  C:133EH         SYMBOL        CHANZ
  D:0081H         SYMBOL        CHAVT
  D:009BH         SYMBOL        CHBEFORE
  D:00ADH         SYMBOL        CHBUF
  C:1128H         SYMBOL        CHCMP
  C:0F8FH         SYMBOL        CHDEC
  D:0083H         SYMBOL        CHDEL
  C:0ED1H         SYMBOL        CHDELMO
  C:2043H         SYMBOL        CHIF
  D:00ACH         SYMBOL        CHIND
  D:0098H         SYMBOL        CHINKOR
  C:1E8AH         SYMBOL        CHK
  D:003DH         SYMBOL        CHKL
  D:006EH         SYMBOL        CHMAS
  D:003FH         SYMBOL        CHMASN
  C:0FD9H         SYMBOL        CHTADC
  C:1E6AH         SYMBOL        CHTHO
  C:1F03H         SYMBOL        CHTHOU
  C:1E3EH         SYMBOL        CHZAP
  C:1E62H         SYMBOL        CH_1
  C:1E82H         SYMBOL        CH_10
  C:1E7EH         SYMBOL        CH_10TH
  C:1E7AH         SYMBOL        CH_200
  C:1E76H         SYMBOL        CH_220
  C:1F41H         SYMBOL        CH_22T
  C:1E86H         SYMBOL        CH_250
  C:1F3DH         SYMBOL        CH_500
  C:1E66H         SYMBOL        CH_953
  C:1F39H         SYMBOL        CH_B
  C:1F45H         SYMBOL        CH_FL
  C:1059H         SYMBOL        CIKLWR
  D:008EH         SYMBOL        CKCON
  C:1E9CH         SYMBOL        CL4
  C:1EA2H         SYMBOL        CL4N
  C:043EH         SYMBOL        CLE256
  C:225AH         SYMBOL        CLEAR
  C:1E99H         SYMBOL        CLEAR4
  C:1EA1H         SYMBOL        CLEARN
  C:1049H         SYMBOL        CLMASSIX
  C:0B76H         SYMBOL        CLMASV
  C:104EH         SYMBOL        CLMAX
  C:225BH         SYMBOL        CLR11
  C:2254H         SYMBOL        CLRDEC
  C:2258H         SYMBOL        CLRNUM
  C:169BH         SYMBOL        CLRVICH
  N:0006H         SYMBOL        CNTR
  C:1E26H         SYMBOL        CO02S
  C:1E33H         SYMBOL        CO05S
  C:1E1DH         SYMBOL        CO1S
  C:1E19H         SYMBOL        CO2S
  C:0C06H         SYMBOL        COMPA1
BL51 BANKED LINKER/LOCATER V4.16a           01/29/2007  16:42:18  PAGE 4


  C:0C3CH         SYMBOL        COMPA2
  C:10BDH         SYMBOL        COND
  C:049FH         SYMBOL        COPY1
  C:0499H         SYMBOL        COPYPP
  C:1DFBH         SYMBOL        COUNT
  B:00C8H.0       SYMBOL        CPRL2
  D:009EH         SYMBOL        CPT0CN
  D:009FH         SYMBOL        CPT1CN
  B:00D8H.6       SYMBOL        CR
  C:1E02H         SYMBOL        CT
  B:00C8H.1       SYMBOL        CT2
  B:00D0H.7       SYMBOL        CY
  D:00D4H         SYMBOL        DAC0CN
  D:00D3H         SYMBOL        DAC0H
  D:00D2H         SYMBOL        DAC0L
  D:00D7H         SYMBOL        DAC1CN
  D:00D6H         SYMBOL        DAC1H
  D:00D5H         SYMBOL        DAC1L
  C:10C2H         SYMBOL        DCOA
  C:10C9H         SYMBOL        DCOB
  C:10D4H         SYMBOL        DCOC
  C:10E1H         SYMBOL        DCOD
  C:06EFH         SYMBOL        DD
  C:1820H         SYMBOL        DDOUTF
  C:22ADH         SYMBOL        DEC30
  C:22B2H         SYMBOL        DEC31
  C:22C2H         SYMBOL        DEC32
  C:22A0H         SYMBOL        DECBIN
  N:000AH         SYMBOL        DECSIZE
  C:22CBH         SYMBOL        DECT2
  C:2520H         SYMBOL        DEDPTR
  C:0133H         SYMBOL        DENORM
  C:190FH         SYMBOL        DGOTO7
  D:00AEH         SYMBOL        DIAP
  C:11E5H         SYMBOL        DIINC
  C:1FD3H         SYMBOL        DIKDN
  C:1EEDH         SYMBOL        DIKDW
  C:1F01H         SYMBOL        DIPAR
  C:02DDH         SYMBOL        DIV1
  C:0320H         SYMBOL        DIV2
  C:030DH         SYMBOL        DIV3
  C:0336H         SYMBOL        DIV9
  C:238BH         SYMBOL        DIVIDE
  C:22FAH         SYMBOL        DONE
  C:22F8H         SYMBOL        DONE1
  C:2414H         SYMBOL        DOSH
  C:2402H         SYMBOL        DOSUB
  D:0083H         SYMBOL        DPH
  D:0082H         SYMBOL        DPL
  C:0E21H         SYMBOL        DVIG0
  C:0E16H         SYMBOL        DVIG1
  C:0E0BH         SYMBOL        DVIG2
  C:0DFFH         SYMBOL        DVIG3
  C:0E2DH         SYMBOL        DVIG4
  C:0E4CH         SYMBOL        DVIG6
  C:0E4AH         SYMBOL        DVM
  B:00A8H.7       SYMBOL        EA
  D:00E6H         SYMBOL        EIE1
  D:00E7H         SYMBOL        EIE2
  D:00F6H         SYMBOL        EIP1
  D:00F7H         SYMBOL        EIP2
  D:00A3H         SYMBOL        EMI0CF
  D:00AFH         SYMBOL        EMI0CN
  D:00A1H         SYMBOL        EMI0TC
  C:1D09H         SYMBOL        ENDKALIB
BL51 BANKED LINKER/LOCATER V4.16a           01/29/2007  16:42:18  PAGE 5


  C:0E50H         SYMBOL        ENDSDV
  C:09C5H         SYMBOL        ENDSUM
  B:00C0H.6       SYMBOL        ENSMB
  C:0C37H         SYMBOL        EQU0
  C:0C55H         SYMBOL        EQU00
  C:148BH         SYMBOL        EQU1L
  C:1858H         SYMBOL        EQU2L
  C:20CEH         SYMBOL        ERROR
  B:00A8H.4       SYMBOL        ES
  B:00A8H.1       SYMBOL        ET0
  B:00A8H.3       SYMBOL        ET1
  B:00A8H.5       SYMBOL        ET2
  B:00A8H.0       SYMBOL        EX0
  B:00A8H.2       SYMBOL        EX1
  B:00C8H.3       SYMBOL        EXEN2
  B:00C8H.6       SYMBOL        EXF2
  N:0000H         SYMBOL        EXP1
  N:0001H         SYMBOL        EXP2
  B:00D0H.5       SYMBOL        F0
  B:00D0H.1       SYMBOL        F1
  C:1EE6H         SYMBOL        FINDEXT
  C:1ED7H         SYMBOL        FINDKOEF
  C:202CH         SYMBOL        FINDR
  C:243FH         SYMBOL        FINIS
  D:00B7H         SYMBOL        FLACL
  C:0166H         SYMBOL        FLADD
  C:01D6H         SYMBOL        FLCMP
  C:02B7H         SYMBOL        FLDIV
  C:0203H         SYMBOL        FLMUL
  C:01E1H         SYMBOL        FLOUT
  D:00B6H         SYMBOL        FLSCL
  C:01D1H         SYMBOL        FLSUB
  C:01F8H         SYMBOL        FND
  C:1080H         SYMBOL        FO1M
  C:1089H         SYMBOL        FO2M
  C:108AH         SYMBOL        FORM4
  C:12B3H         SYMBOL        FT1IZM
  C:0343H         SYMBOL        FTOL
  C:037CH         SYMBOL        FTOL1
  C:039EH         SYMBOL        FTOL2
  C:03C4H         SYMBOL        FTOL22
  C:03A2H         SYMBOL        FTOL23
  C:03B5H         SYMBOL        FTOL24
  C:03C2H         SYMBOL        FTOL25
  C:03E4H         SYMBOL        FTOL26
  C:038AH         SYMBOL        FTOL3
  C:038EH         SYMBOL        FTOL33
  C:0371H         SYMBOL        FTOL4
  C:0381H         SYMBOL        FTOL9
  C:060EH         SYMBOL        GENER
  C:17E8H         SYMBOL        GO23NO
  C:1491H         SYMBOL        GO31L
  C:1496H         SYMBOL        GO41L
  C:0B2FH         SYMBOL        GOA2
  C:0B39H         SYMBOL        GOA3A2
  C:0E89H         SYMBOL        GOCIKLE
  C:181AH         SYMBOL        GOFULL
  C:0B54H         SYMBOL        GOKAA2
  C:11BCH         SYMBOL        GOKLB
  C:0B46H         SYMBOL        GOONIN
  C:0D28H         SYMBOL        GOONIND
  C:0E73H         SYMBOL        GOONT
  C:1AA0H         SYMBOL        GOPAROL
  C:07B5H         SYMBOL        GOPART
  C:13BEH         SYMBOL        GOSK19
BL51 BANKED LINKER/LOCATER V4.16a           01/29/2007  16:42:18  PAGE 6


  C:1580H         SYMBOL        GOTO7
  C:0A4EH         SYMBOL        GOTOKD
  C:1171H         SYMBOL        GOUT6
  C:0767H         SYMBOL        GOZNAK
  C:16A6H         SYMBOL        HNOR11
  C:165CH         SYMBOL        HNOR12
  C:16ECH         SYMBOL        HNOT1
  C:162AH         SYMBOL        HNOT2
  C:1652H         SYMBOL        HR12
  C:164CH         SYMBOL        HVI1113
  D:00A8H         SYMBOL        IE
  B:0088H.1       SYMBOL        IE0
  B:0088H.3       SYMBOL        IE1
  C:1626H         SYMBOL        INCT
  C:0FA7H         SYMBOL        IND
  C:0CEFH         SYMBOL        INDA3
  C:0CC6H         SYMBOL        INDOLL
  C:1F49H         SYMBOL        INIACP
  C:18F8H         SYMBOL        INTN
  D:00B8H         SYMBOL        IP
  B:0088H.0       SYMBOL        IT0
  B:0088H.2       SYMBOL        IT1
  C:16D4H         SYMBOL        IZCHI
  C:1236H         SYMBOL        IZMAN
  C:1245H         SYMBOL        IZMFUN
  C:1249H         SYMBOL        IZMPAT
  C:1258H         SYMBOL        IZMT2
  C:1263H         SYMBOL        IZMT3
  C:23A6H         SYMBOL        JFINIS
  C:1E6EH         SYMBOL        KD
  C:114AH         SYMBOL        KEYB1
  C:1517H         SYMBOL        KEYB2
  C:17F2H         SYMBOL        KFULL
  C:17D8H         SYMBOL        KGO23
  C:1796H         SYMBOL        KLEV1
  C:179BH         SYMBOL        KLEV2
  C:17B7H         SYMBOL        KLEV21
  C:17A0H         SYMBOL        KLEV22
  C:17C2H         SYMBOL        KLEV23
  C:083AH         SYMBOL        KLMAS
  C:15C5H         SYMBOL        KNAVP
  B:0023H.0       SYMBOL        KNIZM
  C:1240H         SYMBOL        KNIZMON
  C:1508H         SYMBOL        KNKMP
  C:15D5H         SYMBOL        KNLEFT
  C:1741H         SYMBOL        KNMEM
  C:15A2H         SYMBOL        KNMENU
  C:15F3H         SYMBOL        KNNUL
  C:126BH         SYMBOL        KNOPT
  C:1280H         SYMBOL        KNRAZR
  C:11DBH         SYMBOL        KNRIGHT
  C:11F7H         SYMBOL        KNVICH
  D:00A0H         SYMBOL        KOEFKD
  D:0094H         SYMBOL        KOEFKM
  D:0090H         SYMBOL        KOEFKP
  C:0AF9H         SYMBOL        KOMUL
  C:0AF3H         SYMBOL        KOMULPZ
  D:00BCH         SYMBOL        KONSTA
  D:00C0H         SYMBOL        KONSTB
  C:1322H         SYMBOL        KON_B
  C:1DB9H         SYMBOL        KOR0US
  D:0084H         SYMBOL        KOR0_AN
  C:0AB1H         SYMBOL        KORDEC1
  C:0A97H         SYMBOL        KORDEC10
  C:0EB1H         SYMBOL        KORNUL
BL51 BANKED LINKER/LOCATER V4.16a           01/29/2007  16:42:18  PAGE 7


  C:180DH         SYMBOL        KVVOD0
  C:1958H         SYMBOL        LABEL7
  C:073CH         SYMBOL        LABELA
  C:0DF8H         SYMBOL        LABELB
  C:1280H         SYMBOL        LABELC
  C:1249H         SYMBOL        LABELE
  C:129FH         SYMBOL        LABELF
  C:1615H         SYMBOL        LABELH
  C:1B89H         SYMBOL        LABELI
  C:168BH         SYMBOL        LABELI2
  C:175CH         SYMBOL        LABELK
  C:142DH         SYMBOL        LABELL
  C:135FH         SYMBOL        LABELL1
  C:14B0H         SYMBOL        LABELN
  C:1958H         SYMBOL        LABELP
  C:192AH         SYMBOL        LABELS
  C:1A17H         SYMBOL        LABELS1
  C:1B12H         SYMBOL        LABELS13
  C:1B9CH         SYMBOL        LABELS3
  C:1B77H         SYMBOL        LABELS4
  C:1474H         SYMBOL        LABL2
  C:144DH         SYMBOL        LABL21
  C:1463H         SYMBOL        LABL22
  C:185EH         SYMBOL        LABM
  C:24E7H         SYMBOL        LADD
  C:24F8H         SYMBOL        LADDX
  C:1445H         SYMBOL        LAL22
  C:042DH         SYMBOL        LBTOF
  C:22E5H         SYMBOL        LCMP
  C:22FBH         SYMBOL        LDC_LONG
  C:231DH         SYMBOL        LDC_LTEMP
  C:2343H         SYMBOL        LDX_LONG
  C:2369H         SYMBOL        LDX_LTEMP
  C:18A1H         SYMBOL        LEFCUR
  C:15DFH         SYMBOL        LEFKL
  C:1764H         SYMBOL        LEFMEM11
  C:1A14H         SYMBOL        LEFT_S
  C:1AF9H         SYMBOL        LEFT_SK
  C:17A3H         SYMBOL        LEV220
  C:14D6H         SYMBOL        LEV2GO
  D:00B0H         SYMBOL        LEVEL
  C:16DEH         SYMBOL        LI21
  C:122FH         SYMBOL        LLDI2
  C:1223H         SYMBOL        LLDI23
  C:122AH         SYMBOL        LLDI3
  C:149BH         SYMBOL        LLEV2
  C:2450H         SYMBOL        LLMUL
  C:24D5H         SYMBOL        LLSUB
  C:0432H         SYMBOL        LLTOF
  C:2450H         SYMBOL        LMUL
  C:1F98H         SYMBOL        LOAB12
  D:00B7H         SYMBOL        LOAD
  C:16FDH         SYMBOL        LOADB
  C:1726H         SYMBOL        LOADB2
  C:1782H         SYMBOL        LOADCLE
  C:1FB5H         SYMBOL        LOADKD
  C:1FA7H         SYMBOL        LOADR2
  C:1DD4H         SYMBOL        LOADT
  C:1D73H         SYMBOL        LOADUS
  C:182AH         SYMBOL        LOBLOK
  C:177DH         SYMBOL        LOCLE
  C:1DE3H         SYMBOL        LOD1
  C:1DEFH         SYMBOL        LODT
  C:165FH         SYMBOL        LOIZMK
  C:1979H         SYMBOL        LOKAME1
BL51 BANKED LINKER/LOCATER V4.16a           01/29/2007  16:42:18  PAGE 8


  C:1DD6H         SYMBOL        LOLEVT
  C:1771H         SYMBOL        LOLIST
  C:1C6FH         SYMBOL        LOME1
  C:1C67H         SYMBOL        LOMENU
  C:1016H         SYMBOL        LOOP
  C:23A9H         SYMBOL        LOOPS
  C:1DADH         SYMBOL        LOSPUS
  C:1DEBH         SYMBOL        LOTEXT
  C:200BH         SYMBOL        LOTP
  C:2003H         SYMBOL        LOTPUS
  C:1235H         SYMBOL        LOU
  C:1212H         SYMBOL        LOUIZM
  C:144AH         SYMBOL        LOUTF
  C:1655H         SYMBOL        LOVICH
  C:178BH         SYMBOL        LOWR
  C:178DH         SYMBOL        LOWR1
  C:24D5H         SYMBOL        LSUB
  N:0008H         SYMBOL        LTEMP
  C:105BH         SYMBOL        LWR
  C:101FH         SYMBOL        LWRX
  C:042FH         SYMBOL        LWTOF
  D:006FH         SYMBOL        MABIN
  C:1076H         SYMBOL        MAFORM
  N:0002H         SYMBOL        MANT1
  N:0008H         SYMBOL        MANT2
  C:1329H         SYMBOL        MARK0_8
  D:00B2H         SYMBOL        MARKER
  C:2044H         SYMBOL        MARLE
  C:2051H         SYMBOL        MARRI
  C:0859H         SYMBOL        MAS10
  C:08D6H         SYMBOL        MAS20
  C:09FFH         SYMBOL        MAS5DIV
  C:09D1H         SYMBOL        MASFULL
  X:0084H         SYMBOL        MASS1
  X:00A8H         SYMBOL        MASS10
  X:00ACH         SYMBOL        MASS11
  X:00B0H         SYMBOL        MASS12
  X:00B4H         SYMBOL        MASS13
  X:00B8H         SYMBOL        MASS14
  X:00BCH         SYMBOL        MASS15
  X:00C0H         SYMBOL        MASS16
  X:00C4H         SYMBOL        MASS17
  X:00C8H         SYMBOL        MASS18
  X:00CCH         SYMBOL        MASS19
  X:0088H         SYMBOL        MASS2
  X:008CH         SYMBOL        MASS3
  X:0090H         SYMBOL        MASS4
  X:0094H         SYMBOL        MASS5
  X:0098H         SYMBOL        MASS6
  X:009CH         SYMBOL        MASS7
  X:00A0H         SYMBOL        MASS8
  X:00A4H         SYMBOL        MASS9
  C:09F5H         SYMBOL        MASX5
  C:1978H         SYMBOL        ME11_15DEC
  C:19D2H         SYMBOL        ME21_23
  C:19EEH         SYMBOL        ME21_23DEC
  C:15D0H         SYMBOL        MEAVP
  C:0662H         SYMBOL        MECLE
  C:0669H         SYMBOL        MEFF
  C:1809H         SYMBOL        MEM12NO
  C:1C73H         SYMBOL        MENU12
  C:1C7BH         SYMBOL        MENU13
  C:1C83H         SYMBOL        MENU14
  C:1C8BH         SYMBOL        MENU15
  C:1C93H         SYMBOL        MENU21
BL51 BANKED LINKER/LOCATER V4.16a           01/29/2007  16:42:18  PAGE 9


  C:1C9BH         SYMBOL        MENU22
  C:1CA3H         SYMBOL        MENU23
  C:1CABH         SYMBOL        MENU31
  C:1CB3H         SYMBOL        MENU41
  C:15B6H         SYMBOL        MENUOFF
  C:194BH         SYMBOL        MENUON
  C:1A63H         SYMBOL        ME_41
  C:23DCH         SYMBOL        MIDL
  C:20B0H         SYMBOL        MIGN
  C:20B8H         SYMBOL        MIGNN
  C:1841H         SYMBOL        MLABL2
  C:0737H         SYMBOL        MMM
  C:0CBBH         SYMBOL        MO220
  C:0C2BH         SYMBOL        MO500I
  C:0C1FH         SYMBOL        MO500R
  B:00F8H.5       SYMBOL        MODF
  C:13E0H         SYMBOL        MOUTF
  C:10E3H         SYMBOL        MOVE28
  C:1F07H         SYMBOL        MOVE82
  C:0D28H         SYMBOL        MOVEA3
  D:003AH         SYMBOL        MOVLEFT
  D:003BH         SYMBOL        MOVRIG
  B:00F8H.1       SYMBOL        MSTEN
  C:021AH         SYMBOL        MUP1
  C:0257H         SYMBOL        MUP11
  C:0297H         SYMBOL        MUP2
  C:026CH         SYMBOL        MUP3
  C:1825H         SYMBOL        MVV11
  C:183DH         SYMBOL        MVV12
  C:0F8BH         SYMBOL        N12DELCH
  C:0F3CH         SYMBOL        N4DELCH
  C:0F79H         SYMBOL        N8DELCH
  C:13E6H         SYMBOL        NBIMENU
  D:00C4H         SYMBOL        NBLOK
  C:0358H         SYMBOL        NE05
  C:0FB1H         SYMBOL        NEXIN
  C:0ACEH         SYMBOL        NMINUS
  C:0A1FH         SYMBOL        NMINUS3
  C:0EFCH         SYMBOL        NNDELCH
  C:14E2H         SYMBOL        NNMEMB
  C:0D9CH         SYMBOL        NNNUL
  C:23C4H         SYMBOL        NO
  C:0749H         SYMBOL        NO0KEY
  C:12E8H         SYMBOL        NO11V6
  C:12F5H         SYMBOL        NO12V6
  C:1302H         SYMBOL        NO13V6
  C:1C12H         SYMBOL        NO21P7
  C:13AAH         SYMBOL        NO23RI
  C:0D14H         SYMBOL        NO2PARN
  C:18B5H         SYMBOL        NO31N
  C:13C9H         SYMBOL        NO31RI
  C:0D0AH         SYMBOL        NO3PARN
  C:0ED7H         SYMBOL        NO4DEL
  C:0AA3H         SYMBOL        NOAVK
  C:0B2CH         SYMBOL        NOAVP
  C:0DB9H         SYMBOL        NOBAVP
  C:07F2H         SYMBOL        NOBEF99
  C:0245H         SYMBOL        NOBIT
  C:0DBFH         SYMBOL        NOBITIZM
  C:0E99H         SYMBOL        NOBUF0
  C:0CEBH         SYMBOL        NOCHI0
  C:09EDH         SYMBOL        NOCHN10
  C:09E2H         SYMBOL        NOCHN2
  C:0CD1H         SYMBOL        NODI2
  C:15E1H         SYMBOL        NODI6
BL51 BANKED LINKER/LOCATER V4.16a           01/29/2007  16:42:18  PAGE 10


  C:0D73H         SYMBOL        NODI8
  C:1ACDH         SYMBOL        NODI8K
  C:0CD6H         SYMBOL        NODI9
  C:0D82H         SYMBOL        NODIS9
  C:1AD5H         SYMBOL        NODISK9
  C:14C7H         SYMBOL        NOEQU1
  C:18AFH         SYMBOL        NOEQU2
  C:12C6H         SYMBOL        NOFIZM
  C:12B2H         SYMBOL        NOFT1
  C:0E94H         SYMBOL        NOFZ
  C:166CH         SYMBOL        NOH37
  C:1736H         SYMBOL        NOHNOT1
  C:172EH         SYMBOL        NOHNOT2
  C:0DEEH         SYMBOL        NOKLB
  C:0A35H         SYMBOL        NOKORR
  C:1636H         SYMBOL        NOLAH
  C:146BH         SYMBOL        NOLEV1
  C:1898H         SYMBOL        NOM31
  C:18E7H         SYMBOL        NOM32
  C:1912H         SYMBOL        NOM33
  C:1BB1H         SYMBOL        NOMARL
  C:17F9H         SYMBOL        NOME11
  C:1401H         SYMBOL        NOMEM11
  C:1417H         SYMBOL        NOMEM12
  C:17F6H         SYMBOL        NOMEMK
  C:1291H         SYMBOL        NON1C
  C:0A8BH         SYMBOL        NONULAVT
  C:0EBEH         SYMBOL        NONULDEL
  C:0CEFH         SYMBOL        NOP3_0
  C:07F6H         SYMBOL        NOPART1
  C:0816H         SYMBOL        NOPART2
  C:081BH         SYMBOL        NOPART3
  C:082EH         SYMBOL        NOPART4
  C:1351H         SYMBOL        NOPLUS
  C:1BC8H         SYMBOL        NOPOIN7
  C:1B94H         SYMBOL        NOPOINT
  C:1365H         SYMBOL        NOR11
  C:12DBH         SYMBOL        NOR13
  C:00F6H         SYMBOL        NORDN
  C:0107H         SYMBOL        NORDN1
  C:14A4H         SYMBOL        NORIG2
  C:14E2H         SYMBOL        NORIM6
  C:1390H         SYMBOL        NORIME
  C:138AH         SYMBOL        NORIME1
  C:00F0H         SYMBOL        NORM1
  C:167EH         SYMBOL        NORR11
  C:168EH         SYMBOL        NORR12
  C:0119H         SYMBOL        NORUP
  C:011EH         SYMBOL        NORUP1
  C:0132H         SYMBOL        NORUP2
  C:0DF1H         SYMBOL        NORVICH
  C:23FFH         SYMBOL        NOSUB
  C:0E9CH         SYMBOL        NOT1IN
  C:158FH         SYMBOL        NOT1_7
  C:0EA4H         SYMBOL        NOT2IN
  C:159AH         SYMBOL        NOT2_7
  C:0EACH         SYMBOL        NOT3IN
  C:0DC9H         SYMBOL        NOTAKT
  C:0E7CH         SYMBOL        NOTT1
  C:0E81H         SYMBOL        NOTT5
  C:1298H         SYMBOL        NOT_1
  C:1298H         SYMBOL        NOT_10
  C:1375H         SYMBOL        NOVIR
  C:12C3H         SYMBOL        NOVIR1
  C:0D63H         SYMBOL        NOZZMI
BL51 BANKED LINKER/LOCATER V4.16a           01/29/2007  16:42:18  PAGE 11


  C:0DA5H         SYMBOL        NSEC01
  C:0DACH         SYMBOL        NSEC1
  C:0DB1H         SYMBOL        NSEC10
  D:0039H         SYMBOL        NUERR
  C:0EE9H         SYMBOL        NULAVT
  N:0004H         SYMBOL        NUMSIZE
  C:2335H         SYMBOL        OBOARD
  C:237DH         SYMBOL        OBOARD1
  C:0186H         SYMBOL        OK1
  C:01A0H         SYMBOL        OK2
  C:01C4H         SYMBOL        OK3
  C:235BH         SYMBOL        ONBOAR1
  C:230FH         SYMBOL        ONBOARD
  C:174FH         SYMBOL        ONMEM11
  C:19F5H         SYMBOL        ONMEM12
  C:1B74H         SYMBOL        ONMEM13
  C:20C6H         SYMBOL        ONMIG
  C:120AH         SYMBOL        ONVICH
  D:00B2H         SYMBOL        OSCICN
  D:00B1H         SYMBOL        OSCXCN
  C:14E2H         SYMBOL        OUT6
  C:1C40H         SYMBOL        OUT7
  C:205EH         SYMBOL        OUTA
  C:2078H         SYMBOL        OUTA2
  C:2081H         SYMBOL        OUTB
  C:20A7H         SYMBOL        OUTB2
  C:2092H         SYMBOL        OUTB3
  C:12B9H         SYMBOL        OUTF
  C:1362H         SYMBOL        OUTFL
  C:133BH         SYMBOL        OUTMA
  C:19BBH         SYMBOL        OUTMENU
  C:0C82H         SYMBOL        OUTR
  C:0C9EH         SYMBOL        OUTR5
  C:1A56H         SYMBOL        OUTSKO
  C:1A53H         SYMBOL        OUTSKO1
  C:11B5H         SYMBOL        OUTVIR
  B:00D0H.2       SYMBOL        OV
  B:00D0H.0       SYMBOL        P
  D:0080H         SYMBOL        P0
  D:00A4H         SYMBOL        P0MDOUT
  D:0090H         SYMBOL        P1
  D:00BDH         SYMBOL        P1MDIN
  D:00A5H         SYMBOL        P1MDOUT
  D:00A0H         SYMBOL        P2
  D:00A6H         SYMBOL        P2MDOUT
  D:00B0H         SYMBOL        P3
  D:00ADH         SYMBOL        P3IF
  D:00A7H         SYMBOL        P3MDOUT
  D:0084H         SYMBOL        P4
  D:0085H         SYMBOL        P5
  D:0086H         SYMBOL        P6
  D:0096H         SYMBOL        P7
  D:00B5H         SYMBOL        P74OUT
  C:00DEH         SYMBOL        PACK1
  C:1AE2H         SYMBOL        PARERR
  D:00AFH         SYMBOL        PARN
  D:00A8H         SYMBOL        PAROL
  D:009AH         SYMBOL        PART
  D:00D8H         SYMBOL        PCA0CN
  D:00FAH         SYMBOL        PCA0CPH0
  D:00FBH         SYMBOL        PCA0CPH1
  D:00FCH         SYMBOL        PCA0CPH2
  D:00FDH         SYMBOL        PCA0CPH3
  D:00FEH         SYMBOL        PCA0CPH4
  D:00EAH         SYMBOL        PCA0CPL0
BL51 BANKED LINKER/LOCATER V4.16a           01/29/2007  16:42:18  PAGE 12


  D:00EBH         SYMBOL        PCA0CPL1
  D:00ECH         SYMBOL        PCA0CPL2
  D:00EDH         SYMBOL        PCA0CPL3
  D:00EEH         SYMBOL        PCA0CPL4
  D:00DAH         SYMBOL        PCA0CPM0
  D:00DBH         SYMBOL        PCA0CPM1
  D:00DCH         SYMBOL        PCA0CPM2
  D:00DDH         SYMBOL        PCA0CPM3
  D:00DEH         SYMBOL        PCA0CPM4
  D:00F9H         SYMBOL        PCA0H
  D:00E9H         SYMBOL        PCA0L
  D:00D9H         SYMBOL        PCA0MD
  D:0087H         SYMBOL        PCON
  C:1BC7H         SYMBOL        POIN3
  C:1C0DH         SYMBOL        POINA
  C:1BACH         SYMBOL        POINA1
  C:1BA6H         SYMBOL        POINA2
  C:1C30H         SYMBOL        POZB
  N:000CH         SYMBOL        PROD
  B:00B8H.4       SYMBOL        PS
  D:008FH         SYMBOL        PSCTL
  D:00D0H         SYMBOL        PSW
  B:00B8H.1       SYMBOL        PT0
  B:00B8H.3       SYMBOL        PT1
  B:00B8H.5       SYMBOL        PT2
  B:00B8H.0       SYMBOL        PX0
  B:00B8H.2       SYMBOL        PX1
  C:11BFH         SYMBOL        PYSKST
  N:000AH         SYMBOL        R10
  N:000BH         SYMBOL        R11
  N:0008H         SYMBOL        R8
  N:0009H         SYMBOL        R9
  C:0A4BH         SYMBOL        RAFTERK
  B:0098H.2       SYMBOL        RB8
  D:00CBH         SYMBOL        RCAP2H
  D:00CAH         SYMBOL        RCAP2L
  D:00E5H         SYMBOL        RCAP4H
  D:00E4H         SYMBOL        RCAP4L
  B:00C8H.5       SYMBOL        RCLK
  C:1118H         SYMBOL        RE1
  C:0454H         SYMBOL        RE4BYTE
  D:0077H         SYMBOL        REACP
  C:1116H         SYMBOL        READ
  C:07ADH         SYMBOL        READYACP
  C:1005H         SYMBOL        READ_X2
  C:0702H         SYMBOL        REBYTE
  C:046CH         SYMBOL        REBYTE2
  D:00D1H         SYMBOL        REF0CN
  B:0098H.4       SYMBOL        REN
  C:15C2H         SYMBOL        RENDKALIB
  C:10EFH         SYMBOL        RESAR2
  C:10ADH         SYMBOL        RESAR8
  D:008CH         SYMBOL        REZAM
  D:0088H         SYMBOL        REZAP
  C:0AB6H         SYMBOL        REZMUL
  D:0062H         SYMBOL        REZ_A
  D:006AH         SYMBOL        REZ_A0
  D:0066H         SYMBOL        REZ_A1
  D:007BH         SYMBOL        REZ_A2
  D:009CH         SYMBOL        REZ_A3
  D:00A4H         SYMBOL        REZ_AK
  D:005EH         SYMBOL        REZ_AME
  D:00C5H         SYMBOL        REZ_DEL
  D:00C9H         SYMBOL        REZ_R
  C:1895H         SYMBOL        RGOTO7
BL51 BANKED LINKER/LOCATER V4.16a           01/29/2007  16:42:18  PAGE 13


  C:1666H         SYMBOL        RHNOR11
  C:162DH         SYMBOL        RHNOT1
  B:0098H.0       SYMBOL        RI
  C:1393H         SYMBOL        RI21_23
  C:138DH         SYMBOL        RI6
  C:146EH         SYMBOL        RIGBLO
  C:14AAH         SYMBOL        RIGBLOK
  C:11D2H         SYMBOL        RIGHT2
  C:11D6H         SYMBOL        RIGHT3
  C:1314H         SYMBOL        RIKN
  C:1147H         SYMBOL        RIZMAN
  C:13ADH         SYMBOL        RI_31
  C:1514H         SYMBOL        RKNLEFT
  C:1505H         SYMBOL        RKNMEM
  C:1511H         SYMBOL        RKNNUL
  C:1144H         SYMBOL        RKNOPT
  C:1141H         SYMBOL        RKNRAZR
  C:177AH         SYMBOL        RKVVOD0
  C:113EH         SYMBOL        RLABELF
  C:150EH         SYMBOL        RLABELH
  C:1633H         SYMBOL        RLABELI
  C:1630H         SYMBOL        RLABELK
  C:1372H         SYMBOL        RLABELL
  C:14DFH         SYMBOL        RLABELL1
  C:13DDH         SYMBOL        RLABELN
  C:1A60H         SYMBOL        RLABELS13
  C:1A5DH         SYMBOL        RLABELS4
  C:17BCH         SYMBOL        RLABL2
  C:17BFH         SYMBOL        RLABM
  C:2050H         SYMBOL        RLER
  C:1956H         SYMBOL        RME21_23
  C:0B4EH         SYMBOL        RMO220
  C:13E3H         SYMBOL        RNNMEMB
  C:0D80H         SYMBOL        RNO3PARN
  C:0B51H         SYMBOL        RNOCHI0
  C:167CH         SYMBOL        RNOH37
  C:1759H         SYMBOL        RNOMEMK
  C:12D8H         SYMBOL        RNOR11
  C:0D7EH         SYMBOL        RNORVICH
  C:0E6FH         SYMBOL        RNOT1IN
  C:113BH         SYMBOL        ROUT6
  C:150BH         SYMBOL        ROUT7
  C:1679H         SYMBOL        ROUTF
  N:0000H         SYMBOL        RR0
  N:0001H         SYMBOL        RR1
  N:0002H         SYMBOL        RR2
  N:0003H         SYMBOL        RR3
  N:0004H         SYMBOL        RR4
  N:0005H         SYMBOL        RR5
  N:0006H         SYMBOL        RR6
  N:0007H         SYMBOL        RR7
  C:205DH         SYMBOL        RRIR
  B:00D0H.3       SYMBOL        RS0
  B:00D0H.4       SYMBOL        RS1
  C:0D1DH         SYMBOL        RSEEIND
  D:00EFH         SYMBOL        RSTSRC
  C:129CH         SYMBOL        RTIZMRI
  C:1668H         SYMBOL        RVVIZKO
  B:00F8H.4       SYMBOL        RXOVRN
  D:00A9H         SYMBOL        SADDR0
  D:00F3H         SYMBOL        SADDR1
  D:00B9H         SYMBOL        SADEN0
  D:00AEH         SYMBOL        SADEN1
  D:003CH         SYMBOL        SAVBA
  C:1031H         SYMBOL        SAVEIR2
BL51 BANKED LINKER/LOCATER V4.16a           01/29/2007  16:42:18  PAGE 14


  C:04A7H         SYMBOL        SAVELTE
  C:103DH         SYMBOL        SAVER2
  D:0099H         SYMBOL        SBUF0
  D:00F2H         SYMBOL        SBUF1
  D:0098H         SYMBOL        SCON0
  D:00F1H         SYMBOL        SCON1
  C:0FC7H         SYMBOL        SDV
  C:0FDBH         SYMBOL        SDV1
  C:078EH         SYMBOL        SDVIG0
  C:0783H         SYMBOL        SDVIG1
  C:0778H         SYMBOL        SDVIG2
  C:076CH         SYMBOL        SDVIG3
  C:079DH         SYMBOL        SDVIG4
  C:07A7H         SYMBOL        SDVIG6
  C:07A5H         SYMBOL        SDVM
  C:0D85H         SYMBOL        SEEGOON
  C:0D93H         SYMBOL        SEEIND
  B:00C0H.3       SYMBOL        SI
  N:0007H         SYMBOL        SIGN
  C:19A4H         SYMBOL        SKOR19
  B:00F8H.2       SYMBOL        SLVSEL
  B:0098H.7       SYMBOL        SM0
  B:0098H.6       SYMBOL        SM1
  B:0098H.5       SYMBOL        SM2
  D:00C3H         SYMBOL        SMB0ADR
  D:00C0H         SYMBOL        SMB0CN
  D:00CFH         SYMBOL        SMB0CR
  D:00C2H         SYMBOL        SMB0DAT
  D:00C1H         SYMBOL        SMB0STA
  B:00C0H.1       SYMBOL        SMBFTE
  B:00C0H.0       SYMBOL        SMBTOE
  C:16E6H         SYMBOL        SOOTV
  D:0081H         SYMBOL        SP
  D:009AH         SYMBOL        SPI0CFG
  D:009DH         SYMBOL        SPI0CKR
  D:00F8H         SYMBOL        SPI0CN
  D:009BH         SYMBOL        SPI0DAT
  B:00F8H.0       SYMBOL        SPIEN
  B:00F8H.7       SYMBOL        SPIF
  C:1A38H         SYMBOL        SPWRI
  C:1E10H         SYMBOL        SS1
  B:00C0H.5       SYMBOL        STA
  B:00C0H.4       SYMBOL        STO
  D:00B3H         SYMBOL        SUMMA
  C:07F9H         SYMBOL        SUMT2
  D:00C8H         SYMBOL        T2CON
  D:00C9H         SYMBOL        T4CON
  C:1F8AH         SYMBOL        TABB1_2
  C:2022H         SYMBOL        TABN
  C:1DCEH         SYMBOL        TABT11
  C:1DD2H         SYMBOL        TABT7
  C:1DD0H         SYMBOL        TABT9
  C:1DBAH         SYMBOL        TABUS
  C:0DCEH         SYMBOL        TAKTIND
  B:0098H.3       SYMBOL        TB8
  B:00C8H.4       SYMBOL        TCLK
  D:0088H         SYMBOL        TCON
  C:2015H         SYMBOL        TE22
  C:201DH         SYMBOL        TE23
  C:211EH         SYMBOL        TEAEQU0
  C:215AH         SYMBOL        TEAVK
  C:2218H         SYMBOL        TEBBL
  C:2128H         SYMBOL        TEBEQU0
  C:220EH         SYMBOL        TEBL
  C:2204H         SYMBOL        TEBLOK
BL51 BANKED LINKER/LOCATER V4.16a           01/29/2007  16:42:18  PAGE 15


  C:21D3H         SYMBOL        TECLE
  C:2222H         SYMBOL        TEEBL
  C:224AH         SYMBOL        TEEND
  C:2240H         SYMBOL        TEERR
  C:21FAH         SYMBOL        TEFULL
  C:21B5H         SYMBOL        TEIZMK
  C:2164H         SYMBOL        TEKALIB
  C:21ABH         SYMBOL        TEKD
  C:21EFH         SYMBOL        TELIST
  C:21DDH         SYMBOL        TEMEM
  C:2132H         SYMBOL        TEMENU
  C:1E8EH         SYMBOL        TENMIN
  C:222CH         SYMBOL        TEOLI
  C:21C9H         SYMBOL        TEOLL
  C:2236H         SYMBOL        TEOLR
  C:21BFH         SYMBOL        TEOUT
  C:21A1H         SYMBOL        TEPAR
  C:2197H         SYMBOL        TES19_2
  C:218DH         SYMBOL        TES57_6
  C:2150H         SYMBOL        TESKOR
  C:1CC4H         SYMBOL        TEST01
  C:1CF3H         SYMBOL        TEST02
  C:1CD4H         SYMBOL        TEST04
  C:1CBAH         SYMBOL        TEST1
  C:1CECH         SYMBOL        TEST2
  C:1A0DH         SYMBOL        TEST22
  C:1A12H         SYMBOL        TEST23
  C:1CDEH         SYMBOL        TEST3
  C:1CCCH         SYMBOL        TEST4
  C:1CF6H         SYMBOL        TEST5
  C:0DE6H         SYMBOL        TEST7I
  C:0DDFH         SYMBOL        TEST9I
  C:1CB8H         SYMBOL        TESTRS
  C:1A01H         SYMBOL        TESTS
  C:216FH         SYMBOL        TETE11
  C:2183H         SYMBOL        TETE7
  C:2179H         SYMBOL        TETE9
  C:213CH         SYMBOL        TETESI
  C:2146H         SYMBOL        TETESR
  C:2114H         SYMBOL        TEVICH
  C:21E5H         SYMBOL        TEWR
  C:20D8H         SYMBOL        TEXTT
  B:0088H.5       SYMBOL        TF0
  B:0088H.7       SYMBOL        TF1
  B:00C8H.7       SYMBOL        TF2
  D:008CH         SYMBOL        TH0
  D:008DH         SYMBOL        TH1
  D:00CDH         SYMBOL        TH2
  D:00F5H         SYMBOL        TH4
  B:0098H.1       SYMBOL        TI
  C:0FEBH         SYMBOL        TIM
  C:0FEDH         SYMBOL        TIM1
  C:0FF0H         SYMBOL        TIM2
  C:0FF2H         SYMBOL        TIM3
  C:11CBH         SYMBOL        TIZMRI
  D:008AH         SYMBOL        TL0
  D:008BH         SYMBOL        TL1
  D:00CCH         SYMBOL        TL2
  D:00F4H         SYMBOL        TL4
  C:16E3H         SYMBOL        TLABELI
  D:0089H         SYMBOL        TMOD
  D:00CBH         SYMBOL        TMR2RLH
  D:00CAH         SYMBOL        TMR2RLL
  D:0091H         SYMBOL        TMR3CN
  D:0095H         SYMBOL        TMR3H
BL51 BANKED LINKER/LOCATER V4.16a           01/29/2007  16:42:18  PAGE 16


  D:0094H         SYMBOL        TMR3L
  D:0093H         SYMBOL        TMR3RLH
  D:0092H         SYMBOL        TMR3RLL
  C:1988H         SYMBOL        TOME13
  C:19AFH         SYMBOL        TOME14
  C:19C0H         SYMBOL        TOME15
  C:197FH         SYMBOL        TOME21
  C:1B07H         SYMBOL        TOSK19
  C:166AH         SYMBOL        TOUTF
  B:0088H.4       SYMBOL        TR0
  B:0088H.6       SYMBOL        TR1
  B:00C8H.2       SYMBOL        TR2
  B:00F8H.3       SYMBOL        TXBSY
  C:009EH         SYMBOL        UNPACK1
  C:00BAH         SYMBOL        UNPACK2
  C:0138H         SYMBOL        UP1
  C:014BH         SYMBOL        UP2
  C:0161H         SYMBOL        UP2A
  C:1EBDH         SYMBOL        UPA
  C:1ECDH         SYMBOL        UPA1
  C:1EADH         SYMBOL        UPA2
  C:1F16H         SYMBOL        UPAA
  C:1F26H         SYMBOL        UPAB
  C:1EB7H         SYMBOL        UPAK
  C:1EA7H         SYMBOL        UPAK2
  C:1EC7H         SYMBOL        UPAK3
  C:1F10H         SYMBOL        UPAKA
  C:1F20H         SYMBOL        UPAKB
  C:1A7FH         SYMBOL        UPAV1
  C:1B36H         SYMBOL        UPAV2
  D:00B1H         SYMBOL        VICHR
  C:0E36H         SYMBOL        VIG0
  C:0E44H         SYMBOL        VIG4
  C:1276H         SYMBOL        VIOUT
  C:19F8H         SYMBOL        VV21_23
  C:2034H         SYMBOL        VVCHIF
  C:16B3H         SYMBOL        VVIZKO
  C:1B29H         SYMBOL        VVKALI52
  C:1ADFH         SYMBOL        VVMENU
  C:1962H         SYMBOL        VVODM11_15
  C:12D0H         SYMBOL        VVRR6
  B:00F8H.6       SYMBOL        WCOL
  D:00FFH         SYMBOL        WDTCN
  D:00B8H         SYMBOL        WORK
  C:1103H         SYMBOL        WR1
  C:1100H         SYMBOL        WRITE
  C:0FF6H         SYMBOL        WRITED_X1
  C:0FF5H         SYMBOL        WRITE_X1
  C:0480H         SYMBOL        WRPAGE
  C:0483H         SYMBOL        WW5
  D:00E1H         SYMBOL        XBR0
  D:00E2H         SYMBOL        XBR1
  D:00E3H         SYMBOL        XBR2
  C:101DH         SYMBOL        XCIKLWR
  N:000CH         SYMBOL        XTEMP
  C:1605H         SYMBOL        YBNUL
  C:23E2H         SYMBOL        YES
  C:0B5BH         SYMBOL        YESAVP
  C:0E73H         SYMBOL        YESBUF
  C:0DE8H         SYMBOL        YESIND
  C:0E71H         SYMBOL        YESPRD
  C:1DA9H         SYMBOL        YESTEST
  C:0E97H         SYMBOL        YESTT5
  C:0B8AH         SYMBOL        YESVICH
  C:136AH         SYMBOL        YESVIR
BL51 BANKED LINKER/LOCATER V4.16a           01/29/2007  16:42:18  PAGE 17


  C:0659H         SYMBOL        YST1
  C:0651H         SYMBOL        YST19
  C:1E28H         SYMBOL        Z01S
  C:1E35H         SYMBOL        Z05S
  C:1DF9H         SYMBOL        Z100
  C:1E07H         SYMBOL        Z15
  C:1E1BH         SYMBOL        Z1S
  C:0FC5H         SYMBOL        ZAPADC
  C:109FH         SYMBOL        ZCMP
  C:106CH         SYMBOL        ZDIV
  C:00B3H         SYMBOL        ZER1
  C:00D4H         SYMBOL        ZER2
  C:1062H         SYMBOL        ZMUL
  B:0020H.2       SYMBOL        ZNMAT
  C:075FH         SYMBOL        ZNPLUS
  C:1E09H         SYMBOL        ZZ
  C:1E24H         SYMBOL        Z_01S
  C:1E31H         SYMBOL        Z_05S
  C:1DF7H         SYMBOL        Z_100
  C:1E05H         SYMBOL        Z_15
  C:1E0EH         SYMBOL        Z_1MS
  C:1E17H         SYMBOL        Z_1S
  C:1E00H         SYMBOL        Z_5
  C:10FBH         SYMBOL        Z_9
  C:0000H         LINE#         15
  C:0003H         LINE#         18
  C:000BH         LINE#         20
  C:0013H         LINE#         22
  C:001BH         LINE#         24
  C:0023H         LINE#         26
  C:002BH         LINE#         28
  C:0033H         LINE#         30
  C:003BH         LINE#         32
  C:0043H         LINE#         34
  C:004BH         LINE#         36
  C:0053H         LINE#         38
  C:005BH         LINE#         41
  C:0063H         LINE#         43
  C:006BH         LINE#         45
  C:0073H         LINE#         47
  C:0093H         LINE#         49
  C:009BH         LINE#         52
  C:05C9H         LINE#         209
  C:05CCH         LINE#         210
  C:05CFH         LINE#         211
  C:05D2H         LINE#         212
  C:05D5H         LINE#         213
  C:05D8H         LINE#         214
  C:05DBH         LINE#         216
  C:05DEH         LINE#         217
  C:05E1H         LINE#         218
  C:05E4H         LINE#         220
  C:05E7H         LINE#         221
  C:05EAH         LINE#         222
  C:05EDH         LINE#         223
  C:05F0H         LINE#         224
  C:05F3H         LINE#         225
  C:05F6H         LINE#         226
  C:05F9H         LINE#         227
  C:05FCH         LINE#         228
  C:05FFH         LINE#         229
  C:0602H         LINE#         230
  C:0605H         LINE#         232
  C:0608H         LINE#         233
  C:060BH         LINE#         234
BL51 BANKED LINKER/LOCATER V4.16a           01/29/2007  16:42:18  PAGE 18


  C:060EH         LINE#         238
  C:0610H         LINE#         239
  C:0613H         LINE#         241
  C:0616H         LINE#         242
  C:0619H         LINE#         243
  C:061CH         LINE#         245
  C:061EH         LINE#         246
  C:0620H         LINE#         248
  C:0623H         LINE#         251
  C:0626H         LINE#         252
  C:0629H         LINE#         253
  C:062CH         LINE#         254
  C:062FH         LINE#         256
  C:0632H         LINE#         257
  C:0635H         LINE#         258
  C:0638H         LINE#         259
  C:063BH         LINE#         260
  C:063EH         LINE#         261
  C:0640H         LINE#         262
  C:0642H         LINE#         263
  C:0645H         LINE#         264
  C:0647H         LINE#         265
  C:064AH         LINE#         266
  C:064CH         LINE#         267
  C:064FH         LINE#         268
  C:0651H         LINE#         269
  C:0654H         LINE#         270
  C:0656H         LINE#         271
  C:0659H         LINE#         273
  C:065CH         LINE#         274
  C:065FH         LINE#         276
  C:0660H         LINE#         277
  C:0662H         LINE#         278
  C:0663H         LINE#         279
  C:0664H         LINE#         280
  C:0667H         LINE#         281
  C:0669H         LINE#         282
  C:066AH         LINE#         283
  C:066BH         LINE#         284
  C:066CH         LINE#         285
  C:066FH         LINE#         286
  C:0672H         LINE#         287
  C:0674H         LINE#         288
  C:0676H         LINE#         289
  C:0677H         LINE#         290
  C:0679H         LINE#         292
  C:067BH         LINE#         293
  C:067DH         LINE#         294
  C:067EH         LINE#         295
  C:0680H         LINE#         297
  C:0682H         LINE#         298
  C:0684H         LINE#         302
  C:0686H         LINE#         303
  C:0688H         LINE#         304
  C:068AH         LINE#         305
  C:068CH         LINE#         306
  C:068EH         LINE#         307
  C:0690H         LINE#         308
  C:0692H         LINE#         309
  C:0694H         LINE#         310
  C:0696H         LINE#         311
  C:0698H         LINE#         312
  C:069AH         LINE#         314
  C:069CH         LINE#         315
  C:069EH         LINE#         317
BL51 BANKED LINKER/LOCATER V4.16a           01/29/2007  16:42:18  PAGE 19


  C:06A1H         LINE#         318
  C:06A4H         LINE#         319
  C:06A6H         LINE#         320
  C:06A9H         LINE#         321
  C:06ABH         LINE#         322
  C:06AEH         LINE#         323
  C:06B0H         LINE#         324
  C:06B3H         LINE#         331
  C:06B5H         LINE#         333
  C:06B7H         LINE#         334
  C:06B8H         LINE#         335
  C:06BBH         LINE#         336
  C:06BEH         LINE#         337
  C:06C1H         LINE#         340
  C:06C3H         LINE#         341
  C:06C5H         LINE#         342
  C:06C6H         LINE#         343
  C:06C9H         LINE#         344
  C:06CCH         LINE#         345
  C:06CFH         LINE#         347
  C:06D1H         LINE#         348
  C:06D3H         LINE#         349
  C:06D4H         LINE#         350
  C:06D6H         LINE#         351
  C:06D7H         LINE#         352
  C:06D9H         LINE#         353
  C:06DAH         LINE#         354
  C:06DCH         LINE#         355
  C:06DDH         LINE#         356
  C:06DFH         LINE#         357
  C:06E0H         LINE#         358
  C:06E2H         LINE#         359
  C:06E3H         LINE#         360
  C:06E5H         LINE#         361
  C:06E6H         LINE#         362
  C:06E8H         LINE#         363
  C:06E9H         LINE#         364
  C:06EBH         LINE#         365
  C:06ECH         LINE#         366
  C:06EEH         LINE#         367
  C:06EFH         LINE#         369
  C:06F2H         LINE#         370
  C:06F5H         LINE#         371
  C:06F8H         LINE#         373
  C:06FAH         LINE#         374
  C:06FCH         LINE#         375
  C:06FFH         LINE#         376
  C:0702H         LINE#         378
  C:0704H         LINE#         379
  C:0707H         LINE#         380
  C:070AH         LINE#         381
  C:070CH         LINE#         382
  C:070EH         LINE#         383
  C:0710H         LINE#         384
  C:0711H         LINE#         385
  C:0712H         LINE#         387
  C:0714H         LINE#         388
  C:0716H         LINE#         389
  C:0718H         LINE#         390
  C:071AH         LINE#         391
  C:071DH         LINE#         393
  C:0720H         LINE#         394
  C:0722H         LINE#         395
  C:0725H         LINE#         396
  C:0727H         LINE#         397
BL51 BANKED LINKER/LOCATER V4.16a           01/29/2007  16:42:18  PAGE 20


  C:072AH         LINE#         398
  C:072CH         LINE#         400
  C:072EH         LINE#         401
  C:072FH         LINE#         402
  C:0732H         LINE#         403
  C:0734H         LINE#         404
  C:0736H         LINE#         405
  C:0737H         LINE#         407
  C:0738H         LINE#         408
  C:073AH         LINE#         409
  C:073CH         LINE#         412
  C:073FH         LINE#         413
  C:0742H         LINE#         414
  C:0744H         LINE#         415
  C:0747H         LINE#         416
  C:0749H         LINE#         421
  C:074BH         LINE#         422
  C:074EH         LINE#         423
  C:0751H         LINE#         433
  C:0754H         LINE#         434
  C:0757H         LINE#         435
  C:075AH         LINE#         436
  C:075DH         LINE#         437
  C:075FH         LINE#         439
  C:0761H         LINE#         440
  C:0763H         LINE#         441
  C:0764H         LINE#         442
  C:0765H         LINE#         443
  C:0767H         LINE#         447
  C:0769H         LINE#         448
  C:076AH         LINE#         449
  C:076CH         LINE#         450
  C:076DH         LINE#         451
  C:076EH         LINE#         452
  C:0770H         LINE#         453
  C:0771H         LINE#         454
  C:0772H         LINE#         455
  C:0773H         LINE#         456
  C:0775H         LINE#         457
  C:0776H         LINE#         458
  C:0778H         LINE#         459
  C:0779H         LINE#         460
  C:077AH         LINE#         461
  C:077CH         LINE#         462
  C:077DH         LINE#         463
  C:077FH         LINE#         464
  C:0781H         LINE#         466
  C:0783H         LINE#         467
  C:0784H         LINE#         468
  C:0785H         LINE#         469
  C:0787H         LINE#         470
  C:0788H         LINE#         471
  C:078AH         LINE#         472
  C:078CH         LINE#         474
  C:078EH         LINE#         475
  C:078FH         LINE#         476
  C:0790H         LINE#         477
  C:0792H         LINE#         478
  C:0793H         LINE#         479
  C:0795H         LINE#         480
  C:0797H         LINE#         482
  C:079AH         LINE#         483
  C:079BH         LINE#         484
  C:079DH         LINE#         485
  C:079EH         LINE#         486
BL51 BANKED LINKER/LOCATER V4.16a           01/29/2007  16:42:18  PAGE 21


  C:079FH         LINE#         487
  C:07A1H         LINE#         488
  C:07A3H         LINE#         489
  C:07A5H         LINE#         491
  C:07A7H         LINE#         492
  C:07A8H         LINE#         493
  C:07A9H         LINE#         494
  C:07ABH         LINE#         495
  C:07ADH         LINE#         500
  C:07AFH         LINE#         501
  C:07B0H         LINE#         502
  C:07B3H         LINE#         503
  C:07B5H         LINE#         506
  C:07B7H         LINE#         507
  C:07B9H         LINE#         508
  C:07BCH         LINE#         510
  C:07BEH         LINE#         511
  C:07C1H         LINE#         512
  C:07C3H         LINE#         513
  C:07C6H         LINE#         514
  C:07C8H         LINE#         515
  C:07CBH         LINE#         516
  C:07CDH         LINE#         517
  C:07CFH         LINE#         518
  C:07D1H         LINE#         519
  C:07D4H         LINE#         521
  C:07D7H         LINE#         522
  C:07DAH         LINE#         523
  C:07DDH         LINE#         524
  C:07DFH         LINE#         525
  C:07E2H         LINE#         526
  C:07E4H         LINE#         527
  C:07E7H         LINE#         529
  C:07E9H         LINE#         530
  C:07ECH         LINE#         533
  C:07EEH         LINE#         534
  C:07F0H         LINE#         535
  C:07F2H         LINE#         536
  C:07F3H         LINE#         537
  C:07F6H         LINE#         543
  C:07F9H         LINE#         546
  C:07FBH         LINE#         547
  C:07FEH         LINE#         548
  C:0800H         LINE#         549
  C:0803H         LINE#         550
  C:0805H         LINE#         551
  C:0808H         LINE#         552
  C:080AH         LINE#         553
  C:080CH         LINE#         554
  C:080EH         LINE#         555
  C:0811H         LINE#         557
  C:0814H         LINE#         558
  C:0816H         LINE#         562
  C:0819H         LINE#         563
  C:081BH         LINE#         565
  C:081EH         LINE#         566
  C:0820H         LINE#         567
  C:0823H         LINE#         568
  C:0825H         LINE#         569
  C:0828H         LINE#         570
  C:082AH         LINE#         571
  C:082CH         LINE#         573
  C:082EH         LINE#         574
  C:0830H         LINE#         575
  C:0832H         LINE#         576
BL51 BANKED LINKER/LOCATER V4.16a           01/29/2007  16:42:18  PAGE 22


  C:0835H         LINE#         577
  C:0837H         LINE#         578
  C:083AH         LINE#         582
  C:083CH         LINE#         583
  C:083FH         LINE#         584
  C:0842H         LINE#         585
  C:0845H         LINE#         587
  C:0847H         LINE#         588
  C:084AH         LINE#         589
  C:084DH         LINE#         590
  C:0850H         LINE#         592
  C:0853H         LINE#         593
  C:0856H         LINE#         594
  C:0859H         LINE#         595
  C:085CH         LINE#         596
  C:085FH         LINE#         597
  C:0862H         LINE#         598
  C:0865H         LINE#         599
  C:0868H         LINE#         600
  C:086BH         LINE#         601
  C:086EH         LINE#         602
  C:0871H         LINE#         604
  C:0874H         LINE#         605
  C:0877H         LINE#         607
  C:087AH         LINE#         608
  C:087DH         LINE#         610
  C:0880H         LINE#         611
  C:0883H         LINE#         613
  C:0886H         LINE#         614
  C:0889H         LINE#         616
  C:088CH         LINE#         617
  C:088FH         LINE#         619
  C:0892H         LINE#         622
  C:0894H         LINE#         623
  C:0897H         LINE#         625
  C:089AH         LINE#         626
  C:089DH         LINE#         628
  C:08A0H         LINE#         629
  C:08A3H         LINE#         630
  C:08A6H         LINE#         631
  C:08A9H         LINE#         632
  C:08ACH         LINE#         633
  C:08AFH         LINE#         634
  C:08B2H         LINE#         635
  C:08B5H         LINE#         636
  C:08B8H         LINE#         637
  C:08BBH         LINE#         638
  C:08BEH         LINE#         639
  C:08C1H         LINE#         640
  C:08C4H         LINE#         641
  C:08C7H         LINE#         642
  C:08CAH         LINE#         643
  C:08CDH         LINE#         644
  C:08D0H         LINE#         645
  C:08D3H         LINE#         646
  C:08D6H         LINE#         648
  C:08D9H         LINE#         649
  C:08DCH         LINE#         650
  C:08DFH         LINE#         651
  C:08E2H         LINE#         652
  C:08E5H         LINE#         653
  C:08E8H         LINE#         654
  C:08EBH         LINE#         656
  C:08EEH         LINE#         657
  C:08F1H         LINE#         659
BL51 BANKED LINKER/LOCATER V4.16a           01/29/2007  16:42:18  PAGE 23


  C:08F4H         LINE#         660
  C:08F7H         LINE#         662
  C:08FAH         LINE#         663
  C:08FDH         LINE#         665
  C:0900H         LINE#         666
  C:0903H         LINE#         668
  C:0906H         LINE#         669
  C:0909H         LINE#         671
  C:090CH         LINE#         672
  C:090FH         LINE#         673
  C:0912H         LINE#         675
  C:0915H         LINE#         676
  C:0918H         LINE#         677
  C:091BH         LINE#         678
  C:091EH         LINE#         679
  C:0921H         LINE#         680
  C:0924H         LINE#         681
  C:0927H         LINE#         683
  C:092AH         LINE#         684
  C:092DH         LINE#         686
  C:0930H         LINE#         687
  C:0933H         LINE#         689
  C:0936H         LINE#         690
  C:0939H         LINE#         692
  C:093CH         LINE#         693
  C:093FH         LINE#         695
  C:0942H         LINE#         696
  C:0945H         LINE#         698
  C:0948H         LINE#         701
  C:094AH         LINE#         702
  C:094DH         LINE#         704
  C:0950H         LINE#         705
  C:0953H         LINE#         707
  C:0956H         LINE#         708
  C:0959H         LINE#         709
  C:095CH         LINE#         710
  C:095FH         LINE#         711
  C:0962H         LINE#         712
  C:0965H         LINE#         713
  C:0968H         LINE#         714
  C:096BH         LINE#         715
  C:096EH         LINE#         716
  C:0971H         LINE#         717
  C:0974H         LINE#         718
  C:0977H         LINE#         719
  C:097AH         LINE#         720
  C:097DH         LINE#         721
  C:0980H         LINE#         722
  C:0983H         LINE#         723
  C:0986H         LINE#         724
  C:0989H         LINE#         726
  C:098CH         LINE#         727
  C:098FH         LINE#         728
  C:0992H         LINE#         729
  C:0995H         LINE#         730
  C:0998H         LINE#         731
  C:099BH         LINE#         732
  C:099EH         LINE#         733
  C:09A1H         LINE#         734
  C:09A4H         LINE#         735
  C:09A7H         LINE#         736
  C:09AAH         LINE#         737
  C:09ADH         LINE#         738
  C:09B0H         LINE#         739
  C:09B3H         LINE#         740
BL51 BANKED LINKER/LOCATER V4.16a           01/29/2007  16:42:18  PAGE 24


  C:09B6H         LINE#         741
  C:09B9H         LINE#         742
  C:09BCH         LINE#         743
  C:09BFH         LINE#         744
  C:09C2H         LINE#         745
  C:09C5H         LINE#         751
  C:09C7H         LINE#         752
  C:09C8H         LINE#         753
  C:09C9H         LINE#         754
  C:09CCH         LINE#         756
  C:09CFH         LINE#         757
  C:09D1H         LINE#         758
  C:09D4H         LINE#         759
  C:09D6H         LINE#         760
  C:09D7H         LINE#         762
  C:09DAH         LINE#         763
  C:09DDH         LINE#         764
  C:09E0H         LINE#         765
  C:09E2H         LINE#         767
  C:09E5H         LINE#         768
  C:09E8H         LINE#         769
  C:09EBH         LINE#         770
  C:09EDH         LINE#         773
  C:09F0H         LINE#         774
  C:09F3H         LINE#         775
  C:09F5H         LINE#         776
  C:09F8H         LINE#         777
  C:09F9H         LINE#         778
  C:09FBH         LINE#         779
  C:09FDH         LINE#         780
  C:09FFH         LINE#         783
  C:0A02H         LINE#         790
  C:0A04H         LINE#         791
  C:0A07H         LINE#         795
  C:0A08H         LINE#         796
  C:0A0AH         LINE#         797
  C:0A0CH         LINE#         798
  C:0A0DH         LINE#         799
  C:0A0FH         LINE#         801
  C:0A12H         LINE#         802
  C:0A14H         LINE#         803
  C:0A17H         LINE#         805
  C:0A19H         LINE#         806
  C:0A1AH         LINE#         807
  C:0A1DH         LINE#         808
  C:0A1FH         LINE#         809
  C:0A22H         LINE#         810
  C:0A25H         LINE#         811
  C:0A27H         LINE#         812
  C:0A2AH         LINE#         813
  C:0A2CH         LINE#         816
  C:0A2EH         LINE#         817
  C:0A2FH         LINE#         818
  C:0A32H         LINE#         820
  C:0A35H         LINE#         824
  C:0A37H         LINE#         825
  C:0A38H         LINE#         826
  C:0A3BH         LINE#         827
  C:0A3EH         LINE#         828
  C:0A41H         LINE#         829
  C:0A43H         LINE#         830
  C:0A46H         LINE#         831
  C:0A48H         LINE#         833
  C:0A4BH         LINE#         835
  C:0A4EH         LINE#         837
BL51 BANKED LINKER/LOCATER V4.16a           01/29/2007  16:42:18  PAGE 25


  C:0A4FH         LINE#         838
  C:0A51H         LINE#         839
  C:0A53H         LINE#         840
  C:0A54H         LINE#         841
  C:0A56H         LINE#         843
  C:0A59H         LINE#         844
  C:0A5CH         LINE#         846
  C:0A5FH         LINE#         847
  C:0A62H         LINE#         848
  C:0A65H         LINE#         849
  C:0A68H         LINE#         850
  C:0A6BH         LINE#         852
  C:0A6DH         LINE#         853
  C:0A70H         LINE#         854
  C:0A73H         LINE#         855
  C:0A76H         LINE#         856
  C:0A78H         LINE#         857
  C:0A7BH         LINE#         858
  C:0A7DH         LINE#         859
  C:0A80H         LINE#         860
  C:0A83H         LINE#         861
  C:0A85H         LINE#         862
  C:0A88H         LINE#         863
  C:0A8BH         LINE#         865
  C:0A8DH         LINE#         866
  C:0A8EH         LINE#         867
  C:0A90H         LINE#         868
  C:0A92H         LINE#         869
  C:0A94H         LINE#         870
  C:0A97H         LINE#         871
  C:0A99H         LINE#         872
  C:0A9CH         LINE#         873
  C:0A9EH         LINE#         875
  C:0AA0H         LINE#         876
  C:0AA3H         LINE#         878
  C:0AA5H         LINE#         879
  C:0AA6H         LINE#         880
  C:0AA8H         LINE#         881
  C:0AAAH         LINE#         883
  C:0AACH         LINE#         884
  C:0AAFH         LINE#         885
  C:0AB1H         LINE#         886
  C:0AB3H         LINE#         887
  C:0AB6H         LINE#         893
  C:0AB8H         LINE#         894
  C:0ABBH         LINE#         895
  C:0ABEH         LINE#         896
  C:0AC0H         LINE#         897
  C:0AC3H         LINE#         898
  C:0AC6H         LINE#         899
  C:0AC8H         LINE#         900
  C:0AC9H         LINE#         901
  C:0ACCH         LINE#         904
  C:0ACEH         LINE#         905
  C:0AD1H         LINE#         906
  C:0AD4H         LINE#         907
  C:0AD6H         LINE#         908
  C:0AD9H         LINE#         912
  C:0ADAH         LINE#         913
  C:0ADCH         LINE#         914
  C:0ADDH         LINE#         915
  C:0AE0H         LINE#         916
  C:0AE3H         LINE#         917
  C:0AE6H         LINE#         918
  C:0AE8H         LINE#         919
BL51 BANKED LINKER/LOCATER V4.16a           01/29/2007  16:42:18  PAGE 26


  C:0AEBH         LINE#         920
  C:0AEEH         LINE#         921
  C:0AF1H         LINE#         922
  C:0AF3H         LINE#         923
  C:0AF6H         LINE#         924
  C:0AF9H         LINE#         926
  C:0AFCH         LINE#         927
  C:0AFFH         LINE#         928
  C:0B02H         LINE#         929
  C:0B05H         LINE#         930
  C:0B08H         LINE#         931
  C:0B0AH         LINE#         932
  C:0B0DH         LINE#         934
  C:0B10H         LINE#         936
  C:0B13H         LINE#         937
  C:0B15H         LINE#         938
  C:0B18H         LINE#         939
  C:0B1BH         LINE#         940
  C:0B1EH         LINE#         941
  C:0B21H         LINE#         942
  C:0B24H         LINE#         943
  C:0B26H         LINE#         944
  C:0B29H         LINE#         945
  C:0B2CH         LINE#         946
  C:0B2FH         LINE#         948
  C:0B31H         LINE#         949
  C:0B34H         LINE#         950
  C:0B36H         LINE#         951
  C:0B39H         LINE#         953
  C:0B3BH         LINE#         954
  C:0B3EH         LINE#         955
  C:0B41H         LINE#         956
  C:0B43H         LINE#         957
  C:0B46H         LINE#         960
  C:0B48H         LINE#         961
  C:0B4BH         LINE#         962
  C:0B4EH         LINE#         973
  C:0B51H         LINE#         974
  C:0B54H         LINE#         975
  C:0B56H         LINE#         976
  C:0B59H         LINE#         977
  C:0B5BH         LINE#         979
  C:0B5CH         LINE#         980
  C:0B5EH         LINE#         981
  C:0B5FH         LINE#         982
  C:0B62H         LINE#         983
  C:0B65H         LINE#         984
  C:0B68H         LINE#         985
  C:0B6AH         LINE#         986
  C:0B6CH         LINE#         987
  C:0B6FH         LINE#         988
  C:0B71H         LINE#         990
  C:0B72H         LINE#         991
  C:0B75H         LINE#         992
  C:0B76H         LINE#         994
  C:0B79H         LINE#         996
  C:0B7CH         LINE#         997
  C:0B7EH         LINE#         998
  C:0B81H         LINE#         999
  C:0B83H         LINE#         1000
  C:0B86H         LINE#         1001
  C:0B88H         LINE#         1002
  C:0B8AH         LINE#         1005
  C:0B8CH         LINE#         1006
  C:0B8FH         LINE#         1007
BL51 BANKED LINKER/LOCATER V4.16a           01/29/2007  16:42:18  PAGE 27


  C:0B92H         LINE#         1008
  C:0B94H         LINE#         1009
  C:0B97H         LINE#         1011
  C:0B9AH         LINE#         1012
  C:0B9BH         LINE#         1013
  C:0B9DH         LINE#         1014
  C:0B9EH         LINE#         1015
  C:0BA1H         LINE#         1017
  C:0BA4H         LINE#         1018
  C:0BA7H         LINE#         1019
  C:0BAAH         LINE#         1020
  C:0BACH         LINE#         1021
  C:0BAFH         LINE#         1022
  C:0BB2H         LINE#         1023
  C:0BB5H         LINE#         1024
  C:0BB7H         LINE#         1026
  C:0BBAH         LINE#         1027
  C:0BBCH         LINE#         1028
  C:0BBEH         LINE#         1029
  C:0BC0H         LINE#         1030
  C:0BC2H         LINE#         1031
  C:0BC4H         LINE#         1032
  C:0BC7H         LINE#         1033
  C:0BCAH         LINE#         1034
  C:0BCDH         LINE#         1035
  C:0BD0H         LINE#         1036
  C:0BD2H         LINE#         1037
  C:0BD4H         LINE#         1038
  C:0BD6H         LINE#         1039
  C:0BD8H         LINE#         1040
  C:0BDBH         LINE#         1041
  C:0BDDH         LINE#         1042
  C:0BE0H         LINE#         1043
  C:0BE3H         LINE#         1045
  C:0BE5H         LINE#         1046
  C:0BE8H         LINE#         1048
  C:0BEAH         LINE#         1050
  C:0BECH         LINE#         1051
  C:0BEDH         LINE#         1052
  C:0BF0H         LINE#         1054
  C:0BF2H         LINE#         1055
  C:0BF5H         LINE#         1057
  C:0BF8H         LINE#         1058
  C:0BFBH         LINE#         1059
  C:0BFEH         LINE#         1061
  C:0C00H         LINE#         1062
  C:0C02H         LINE#         1063
  C:0C04H         LINE#         1064
  C:0C06H         LINE#         1065
  C:0C09H         LINE#         1066
  C:0C0CH         LINE#         1067
  C:0C0FH         LINE#         1068
  C:0C11H         LINE#         1069
  C:0C13H         LINE#         1070
  C:0C14H         LINE#         1071
  C:0C17H         LINE#         1072
  C:0C1AH         LINE#         1073
  C:0C1DH         LINE#         1074
  C:0C1FH         LINE#         1076
  C:0C22H         LINE#         1077
  C:0C25H         LINE#         1078
  C:0C28H         LINE#         1079
  C:0C2BH         LINE#         1080
  C:0C2EH         LINE#         1081
  C:0C31H         LINE#         1082
BL51 BANKED LINKER/LOCATER V4.16a           01/29/2007  16:42:18  PAGE 28


  C:0C34H         LINE#         1083
  C:0C37H         LINE#         1085
  C:0C39H         LINE#         1086
  C:0C3CH         LINE#         1088
  C:0C3FH         LINE#         1089
  C:0C42H         LINE#         1090
  C:0C45H         LINE#         1091
  C:0C47H         LINE#         1092
  C:0C49H         LINE#         1093
  C:0C4AH         LINE#         1094
  C:0C4DH         LINE#         1095
  C:0C50H         LINE#         1096
  C:0C53H         LINE#         1097
  C:0C55H         LINE#         1101
  C:0C57H         LINE#         1102
  C:0C59H         LINE#         1103
  C:0C5CH         LINE#         1108
  C:0C5EH         LINE#         1109
  C:0C61H         LINE#         1110
  C:0C62H         LINE#         1111
  C:0C65H         LINE#         1112
  C:0C66H         LINE#         1113
  C:0C68H         LINE#         1114
  C:0C6AH         LINE#         1116
  C:0C6BH         LINE#         1117
  C:0C6DH         LINE#         1118
  C:0C6FH         LINE#         1119
  C:0C71H         LINE#         1120
  C:0C72H         LINE#         1121
  C:0C74H         LINE#         1122
  C:0C75H         LINE#         1123
  C:0C76H         LINE#         1124
  C:0C77H         LINE#         1125
  C:0C79H         LINE#         1127
  C:0C7BH         LINE#         1128
  C:0C7EH         LINE#         1129
  C:0C80H         LINE#         1130
  C:0C82H         LINE#         1132
  C:0C84H         LINE#         1133
  C:0C85H         LINE#         1134
  C:0C87H         LINE#         1135
  C:0C88H         LINE#         1136
  C:0C89H         LINE#         1137
  C:0C8AH         LINE#         1138
  C:0C8BH         LINE#         1139
  C:0C8DH         LINE#         1140
  C:0C8FH         LINE#         1141
  C:0C90H         LINE#         1142
  C:0C92H         LINE#         1143
  C:0C93H         LINE#         1144
  C:0C94H         LINE#         1145
  C:0C95H         LINE#         1146
  C:0C97H         LINE#         1148
  C:0C99H         LINE#         1149
  C:0C9CH         LINE#         1150
  C:0C9EH         LINE#         1151
  C:0C9FH         LINE#         1152
  C:0CA1H         LINE#         1154
  C:0CA4H         LINE#         1155
  C:0CA6H         LINE#         1156
  C:0CA8H         LINE#         1157
  C:0CAAH         LINE#         1158
  C:0CACH         LINE#         1159
  C:0CAFH         LINE#         1160
  C:0CB2H         LINE#         1161
BL51 BANKED LINKER/LOCATER V4.16a           01/29/2007  16:42:18  PAGE 29


  C:0CB5H         LINE#         1162
  C:0CB8H         LINE#         1163
  C:0CBBH         LINE#         1168
  C:0CBEH         LINE#         1169
  C:0CC1H         LINE#         1170
  C:0CC3H         LINE#         1171
  C:0CC6H         LINE#         1173
  C:0CC9H         LINE#         1174
  C:0CCCH         LINE#         1175
  C:0CCEH         LINE#         1176
  C:0CD1H         LINE#         1178
  C:0CD2H         LINE#         1180
  C:0CD5H         LINE#         1181
  C:0CD6H         LINE#         1183
  C:0CD9H         LINE#         1186
  C:0CDCH         LINE#         1187
  C:0CDEH         LINE#         1188
  C:0CE1H         LINE#         1189
  C:0CE3H         LINE#         1190
  C:0CE6H         LINE#         1191
  C:0CE8H         LINE#         1192
  C:0CEBH         LINE#         1194
  C:0CECH         LINE#         1195
  C:0CEFH         LINE#         1207
  C:0CF1H         LINE#         1208
  C:0CF4H         LINE#         1209
  C:0CF7H         LINE#         1210
  C:0CFAH         LINE#         1211
  C:0CFDH         LINE#         1213
  C:0CFEH         LINE#         1214
  C:0D01H         LINE#         1215
  C:0D03H         LINE#         1216
  C:0D05H         LINE#         1218
  C:0D06H         LINE#         1219
  C:0D08H         LINE#         1220
  C:0D0AH         LINE#         1222
  C:0D0DH         LINE#         1224
  C:0D0FH         LINE#         1225
  C:0D11H         LINE#         1226
  C:0D14H         LINE#         1229
  C:0D16H         LINE#         1230
  C:0D18H         LINE#         1231
  C:0D19H         LINE#         1232
  C:0D1BH         LINE#         1233
  C:0D1DH         LINE#         1234
  C:0D1FH         LINE#         1235
  C:0D20H         LINE#         1236
  C:0D22H         LINE#         1237
  C:0D24H         LINE#         1239
  C:0D25H         LINE#         1240
  C:0D26H         LINE#         1241
  C:0D28H         LINE#         1250
  C:0D2BH         LINE#         1251
  C:0D2EH         LINE#         1252
  C:0D31H         LINE#         1254
  C:0D34H         LINE#         1261
  C:0D36H         LINE#         1262
  C:0D39H         LINE#         1264
  C:0D3CH         LINE#         1265
  C:0D3EH         LINE#         1266
  C:0D41H         LINE#         1269
  C:0D43H         LINE#         1270
  C:0D45H         LINE#         1271
  C:0D48H         LINE#         1273
  C:0D4AH         LINE#         1274
BL51 BANKED LINKER/LOCATER V4.16a           01/29/2007  16:42:18  PAGE 30


  C:0D4CH         LINE#         1275
  C:0D4EH         LINE#         1276
  C:0D4FH         LINE#         1277
  C:0D51H         LINE#         1278
  C:0D52H         LINE#         1279
  C:0D53H         LINE#         1280
  C:0D54H         LINE#         1281
  C:0D56H         LINE#         1282
  C:0D58H         LINE#         1283
  C:0D5AH         LINE#         1284
  C:0D5CH         LINE#         1285
  C:0D5EH         LINE#         1286
  C:0D61H         LINE#         1287
  C:0D63H         LINE#         1288
  C:0D65H         LINE#         1289
  C:0D67H         LINE#         1290
  C:0D68H         LINE#         1291
  C:0D6BH         LINE#         1292
  C:0D6DH         LINE#         1293
  C:0D6EH         LINE#         1294
  C:0D70H         LINE#         1295
  C:0D71H         LINE#         1296
  C:0D73H         LINE#         1297
  C:0D76H         LINE#         1299
  C:0D78H         LINE#         1300
  C:0D79H         LINE#         1301
  C:0D7BH         LINE#         1303
  C:0D7CH         LINE#         1304
  C:0D7EH         LINE#         1306
  C:0D80H         LINE#         1307
  C:0D82H         LINE#         1309
  C:0D84H         LINE#         1310
  C:0D85H         LINE#         1311
  C:0D86H         LINE#         1312
  C:0D88H         LINE#         1313
  C:0D89H         LINE#         1314
  C:0D8BH         LINE#         1315
  C:0D8CH         LINE#         1316
  C:0D8EH         LINE#         1320
  C:0D90H         LINE#         1321
  C:0D93H         LINE#         1325
  C:0D95H         LINE#         1326
  C:0D96H         LINE#         1327
  C:0D99H         LINE#         1328
  C:0D9BH         LINE#         1329
  C:0D9CH         LINE#         1330
  C:0D9EH         LINE#         1331
  C:0DA1H         LINE#         1332
  C:0DA3H         LINE#         1333
  C:0DA5H         LINE#         1334
  C:0DA8H         LINE#         1335
  C:0DAAH         LINE#         1336
  C:0DACH         LINE#         1337
  C:0DAFH         LINE#         1338
  C:0DB1H         LINE#         1341
  C:0DB2H         LINE#         1342
  C:0DB5H         LINE#         1343
  C:0DB7H         LINE#         1344
  C:0DB8H         LINE#         1345
  C:0DB9H         LINE#         1346
  C:0DBCH         LINE#         1347
  C:0DBEH         LINE#         1348
  C:0DBFH         LINE#         1350
  C:0DC2H         LINE#         1351
  C:0DC4H         LINE#         1352
BL51 BANKED LINKER/LOCATER V4.16a           01/29/2007  16:42:18  PAGE 31


  C:0DC7H         LINE#         1353
  C:0DC9H         LINE#         1354
  C:0DCBH         LINE#         1355
  C:0DCEH         LINE#         1358
  C:0DD1H         LINE#         1359
  C:0DD3H         LINE#         1360
  C:0DD5H         LINE#         1361
  C:0DD8H         LINE#         1362
  C:0DDAH         LINE#         1363
  C:0DDBH         LINE#         1364
  C:0DDDH         LINE#         1365
  C:0DDFH         LINE#         1366
  C:0DE2H         LINE#         1367
  C:0DE4H         LINE#         1368
  C:0DE6H         LINE#         1369
  C:0DE8H         LINE#         1373
  C:0DEBH         LINE#         1374
  C:0DEEH         LINE#         1375
  C:0DF1H         LINE#         1377
  C:0DF3H         LINE#         1378
  C:0DF5H         LINE#         1379
  C:0DF8H         LINE#         1382
  C:0DFAH         LINE#         1384
  C:0DFCH         LINE#         1385
  C:0DFDH         LINE#         1386
  C:0DFFH         LINE#         1387
  C:0E00H         LINE#         1388
  C:0E01H         LINE#         1389
  C:0E03H         LINE#         1390
  C:0E04H         LINE#         1391
  C:0E05H         LINE#         1392
  C:0E06H         LINE#         1393
  C:0E08H         LINE#         1394
  C:0E09H         LINE#         1395
  C:0E0BH         LINE#         1396
  C:0E0CH         LINE#         1397
  C:0E0DH         LINE#         1398
  C:0E0FH         LINE#         1399
  C:0E10H         LINE#         1400
  C:0E11H         LINE#         1401
  C:0E12H         LINE#         1402
  C:0E14H         LINE#         1404
  C:0E16H         LINE#         1405
  C:0E17H         LINE#         1406
  C:0E18H         LINE#         1407
  C:0E1AH         LINE#         1408
  C:0E1BH         LINE#         1409
  C:0E1CH         LINE#         1410
  C:0E1DH         LINE#         1411
  C:0E1FH         LINE#         1413
  C:0E21H         LINE#         1414
  C:0E22H         LINE#         1415
  C:0E23H         LINE#         1416
  C:0E25H         LINE#         1417
  C:0E26H         LINE#         1418
  C:0E27H         LINE#         1419
  C:0E28H         LINE#         1420
  C:0E2AH         LINE#         1423
  C:0E2BH         LINE#         1424
  C:0E2DH         LINE#         1425
  C:0E2EH         LINE#         1426
  C:0E2FH         LINE#         1427
  C:0E31H         LINE#         1428
  C:0E32H         LINE#         1429
  C:0E33H         LINE#         1430
BL51 BANKED LINKER/LOCATER V4.16a           01/29/2007  16:42:18  PAGE 32


  C:0E34H         LINE#         1432
  C:0E36H         LINE#         1433
  C:0E37H         LINE#         1434
  C:0E38H         LINE#         1435
  C:0E3AH         LINE#         1436
  C:0E3BH         LINE#         1437
  C:0E3CH         LINE#         1438
  C:0E3DH         LINE#         1439
  C:0E3EH         LINE#         1441
  C:0E41H         LINE#         1442
  C:0E42H         LINE#         1443
  C:0E44H         LINE#         1444
  C:0E45H         LINE#         1445
  C:0E46H         LINE#         1446
  C:0E48H         LINE#         1447
  C:0E4AH         LINE#         1449
  C:0E4CH         LINE#         1450
  C:0E4DH         LINE#         1451
  C:0E4EH         LINE#         1452
  C:0E50H         LINE#         1453
  C:0E51H         LINE#         1457
  C:0E54H         LINE#         1458
  C:0E57H         LINE#         1459
  C:0E59H         LINE#         1460
  C:0E5CH         LINE#         1461
  C:0E5DH         LINE#         1462
  C:0E5FH         LINE#         1464
  C:0E60H         LINE#         1465
  C:0E62H         LINE#         1468
  C:0E64H         LINE#         1469
  C:0E67H         LINE#         1470
  C:0E6AH         LINE#         1471
  C:0E6DH         LINE#         1472
  C:0E6FH         LINE#         1473
  C:0E71H         LINE#         1475
  C:0E73H         LINE#         1477
  C:0E75H         LINE#         1478
  C:0E77H         LINE#         1479
  C:0E7AH         LINE#         1481
  C:0E7CH         LINE#         1483
  C:0E7FH         LINE#         1485
  C:0E81H         LINE#         1487
  C:0E82H         LINE#         1488
  C:0E84H         LINE#         1489
  C:0E86H         LINE#         1490
  C:0E87H         LINE#         1491
  C:0E89H         LINE#         1492
  C:0E8CH         LINE#         1493
  C:0E8FH         LINE#         1494
  C:0E92H         LINE#         1495
  C:0E94H         LINE#         1496
  C:0E97H         LINE#         1499
  C:0E99H         LINE#         1501
  C:0E9AH         LINE#         1502
  C:0E9CH         LINE#         1505
  C:0E9FH         LINE#         1506
  C:0EA1H         LINE#         1507
  C:0EA4H         LINE#         1509
  C:0EA7H         LINE#         1510
  C:0EA9H         LINE#         1511
  C:0EACH         LINE#         1512
  C:0EAEH         LINE#         1513
  C:0EB1H         LINE#         1519
  C:0EB3H         LINE#         1520
  C:0EB6H         LINE#         1532
[...]
  C:18A1H         LINE#         3113
  C:18A3H         LINE#         3114
  C:18A5H         LINE#         3115
  C:18A6H         LINE#         3116
  C:18A7H         LINE#         3117
  C:18A9H         LINE#         3118
  C:18ABH         LINE#         3119
BL51 BANKED LINKER/LOCATER V4.16a           01/29/2007  16:42:18  PAGE 51


  C:18ACH         LINE#         3120
  C:18AFH         LINE#         3121
  C:18B2H         LINE#         3122
  C:18B5H         LINE#         3124
  C:18B8H         LINE#         3125
  C:18BBH         LINE#         3126
  C:18BDH         LINE#         3128
  C:18BFH         LINE#         3129
  C:18C1H         LINE#         3130
  C:18C4H         LINE#         3131
  C:18C7H         LINE#         3132
  C:18C9H         LINE#         3133
  C:18CBH         LINE#         3134
  C:18CEH         LINE#         3135
  C:18D1H         LINE#         3136
  C:18D4H         LINE#         3138
  C:18D7H         LINE#         3139
  C:18DAH         LINE#         3140
  C:18DCH         LINE#         3141
  C:18DEH         LINE#         3142
  C:18E1H         LINE#         3143
  C:18E4H         LINE#         3144
  C:18E7H         LINE#         3147
  C:18EAH         LINE#         3148
  C:18EDH         LINE#         3149
  C:18F0H         LINE#         3150
  C:18F3H         LINE#         3151
  C:18F6H         LINE#         3153
  C:18F8H         LINE#         3154
  C:18FAH         LINE#         3155
  C:18FCH         LINE#         3156
  C:18FFH         LINE#         3157
  C:1902H         LINE#         3158
  C:1904H         LINE#         3159
  C:1906H         LINE#         3160
  C:1909H         LINE#         3161
  C:190CH         LINE#         3162
  C:190FH         LINE#         3163
  C:1912H         LINE#         3165
  C:1915H         LINE#         3166
  C:1918H         LINE#         3167
  C:191BH         LINE#         3168
  C:191EH         LINE#         3169
  C:1921H         LINE#         3170
  C:1923H         LINE#         3172
  C:1925H         LINE#         3173
  C:1927H         LINE#         3175
  C:192AH         LINE#         3178
  C:192DH         LINE#         3179
  C:192FH         LINE#         3180
  C:1931H         LINE#         3181
  C:1932H         LINE#         3182
  C:1933H         LINE#         3183
  C:1935H         LINE#         3185
  C:1938H         LINE#         3186
  C:193BH         LINE#         3187
  C:193DH         LINE#         3188
  C:1940H         LINE#         3189
  C:1942H         LINE#         3190
  C:1945H         LINE#         3191
  C:1948H         LINE#         3192
  C:194BH         LINE#         3193
  C:194DH         LINE#         3194
  C:194FH         LINE#         3196
  C:1951H         LINE#         3197
BL51 BANKED LINKER/LOCATER V4.16a           01/29/2007  16:42:18  PAGE 52


  C:1953H         LINE#         3198
  C:1956H         LINE#         3202
  C:1958H         LINE#         3205
  C:195AH         LINE#         3206
  C:195CH         LINE#         3207
  C:195DH         LINE#         3208
  C:195FH         LINE#         3209
  C:1962H         LINE#         3211
  C:1964H         LINE#         3212
  C:1967H         LINE#         3213
  C:196AH         LINE#         3216
  C:196DH         LINE#         3217
  C:196FH         LINE#         3218
  C:1972H         LINE#         3219
  C:1975H         LINE#         3220
  C:1978H         LINE#         3222
  C:1979H         LINE#         3223
  C:197CH         LINE#         3224
  C:197FH         LINE#         3226
  C:1982H         LINE#         3228
  C:1985H         LINE#         3229
  C:1988H         LINE#         3231
  C:198BH         LINE#         3232
  C:198DH         LINE#         3234
  C:198FH         LINE#         3235
  C:1991H         LINE#         3236
  C:1994H         LINE#         3237
  C:1996H         LINE#         3238
  C:1999H         LINE#         3239
  C:199CH         LINE#         3240
  C:199FH         LINE#         3241
  C:19A1H         LINE#         3243
  C:19A4H         LINE#         3244
  C:19A7H         LINE#         3245
  C:19AAH         LINE#         3246
  C:19ACH         LINE#         3248
  C:19AFH         LINE#         3251
  C:19B2H         LINE#         3252
  C:19B4H         LINE#         3253
  C:19B6H         LINE#         3254
  C:19B8H         LINE#         3255
  C:19B9H         LINE#         3256
  C:19BBH         LINE#         3257
  C:19BDH         LINE#         3258
  C:19C0H         LINE#         3260
  C:19C2H         LINE#         3261
  C:19C5H         LINE#         3262
  C:19C7H         LINE#         3263
  C:19C9H         LINE#         3264
  C:19CCH         LINE#         3265
  C:19CFH         LINE#         3267
  C:19D2H         LINE#         3270
  C:19D4H         LINE#         3271
  C:19D6H         LINE#         3272
  C:19D7H         LINE#         3273
  C:19D8H         LINE#         3274
  C:19DAH         LINE#         3275
  C:19DDH         LINE#         3276
  C:19E0H         LINE#         3277
  C:19E3H         LINE#         3278
  C:19E5H         LINE#         3279
  C:19E8H         LINE#         3280
  C:19EBH         LINE#         3281
  C:19EEH         LINE#         3283
  C:19EFH         LINE#         3284
BL51 BANKED LINKER/LOCATER V4.16a           01/29/2007  16:42:18  PAGE 53


  C:19F2H         LINE#         3285
  C:19F5H         LINE#         3286
  C:19F8H         LINE#         3288
  C:19FBH         LINE#         3289
  C:19FEH         LINE#         3290
  C:1A01H         LINE#         3292
  C:1A04H         LINE#         3293
  C:1A06H         LINE#         3294
  C:1A08H         LINE#         3295
  C:1A0AH         LINE#         3296
  C:1A0DH         LINE#         3297
  C:1A10H         LINE#         3299
  C:1A12H         LINE#         3302
  C:1A14H         LINE#         3303
  C:1A17H         LINE#         3304
  C:1A1AH         LINE#         3305
  C:1A1DH         LINE#         3306
  C:1A20H         LINE#         3307
  C:1A23H         LINE#         3308
  C:1A26H         LINE#         3313
  C:1A28H         LINE#         3314
  C:1A2AH         LINE#         3315
  C:1A2CH         LINE#         3316
  C:1A2FH         LINE#         3321
  C:1A31H         LINE#         3322
  C:1A33H         LINE#         3323
  C:1A36H         LINE#         3324
  C:1A38H         LINE#         3325
  C:1A39H         LINE#         3327
  C:1A3CH         LINE#         3328
  C:1A3EH         LINE#         3329
  C:1A41H         LINE#         3331
  C:1A43H         LINE#         3332
  C:1A45H         LINE#         3333
  C:1A48H         LINE#         3334
  C:1A4BH         LINE#         3336
  C:1A4EH         LINE#         3337
  C:1A51H         LINE#         3338
  C:1A53H         LINE#         3339
  C:1A56H         LINE#         3340
  C:1A58H         LINE#         3341
  C:1A5AH         LINE#         3342
  C:1A5DH         LINE#         3344
  C:1A60H         LINE#         3345
  C:1A63H         LINE#         3347
  C:1A66H         LINE#         3348
  C:1A69H         LINE#         3349
  C:1A6CH         LINE#         3350
  C:1A6FH         LINE#         3351
  C:1A72H         LINE#         3355
  C:1A74H         LINE#         3356
  C:1A76H         LINE#         3357
  C:1A79H         LINE#         3365
  C:1A7BH         LINE#         3366
  C:1A7DH         LINE#         3367
  C:1A7FH         LINE#         3368
  C:1A80H         LINE#         3369
  C:1A81H         LINE#         3370
  C:1A83H         LINE#         3371
  C:1A84H         LINE#         3372
  C:1A85H         LINE#         3373
  C:1A86H         LINE#         3374
  C:1A88H         LINE#         3375
  C:1A8AH         LINE#         3376
  C:1A8CH         LINE#         3377
BL51 BANKED LINKER/LOCATER V4.16a           01/29/2007  16:42:18  PAGE 54


  C:1A8FH         LINE#         3378
  C:1A91H         LINE#         3379
  C:1A93H         LINE#         3380
  C:1A96H         LINE#         3381
  C:1A98H         LINE#         3382
  C:1A9BH         LINE#         3383
  C:1A9DH         LINE#         3384
  C:1AA0H         LINE#         3386
  C:1AA2H         LINE#         3387
  C:1AA4H         LINE#         3388
  C:1AA7H         LINE#         3389
  C:1AAAH         LINE#         3392
  C:1AADH         LINE#         3393
  C:1AAFH         LINE#         3394
  C:1AB1H         LINE#         3395
  C:1AB3H         LINE#         3396
  C:1AB5H         LINE#         3397
  C:1AB8H         LINE#         3398
  C:1ABBH         LINE#         3399
  C:1ABEH         LINE#         3401
  C:1AC0H         LINE#         3402
  C:1AC2H         LINE#         3403
  C:1AC3H         LINE#         3404
  C:1AC6H         LINE#         3405
  C:1AC8H         LINE#         3406
  C:1AC9H         LINE#         3407
  C:1ACBH         LINE#         3408
  C:1ACDH         LINE#         3409
  C:1AD0H         LINE#         3411
  C:1AD2H         LINE#         3412
  C:1AD3H         LINE#         3413
  C:1AD5H         LINE#         3416
  C:1AD7H         LINE#         3417
  C:1AD9H         LINE#         3418
  C:1ADCH         LINE#         3419
  C:1ADFH         LINE#         3421
  C:1AE2H         LINE#         3423
  C:1AE5H         LINE#         3424
  C:1AE8H         LINE#         3425
  C:1AEBH         LINE#         3426
  C:1AEEH         LINE#         3427
  C:1AF0H         LINE#         3428
  C:1AF2H         LINE#         3429
  C:1AF4H         LINE#         3430
  C:1AF6H         LINE#         3431
  C:1AF9H         LINE#         3433
  C:1AFCH         LINE#         3434
  C:1AFFH         LINE#         3435
  C:1B02H         LINE#         3436
  C:1B04H         LINE#         3437
  C:1B07H         LINE#         3438
  C:1B0AH         LINE#         3439
  C:1B0DH         LINE#         3440
  C:1B0FH         LINE#         3441
  C:1B12H         LINE#         3450
  C:1B14H         LINE#         3451
  C:1B16H         LINE#         3452
  C:1B17H         LINE#         3453
  C:1B18H         LINE#         3454
  C:1B19H         LINE#         3455
  C:1B1BH         LINE#         3457
  C:1B1DH         LINE#         3458
  C:1B1EH         LINE#         3459
  C:1B20H         LINE#         3460
  C:1B22H         LINE#         3461
BL51 BANKED LINKER/LOCATER V4.16a           01/29/2007  16:42:18  PAGE 55


  C:1B25H         LINE#         3462
  C:1B26H         LINE#         3463
  C:1B29H         LINE#         3469
  C:1B2BH         LINE#         3470
  C:1B2DH         LINE#         3471
  C:1B30H         LINE#         3479
  C:1B32H         LINE#         3480
  C:1B34H         LINE#         3481
  C:1B36H         LINE#         3482
  C:1B37H         LINE#         3483
  C:1B38H         LINE#         3484
  C:1B3AH         LINE#         3485
  C:1B3BH         LINE#         3486
  C:1B3CH         LINE#         3487
  C:1B3DH         LINE#         3488
  C:1B3FH         LINE#         3490
  C:1B41H         LINE#         3491
  C:1B43H         LINE#         3492
  C:1B46H         LINE#         3493
  C:1B49H         LINE#         3494
  C:1B4CH         LINE#         3495
  C:1B4FH         LINE#         3496
  C:1B52H         LINE#         3497
  C:1B55H         LINE#         3498
  C:1B57H         LINE#         3499
  C:1B5AH         LINE#         3500
  C:1B5CH         LINE#         3501
  C:1B5EH         LINE#         3503
  C:1B60H         LINE#         3504
  C:1B62H         LINE#         3505
  C:1B64H         LINE#         3506
  C:1B66H         LINE#         3507
  C:1B68H         LINE#         3508
  C:1B69H         LINE#         3509
  C:1B6BH         LINE#         3510
  C:1B6EH         LINE#         3511
  C:1B71H         LINE#         3514
  C:1B74H         LINE#         3516
  C:1B77H         LINE#         3518
  C:1B7AH         LINE#         3519
  C:1B7DH         LINE#         3520
  C:1B80H         LINE#         3521
  C:1B83H         LINE#         3522
  C:1B86H         LINE#         3525
  C:1B89H         LINE#         3528
  C:1B8CH         LINE#         3529
  C:1B8EH         LINE#         3530
  C:1B91H         LINE#         3532
  C:1B94H         LINE#         3534
  C:1B97H         LINE#         3535
  C:1B99H         LINE#         3536
  C:1B9CH         LINE#         3537
  C:1B9EH         LINE#         3538
  C:1BA0H         LINE#         3539
  C:1BA3H         LINE#         3540
  C:1BA6H         LINE#         3542
  C:1BA8H         LINE#         3543
  C:1BA9H         LINE#         3544
  C:1BACH         LINE#         3546
  C:1BAFH         LINE#         3547
  C:1BB1H         LINE#         3556
  C:1BB3H         LINE#         3557
  C:1BB5H         LINE#         3558
  C:1BB6H         LINE#         3559
  C:1BB7H         LINE#         3560
BL51 BANKED LINKER/LOCATER V4.16a           01/29/2007  16:42:18  PAGE 56


  C:1BB8H         LINE#         3561
  C:1BBAH         LINE#         3563
  C:1BBCH         LINE#         3564
  C:1BBDH         LINE#         3565
  C:1BBFH         LINE#         3566
  C:1BC1H         LINE#         3567
  C:1BC4H         LINE#         3568
  C:1BC7H         LINE#         3569
  C:1BC8H         LINE#         3571
  C:1BCBH         LINE#         3572
  C:1BCDH         LINE#         3573
  C:1BD0H         LINE#         3574
  C:1BD2H         LINE#         3575
  C:1BD3H         LINE#         3576
  C:1BD6H         LINE#         3577
  C:1BD8H         LINE#         3580
  C:1BDAH         LINE#         3581
  C:1BDCH         LINE#         3582
  C:1BDFH         LINE#         3583
  C:1BE2H         LINE#         3585
  C:1BE4H         LINE#         3586
  C:1BE6H         LINE#         3587
  C:1BE9H         LINE#         3588
  C:1BECH         LINE#         3589
  C:1BEFH         LINE#         3590
  C:1BF1H         LINE#         3591
  C:1BF4H         LINE#         3593
  C:1BF6H         LINE#         3594
  C:1BF8H         LINE#         3595
  C:1BFBH         LINE#         3596
  C:1BFEH         LINE#         3597
  C:1C01H         LINE#         3598
  C:1C04H         LINE#         3599
  C:1C07H         LINE#         3600
  C:1C0AH         LINE#         3601
  C:1C0DH         LINE#         3603
  C:1C10H         LINE#         3604
  C:1C12H         LINE#         3608
  C:1C14H         LINE#         3609
  C:1C16H         LINE#         3610
  C:1C19H         LINE#         3611
  C:1C1CH         LINE#         3612
  C:1C1EH         LINE#         3613
  C:1C20H         LINE#         3614
  C:1C23H         LINE#         3615
  C:1C26H         LINE#         3616
  C:1C29H         LINE#         3617
  C:1C2CH         LINE#         3618
  C:1C2DH         LINE#         3619
  C:1C2FH         LINE#         3620
  C:1C30H         LINE#         3621
  C:1C32H         LINE#         3622
  C:1C35H         LINE#         3624
  C:1C37H         LINE#         3625
  C:1C39H         LINE#         3626
  C:1C3BH         LINE#         3627
  C:1C3DH         LINE#         3628
  C:1C40H         LINE#         3632
  C:1C42H         LINE#         3633
  C:1C44H         LINE#         3634
  C:1C46H         LINE#         3635
  C:1C48H         LINE#         3636
  C:1C4AH         LINE#         3637
  C:1C4CH         LINE#         3638
  C:1C4EH         LINE#         3639
BL51 BANKED LINKER/LOCATER V4.16a           01/29/2007  16:42:18  PAGE 57


  C:1C50H         LINE#         3640
  C:1C52H         LINE#         3641
  C:1C54H         LINE#         3642
  C:1C56H         LINE#         3643
  C:1C58H         LINE#         3644
  C:1C5AH         LINE#         3645
  C:1C5CH         LINE#         3646
  C:1C5EH         LINE#         3647
  C:1C61H         LINE#         3649
  C:1C64H         LINE#         3650
  C:1C66H         LINE#         3651
  C:1C67H         LINE#         3657
  C:1C69H         LINE#         3658
  C:1C6CH         LINE#         3659
  C:1C6FH         LINE#         3660
  C:1C72H         LINE#         3661
  C:1C73H         LINE#         3662
  C:1C76H         LINE#         3663
  C:1C79H         LINE#         3664
  C:1C7BH         LINE#         3665
  C:1C7EH         LINE#         3666
  C:1C81H         LINE#         3667
  C:1C83H         LINE#         3668
  C:1C86H         LINE#         3669
  C:1C89H         LINE#         3670
  C:1C8BH         LINE#         3671
  C:1C8EH         LINE#         3672
  C:1C91H         LINE#         3673
  C:1C93H         LINE#         3675
  C:1C96H         LINE#         3676
  C:1C99H         LINE#         3677
  C:1C9BH         LINE#         3678
  C:1C9EH         LINE#         3679
  C:1CA1H         LINE#         3680
  C:1CA3H         LINE#         3681
  C:1CA6H         LINE#         3682
  C:1CA9H         LINE#         3683
  C:1CABH         LINE#         3684
  C:1CAEH         LINE#         3685
  C:1CB1H         LINE#         3686
  C:1CB3H         LINE#         3689
  C:1CB6H         LINE#         3690
  C:1CB8H         LINE#         3696
  C:1CBAH         LINE#         3697
  C:1CBDH         LINE#         3698
  C:1CC0H         LINE#         3699
  C:1CC2H         LINE#         3700
  C:1CC4H         LINE#         3702
  C:1CC7H         LINE#         3703
  C:1CC9H         LINE#         3704
  C:1CCCH         LINE#         3705
  C:1CCEH         LINE#         3706
  C:1CD0H         LINE#         3707
  C:1CD2H         LINE#         3708
  C:1CD4H         LINE#         3709
  C:1CD6H         LINE#         3710
  C:1CD7H         LINE#         3711
  C:1CD9H         LINE#         3712
  C:1CDCH         LINE#         3713
  C:1CDEH         LINE#         3715
  C:1CE1H         LINE#         3716
  C:1CE4H         LINE#         3718
  C:1CE7H         LINE#         3719
  C:1CEAH         LINE#         3720
  C:1CECH         LINE#         3721
BL51 BANKED LINKER/LOCATER V4.16a           01/29/2007  16:42:18  PAGE 58


  C:1CEEH         LINE#         3722
  C:1CF1H         LINE#         3723
  C:1CF3H         LINE#         3724
  C:1CF4H         LINE#         3725
  C:1CF6H         LINE#         3726
  C:1CF9H         LINE#         3727
  C:1CFBH         LINE#         3729
  C:1CFEH         LINE#         3730
  C:1D01H         LINE#         3732
  C:1D04H         LINE#         3733
  C:1D07H         LINE#         3734
  C:1D09H         LINE#         3739
  C:1D0BH         LINE#         3740
  C:1D0EH         LINE#         3742
  C:1D11H         LINE#         3743
  C:1D12H         LINE#         3744
  C:1D14H         LINE#         3745
  C:1D15H         LINE#         3746
  C:1D18H         LINE#         3747
  C:1D1AH         LINE#         3748
  C:1D1DH         LINE#         3749
  C:1D20H         LINE#         3751
  C:1D23H         LINE#         3752
  C:1D26H         LINE#         3753
  C:1D29H         LINE#         3754
  C:1D2CH         LINE#         3756
  C:1D2EH         LINE#         3757
  C:1D31H         LINE#         3760
  C:1D33H         LINE#         3761
  C:1D35H         LINE#         3762
  C:1D37H         LINE#         3763
  C:1D3AH         LINE#         3765
  C:1D3DH         LINE#         3766
  C:1D3FH         LINE#         3767
  C:1D42H         LINE#         3768
  C:1D43H         LINE#         3769
  C:1D44H         LINE#         3770
  C:1D45H         LINE#         3771
  C:1D46H         LINE#         3772
  C:1D47H         LINE#         3773
  C:1D48H         LINE#         3774
  C:1D49H         LINE#         3775
  C:1D4AH         LINE#         3776
  C:1D4BH         LINE#         3777
  C:1D4CH         LINE#         3778
  C:1D4DH         LINE#         3782
  C:1D50H         LINE#         3783
  C:1D52H         LINE#         3784
  C:1D55H         LINE#         3786
  C:1D57H         LINE#         3787
  C:1D59H         LINE#         3788
  C:1D5CH         LINE#         3789
  C:1D5FH         LINE#         3792
  C:1D61H         LINE#         3793
  C:1D64H         LINE#         3794
  C:1D67H         LINE#         3795
  C:1D6AH         LINE#         3796
  C:1D6DH         LINE#         3797
  C:1D70H         LINE#         3798
  -------         ENDMOD        MAIN

LINK/LOCATE RUN COMPLETE.  0 WARNING(S),  0 ERROR(S)
