BL51 BANKED LINKER/LOCATER V4.16a             02/05/2007  13:48:16  PAGE 1


BL51 BANKED LINKER/LOCATER V4.16a, INVOKED BY:
D:\PROGRAM FILES\CYGNAL\IDEFILES\C51\BIN\BL51.EXE D:\AMP\AMP29.OBJ TO D:\AMP\A
>> MP29 RS (256) PL (68) PW (78)


INPUT MODULES INCLUDED:
  D:\AMP\AMP29.OBJ (MAIN)


LINK MAP OF MODULE:  D:\AMP\AMP29 (MAIN)


            TYPE    BASE      LENGTH    RELOCATION   SEGMENT NAME
            -----------------------------------------------------

            * * * * * * *   D A T A   M E M O R Y   * * * * * * *
            REG     0000H     0008H     ABSOLUTE     "REG BANK 0"

            * * * * * * *   C O D E   M E M O R Y   * * * * * * *
            CODE    0000H     04C9H     ABSOLUTE     
            CODE    04C9H     28EBH     UNIT         MAIN



SYMBOL TABLE OF MODULE:  D:\AMP\AMP29 (MAIN)

  VALUE           TYPE          NAME
  ----------------------------------

  -------         MODULE        MAIN
  C:04C9H         SEGMENT       MAIN
  X:0100H         PUBLIC        MASS0
  B:00C0H.2       SYMBOL        AA
  C:0818H         SYMBOL        AAPAR
  D:004FH         SYMBOL        ABIN
  C:25EDH         SYMBOL        ABRET
  C:03F3H         SYMBOL        ABTOF
  B:00D0H.6       SYMBOL        AC
  D:00E0H         SYMBOL        ACC
  B:00E8H.4       SYMBOL        AD0BUSY
  B:00E8H.7       SYMBOL        AD0EN
  B:00E8H.5       SYMBOL        AD0INT
  B:00E8H.0       SYMBOL        AD0LJST
  B:00E8H.2       SYMBOL        AD0STM0
  B:00E8H.3       SYMBOL        AD0STM1
  B:00E8H.6       SYMBOL        AD0TM
  B:00E8H.1       SYMBOL        AD0WINT
  D:00BCH         SYMBOL        ADC0CF
  D:00E8H         SYMBOL        ADC0CN
  D:00C5H         SYMBOL        ADC0GTH
  D:00C4H         SYMBOL        ADC0GTL
  D:00BFH         SYMBOL        ADC0H
  D:00BEH         SYMBOL        ADC0L
  D:00C7H         SYMBOL        ADC0LTH
  D:00C6H         SYMBOL        ADC0LTL
  D:009CH         SYMBOL        ADC1
  D:00ABH         SYMBOL        ADC1CF
  D:00AAH         SYMBOL        ADC1CN
  C:2D8BH         SYMBOL        ADDX
  D:0053H         SYMBOL        ADEC
  C:2A73H         SYMBOL        ADRBLOK
  C:0B0FH         SYMBOL        AFTERK
  C:06C5H         SYMBOL        AGE2
  C:0CAAH         SYMBOL        AGE9
  C:06D3H         SYMBOL        AGEON
  C:0DDFH         SYMBOL        ALESS0
BL51 BANKED LINKER/LOCATER V4.16a           02/05/2007  13:48:16  PAGE 2


  C:07B6H         SYMBOL        ALLSUM
  C:2CD2H         SYMBOL        ALMUL
  C:0402H         SYMBOL        ALTOF
  C:041EH         SYMBOL        ALTOF1
  D:00BAH         SYMBOL        AMX0CF
  D:00BBH         SYMBOL        AMX0SL
  D:00ACH         SYMBOL        AMX1SL
  C:0A75H         SYMBOL        ANKOR
  C:1545H         SYMBOL        AN_T7
  C:1026H         SYMBOL        AUTOKA
  C:0C3CH         SYMBOL        AVPGO
  C:0AD1H         SYMBOL        AVTDEC1
  C:03FCH         SYMBOL        AWTOF
  D:00F0H         SYMBOL        B
  C:05C9H         SYMBOL        BEGIN
  C:29B0H         SYMBOL        BFORM
  B:0021H.5       SYMBOL        BIFL_KT
  C:2AEEH         SYMBOL        BIN30
  C:2AF2H         SYMBOL        BIN31
  C:2B02H         SYMBOL        BIN32
  C:2B13H         SYMBOL        BIN41
  C:2AE2H         SYMBOL        BINDEC
  B:0023H.2       SYMBOL        BITAKT
  B:0020H.5       SYMBOL        BITAVP
  B:0021H.2       SYMBOL        BITBON
  B:0021H.0       SYMBOL        BITBUF
  B:0022H.5       SYMBOL        BITEIZM
  B:0020H.4       SYMBOL        BITIZM
  B:0022H.2       SYMBOL        BITKLB
  B:0020H.1       SYMBOL        BITMAS
  B:0021H.3       SYMBOL        BITMEM
  B:0022H.1       SYMBOL        BITMENU
  B:0023H.1       SYMBOL        BITMIG
  B:0021H.7       SYMBOL        BITNUL
  B:0022H.7       SYMBOL        BITOLL
  B:0022H.6       SYMBOL        BITPAR
  B:0021H.1       SYMBOL        BITPRD
  B:0020H.3       SYMBOL        BITRS
  B:0022H.0       SYMBOL        BITT2
  B:0022H.3       SYMBOL        BITV19
  B:0020H.6       SYMBOL        BITVI11
  B:0022H.4       SYMBOL        BITVICH
  B:0020H.0       SYMBOL        BITZNAK
  B:0023H.3       SYMBOL        BITZNB
  B:0020H.7       SYMBOL        BITZUS
  C:1951H         SYMBOL        BLOKVV
  C:195BH         SYMBOL        BLOKVVC
  C:191FH         SYMBOL        BL_LI
  B:0021H.4       SYMBOL        BMEM11
  C:16FFH         SYMBOL        BOUT7
  C:2440H         SYMBOL        BRET
  C:0E11H         SYMBOL        BUFDEC
  D:0040H         SYMBOL        BUFIND
  C:2161H         SYMBOL        BUFMEA
  C:2254H         SYMBOL        BUFMIN
  C:116CH         SYMBOL        BUFON
  C:0D4FH         SYMBOL        BUFR
  C:0D31H         SYMBOL        BUFR2
  C:0D2AH         SYMBOL        BUFR3
  C:0D2DH         SYMBOL        BUFR30
  B:00D8H.0       SYMBOL        CCF0
  B:00D8H.1       SYMBOL        CCF1
  B:00D8H.2       SYMBOL        CCF2
  B:00D8H.3       SYMBOL        CCF3
  B:00D8H.4       SYMBOL        CCF4
BL51 BANKED LINKER/LOCATER V4.16a           02/05/2007  13:48:16  PAGE 3


  C:01F7H         SYMBOL        CDONE
  D:0020H         SYMBOL        CELLBIT
  D:0021H         SYMBOL        CELLBIT1
  D:0022H         SYMBOL        CELLBIT2
  D:0023H         SYMBOL        CELLBIT3
  C:01E2H         SYMBOL        CEXP
  B:00D8H.7       SYMBOL        CF
  C:24DDH         SYMBOL        CH0
  C:24FDH         SYMBOL        CH1
  C:24E1H         SYMBOL        CH10
  C:24F5H         SYMBOL        CH100
  C:24F1H         SYMBOL        CH10000
  C:253DH         SYMBOL        CH150H
  C:24F9H         SYMBOL        CH2
  C:26B4H         SYMBOL        CH20
  C:251DH         SYMBOL        CH2THO
  C:2539H         SYMBOL        CH320H
  C:24E9H         SYMBOL        CH4
  C:1B45H         SYMBOL        CH43
  C:1BD7H         SYMBOL        CH43_42
  C:24E5H         SYMBOL        CH5
  C:26B0H         SYMBOL        CH57
  C:24EDH         SYMBOL        CH954
  C:1803H         SYMBOL        CHAIBL
  C:1A9AH         SYMBOL        CHAIPR
  C:131CH         SYMBOL        CHANMA
  C:1303H         SYMBOL        CHANZ
  D:0081H         SYMBOL        CHAVT
  D:009BH         SYMBOL        CHBEFORE
  D:00D6H         SYMBOL        CHBLOK
  D:00CFH         SYMBOL        CHBUF
  C:23E3H         SYMBOL        CHCMP
  C:23F6H         SYMBOL        CHDEC
  D:0083H         SYMBOL        CHDEL
  C:100EH         SYMBOL        CHDELMO
  C:26F8H         SYMBOL        CHIF
  C:270CH         SYMBOL        CHIFB
  C:2711H         SYMBOL        CHIFB1
  D:00ACH         SYMBOL        CHIND
  D:0098H         SYMBOL        CHINKOR
  C:2535H         SYMBOL        CHK
  D:003DH         SYMBOL        CHKL
  D:006EH         SYMBOL        CHMAS
  D:003FH         SYMBOL        CHMASN
  C:2A58H         SYMBOL        CHMINUS
  C:238DH         SYMBOL        CHTADC
  C:2515H         SYMBOL        CHTHO
  C:25B8H         SYMBOL        CHTHOU
  C:24D9H         SYMBOL        CHZAP
  C:2505H         SYMBOL        CH_1
  C:252DH         SYMBOL        CH_10
  C:2529H         SYMBOL        CH_10TH
  C:2509H         SYMBOL        CH_2
  C:2525H         SYMBOL        CH_200
  C:2521H         SYMBOL        CH_220
  C:25F6H         SYMBOL        CH_22T
  C:2531H         SYMBOL        CH_250
  C:250DH         SYMBOL        CH_4
  C:25F2H         SYMBOL        CH_500
  C:2511H         SYMBOL        CH_953
  C:25EEH         SYMBOL        CH_B
  C:25FAH         SYMBOL        CH_FL
  C:2501H         SYMBOL        CH_MLN
  C:2986H         SYMBOL        CIKLWR
  D:008EH         SYMBOL        CKCON
BL51 BANKED LINKER/LOCATER V4.16a           02/05/2007  13:48:16  PAGE 4


  C:254FH         SYMBOL        CL4
  C:2555H         SYMBOL        CL4N
  C:1BC4H         SYMBOL        CLE20
  C:043EH         SYMBOL        CLE256
  C:2ADCH         SYMBOL        CLEAR
  C:254CH         SYMBOL        CLEAR4
  C:2554H         SYMBOL        CLEARN
  C:2976H         SYMBOL        CLMASSIX
  C:0C41H         SYMBOL        CLMASV
  C:297BH         SYMBOL        CLMAX
  C:2ADDH         SYMBOL        CLR11
  C:2AD6H         SYMBOL        CLRDEC
  C:2ADAH         SYMBOL        CLRNUM
  C:1674H         SYMBOL        CLRVICH
  N:0006H         SYMBOL        CNTR
  C:24C1H         SYMBOL        CO02S
  C:24CEH         SYMBOL        CO05S
  C:24B8H         SYMBOL        CO1S
  C:24B4H         SYMBOL        CO2S
  C:0CC6H         SYMBOL        COMPA1
  C:0CFCH         SYMBOL        COMPA2
  C:29EAH         SYMBOL        COND
  C:049FH         SYMBOL        COPY1
  C:0499H         SYMBOL        COPYPP
  D:00D7H         SYMBOL        COPY_HL
  C:2496H         SYMBOL        COUNT
  B:00C8H.0       SYMBOL        CPRL2
  D:009EH         SYMBOL        CPT0CN
  D:009FH         SYMBOL        CPT1CN
  B:00D8H.6       SYMBOL        CR
  C:249DH         SYMBOL        CT
  B:00C8H.1       SYMBOL        CT2
  B:00D0H.7       SYMBOL        CY
  D:00D4H         SYMBOL        DAC0CN
  D:00D3H         SYMBOL        DAC0H
  D:00D2H         SYMBOL        DAC0L
  D:00D7H         SYMBOL        DAC1CN
  D:00D6H         SYMBOL        DAC1H
  D:00D5H         SYMBOL        DAC1L
  C:29EFH         SYMBOL        DCOA
  C:29F6H         SYMBOL        DCOB
  C:2A01H         SYMBOL        DCOC
  C:2A0EH         SYMBOL        DCOD
  C:18DAH         SYMBOL        DDOUTF
  C:17E7H         SYMBOL        DDOUTFR
  C:2B2FH         SYMBOL        DEC30
  C:2B34H         SYMBOL        DEC31
  C:2B44H         SYMBOL        DEC32
  C:2B22H         SYMBOL        DECBIN
  N:000AH         SYMBOL        DECSIZE
  C:2B4DH         SYMBOL        DECT2
  C:2DA2H         SYMBOL        DEDPTR
  C:0133H         SYMBOL        DENORM
  C:1A27H         SYMBOL        DGOTO7
  D:00AEH         SYMBOL        DIAP
  C:118BH         SYMBOL        DIINC
  C:2688H         SYMBOL        DIKDN
  C:25A0H         SYMBOL        DIKDW
  C:25B6H         SYMBOL        DIKM
  C:25B4H         SYMBOL        DIPAR
  C:02DDH         SYMBOL        DIV1
  C:0320H         SYMBOL        DIV2
  C:030DH         SYMBOL        DIV3
  C:0336H         SYMBOL        DIV9
  C:2C0DH         SYMBOL        DIVIDE
BL51 BANKED LINKER/LOCATER V4.16a           02/05/2007  13:48:16  PAGE 5


  C:2B7CH         SYMBOL        DONE
  C:2B7AH         SYMBOL        DONE1
  C:2C96H         SYMBOL        DOSH
  C:2C84H         SYMBOL        DOSUB
  D:0083H         SYMBOL        DPH
  D:0082H         SYMBOL        DPL
  C:0EEFH         SYMBOL        DVIG0
  C:0EE4H         SYMBOL        DVIG1
  C:0ED9H         SYMBOL        DVIG2
  C:0ECDH         SYMBOL        DVIG3
  C:0EFBH         SYMBOL        DVIG4
  C:0F1DH         SYMBOL        DVIG6
  C:0F1BH         SYMBOL        DVM
  B:00A8H.7       SYMBOL        EA
  D:00E6H         SYMBOL        EIE1
  D:00E7H         SYMBOL        EIE2
  D:00F6H         SYMBOL        EIP1
  D:00F7H         SYMBOL        EIP2
  D:00A3H         SYMBOL        EMI0CF
  D:00AFH         SYMBOL        EMI0CN
  D:00A1H         SYMBOL        EMI0TC
  C:1F91H         SYMBOL        ENDKALIB
  C:0F21H         SYMBOL        ENDSDV
  C:0A03H         SYMBOL        ENDSUM
  B:00C0H.6       SYMBOL        ENSMB
  C:0CF7H         SYMBOL        EQU0
  C:0D15H         SYMBOL        EQU00
  C:1442H         SYMBOL        EQU1L
  C:193AH         SYMBOL        EQU2L
  C:279CH         SYMBOL        ERROR
  B:00A8H.4       SYMBOL        ES
  B:00A8H.1       SYMBOL        ET0
  B:00A8H.3       SYMBOL        ET1
  B:00A8H.5       SYMBOL        ET2
  B:00A8H.0       SYMBOL        EX0
  B:00A8H.2       SYMBOL        EX1
  B:00C8H.3       SYMBOL        EXEN2
  B:00C8H.6       SYMBOL        EXF2
  N:0000H         SYMBOL        EXP1
  N:0001H         SYMBOL        EXP2
  C:0675H         SYMBOL        EXTCLE
  B:00D0H.5       SYMBOL        F0
  B:00D0H.1       SYMBOL        F1
  C:2599H         SYMBOL        FINDEXT
  C:258AH         SYMBOL        FINDKOEF
  C:13A6H         SYMBOL        FINDMEM
  C:26E1H         SYMBOL        FINDR
  C:2CC1H         SYMBOL        FINIS
  D:00B7H         SYMBOL        FLACL
  C:0166H         SYMBOL        FLADD
  C:01D6H         SYMBOL        FLCMP
  C:02B7H         SYMBOL        FLDIV
  C:0203H         SYMBOL        FLMUL
  C:01E1H         SYMBOL        FLOUT
  D:00B6H         SYMBOL        FLSCL
  C:01D1H         SYMBOL        FLSUB
  C:01F8H         SYMBOL        FND
  C:29ADH         SYMBOL        FO1M
  C:29B6H         SYMBOL        FO2M
  C:29B7H         SYMBOL        FORM4
  C:125CH         SYMBOL        FT1IZM
  C:0343H         SYMBOL        FTOL
  C:037CH         SYMBOL        FTOL1
  C:039EH         SYMBOL        FTOL2
  C:03C4H         SYMBOL        FTOL22
BL51 BANKED LINKER/LOCATER V4.16a           02/05/2007  13:48:16  PAGE 6


  C:03A2H         SYMBOL        FTOL23
  C:03B5H         SYMBOL        FTOL24
  C:03C2H         SYMBOL        FTOL25
  C:03E4H         SYMBOL        FTOL26
  C:038AH         SYMBOL        FTOL3
  C:038EH         SYMBOL        FTOL33
  C:0371H         SYMBOL        FTOL4
  C:0381H         SYMBOL        FTOL9
  C:2000H         SYMBOL        FULKALIB
  C:060EH         SYMBOL        GENER
  C:189FH         SYMBOL        GO23NO
  C:1448H         SYMBOL        GO31L
  C:144DH         SYMBOL        GO41L
  C:0BF7H         SYMBOL        GOA2
  C:0C01H         SYMBOL        GOA3A2
  C:0FACH         SYMBOL        GOCIKLE
  C:18D2H         SYMBOL        GOFULL
  C:0C1FH         SYMBOL        GOKAA2
  C:115AH         SYMBOL        GOKLB
  C:183EH         SYMBOL        GOOFF1
  C:1856H         SYMBOL        GOOFF2
  C:186EH         SYMBOL        GOOFF3
  C:1886H         SYMBOL        GOOFF4
  C:0C11H         SYMBOL        GOONIN
  C:0DE8H         SYMBOL        GOONIND
  C:180FH         SYMBOL        GOONOFF
  C:0F72H         SYMBOL        GOONT
  C:1D71H         SYMBOL        GOPAROL
  C:1C87H         SYMBOL        GOPAROM
  C:0794H         SYMBOL        GOPART
  C:137EH         SYMBOL        GOSK19
  C:1545H         SYMBOL        GOTO7
  C:0A96H         SYMBOL        GOTOKD
  C:110FH         SYMBOL        GOUT6
  C:1ABEH         SYMBOL        GOVVLIST
  C:0746H         SYMBOL        GOZNAK
  C:167FH         SYMBOL        HNOR11
  C:1627H         SYMBOL        HNOR12
  C:16C8H         SYMBOL        HNOT1
  C:15F5H         SYMBOL        HNOT2
  C:161DH         SYMBOL        HR12
  C:1617H         SYMBOL        HVI1113
  D:00A8H         SYMBOL        IE
  B:0088H.1       SYMBOL        IE0
  B:0088H.3       SYMBOL        IE1
  C:15F1H         SYMBOL        INCT
  C:235BH         SYMBOL        IND
  C:0DAFH         SYMBOL        INDA3
  C:0D86H         SYMBOL        INDOLL
  C:25FEH         SYMBOL        INIACP
  C:1996H         SYMBOL        INNOT1_2
  C:1987H         SYMBOL        INNOT3
  C:197BH         SYMBOL        INNOT6
  D:00CDH         SYMBOL        INTERVA
  C:0F8AH         SYMBOL        INTMUL
  C:1A10H         SYMBOL        INTN
  D:00B8H         SYMBOL        IP
  B:0088H.0       SYMBOL        IT0
  B:0088H.2       SYMBOL        IT1
  C:16B0H         SYMBOL        IZCHI
  C:11DFH         SYMBOL        IZMAN
  C:11EEH         SYMBOL        IZMFUN
  C:11F2H         SYMBOL        IZMPAT
  C:1201H         SYMBOL        IZMT2
  C:120CH         SYMBOL        IZMT3
BL51 BANKED LINKER/LOCATER V4.16a           02/05/2007  13:48:16  PAGE 7


  C:2C28H         SYMBOL        JFINIS
  C:2519H         SYMBOL        KD
  C:10E8H         SYMBOL        KEYB1
  C:14DCH         SYMBOL        KEYB2
  C:18A9H         SYMBOL        KFULL
  C:17D6H         SYMBOL        KFULLR
  C:182BH         SYMBOL        KGO23
  C:17B0H         SYMBOL        KLEV1
  C:17B5H         SYMBOL        KLEV2
  C:17D9H         SYMBOL        KLEV21
  C:17BFH         SYMBOL        KLEV22
  C:17EAH         SYMBOL        KLEV23
  C:17BAH         SYMBOL        KLEV3
  C:0841H         SYMBOL        KLMAS
  C:1590H         SYMBOL        KNAVP
  B:0023H.0       SYMBOL        KNIZM
  C:11E9H         SYMBOL        KNIZMON
  C:14CDH         SYMBOL        KNKMP
  C:15A0H         SYMBOL        KNLEFT
  C:171DH         SYMBOL        KNMEM
  C:1567H         SYMBOL        KNMENU
  C:15BEH         SYMBOL        KNNUL
  C:1214H         SYMBOL        KNOPT
  C:1229H         SYMBOL        KNRAZR
  C:1181H         SYMBOL        KNRIGHT
  C:119DH         SYMBOL        KNVICH
  D:00A0H         SYMBOL        KOEFKD
  D:0094H         SYMBOL        KOEFKM
  D:0090H         SYMBOL        KOEFKP
  C:0BBFH         SYMBOL        KOMUL
  C:0BB9H         SYMBOL        KOMULPZ
  D:00BCH         SYMBOL        KONSTA
  D:00C0H         SYMBOL        KONSTB
  C:12E7H         SYMBOL        KON_B
  C:2454H         SYMBOL        KOR0US
  D:0084H         SYMBOL        KOR0_AN
  C:0AE7H         SYMBOL        KORDEC1
  C:0AC7H         SYMBOL        KORDEC10
  C:0FE1H         SYMBOL        KORNUL
  C:18C5H         SYMBOL        KVVOD0
  C:1AB5H         SYMBOL        LABEL43
  C:1B8AH         SYMBOL        LABEL7
  C:071BH         SYMBOL        LABELA
  C:0EC6H         SYMBOL        LABELB
  C:1229H         SYMBOL        LABELC
  C:11F2H         SYMBOL        LABELE
  C:1248H         SYMBOL        LABELF
  C:15E0H         SYMBOL        LABELH
  C:1E5AH         SYMBOL        LABELI
  C:1664H         SYMBOL        LABELI2
  C:1754H         SYMBOL        LABELK
  C:1403H         SYMBOL        LABELL
  C:1324H         SYMBOL        LABELL1
  C:1467H         SYMBOL        LABELN
  C:1A8BH         SYMBOL        LABELP
  C:1A56H         SYMBOL        LABELS
  C:1CE8H         SYMBOL        LABELS1
  C:1DE3H         SYMBOL        LABELS13
  C:1E6DH         SYMBOL        LABELS3
  C:1E48H         SYMBOL        LABELS4
  C:1429H         SYMBOL        LABL2
  C:1940H         SYMBOL        LABM
  C:2D69H         SYMBOL        LADD
  C:2D7AH         SYMBOL        LADDX
  C:042DH         SYMBOL        LBTOF
BL51 BANKED LINKER/LOCATER V4.16a           02/05/2007  13:48:16  PAGE 8


  C:2B67H         SYMBOL        LCMP
  C:2B7DH         SYMBOL        LDC_LONG
  C:2B9FH         SYMBOL        LDC_LTEMP
  C:2BC5H         SYMBOL        LDX_LONG
  C:2BEBH         SYMBOL        LDX_LTEMP
  C:19A5H         SYMBOL        LEFCUR
  C:15AAH         SYMBOL        LEFKL
  C:1762H         SYMBOL        LEFMEM11
  C:18F3H         SYMBOL        LEFT21
  C:1CE5H         SYMBOL        LEFT_S
  C:1DCAH         SYMBOL        LEFT_SK
  C:17C2H         SYMBOL        LEV220
  C:148DH         SYMBOL        LEV2GO
  D:00B0H         SYMBOL        LEVEL
  C:16BAH         SYMBOL        LI21
  C:1B24H         SYMBOL        LI42_43
  C:1B94H         SYMBOL        LIST_43
  C:11D8H         SYMBOL        LLDI2
  C:11CCH         SYMBOL        LLDI23
  C:11D3H         SYMBOL        LLDI3
  C:1452H         SYMBOL        LLEV2
  C:2CD2H         SYMBOL        LLMUL
  C:2D57H         SYMBOL        LLSUB
  C:0432H         SYMBOL        LLTOF
  C:2CD2H         SYMBOL        LMUL
  C:2AB2H         SYMBOL        LOA3_X
  C:264DH         SYMBOL        LOAB12
  D:00B7H         SYMBOL        LOAD
  C:16D9H         SYMBOL        LOADB
  C:1702H         SYMBOL        LOADB2
  C:1780H         SYMBOL        LOADCLE
  C:266AH         SYMBOL        LOADKD
  C:265CH         SYMBOL        LOADR2
  C:246FH         SYMBOL        LOADT
  C:240EH         SYMBOL        LOADUS
  C:2176H         SYMBOL        LOAHL_R2
  C:18FEH         SYMBOL        LOBLOK
  C:177BH         SYMBOL        LOCLE
  C:247EH         SYMBOL        LOD1
  C:248AH         SYMBOL        LODT
  C:162AH         SYMBOL        LOIZMK
  C:1C40H         SYMBOL        LOKAME1
  C:2471H         SYMBOL        LOLEVT
  C:176FH         SYMBOL        LOLIST
  C:1F45H         SYMBOL        LOME1
  C:1F3DH         SYMBOL        LOMENU
  C:23CAH         SYMBOL        LOOP
  C:2C2BH         SYMBOL        LOOPS
  C:2448H         SYMBOL        LOSPUS
  C:1797H         SYMBOL        LOSTAT
  C:2486H         SYMBOL        LOTEXT
  C:26C0H         SYMBOL        LOTP
  C:26B8H         SYMBOL        LOTPUS
  C:11DEH         SYMBOL        LOU
  C:11BBH         SYMBOL        LOUIZM
  C:1445H         SYMBOL        LOUTF
  C:1620H         SYMBOL        LOVICH
  C:1789H         SYMBOL        LOWR
  C:178EH         SYMBOL        LOWR1
  C:2D57H         SYMBOL        LSUB
  N:0008H         SYMBOL        LTEMP
  C:2988H         SYMBOL        LWR
  C:294CH         SYMBOL        LWRX
  C:042FH         SYMBOL        LWTOF
  D:006FH         SYMBOL        MABIN
BL51 BANKED LINKER/LOCATER V4.16a           02/05/2007  13:48:16  PAGE 9


  C:29A3H         SYMBOL        MAFORM
  N:0002H         SYMBOL        MANT1
  N:0008H         SYMBOL        MANT2
  C:12EEH         SYMBOL        MARK0_8
  D:00B2H         SYMBOL        MARKER
  C:2712H         SYMBOL        MARLE
  C:271FH         SYMBOL        MARRI
  C:0860H         SYMBOL        MAS10
  C:08E0H         SYMBOL        MAS20
  C:09D4H         SYMBOL        MAS4
  C:0A48H         SYMBOL        MAS5DIV
  C:0A0FH         SYMBOL        MASFULL
  X:0104H         SYMBOL        MASS1
  X:0128H         SYMBOL        MASS10
  X:012CH         SYMBOL        MASS11
  X:0130H         SYMBOL        MASS12
  X:0134H         SYMBOL        MASS13
  X:0138H         SYMBOL        MASS14
  X:013CH         SYMBOL        MASS15
  X:0140H         SYMBOL        MASS16
  X:0144H         SYMBOL        MASS17
  X:0148H         SYMBOL        MASS18
  X:014CH         SYMBOL        MASS19
  X:0108H         SYMBOL        MASS2
  X:010CH         SYMBOL        MASS3
  X:0110H         SYMBOL        MASS4
  X:0114H         SYMBOL        MASS5
  X:0118H         SYMBOL        MASS6
  X:011CH         SYMBOL        MASS7
  X:0120H         SYMBOL        MASS8
  X:0124H         SYMBOL        MASS9
  C:0A3EH         SYMBOL        MASX5
  C:229DH         SYMBOL        MAXG
  C:2307H         SYMBOL        MAXVIX
  C:1A50H         SYMBOL        ME11_15DE
  C:1C3FH         SYMBOL        ME11_15DEC
  C:140DH         SYMBOL        ME21_22
  C:1CA3H         SYMBOL        ME21_23
  C:1CBFH         SYMBOL        ME21_23DEC
  C:159BH         SYMBOL        MEAVP
  C:0662H         SYMBOL        MECLE
  C:0669H         SYMBOL        MEFF
  C:18C0H         SYMBOL        MEM12NO
  C:20C2H         SYMBOL        MENG
  C:1F49H         SYMBOL        MENU12
  C:1F51H         SYMBOL        MENU13
  C:1F59H         SYMBOL        MENU14
  C:1F61H         SYMBOL        MENU15
  C:1F69H         SYMBOL        MENU21
  C:1F71H         SYMBOL        MENU22
  C:1F79H         SYMBOL        MENU23
  C:1F81H         SYMBOL        MENU31
  C:1F89H         SYMBOL        MENU41
  C:157EH         SYMBOL        MENUOFF
  C:1A7DH         SYMBOL        MENUON
  C:1564H         SYMBOL        MERR
  C:17A2H         SYMBOL        ME_14
  C:1D34H         SYMBOL        ME_41
  C:2C5EH         SYMBOL        MIDL
  C:277EH         SYMBOL        MIGN
  C:2786H         SYMBOL        MIGNN
  C:2182H         SYMBOL        MIN4_HL
  C:21C4H         SYMBOL        MING
  C:222EH         SYMBOL        MINIVIX
  C:1923H         SYMBOL        MLABL2
BL51 BANKED LINKER/LOCATER V4.16a           02/05/2007  13:48:16  PAGE 10


  C:1ABBH         SYMBOL        MLABL2R
  C:0716H         SYMBOL        MMM
  C:0D7BH         SYMBOL        MO220
  C:0CEBH         SYMBOL        MO500I
  C:0CDFH         SYMBOL        MO500R
  B:00F8H.5       SYMBOL        MODF
  C:13A0H         SYMBOL        MOUTF
  C:1A53H         SYMBOL        MOUTKMEM
  C:2A10H         SYMBOL        MOVE28
  C:25BCH         SYMBOL        MOVE82
  C:0DE8H         SYMBOL        MOVEA3
  D:003AH         SYMBOL        MOVLEFT
  D:003BH         SYMBOL        MOVRIG
  B:00F8H.1       SYMBOL        MSTEN
  C:021AH         SYMBOL        MUP1
  C:0257H         SYMBOL        MUP11
  C:0297H         SYMBOL        MUP2
  C:026CH         SYMBOL        MUP3
  C:18F9H         SYMBOL        MVV11
  C:190BH         SYMBOL        MVV12
  C:10D5H         SYMBOL        N12DELCH
  C:1081H         SYMBOL        N4DELCH
  C:10C3H         SYMBOL        N8DELCH
  C:13A6H         SYMBOL        NBIMENU
  D:0038H         SYMBOL        NBLOK
  C:0358H         SYMBOL        NE05
  D:0037H         SYMBOL        NELEM
  C:2365H         SYMBOL        NEXIN
  C:22D2H         SYMBOL        NEXTMAX
  C:20F7H         SYMBOL        NEXTMEA
  C:21F9H         SYMBOL        NEXTMIN
  C:0B04H         SYMBOL        NMINUS
  C:0A68H         SYMBOL        NMINUS3
  C:1041H         SYMBOL        NNDELCH
  C:1499H         SYMBOL        NNMEMB
  C:0E5FH         SYMBOL        NNNUL
  C:2C46H         SYMBOL        NO
  C:0728H         SYMBOL        NO0KEY
  C:12A0H         SYMBOL        NO11V6
  C:12B3H         SYMBOL        NO12V6
  C:12C6H         SYMBOL        NO13V6
  C:1EDAH         SYMBOL        NO21P7
  C:136AH         SYMBOL        NO23RI
  C:0DD4H         SYMBOL        NO2PARN
  C:19C4H         SYMBOL        NO31N
  C:1389H         SYMBOL        NO31RI
  C:0DCAH         SYMBOL        NO3PARN
  C:1014H         SYMBOL        NO4DEL
  C:0AD6H         SYMBOL        NOAVK
  C:0BF7H         SYMBOL        NOAVP
  C:0E7EH         SYMBOL        NOBAVP
  C:07D1H         SYMBOL        NOBEF99
  C:0245H         SYMBOL        NOBIT
  C:0E87H         SYMBOL        NOBITIZM
  C:1416H         SYMBOL        NOBL21
  C:1420H         SYMBOL        NOBL22
  C:0EBCH         SYMBOL        NOBUF
  C:0FBCH         SYMBOL        NOBUF0
  C:0DABH         SYMBOL        NOCHI0
  C:0A2BH         SYMBOL        NOCHN10
  C:0A20H         SYMBOL        NOCHN2
  C:0A36H         SYMBOL        NOCHN20
  C:0D91H         SYMBOL        NODI2
  C:15ACH         SYMBOL        NODI6
  C:0E36H         SYMBOL        NODI8
BL51 BANKED LINKER/LOCATER V4.16a           02/05/2007  13:48:16  PAGE 11


  C:1D9EH         SYMBOL        NODI8K
  C:1B6AH         SYMBOL        NODI8_43
  C:0D96H         SYMBOL        NODI9
  C:1B75H         SYMBOL        NODI9_43
  C:0E45H         SYMBOL        NODIS9
  C:1DA6H         SYMBOL        NODISK9
  C:2AA7H         SYMBOL        NOENDLI
  C:147EH         SYMBOL        NOEQU1
  C:19BEH         SYMBOL        NOEQU2
  C:1282H         SYMBOL        NOFIZM
  C:125BH         SYMBOL        NOFT1
  C:0FB7H         SYMBOL        NOFZ
  C:163FH         SYMBOL        NOH37
  C:1712H         SYMBOL        NOHNOT1
  C:170AH         SYMBOL        NOHNOT2
  C:0EB6H         SYMBOL        NOKLB
  C:0A7EH         SYMBOL        NOKORR
  C:1601H         SYMBOL        NOLAH
  C:1BE8H         SYMBOL        NOLI_43
  C:199CH         SYMBOL        NOM31
  C:19FFH         SYMBOL        NOM32
  C:1A2DH         SYMBOL        NOM33
  C:1E82H         SYMBOL        NOMARL
  C:22EAH         SYMBOL        NOMAXI
  C:18B0H         SYMBOL        NOME11
  C:13C1H         SYMBOL        NOMEM11
  C:13D7H         SYMBOL        NOMEM12
  C:13EDH         SYMBOL        NOMEM13
  C:18ADH         SYMBOL        NOMEMK
  C:2211H         SYMBOL        NOMINI
  C:123AH         SYMBOL        NON1C
  C:0ABBH         SYMBOL        NONULAVT
  C:0FF6H         SYMBOL        NONULDEL
  C:0DAFH         SYMBOL        NOP3_0
  C:07D5H         SYMBOL        NOPART1
  C:07F5H         SYMBOL        NOPART2
  C:0815H         SYMBOL        NOPART3
  C:0835H         SYMBOL        NOPART4
  C:1316H         SYMBOL        NOPLUS
  C:1E99H         SYMBOL        NOPOIN7
  C:1E65H         SYMBOL        NOPOINT
  C:132AH         SYMBOL        NOR11
  C:00F6H         SYMBOL        NORDN
  C:0107H         SYMBOL        NORDN1
  C:145BH         SYMBOL        NORIG2
  C:1499H         SYMBOL        NORIM6
  C:1350H         SYMBOL        NORIME
  C:134AH         SYMBOL        NORIME1
  C:00F0H         SYMBOL        NORM1
  C:1657H         SYMBOL        NORR11
  C:1667H         SYMBOL        NORR12
  C:0119H         SYMBOL        NORUP
  C:011EH         SYMBOL        NORUP1
  C:0132H         SYMBOL        NORUP2
  C:0EBFH         SYMBOL        NORVICH
  C:2C81H         SYMBOL        NOSUB
  C:0FCCH         SYMBOL        NOT1IN
  C:1554H         SYMBOL        NOT1_7
  C:0FD4H         SYMBOL        NOT2IN
  C:155FH         SYMBOL        NOT2_7
  C:0FDCH         SYMBOL        NOT3IN
  C:0E91H         SYMBOL        NOTAKT
  C:0B7BH         SYMBOL        NOTE21
  C:0B96H         SYMBOL        NOTE22
  C:0BAEH         SYMBOL        NOTESTIZM
BL51 BANKED LINKER/LOCATER V4.16a           02/05/2007  13:48:16  PAGE 12


  C:0F94H         SYMBOL        NOTT1
  C:0F9FH         SYMBOL        NOTT2
  C:0FA4H         SYMBOL        NOTT5
  C:1241H         SYMBOL        NOT_1
  C:1241H         SYMBOL        NOT_10
  C:1332H         SYMBOL        NOVIR
  C:126CH         SYMBOL        NOVIR1
  C:2172H         SYMBOL        NOZMEA
  C:2265H         SYMBOL        NOZMIN
  C:0E26H         SYMBOL        NOZZMI
  C:1B5AH         SYMBOL        NOZZMI43
  C:0E68H         SYMBOL        NSEC01
  C:0E6FH         SYMBOL        NSEC1
  C:0E74H         SYMBOL        NSEC10
  D:0039H         SYMBOL        NUERR
  C:1026H         SYMBOL        NULAVT
  N:0004H         SYMBOL        NUMSIZE
  C:2BB7H         SYMBOL        OBOARD
  C:2BFFH         SYMBOL        OBOARD1
  C:0186H         SYMBOL        OK1
  C:01A0H         SYMBOL        OK2
  C:01C4H         SYMBOL        OK3
  C:2BDDH         SYMBOL        ONBOAR1
  C:2B91H         SYMBOL        ONBOARD
  C:172EH         SYMBOL        ONMEM11
  C:1CC6H         SYMBOL        ONMEM12
  C:1E45H         SYMBOL        ONMEM13
  C:2794H         SYMBOL        ONMIG
  C:11B3H         SYMBOL        ONVICH
  D:00B2H         SYMBOL        OSCICN
  D:00B1H         SYMBOL        OSCXCN
  C:1B81H         SYMBOL        OUT43
  C:1499H         SYMBOL        OUT6
  C:1F08H         SYMBOL        OUT7
  C:272CH         SYMBOL        OUTA
  C:2746H         SYMBOL        OUTA2
  C:274FH         SYMBOL        OUTB
  C:2775H         SYMBOL        OUTB2
  C:2760H         SYMBOL        OUTB3
  C:1262H         SYMBOL        OUTF
  C:1327H         SYMBOL        OUTFL
  C:173BH         SYMBOL        OUTKMEM
  C:1300H         SYMBOL        OUTMA
  C:22EFH         SYMBOL        OUTMAX
  C:2112H         SYMBOL        OUTMEA
  C:1C82H         SYMBOL        OUTMENU
  C:2216H         SYMBOL        OUTMIN
  C:0D42H         SYMBOL        OUTR
  C:0D5EH         SYMBOL        OUTR5
  C:1D27H         SYMBOL        OUTSKO
  C:1D24H         SYMBOL        OUTSKO1
  C:126FH         SYMBOL        OUTVICH
  C:1153H         SYMBOL        OUTVIR
  C:200DH         SYMBOL        OUT_KALI
  B:00D0H.2       SYMBOL        OV
  B:00D0H.0       SYMBOL        P
  D:0080H         SYMBOL        P0
  D:00A4H         SYMBOL        P0MDOUT
  D:0090H         SYMBOL        P1
  D:00BDH         SYMBOL        P1MDIN
  D:00A5H         SYMBOL        P1MDOUT
  D:00A0H         SYMBOL        P2
  D:00A6H         SYMBOL        P2MDOUT
  D:00B0H         SYMBOL        P3
  D:00ADH         SYMBOL        P3IF
BL51 BANKED LINKER/LOCATER V4.16a           02/05/2007  13:48:16  PAGE 13


  D:00A7H         SYMBOL        P3MDOUT
  D:0084H         SYMBOL        P4
  D:0085H         SYMBOL        P5
  D:0086H         SYMBOL        P6
  D:0096H         SYMBOL        P7
  D:00B5H         SYMBOL        P74OUT
  C:00DEH         SYMBOL        PACK1
  C:1DB3H         SYMBOL        PARERR
  D:00AFH         SYMBOL        PARN
  D:00A8H         SYMBOL        PAROL
  D:009AH         SYMBOL        PART
  D:00D8H         SYMBOL        PCA0CN
  D:00FAH         SYMBOL        PCA0CPH0
  D:00FBH         SYMBOL        PCA0CPH1
  D:00FCH         SYMBOL        PCA0CPH2
  D:00FDH         SYMBOL        PCA0CPH3
  D:00FEH         SYMBOL        PCA0CPH4
  D:00EAH         SYMBOL        PCA0CPL0
  D:00EBH         SYMBOL        PCA0CPL1
  D:00ECH         SYMBOL        PCA0CPL2
  D:00EDH         SYMBOL        PCA0CPL3
  D:00EEH         SYMBOL        PCA0CPL4
  D:00DAH         SYMBOL        PCA0CPM0
  D:00DBH         SYMBOL        PCA0CPM1
  D:00DCH         SYMBOL        PCA0CPM2
  D:00DDH         SYMBOL        PCA0CPM3
  D:00DEH         SYMBOL        PCA0CPM4
  D:00F9H         SYMBOL        PCA0H
  D:00E9H         SYMBOL        PCA0L
  D:00D9H         SYMBOL        PCA0MD
  D:0087H         SYMBOL        PCON
  C:1E98H         SYMBOL        POIN3
  C:1ED5H         SYMBOL        POINA
  C:1E7DH         SYMBOL        POINA1
  C:1E77H         SYMBOL        POINA2
  C:1EF8H         SYMBOL        POZB
  N:000CH         SYMBOL        PROD
  B:00B8H.4       SYMBOL        PS
  D:008FH         SYMBOL        PSCTL
  D:00D0H         SYMBOL        PSW
  B:00B8H.1       SYMBOL        PT0
  B:00B8H.3       SYMBOL        PT1
  B:00B8H.5       SYMBOL        PT2
  B:00B8H.0       SYMBOL        PX0
  B:00B8H.2       SYMBOL        PX1
  C:115DH         SYMBOL        PYSKST
  C:17E4H         SYMBOL        QUES
  C:0BF4H         SYMBOL        QU_AVP
  N:000AH         SYMBOL        R10
  N:000BH         SYMBOL        R11
  N:0008H         SYMBOL        R8
  N:0009H         SYMBOL        R9
  C:0A94H         SYMBOL        RAFTERK
  B:0098H.2       SYMBOL        RB8
  D:00CBH         SYMBOL        RCAP2H
  D:00CAH         SYMBOL        RCAP2L
  D:00E5H         SYMBOL        RCAP4H
  D:00E4H         SYMBOL        RCAP4L
  B:00C8H.5       SYMBOL        RCLK
  C:1828H         SYMBOL        RDDOUTF
  C:23D3H         SYMBOL        RE1
  C:0B3CH         SYMBOL        RE11_7
  C:0454H         SYMBOL        RE4BYTE
  C:2AC4H         SYMBOL        REA3_X
  D:0077H         SYMBOL        REACP
BL51 BANKED LINKER/LOCATER V4.16a           02/05/2007  13:48:16  PAGE 14


  C:23D1H         SYMBOL        READ
  C:078CH         SYMBOL        READYACP
  C:23B9H         SYMBOL        READ_X2
  C:06EFH         SYMBOL        REBYTE
  C:046CH         SYMBOL        REBYTE2
  D:00D1H         SYMBOL        REF0CN
  B:0098H.4       SYMBOL        REN
  C:158DH         SYMBOL        RENDKALIB
  C:2A1CH         SYMBOL        RESAR2
  C:29DAH         SYMBOL        RESAR8
  C:2AA8H         SYMBOL        RESA_HL
  D:008CH         SYMBOL        REZAM
  D:0088H         SYMBOL        REZAP
  C:0AECH         SYMBOL        REZMUL
  D:0062H         SYMBOL        REZ_A
  D:006AH         SYMBOL        REZ_A0
  D:0066H         SYMBOL        REZ_A1
  D:007BH         SYMBOL        REZ_A2
  D:009CH         SYMBOL        REZ_A3
  D:00A4H         SYMBOL        REZ_AK
  D:005EH         SYMBOL        REZ_AME
  D:00C5H         SYMBOL        REZ_DEL
  D:00C9H         SYMBOL        REZ_R
  C:1999H         SYMBOL        RGOTO7
  C:1631H         SYMBOL        RHNOR11
  C:15F8H         SYMBOL        RHNOT1
  B:0098H.0       SYMBOL        RI
  C:1353H         SYMBOL        RI21_23
  C:134DH         SYMBOL        RI6
  C:1423H         SYMBOL        RIGBLO
  C:1461H         SYMBOL        RIGBLOK
  C:1178H         SYMBOL        RIGHT2
  C:117CH         SYMBOL        RIGHT3
  C:12D8H         SYMBOL        RIKN
  C:10E5H         SYMBOL        RIZMAN
  C:136DH         SYMBOL        RI_31
  C:14D9H         SYMBOL        RKNLEFT
  C:14CAH         SYMBOL        RKNMEM
  C:14D6H         SYMBOL        RKNNUL
  C:10E2H         SYMBOL        RKNOPT
  C:10DFH         SYMBOL        RKNRAZR
  C:1778H         SYMBOL        RKVVOD0
  C:10DCH         SYMBOL        RLABELF
  C:14D3H         SYMBOL        RLABELH
  C:15FEH         SYMBOL        RLABELI
  C:15FBH         SYMBOL        RLABELK
  C:132FH         SYMBOL        RLABELL
  C:1496H         SYMBOL        RLABELL1
  C:139DH         SYMBOL        RLABELN
  C:1C26H         SYMBOL        RLABELP
  C:1D31H         SYMBOL        RLABELS13
  C:1D2EH         SYMBOL        RLABELS4
  C:17DEH         SYMBOL        RLABL2
  C:17E1H         SYMBOL        RLABM
  C:1A2AH         SYMBOL        RLEFCUR
  C:271EH         SYMBOL        RLER
  C:1AB8H         SYMBOL        RLIST_43
  C:08DDH         SYMBOL        RMAS4
  C:1A88H         SYMBOL        RME21_23
  C:0ACEH         SYMBOL        RMO220
  C:13A3H         SYMBOL        RNNMEMB
  C:0E43H         SYMBOL        RNO3PARN
  C:0C1CH         SYMBOL        RNOCHI0
  C:1655H         SYMBOL        RNOH37
  C:1738H         SYMBOL        RNOMEMK
BL51 BANKED LINKER/LOCATER V4.16a           02/05/2007  13:48:16  PAGE 15


  C:0E41H         SYMBOL        RNORVICH
  C:0F18H         SYMBOL        RNOT1IN
  C:0AE4H         SYMBOL        RNOTESTIZM
  C:10D9H         SYMBOL        ROUT6
  C:14D0H         SYMBOL        ROUT7
  C:1652H         SYMBOL        ROUTF
  N:0000H         SYMBOL        RR0
  N:0001H         SYMBOL        RR1
  N:0002H         SYMBOL        RR2
  N:0003H         SYMBOL        RR3
  N:0004H         SYMBOL        RR4
  N:0005H         SYMBOL        RR5
  N:0006H         SYMBOL        RR6
  N:0007H         SYMBOL        RR7
  C:272BH         SYMBOL        RRIR
  C:0C19H         SYMBOL        RRMO220
  B:00D0H.3       SYMBOL        RS0
  B:00D0H.4       SYMBOL        RS1
  C:0DDDH         SYMBOL        RSEEIND
  D:00EFH         SYMBOL        RSTSRC
  C:1245H         SYMBOL        RTIZMRI
  C:1633H         SYMBOL        RVVIZKO
  B:00F8H.4       SYMBOL        RXOVRN
  D:00A9H         SYMBOL        SADDR0
  D:00F3H         SYMBOL        SADDR1
  D:00B9H         SYMBOL        SADEN0
  D:00AEH         SYMBOL        SADEN1
  D:0036H         SYMBOL        SAUS
  D:003CH         SYMBOL        SAVBA
  C:295EH         SYMBOL        SAVEIR2
  C:04A7H         SYMBOL        SAVELTE
  D:00D3H         SYMBOL        SAVEN_BL
  C:296AH         SYMBOL        SAVER2
  C:2A91H         SYMBOL        SAVE_HL
  D:0099H         SYMBOL        SBUF0
  D:00F2H         SYMBOL        SBUF1
  D:0098H         SYMBOL        SCON0
  D:00F1H         SYMBOL        SCON1
  C:237BH         SYMBOL        SDV
  C:238FH         SYMBOL        SDV1
  C:076DH         SYMBOL        SDVIG0
  C:0762H         SYMBOL        SDVIG1
  C:0757H         SYMBOL        SDVIG2
  C:074BH         SYMBOL        SDVIG3
  C:077CH         SYMBOL        SDVIG4
  C:0786H         SYMBOL        SDVIG6
  C:0784H         SYMBOL        SDVM
  C:0E48H         SYMBOL        SEEGOON
  C:0E56H         SYMBOL        SEEIND
  C:1B78H         SYMBOL        SEE_L43
  B:00C0H.3       SYMBOL        SI
  N:0007H         SYMBOL        SIGN
  C:1C6BH         SYMBOL        SKOR19
  B:00F8H.2       SYMBOL        SLVSEL
  B:0098H.7       SYMBOL        SM0
  B:0098H.6       SYMBOL        SM1
  B:0098H.5       SYMBOL        SM2
  D:00C3H         SYMBOL        SMB0ADR
  D:00C0H         SYMBOL        SMB0CN
  D:00CFH         SYMBOL        SMB0CR
  D:00C2H         SYMBOL        SMB0DAT
  D:00C1H         SYMBOL        SMB0STA
  B:00C0H.1       SYMBOL        SMBFTE
  B:00C0H.0       SYMBOL        SMBTOE
  C:16C2H         SYMBOL        SOOTV
BL51 BANKED LINKER/LOCATER V4.16a           02/05/2007  13:48:16  PAGE 16


  D:0081H         SYMBOL        SP
  D:009AH         SYMBOL        SPI0CFG
  D:009DH         SYMBOL        SPI0CKR
  D:00F8H         SYMBOL        SPI0CN
  D:009BH         SYMBOL        SPI0DAT
  B:00F8H.0       SYMBOL        SPIEN
  B:00F8H.7       SYMBOL        SPIF
  C:1D09H         SYMBOL        SPWRI
  C:24ABH         SYMBOL        SS1
  B:00C0H.5       SYMBOL        STA
  B:00C0H.4       SYMBOL        STO
  D:00B3H         SYMBOL        SUMMA
  C:07D8H         SYMBOL        SUMT2
  D:00C8H         SYMBOL        T2CON
  D:00C9H         SYMBOL        T4CON
  C:263FH         SYMBOL        TABB1_2
  C:26D7H         SYMBOL        TABN
  C:2469H         SYMBOL        TABT11
  C:246DH         SYMBOL        TABT7
  C:246BH         SYMBOL        TABT9
  C:2455H         SYMBOL        TABUS
  C:0E96H         SYMBOL        TAKTIND
  B:0098H.3       SYMBOL        TB8
  B:00C8H.4       SYMBOL        TCLK
  D:0088H         SYMBOL        TCON
  C:26CAH         SYMBOL        TE22
  C:26D2H         SYMBOL        TE23
  C:27ECH         SYMBOL        TEAEQU0
  C:2828H         SYMBOL        TEAVK
  C:27F6H         SYMBOL        TEBEQU0
  C:28DCH         SYMBOL        TEBL
  C:28E6H         SYMBOL        TEBL0
  C:28F0H         SYMBOL        TECH
  C:28A1H         SYMBOL        TECLE
  C:2940H         SYMBOL        TEEND
  C:2936H         SYMBOL        TEERR
  C:28C8H         SYMBOL        TEFULL
  C:28D2H         SYMBOL        TEINT
  C:2883H         SYMBOL        TEIZMK
  C:2832H         SYMBOL        TEKALIB
  C:2879H         SYMBOL        TEKD
  C:28BDH         SYMBOL        TELIST
  C:290EH         SYMBOL        TEMAX
  C:28ABH         SYMBOL        TEMEM
  C:2800H         SYMBOL        TEMENU
  C:2918H         SYMBOL        TEMID
  C:2904H         SYMBOL        TEMIN
  C:0BCBH         SYMBOL        TEMUL
  C:2541H         SYMBOL        TENMIN
  C:2922H         SYMBOL        TEOLI
  C:2897H         SYMBOL        TEOLL
  C:292CH         SYMBOL        TEOLR
  C:288DH         SYMBOL        TEOUT
  C:286FH         SYMBOL        TEPAR
  C:2865H         SYMBOL        TES19_2
  C:285BH         SYMBOL        TES57_6
  C:281EH         SYMBOL        TESKOR
  C:2316H         SYMBOL        TEST01
  C:2345H         SYMBOL        TEST02
  C:2326H         SYMBOL        TEST04
  C:230CH         SYMBOL        TEST1
  C:233EH         SYMBOL        TEST2
  C:1CDEH         SYMBOL        TEST22
  C:1CE3H         SYMBOL        TEST23
  C:2330H         SYMBOL        TEST3
BL51 BANKED LINKER/LOCATER V4.16a           02/05/2007  13:48:16  PAGE 17


  C:231EH         SYMBOL        TEST4
  C:2348H         SYMBOL        TEST5
  C:0EAEH         SYMBOL        TEST7I
  C:0EA7H         SYMBOL        TEST9I
  C:28FAH         SYMBOL        TESTAT
  C:230AH         SYMBOL        TESTRS
  C:1CD2H         SYMBOL        TESTS
  C:283DH         SYMBOL        TETE11
  C:2851H         SYMBOL        TETE7
  C:2847H         SYMBOL        TETE9
  C:280AH         SYMBOL        TETESI
  C:2814H         SYMBOL        TETESR
  C:27E2H         SYMBOL        TEVICH
  C:28B3H         SYMBOL        TEWR
  C:27A6H         SYMBOL        TEXTT
  B:0088H.5       SYMBOL        TF0
  B:0088H.7       SYMBOL        TF1
  B:00C8H.7       SYMBOL        TF2
  D:008CH         SYMBOL        TH0
  D:008DH         SYMBOL        TH1
  D:00CDH         SYMBOL        TH2
  D:00F5H         SYMBOL        TH4
  B:0098H.1       SYMBOL        TI
  C:239FH         SYMBOL        TIM
  C:23A1H         SYMBOL        TIM1
  C:23A4H         SYMBOL        TIM2
  C:23A6H         SYMBOL        TIM3
  C:1171H         SYMBOL        TIZMRI
  D:008AH         SYMBOL        TL0
  D:008BH         SYMBOL        TL1
  D:00CCH         SYMBOL        TL2
  D:00F4H         SYMBOL        TL4
  C:16BFH         SYMBOL        TLABELI
  D:0089H         SYMBOL        TMOD
  D:00CBH         SYMBOL        TMR2RLH
  D:00CAH         SYMBOL        TMR2RLL
  D:0091H         SYMBOL        TMR3CN
  D:0095H         SYMBOL        TMR3H
  D:0094H         SYMBOL        TMR3L
  D:0093H         SYMBOL        TMR3RLH
  D:0092H         SYMBOL        TMR3RLL
  C:1C4FH         SYMBOL        TOME13
  C:1C76H         SYMBOL        TOME14
  C:1C8EH         SYMBOL        TOME15
  C:1C46H         SYMBOL        TOME21
  C:1DD8H         SYMBOL        TOSK19
  C:163CH         SYMBOL        TOUTF
  B:0088H.4       SYMBOL        TR0
  B:0088H.6       SYMBOL        TR1
  B:00C8H.2       SYMBOL        TR2
  B:00F8H.3       SYMBOL        TXBSY
  C:009EH         SYMBOL        UNPACK1
  C:00BAH         SYMBOL        UNPACK2
  C:0138H         SYMBOL        UP1
  C:014BH         SYMBOL        UP2
  C:0161H         SYMBOL        UP2A
  C:2570H         SYMBOL        UPA
  C:2580H         SYMBOL        UPA1
  C:2560H         SYMBOL        UPA2
  C:2A69H         SYMBOL        UPAA
  C:25CBH         SYMBOL        UPAA4
  C:25DBH         SYMBOL        UPAB
  C:256AH         SYMBOL        UPAK
  C:2A43H         SYMBOL        UPAK1
  C:255AH         SYMBOL        UPAK2
BL51 BANKED LINKER/LOCATER V4.16a           02/05/2007  13:48:16  PAGE 18


  C:257AH         SYMBOL        UPAK3
  C:2A63H         SYMBOL        UPAK4
  C:25C5H         SYMBOL        UPAKA
  C:25D5H         SYMBOL        UPAKB
  C:1D50H         SYMBOL        UPAV1
  C:1E07H         SYMBOL        UPAV2
  C:2A55H         SYMBOL        UPK1
  C:2A56H         SYMBOL        UPK2
  C:2269H         SYMBOL        VICHMAX
  C:20ADH         SYMBOL        VICHMEAN
  C:2190H         SYMBOL        VICHMIN
  D:00B1H         SYMBOL        VICHR
  C:0F04H         SYMBOL        VIG0
  C:0F12H         SYMBOL        VIG4
  C:121FH         SYMBOL        VIOUT
  C:1635H         SYMBOL        VIOUTF
  C:1A4DH         SYMBOL        VODM11_15
  D:00D5H         SYMBOL        VOLUME
  C:1CC9H         SYMBOL        VV21_23
  C:26F9H         SYMBOL        VVCHIBL
  C:26FBH         SYMBOL        VVCHIBL4
  C:26E9H         SYMBOL        VVCHIF
  C:19C4H         SYMBOL        VVINTE
  C:168CH         SYMBOL        VVIZKO
  C:1DFAH         SYMBOL        VVKALI52
  C:1DB0H         SYMBOL        VVMENU
  C:1BA7H         SYMBOL        VVOD43
  C:1C29H         SYMBOL        VVODM11_15
  C:1C04H         SYMBOL        VVOSTA
  C:1C18H         SYMBOL        VVOSTAD
  C:1298H         SYMBOL        VVRR6
  B:00F8H.6       SYMBOL        WCOL
  D:00FFH         SYMBOL        WDTCN
  D:00B8H         SYMBOL        WORK
  C:2A30H         SYMBOL        WR1
  C:2A2DH         SYMBOL        WRITE
  C:23AAH         SYMBOL        WRITED_X1
  C:23A9H         SYMBOL        WRITE_X1
  C:0480H         SYMBOL        WRPAGE
  C:0483H         SYMBOL        WW5
  D:00E1H         SYMBOL        XBR0
  D:00E2H         SYMBOL        XBR1
  D:00E3H         SYMBOL        XBR2
  C:294AH         SYMBOL        XCIKLWR
  N:000CH         SYMBOL        XTEMP
  C:15D0H         SYMBOL        YBNUL
  C:2C64H         SYMBOL        YES
  C:0C26H         SYMBOL        YESAVP
  C:0F5BH         SYMBOL        YESBUF
  C:0EB0H         SYMBOL        YESIND
  C:0F59H         SYMBOL        YESPRD
  C:2444H         SYMBOL        YESTEST
  C:0FBAH         SYMBOL        YESTT5
  C:0C55H         SYMBOL        YESVICH
  C:2016H         SYMBOL        YESVI_KM
  C:1F8EH         SYMBOL        YESVI_KR
  C:0659H         SYMBOL        YST1
  C:0651H         SYMBOL        YST19
  C:24C3H         SYMBOL        Z01S
  C:24D0H         SYMBOL        Z05S
  C:2494H         SYMBOL        Z100
  C:24A2H         SYMBOL        Z15
  C:24B6H         SYMBOL        Z1S
  C:2379H         SYMBOL        ZAPADC
  C:29CCH         SYMBOL        ZCMP
BL51 BANKED LINKER/LOCATER V4.16a           02/05/2007  13:48:16  PAGE 19


  C:2999H         SYMBOL        ZDIV
  C:00B3H         SYMBOL        ZER1
  C:00D4H         SYMBOL        ZER2
  C:298FH         SYMBOL        ZMUL
  B:0020H.2       SYMBOL        ZNMAT
  C:073EH         SYMBOL        ZNPLUS
  C:24A4H         SYMBOL        ZZ
  C:24BFH         SYMBOL        Z_01S
  C:24CCH         SYMBOL        Z_05S
  C:2492H         SYMBOL        Z_100
  C:24A0H         SYMBOL        Z_15
  C:24A9H         SYMBOL        Z_1MS
  C:24B2H         SYMBOL        Z_1S
  C:249BH         SYMBOL        Z_5
  C:2A28H         SYMBOL        Z_9
  C:0000H         LINE#         15
  C:0003H         LINE#         18
  C:000BH         LINE#         20
  C:0013H         LINE#         22
  C:001BH         LINE#         24
  C:0023H         LINE#         26
  C:002BH         LINE#         28
  C:0033H         LINE#         30
  C:003BH         LINE#         32
  C:0043H         LINE#         34
  C:004BH         LINE#         36
  C:0053H         LINE#         38
  C:005BH         LINE#         41
  C:0063H         LINE#         43
  C:006BH         LINE#         45
  C:0073H         LINE#         47
  C:0093H         LINE#         49
  C:009BH         LINE#         52
  C:05C9H         LINE#         219
  C:05CCH         LINE#         220
  C:05CFH         LINE#         221
  C:05D2H         LINE#         222
  C:05D5H         LINE#         223
  C:05D8H         LINE#         224
  C:05DBH         LINE#         226
  C:05DEH         LINE#         227
  C:05E1H         LINE#         228
  C:05E4H         LINE#         230
  C:05E7H         LINE#         231
  C:05EAH         LINE#         232
  C:05EDH         LINE#         233
  C:05F0H         LINE#         234
  C:05F3H         LINE#         235
  C:05F6H         LINE#         236
  C:05F9H         LINE#         237
  C:05FCH         LINE#         238
  C:05FFH         LINE#         239
  C:0602H         LINE#         240
  C:0605H         LINE#         242
  C:0608H         LINE#         243
  C:060BH         LINE#         244
  C:060EH         LINE#         248
  C:0610H         LINE#         249
  C:0613H         LINE#         251
  C:0616H         LINE#         252
  C:0619H         LINE#         253
  C:061CH         LINE#         255
  C:061EH         LINE#         256
  C:0620H         LINE#         258
  C:0623H         LINE#         261
BL51 BANKED LINKER/LOCATER V4.16a           02/05/2007  13:48:16  PAGE 20


  C:0626H         LINE#         262
  C:0629H         LINE#         263
  C:062CH         LINE#         264
  C:062FH         LINE#         266
  C:0632H         LINE#         267
  C:0635H         LINE#         268
  C:0638H         LINE#         269
  C:063BH         LINE#         270
  C:063EH         LINE#         271
  C:0640H         LINE#         272
  C:0642H         LINE#         273
  C:0645H         LINE#         274
  C:0647H         LINE#         275
  C:064AH         LINE#         276
  C:064CH         LINE#         277
  C:064FH         LINE#         278
  C:0651H         LINE#         279
  C:0654H         LINE#         280
  C:0656H         LINE#         281
  C:0659H         LINE#         283
  C:065CH         LINE#         284
  C:065FH         LINE#         286
  C:0660H         LINE#         287
  C:0662H         LINE#         288
  C:0663H         LINE#         289
  C:0664H         LINE#         290
  C:0667H         LINE#         291
  C:0669H         LINE#         292
  C:066AH         LINE#         293
  C:066BH         LINE#         294
  C:066CH         LINE#         295
  C:066FH         LINE#         296
  C:0672H         LINE#         298
  C:0675H         LINE#         299
  C:0676H         LINE#         300
  C:0677H         LINE#         301
  C:0678H         LINE#         302
  C:067AH         LINE#         303
  C:067DH         LINE#         305
  C:067FH         LINE#         306
  C:0681H         LINE#         307
  C:0682H         LINE#         308
  C:0684H         LINE#         310
  C:0686H         LINE#         311
  C:0688H         LINE#         312
  C:0689H         LINE#         313
  C:068BH         LINE#         315
  C:068DH         LINE#         316
  C:068FH         LINE#         320
  C:0691H         LINE#         321
  C:0693H         LINE#         322
  C:0695H         LINE#         323
  C:0697H         LINE#         324
  C:0699H         LINE#         325
  C:069BH         LINE#         326
  C:069DH         LINE#         327
  C:069FH         LINE#         328
  C:06A1H         LINE#         329
  C:06A3H         LINE#         330
  C:06A5H         LINE#         332
  C:06A7H         LINE#         333
  C:06A9H         LINE#         335
  C:06ACH         LINE#         336
  C:06AFH         LINE#         337
  C:06B1H         LINE#         338
BL51 BANKED LINKER/LOCATER V4.16a           02/05/2007  13:48:16  PAGE 21


  C:06B4H         LINE#         339
  C:06B6H         LINE#         340
  C:06B9H         LINE#         341
  C:06BBH         LINE#         342
  C:06BEH         LINE#         343
  C:06C0H         LINE#         344
  C:06C3H         LINE#         351
  C:06C5H         LINE#         353
  C:06C7H         LINE#         354
  C:06C8H         LINE#         355
  C:06CBH         LINE#         356
  C:06CEH         LINE#         357
  C:06D1H         LINE#         360
  C:06D3H         LINE#         361
  C:06D5H         LINE#         362
  C:06D6H         LINE#         363
  C:06D9H         LINE#         364
  C:06DCH         LINE#         365
  C:06DFH         LINE#         368
  C:06E2H         LINE#         369
  C:06E5H         LINE#         371
  C:06E7H         LINE#         372
  C:06E9H         LINE#         373
  C:06ECH         LINE#         374
  C:06EFH         LINE#         376
  C:06F1H         LINE#         377
  C:06F4H         LINE#         378
  C:06F7H         LINE#         388
  C:06F9H         LINE#         389
  C:06FCH         LINE#         391
  C:06FFH         LINE#         392
  C:0701H         LINE#         393
  C:0704H         LINE#         394
  C:0706H         LINE#         395
  C:0709H         LINE#         396
  C:070BH         LINE#         398
  C:070DH         LINE#         399
  C:070EH         LINE#         400
  C:0711H         LINE#         401
  C:0713H         LINE#         402
  C:0715H         LINE#         403
  C:0716H         LINE#         405
  C:0717H         LINE#         406
  C:0719H         LINE#         407
  C:071BH         LINE#         410
  C:071EH         LINE#         411
  C:0721H         LINE#         412
  C:0723H         LINE#         413
  C:0726H         LINE#         414
  C:0728H         LINE#         419
  C:072AH         LINE#         420
  C:072DH         LINE#         421
  C:0730H         LINE#         424
  C:0733H         LINE#         425
  C:0736H         LINE#         426
  C:0739H         LINE#         427
  C:073CH         LINE#         428
  C:073EH         LINE#         430
  C:0740H         LINE#         431
  C:0742H         LINE#         432
  C:0743H         LINE#         433
  C:0744H         LINE#         434
  C:0746H         LINE#         438
  C:0748H         LINE#         439
  C:0749H         LINE#         440
BL51 BANKED LINKER/LOCATER V4.16a           02/05/2007  13:48:16  PAGE 22


  C:074BH         LINE#         441
  C:074CH         LINE#         442
  C:074DH         LINE#         443
  C:074FH         LINE#         444
  C:0750H         LINE#         445
  C:0751H         LINE#         446
  C:0752H         LINE#         447
  C:0754H         LINE#         448
  C:0755H         LINE#         449
  C:0757H         LINE#         450
  C:0758H         LINE#         451
  C:0759H         LINE#         452
  C:075BH         LINE#         453
  C:075CH         LINE#         454
  C:075EH         LINE#         455
  C:0760H         LINE#         457
  C:0762H         LINE#         458
  C:0763H         LINE#         459
  C:0764H         LINE#         460
  C:0766H         LINE#         461
  C:0767H         LINE#         462
  C:0769H         LINE#         463
  C:076BH         LINE#         465
  C:076DH         LINE#         466
  C:076EH         LINE#         467
  C:076FH         LINE#         468
  C:0771H         LINE#         469
  C:0772H         LINE#         470
  C:0774H         LINE#         471
  C:0776H         LINE#         473
  C:0779H         LINE#         474
  C:077AH         LINE#         475
  C:077CH         LINE#         476
  C:077DH         LINE#         477
  C:077EH         LINE#         478
  C:0780H         LINE#         479
  C:0782H         LINE#         480
  C:0784H         LINE#         482
  C:0786H         LINE#         483
  C:0787H         LINE#         484
  C:0788H         LINE#         485
  C:078AH         LINE#         486
  C:078CH         LINE#         491
  C:078EH         LINE#         492
  C:078FH         LINE#         493
  C:0792H         LINE#         494
  C:0794H         LINE#         497
  C:0796H         LINE#         498
  C:0798H         LINE#         499
  C:079BH         LINE#         501
  C:079DH         LINE#         502
  C:07A0H         LINE#         503
  C:07A2H         LINE#         504
  C:07A5H         LINE#         505
  C:07A7H         LINE#         506
  C:07AAH         LINE#         507
  C:07ACH         LINE#         508
  C:07AEH         LINE#         509
  C:07B0H         LINE#         510
  C:07B3H         LINE#         512
  C:07B6H         LINE#         513
  C:07B9H         LINE#         514
  C:07BCH         LINE#         515
  C:07BEH         LINE#         516
  C:07C1H         LINE#         517
BL51 BANKED LINKER/LOCATER V4.16a           02/05/2007  13:48:16  PAGE 23


  C:07C3H         LINE#         518
  C:07C6H         LINE#         520
  C:07C8H         LINE#         521
  C:07CBH         LINE#         523
  C:07CDH         LINE#         524
  C:07CFH         LINE#         525
  C:07D1H         LINE#         526
  C:07D2H         LINE#         527
  C:07D5H         LINE#         533
  C:07D8H         LINE#         536
  C:07DAH         LINE#         537
  C:07DDH         LINE#         538
  C:07DFH         LINE#         539
  C:07E2H         LINE#         540
  C:07E4H         LINE#         541
  C:07E7H         LINE#         542
  C:07E9H         LINE#         543
  C:07EBH         LINE#         544
  C:07EDH         LINE#         545
  C:07F0H         LINE#         547
  C:07F3H         LINE#         548
  C:07F5H         LINE#         552
  C:07F8H         LINE#         554
  C:07FAH         LINE#         555
  C:07FDH         LINE#         556
  C:07FFH         LINE#         557
  C:0802H         LINE#         558
  C:0804H         LINE#         559
  C:0807H         LINE#         560
  C:0809H         LINE#         561
  C:080BH         LINE#         562
  C:080DH         LINE#         563
  C:0810H         LINE#         565
  C:0813H         LINE#         566
  C:0815H         LINE#         568
  C:0818H         LINE#         570
  C:081AH         LINE#         571
  C:081DH         LINE#         572
  C:081FH         LINE#         573
  C:0822H         LINE#         574
  C:0824H         LINE#         575
  C:0827H         LINE#         576
  C:0829H         LINE#         577
  C:082BH         LINE#         578
  C:082DH         LINE#         579
  C:0830H         LINE#         581
  C:0833H         LINE#         582
  C:0835H         LINE#         585
  C:0837H         LINE#         586
  C:0839H         LINE#         587
  C:083CH         LINE#         588
  C:083EH         LINE#         589
  C:0841H         LINE#         593
  C:0843H         LINE#         594
  C:0846H         LINE#         595
  C:0849H         LINE#         596
  C:084CH         LINE#         598
  C:084EH         LINE#         599
  C:0851H         LINE#         600
  C:0854H         LINE#         601
  C:0857H         LINE#         603
  C:085AH         LINE#         604
  C:085DH         LINE#         605
  C:0860H         LINE#         607
  C:0863H         LINE#         608
BL51 BANKED LINKER/LOCATER V4.16a           02/05/2007  13:48:16  PAGE 24


  C:0866H         LINE#         609
  C:0869H         LINE#         610
  C:086CH         LINE#         611
  C:086FH         LINE#         612
  C:0872H         LINE#         613
  C:0875H         LINE#         614
  C:0878H         LINE#         616
  C:087BH         LINE#         617
  C:087EH         LINE#         619
  C:0881H         LINE#         620
  C:0884H         LINE#         622
  C:0887H         LINE#         623
  C:088AH         LINE#         625
  C:088DH         LINE#         626
  C:0890H         LINE#         628
  C:0893H         LINE#         629
  C:0896H         LINE#         631
  C:0899H         LINE#         634
  C:089BH         LINE#         635
  C:089EH         LINE#         637
  C:08A1H         LINE#         638
  C:08A4H         LINE#         640
  C:08A7H         LINE#         641
  C:08AAH         LINE#         642
  C:08ADH         LINE#         643
  C:08B0H         LINE#         644
  C:08B3H         LINE#         645
  C:08B6H         LINE#         646
  C:08B9H         LINE#         647
  C:08BCH         LINE#         648
  C:08BFH         LINE#         649
  C:08C2H         LINE#         650
  C:08C5H         LINE#         651
  C:08C8H         LINE#         652
  C:08CBH         LINE#         653
  C:08CEH         LINE#         654
  C:08D1H         LINE#         655
  C:08D4H         LINE#         656
  C:08D7H         LINE#         657
  C:08DAH         LINE#         658
  C:08DDH         LINE#         660
  C:08E0H         LINE#         662
  C:08E3H         LINE#         663
  C:08E6H         LINE#         664
  C:08E9H         LINE#         665
  C:08ECH         LINE#         666
  C:08EFH         LINE#         667
  C:08F2H         LINE#         668
  C:08F5H         LINE#         669
  C:08F8H         LINE#         671
  C:08FBH         LINE#         672
  C:08FEH         LINE#         674
  C:0901H         LINE#         675
  C:0904H         LINE#         677
  C:0907H         LINE#         678
  C:090AH         LINE#         680
  C:090DH         LINE#         681
  C:0910H         LINE#         683
  C:0913H         LINE#         684
  C:0916H         LINE#         686
  C:0919H         LINE#         687
  C:091CH         LINE#         688
  C:091FH         LINE#         690
  C:0922H         LINE#         691
  C:0925H         LINE#         692
BL51 BANKED LINKER/LOCATER V4.16a           02/05/2007  13:48:16  PAGE 25


  C:0928H         LINE#         693
  C:092BH         LINE#         694
  C:092EH         LINE#         695
  C:0931H         LINE#         696
  C:0934H         LINE#         698
  C:0937H         LINE#         699
  C:093AH         LINE#         701
  C:093DH         LINE#         702
  C:0940H         LINE#         704
  C:0943H         LINE#         705
  C:0946H         LINE#         707
  C:0949H         LINE#         708
  C:094CH         LINE#         710
  C:094FH         LINE#         711
  C:0952H         LINE#         713
  C:0955H         LINE#         716
  C:0957H         LINE#         717
  C:095AH         LINE#         719
  C:095DH         LINE#         720
  C:0960H         LINE#         722
  C:0963H         LINE#         723
  C:0966H         LINE#         724
  C:0969H         LINE#         725
  C:096CH         LINE#         726
  C:096FH         LINE#         727
  C:0972H         LINE#         728
  C:0975H         LINE#         729
  C:0978H         LINE#         730
  C:097BH         LINE#         731
  C:097EH         LINE#         732
  C:0981H         LINE#         733
  C:0984H         LINE#         734
  C:0987H         LINE#         735
  C:098AH         LINE#         736
  C:098DH         LINE#         737
  C:0990H         LINE#         738
  C:0993H         LINE#         739
  C:0996H         LINE#         741
  C:0999H         LINE#         742
  C:099CH         LINE#         743
  C:099FH         LINE#         744
  C:09A2H         LINE#         745
  C:09A5H         LINE#         746
  C:09A8H         LINE#         747
  C:09ABH         LINE#         748
  C:09AEH         LINE#         749
  C:09B1H         LINE#         750
  C:09B4H         LINE#         751
  C:09B7H         LINE#         752
  C:09BAH         LINE#         753
  C:09BDH         LINE#         754
  C:09C0H         LINE#         755
  C:09C3H         LINE#         756
  C:09C6H         LINE#         757
  C:09C9H         LINE#         758
  C:09CCH         LINE#         759
  C:09CFH         LINE#         760
  C:09D2H         LINE#         761
  C:09D4H         LINE#         764
  C:09D7H         LINE#         765
  C:09DAH         LINE#         766
  C:09DDH         LINE#         767
  C:09E0H         LINE#         768
  C:09E3H         LINE#         769
  C:09E6H         LINE#         772
BL51 BANKED LINKER/LOCATER V4.16a           02/05/2007  13:48:16  PAGE 26


  C:09E8H         LINE#         773
  C:09EBH         LINE#         775
  C:09EEH         LINE#         776
  C:09F1H         LINE#         778
  C:09F4H         LINE#         779
  C:09F7H         LINE#         780
  C:09FAH         LINE#         781
  C:09FDH         LINE#         782
  C:0A00H         LINE#         783
  C:0A03H         LINE#         787
  C:0A05H         LINE#         788
  C:0A06H         LINE#         789
  C:0A07H         LINE#         790
  C:0A0AH         LINE#         792
  C:0A0DH         LINE#         793
  C:0A0FH         LINE#         794
  C:0A12H         LINE#         795
  C:0A14H         LINE#         796
  C:0A15H         LINE#         798
  C:0A18H         LINE#         799
  C:0A1BH         LINE#         800
  C:0A1EH         LINE#         801
  C:0A20H         LINE#         803
  C:0A23H         LINE#         804
  C:0A26H         LINE#         805
  C:0A29H         LINE#         806
  C:0A2BH         LINE#         808
  C:0A2EH         LINE#         809
  C:0A31H         LINE#         810
  C:0A34H         LINE#         811
  C:0A36H         LINE#         813
  C:0A39H         LINE#         814
  C:0A3CH         LINE#         815
  C:0A3EH         LINE#         817
  C:0A41H         LINE#         818
  C:0A42H         LINE#         819
  C:0A44H         LINE#         820
  C:0A46H         LINE#         821
  C:0A48H         LINE#         824
  C:0A4BH         LINE#         831
  C:0A4DH         LINE#         832
  C:0A50H         LINE#         836
  C:0A51H         LINE#         837
  C:0A53H         LINE#         838
  C:0A55H         LINE#         839
  C:0A56H         LINE#         840
  C:0A58H         LINE#         842
  C:0A5BH         LINE#         843
  C:0A5DH         LINE#         844
  C:0A60H         LINE#         846
  C:0A62H         LINE#         847
  C:0A63H         LINE#         848
  C:0A66H         LINE#         849
  C:0A68H         LINE#         850
  C:0A6BH         LINE#         851
  C:0A6EH         LINE#         852
  C:0A70H         LINE#         853
  C:0A73H         LINE#         854
  C:0A75H         LINE#         857
  C:0A77H         LINE#         858
  C:0A78H         LINE#         859
  C:0A7BH         LINE#         861
  C:0A7EH         LINE#         865
  C:0A80H         LINE#         866
  C:0A81H         LINE#         867
BL51 BANKED LINKER/LOCATER V4.16a           02/05/2007  13:48:16  PAGE 27


  C:0A84H         LINE#         868
  C:0A87H         LINE#         869
  C:0A8AH         LINE#         870
  C:0A8CH         LINE#         871
  C:0A8FH         LINE#         872
  C:0A91H         LINE#         874
  C:0A94H         LINE#         876
  C:0A96H         LINE#         878
  C:0A97H         LINE#         879
  C:0A99H         LINE#         880
  C:0A9BH         LINE#         881
  C:0A9CH         LINE#         882
  C:0A9EH         LINE#         893
  C:0AA0H         LINE#         894
  C:0AA3H         LINE#         896
  C:0AA6H         LINE#         897
  C:0AA8H         LINE#         898
  C:0AABH         LINE#         899
  C:0AADH         LINE#         900
  C:0AB0H         LINE#         901
  C:0AB3H         LINE#         902
  C:0AB5H         LINE#         903
  C:0AB8H         LINE#         904
  C:0ABBH         LINE#         906
  C:0ABDH         LINE#         907
  C:0ABEH         LINE#         908
  C:0AC0H         LINE#         909
  C:0AC2H         LINE#         910
  C:0AC4H         LINE#         911
  C:0AC7H         LINE#         912
  C:0AC9H         LINE#         913
  C:0ACCH         LINE#         914
  C:0ACEH         LINE#         916
  C:0AD1H         LINE#         918
  C:0AD3H         LINE#         919
  C:0AD6H         LINE#         921
  C:0AD8H         LINE#         922
  C:0AD9H         LINE#         923
  C:0ADBH         LINE#         924
  C:0ADDH         LINE#         926
  C:0ADFH         LINE#         927
  C:0AE2H         LINE#         928
  C:0AE4H         LINE#         930
  C:0AE7H         LINE#         931
  C:0AE9H         LINE#         932
  C:0AECH         LINE#         938
  C:0AEEH         LINE#         939
  C:0AF1H         LINE#         940
  C:0AF4H         LINE#         941
  C:0AF6H         LINE#         942
  C:0AF9H         LINE#         943
  C:0AFCH         LINE#         944
  C:0AFEH         LINE#         945
  C:0AFFH         LINE#         946
  C:0B02H         LINE#         949
  C:0B04H         LINE#         950
  C:0B07H         LINE#         951
  C:0B0AH         LINE#         952
  C:0B0CH         LINE#         953
  C:0B0FH         LINE#         957
  C:0B10H         LINE#         958
  C:0B12H         LINE#         959
  C:0B13H         LINE#         960
  C:0B16H         LINE#         961
  C:0B19H         LINE#         962
BL51 BANKED LINKER/LOCATER V4.16a           02/05/2007  13:48:16  PAGE 28


  C:0B1CH         LINE#         963
  C:0B1EH         LINE#         965
  C:0B21H         LINE#         966
  C:0B23H         LINE#         967
  C:0B26H         LINE#         968
  C:0B28H         LINE#         969
  C:0B2AH         LINE#         970
  C:0B2DH         LINE#         971
  C:0B30H         LINE#         972
  C:0B32H         LINE#         973
  C:0B34H         LINE#         974
  C:0B36H         LINE#         975
  C:0B38H         LINE#         976
  C:0B3AH         LINE#         977
  C:0B3CH         LINE#         978
  C:0B3FH         LINE#         979
  C:0B42H         LINE#         980
  C:0B45H         LINE#         981
  C:0B47H         LINE#         982
  C:0B49H         LINE#         983
  C:0B4BH         LINE#         984
  C:0B4DH         LINE#         985
  C:0B50H         LINE#         990
  C:0B52H         LINE#         991
  C:0B54H         LINE#         992
  C:0B56H         LINE#         993
  C:0B58H         LINE#         994
  C:0B5AH         LINE#         995
  C:0B5CH         LINE#         996
  C:0B5FH         LINE#         997
  C:0B62H         LINE#         998
  C:0B65H         LINE#         999
  C:0B67H         LINE#         1000
  C:0B69H         LINE#         1001
  C:0B6BH         LINE#         1002
  C:0B6DH         LINE#         1003
  C:0B70H         LINE#         1004
  C:0B73H         LINE#         1005
  C:0B76H         LINE#         1006
  C:0B79H         LINE#         1008
  C:0B7BH         LINE#         1009
  C:0B7EH         LINE#         1010
  C:0B80H         LINE#         1011
  C:0B82H         LINE#         1012
  C:0B85H         LINE#         1013
  C:0B88H         LINE#         1014
  C:0B8AH         LINE#         1015
  C:0B8CH         LINE#         1016
  C:0B8EH         LINE#         1017
  C:0B90H         LINE#         1018
  C:0B92H         LINE#         1019
  C:0B94H         LINE#         1020
  C:0B96H         LINE#         1021
  C:0B98H         LINE#         1022
  C:0B9AH         LINE#         1023
  C:0B9DH         LINE#         1024
  C:0BA0H         LINE#         1025
  C:0BA2H         LINE#         1026
  C:0BA4H         LINE#         1027
  C:0BA6H         LINE#         1028
  C:0BA8H         LINE#         1029
  C:0BAAH         LINE#         1030
  C:0BACH         LINE#         1031
  C:0BAEH         LINE#         1034
  C:0BB1H         LINE#         1035
BL51 BANKED LINKER/LOCATER V4.16a           02/05/2007  13:48:16  PAGE 29


  C:0BB4H         LINE#         1036
  C:0BB7H         LINE#         1037
  C:0BB9H         LINE#         1038
  C:0BBCH         LINE#         1039
  C:0BBFH         LINE#         1041
  C:0BC2H         LINE#         1042
  C:0BC5H         LINE#         1043
  C:0BC8H         LINE#         1044
  C:0BCBH         LINE#         1045
  C:0BCEH         LINE#         1046
  C:0BD0H         LINE#         1047
  C:0BD3H         LINE#         1049
  C:0BD6H         LINE#         1051
  C:0BD9H         LINE#         1052
  C:0BDBH         LINE#         1053
  C:0BDEH         LINE#         1054
  C:0BE1H         LINE#         1055
  C:0BE4H         LINE#         1056
  C:0BE7H         LINE#         1057
  C:0BEAH         LINE#         1058
  C:0BECH         LINE#         1061
  C:0BEFH         LINE#         1062
  C:0BF2H         LINE#         1063
  C:0BF4H         LINE#         1064
  C:0BF7H         LINE#         1067
  C:0BF9H         LINE#         1068
  C:0BFCH         LINE#         1069
  C:0BFEH         LINE#         1070
  C:0C01H         LINE#         1072
  C:0C03H         LINE#         1073
  C:0C06H         LINE#         1074
  C:0C09H         LINE#         1075
  C:0C0BH         LINE#         1076
  C:0C0EH         LINE#         1078
  C:0C11H         LINE#         1080
  C:0C13H         LINE#         1081
  C:0C16H         LINE#         1082
  C:0C19H         LINE#         1084
  C:0C1CH         LINE#         1085
  C:0C1FH         LINE#         1086
  C:0C21H         LINE#         1087
  C:0C24H         LINE#         1088
  C:0C26H         LINE#         1090
  C:0C27H         LINE#         1091
  C:0C29H         LINE#         1092
  C:0C2AH         LINE#         1093
  C:0C2DH         LINE#         1094
  C:0C30H         LINE#         1095
  C:0C33H         LINE#         1096
  C:0C35H         LINE#         1097
  C:0C37H         LINE#         1098
  C:0C3AH         LINE#         1099
  C:0C3CH         LINE#         1101
  C:0C3DH         LINE#         1102
  C:0C40H         LINE#         1103
  C:0C41H         LINE#         1105
  C:0C44H         LINE#         1107
  C:0C47H         LINE#         1108
  C:0C49H         LINE#         1109
  C:0C4CH         LINE#         1110
  C:0C4EH         LINE#         1111
  C:0C51H         LINE#         1112
  C:0C53H         LINE#         1113
  C:0C55H         LINE#         1119
  C:0C57H         LINE#         1120
BL51 BANKED LINKER/LOCATER V4.16a           02/05/2007  13:48:16  PAGE 30


  C:0C5AH         LINE#         1122
  C:0C5DH         LINE#         1123
  C:0C5EH         LINE#         1124
  C:0C60H         LINE#         1125
  C:0C61H         LINE#         1128
  C:0C64H         LINE#         1129
  C:0C67H         LINE#         1130
  C:0C6AH         LINE#         1131
  C:0C6CH         LINE#         1132
  C:0C6FH         LINE#         1133
  C:0C72H         LINE#         1134
  C:0C75H         LINE#         1135
  C:0C77H         LINE#         1137
  C:0C7AH         LINE#         1138
  C:0C7CH         LINE#         1139
  C:0C7EH         LINE#         1140
  C:0C80H         LINE#         1141
  C:0C82H         LINE#         1142
  C:0C84H         LINE#         1143
  C:0C87H         LINE#         1144
  C:0C8AH         LINE#         1145
  C:0C8DH         LINE#         1146
  C:0C90H         LINE#         1147
  C:0C92H         LINE#         1148
  C:0C94H         LINE#         1149
  C:0C96H         LINE#         1150
  C:0C98H         LINE#         1151
  C:0C9BH         LINE#         1152
  C:0C9DH         LINE#         1153
  C:0CA0H         LINE#         1154
  C:0CA3H         LINE#         1156
  C:0CA5H         LINE#         1157
  C:0CA8H         LINE#         1159
  C:0CAAH         LINE#         1161
  C:0CACH         LINE#         1162
  C:0CADH         LINE#         1163
  C:0CB0H         LINE#         1165
  C:0CB2H         LINE#         1166
  C:0CB5H         LINE#         1168
  C:0CB8H         LINE#         1169
  C:0CBBH         LINE#         1170
  C:0CBEH         LINE#         1172
  C:0CC0H         LINE#         1173
  C:0CC2H         LINE#         1174
  C:0CC4H         LINE#         1175
  C:0CC6H         LINE#         1176
  C:0CC9H         LINE#         1177
  C:0CCCH         LINE#         1178
  C:0CCFH         LINE#         1179
  C:0CD1H         LINE#         1180
  C:0CD3H         LINE#         1181
  C:0CD4H         LINE#         1182
  C:0CD7H         LINE#         1183
  C:0CDAH         LINE#         1184
  C:0CDDH         LINE#         1185
  C:0CDFH         LINE#         1187
  C:0CE2H         LINE#         1188
  C:0CE5H         LINE#         1189
  C:0CE8H         LINE#         1190
  C:0CEBH         LINE#         1191
  C:0CEEH         LINE#         1192
  C:0CF1H         LINE#         1193
  C:0CF4H         LINE#         1194
  C:0CF7H         LINE#         1196
  C:0CF9H         LINE#         1197
BL51 BANKED LINKER/LOCATER V4.16a           02/05/2007  13:48:16  PAGE 31


  C:0CFCH         LINE#         1199
  C:0CFFH         LINE#         1200
  C:0D02H         LINE#         1201
  C:0D05H         LINE#         1202
  C:0D07H         LINE#         1203
  C:0D09H         LINE#         1204
  C:0D0AH         LINE#         1205
  C:0D0DH         LINE#         1206
  C:0D10H         LINE#         1207
  C:0D13H         LINE#         1208
  C:0D15H         LINE#         1212
  C:0D17H         LINE#         1213
  C:0D19H         LINE#         1214
  C:0D1CH         LINE#         1219
  C:0D1EH         LINE#         1220
  C:0D21H         LINE#         1221
  C:0D22H         LINE#         1222
  C:0D25H         LINE#         1223
  C:0D26H         LINE#         1224
  C:0D28H         LINE#         1225
  C:0D2AH         LINE#         1227
  C:0D2BH         LINE#         1228
  C:0D2DH         LINE#         1229
  C:0D2FH         LINE#         1230
  C:0D31H         LINE#         1231
  C:0D32H         LINE#         1232
  C:0D34H         LINE#         1233
  C:0D35H         LINE#         1234
  C:0D36H         LINE#         1235
  C:0D37H         LINE#         1236
  C:0D39H         LINE#         1238
  C:0D3BH         LINE#         1239
  C:0D3EH         LINE#         1240
  C:0D40H         LINE#         1241
  C:0D42H         LINE#         1243
  C:0D44H         LINE#         1244
  C:0D45H         LINE#         1245
  C:0D47H         LINE#         1246
  C:0D48H         LINE#         1247
  C:0D49H         LINE#         1248
  C:0D4AH         LINE#         1249
  C:0D4BH         LINE#         1250
  C:0D4DH         LINE#         1251
  C:0D4FH         LINE#         1252
  C:0D50H         LINE#         1253
  C:0D52H         LINE#         1254
  C:0D53H         LINE#         1255
  C:0D54H         LINE#         1256
  C:0D55H         LINE#         1257
  C:0D57H         LINE#         1259
  C:0D59H         LINE#         1260
  C:0D5CH         LINE#         1261
  C:0D5EH         LINE#         1262
  C:0D5FH         LINE#         1263
  C:0D61H         LINE#         1265
  C:0D64H         LINE#         1266
  C:0D66H         LINE#         1267
  C:0D68H         LINE#         1268
  C:0D6AH         LINE#         1269
  C:0D6CH         LINE#         1270
  C:0D6FH         LINE#         1271
  C:0D72H         LINE#         1272
  C:0D75H         LINE#         1273
  C:0D78H         LINE#         1274
  C:0D7BH         LINE#         1279
BL51 BANKED LINKER/LOCATER V4.16a           02/05/2007  13:48:16  PAGE 32


  C:0D7EH         LINE#         1280
  C:0D81H         LINE#         1281
  C:0D83H         LINE#         1282
  C:0D86H         LINE#         1284
  C:0D89H         LINE#         1285
  C:0D8CH         LINE#         1286
  C:0D8EH         LINE#         1287
  C:0D91H         LINE#         1289
  C:0D92H         LINE#         1291
  C:0D95H         LINE#         1292
  C:0D96H         LINE#         1294
  C:0D99H         LINE#         1297
  C:0D9CH         LINE#         1298
  C:0D9EH         LINE#         1299
  C:0DA1H         LINE#         1300
  C:0DA3H         LINE#         1301
  C:0DA6H         LINE#         1302
  C:0DA8H         LINE#         1303
  C:0DABH         LINE#         1305
  C:0DACH         LINE#         1306
  C:0DAFH         LINE#         1318
  C:0DB1H         LINE#         1319
  C:0DB4H         LINE#         1320
  C:0DB7H         LINE#         1321
  C:0DBAH         LINE#         1322
  C:0DBDH         LINE#         1324
  C:0DBEH         LINE#         1325
  C:0DC1H         LINE#         1326
  C:0DC3H         LINE#         1327
  C:0DC5H         LINE#         1329
  C:0DC6H         LINE#         1330
  C:0DC8H         LINE#         1331
  C:0DCAH         LINE#         1333
  C:0DCDH         LINE#         1335
  C:0DCFH         LINE#         1336
  C:0DD1H         LINE#         1337
  C:0DD4H         LINE#         1340
  C:0DD6H         LINE#         1341
  C:0DD8H         LINE#         1342
  C:0DD9H         LINE#         1343
  C:0DDBH         LINE#         1344
  C:0DDDH         LINE#         1345
  C:0DDFH         LINE#         1346
  C:0DE0H         LINE#         1347
  C:0DE2H         LINE#         1348
  C:0DE4H         LINE#         1350
  C:0DE5H         LINE#         1351
  C:0DE6H         LINE#         1352
  C:0DE8H         LINE#         1361
  C:0DEBH         LINE#         1362
  C:0DEEH         LINE#         1363
  C:0DF1H         LINE#         1365
  C:0DF4H         LINE#         1366
  C:0DF7H         LINE#         1372
  C:0DF9H         LINE#         1373
  C:0DFCH         LINE#         1375
  C:0DFFH         LINE#         1376
  C:0E01H         LINE#         1377
[...]
  C:1EF1H         LINE#         3915
  C:1EF4H         LINE#         3916
  C:1EF5H         LINE#         3917
  C:1EF7H         LINE#         3918
  C:1EF8H         LINE#         3919
  C:1EFAH         LINE#         3920
  C:1EFDH         LINE#         3922
  C:1EFFH         LINE#         3923
  C:1F01H         LINE#         3924
  C:1F03H         LINE#         3925
  C:1F05H         LINE#         3926
  C:1F08H         LINE#         3930
  C:1F0AH         LINE#         3931
  C:1F0CH         LINE#         3932
  C:1F0EH         LINE#         3933
  C:1F10H         LINE#         3934
  C:1F12H         LINE#         3935
  C:1F14H         LINE#         3936
  C:1F16H         LINE#         3937
  C:1F18H         LINE#         3938
  C:1F1AH         LINE#         3939
  C:1F1CH         LINE#         3940
  C:1F1EH         LINE#         3941
  C:1F20H         LINE#         3942
  C:1F22H         LINE#         3943
  C:1F24H         LINE#         3944
  C:1F26H         LINE#         3945
  C:1F29H         LINE#         3947
  C:1F2CH         LINE#         3948
  C:1F2EH         LINE#         3949
  C:1F30H         LINE#         3950
  C:1F32H         LINE#         3951
  C:1F34H         LINE#         3952
  C:1F35H         LINE#         3953
  C:1F36H         LINE#         3955
  C:1F38H         LINE#         3956
BL51 BANKED LINKER/LOCATER V4.16a           02/05/2007  13:48:16  PAGE 63


  C:1F3AH         LINE#         3957
  C:1F3CH         LINE#         3958
  C:1F3DH         LINE#         3964
  C:1F3FH         LINE#         3965
  C:1F42H         LINE#         3966
  C:1F45H         LINE#         3967
  C:1F48H         LINE#         3968
  C:1F49H         LINE#         3969
  C:1F4CH         LINE#         3970
  C:1F4FH         LINE#         3971
  C:1F51H         LINE#         3972
  C:1F54H         LINE#         3973
  C:1F57H         LINE#         3974
  C:1F59H         LINE#         3975
  C:1F5CH         LINE#         3976
  C:1F5FH         LINE#         3977
  C:1F61H         LINE#         3978
  C:1F64H         LINE#         3979
  C:1F67H         LINE#         3980
  C:1F69H         LINE#         3982
  C:1F6CH         LINE#         3983
  C:1F6FH         LINE#         3984
  C:1F71H         LINE#         3985
  C:1F74H         LINE#         3986
  C:1F77H         LINE#         3987
  C:1F79H         LINE#         3988
  C:1F7CH         LINE#         3989
  C:1F7FH         LINE#         3990
  C:1F81H         LINE#         3991
  C:1F84H         LINE#         3992
  C:1F87H         LINE#         3993
  C:1F89H         LINE#         3996
  C:1F8CH         LINE#         3997
  C:1F8EH         LINE#         3999
  C:1F91H         LINE#         4001
  C:1F94H         LINE#         4002
  C:1F96H         LINE#         4003
  C:1F99H         LINE#         4005
  C:1F9CH         LINE#         4006
  C:1F9DH         LINE#         4007
  C:1F9FH         LINE#         4008
  C:1FA0H         LINE#         4009
  C:1FA3H         LINE#         4010
  C:1FA5H         LINE#         4011
  C:1FA8H         LINE#         4012
  C:1FABH         LINE#         4014
  C:1FAEH         LINE#         4015
  C:1FB1H         LINE#         4016
  C:1FB4H         LINE#         4017
  C:1FB7H         LINE#         4019
  C:1FB9H         LINE#         4020
  C:1FBCH         LINE#         4023
  C:1FBEH         LINE#         4024
  C:1FC0H         LINE#         4025
  C:1FC2H         LINE#         4026
  C:1FC5H         LINE#         4028
  C:1FC8H         LINE#         4029
  C:1FCAH         LINE#         4030
  C:1FCDH         LINE#         4031
  C:1FCEH         LINE#         4032
  C:1FCFH         LINE#         4033
  C:1FD0H         LINE#         4034
  C:1FD1H         LINE#         4035
  C:1FD2H         LINE#         4036
  C:1FD3H         LINE#         4037
BL51 BANKED LINKER/LOCATER V4.16a           02/05/2007  13:48:16  PAGE 64


  C:1FD4H         LINE#         4038
  C:1FD5H         LINE#         4039
  C:1FD6H         LINE#         4040
  C:1FD7H         LINE#         4041
  C:1FD8H         LINE#         4045
  C:1FDBH         LINE#         4046
  C:1FDDH         LINE#         4047
  C:1FE0H         LINE#         4049
  C:1FE2H         LINE#         4050
  C:1FE4H         LINE#         4051
  C:1FE7H         LINE#         4052
  C:1FEAH         LINE#         4054
  C:1FECH         LINE#         4055
  C:1FEFH         LINE#         4057
  C:1FF1H         LINE#         4059
  C:1FF4H         LINE#         4060
  C:1FF5H         LINE#         4061
  C:1FF6H         LINE#         4062
  C:1FF8H         LINE#         4063
  C:1FF9H         LINE#         4064
  C:1FFAH         LINE#         4065
  C:1FFBH         LINE#         4066
  C:1FFDH         LINE#         4067
  C:2000H         LINE#         4071
  C:2002H         LINE#         4072
  C:2004H         LINE#         4073
  C:2007H         LINE#         4074
  C:200AH         LINE#         4075
  C:200DH         LINE#         4076
  C:2010H         LINE#         4077
  C:2013H         LINE#         4078
  C:2016H         LINE#         4080
  C:2018H         LINE#         4081
  C:201AH         LINE#         4082
  C:201DH         LINE#         4083
  C:2020H         LINE#         4084
  C:2022H         LINE#         4085
  C:2024H         LINE#         4086
  C:2026H         LINE#         4087
  C:2028H         LINE#         4088
  C:202AH         LINE#         4089
  C:202CH         LINE#         4090
  C:202FH         LINE#         4091
  C:2032H         LINE#         4092
  C:2035H         LINE#         4093
  C:2037H         LINE#         4094
  C:2039H         LINE#         4095
  C:203BH         LINE#         4096
  C:203DH         LINE#         4097
  C:2040H         LINE#         4099
  C:2043H         LINE#         4100
  C:2046H         LINE#         4101
  C:2049H         LINE#         4102
  C:204BH         LINE#         4103
  C:204DH         LINE#         4104
  C:204FH         LINE#         4105
  C:2051H         LINE#         4107
  C:2053H         LINE#         4108
  C:2056H         LINE#         4109
  C:2059H         LINE#         4110
  C:205CH         LINE#         4111
  C:205EH         LINE#         4112
  C:2060H         LINE#         4113
  C:2062H         LINE#         4114
  C:2064H         LINE#         4115
BL51 BANKED LINKER/LOCATER V4.16a           02/05/2007  13:48:16  PAGE 65


  C:2067H         LINE#         4117
  C:206AH         LINE#         4118
  C:206DH         LINE#         4119
  C:2070H         LINE#         4120
  C:2073H         LINE#         4121
  C:2075H         LINE#         4122
  C:2078H         LINE#         4124
  C:207AH         LINE#         4125
  C:207CH         LINE#         4126
  C:207EH         LINE#         4127
  C:2081H         LINE#         4129
  C:2083H         LINE#         4130
  C:2086H         LINE#         4131
  C:2088H         LINE#         4133
  C:2089H         LINE#         4134
  C:208AH         LINE#         4135
  C:208BH         LINE#         4136
  C:208CH         LINE#         4137
  C:208DH         LINE#         4138
  C:208EH         LINE#         4139
  C:208FH         LINE#         4140
  C:2090H         LINE#         4141
  C:2091H         LINE#         4142
  C:2092H         LINE#         4143
  C:2093H         LINE#         4147
  C:2096H         LINE#         4148
  C:2098H         LINE#         4149
  C:209BH         LINE#         4151
  C:209DH         LINE#         4152
  C:209FH         LINE#         4153
  C:20A2H         LINE#         4154
  C:20A5H         LINE#         4156
  C:20A7H         LINE#         4157
  C:20AAH         LINE#         4158
  C:20ADH         LINE#         4163
  C:20B0H         LINE#         4164
  C:20B2H         LINE#         4165
  C:20B4H         LINE#         4166
  C:20B5H         LINE#         4167
  C:20B6H         LINE#         4168
  C:20B8H         LINE#         4169
  C:20B9H         LINE#         4170
  C:20BBH         LINE#         4171
  C:20BEH         LINE#         4172
  C:20C0H         LINE#         4173
  C:20C2H         LINE#         4174
  C:20C5H         LINE#         4175
  C:20C7H         LINE#         4176
  C:20C8H         LINE#         4177
  C:20CAH         LINE#         4178
  C:20CBH         LINE#         4180
  C:20CDH         LINE#         4181
  C:20CEH         LINE#         4182
  C:20D0H         LINE#         4183
  C:20D1H         LINE#         4184
  C:20D2H         LINE#         4185
  C:20D4H         LINE#         4187
  C:20D5H         LINE#         4188
  C:20D7H         LINE#         4189
  C:20D9H         LINE#         4190
  C:20DBH         LINE#         4191
  C:20DDH         LINE#         4192
  C:20DFH         LINE#         4193
  C:20E1H         LINE#         4195
  C:20E3H         LINE#         4196
BL51 BANKED LINKER/LOCATER V4.16a           02/05/2007  13:48:16  PAGE 66


  C:20E5H         LINE#         4197
  C:20E6H         LINE#         4198
  C:20E7H         LINE#         4199
  C:20E9H         LINE#         4200
  C:20EAH         LINE#         4202
  C:20EBH         LINE#         4203
  C:20EDH         LINE#         4204
  C:20EEH         LINE#         4205
  C:20EFH         LINE#         4206
  C:20F1H         LINE#         4207
  C:20F3H         LINE#         4208
  C:20F4H         LINE#         4209
  C:20F5H         LINE#         4210
  C:20F7H         LINE#         4214
  C:20FAH         LINE#         4215
  C:20FDH         LINE#         4216
  C:2100H         LINE#         4217
  C:2102H         LINE#         4218
  C:2105H         LINE#         4219
  C:2108H         LINE#         4220
  C:210AH         LINE#         4221
  C:210DH         LINE#         4222
  C:210FH         LINE#         4223
  C:2110H         LINE#         4224
  C:2112H         LINE#         4226
  C:2115H         LINE#         4227
  C:2118H         LINE#         4228
  C:211BH         LINE#         4229
  C:211DH         LINE#         4230
  C:2120H         LINE#         4231
  C:2123H         LINE#         4232
  C:2125H         LINE#         4233
  C:2128H         LINE#         4234
  C:2129H         LINE#         4235
  C:212AH         LINE#         4236
  C:212BH         LINE#         4237
  C:212CH         LINE#         4238
  C:212EH         LINE#         4239
  C:212FH         LINE#         4240
  C:2131H         LINE#         4241
  C:2132H         LINE#         4242
  C:2135H         LINE#         4243
  C:2138H         LINE#         4244
  C:213AH         LINE#         4245
  C:213DH         LINE#         4246
  C:2140H         LINE#         4247
  C:2143H         LINE#         4248
  C:2146H         LINE#         4249
  C:2149H         LINE#         4250
  C:214CH         LINE#         4251
  C:214FH         LINE#         4252
  C:2151H         LINE#         4253
  C:2154H         LINE#         4256
  C:2156H         LINE#         4257
  C:2158H         LINE#         4258
  C:215BH         LINE#         4260
  C:215DH         LINE#         4261
  C:215FH         LINE#         4262
  C:2161H         LINE#         4263
  C:2162H         LINE#         4264
  C:2164H         LINE#         4265
  C:2165H         LINE#         4266
  C:2166H         LINE#         4267
  C:2167H         LINE#         4268
  C:2169H         LINE#         4269
BL51 BANKED LINKER/LOCATER V4.16a           02/05/2007  13:48:16  PAGE 67


  C:216BH         LINE#         4270
  C:216DH         LINE#         4271
  C:2170H         LINE#         4272
  C:2172H         LINE#         4273
  C:2175H         LINE#         4274
  C:2176H         LINE#         4277
  C:2177H         LINE#         4278
  C:2178H         LINE#         4279
  C:2179H         LINE#         4280
  C:217AH         LINE#         4281
  C:217BH         LINE#         4282
  C:217CH         LINE#         4283
  C:217DH         LINE#         4284
  C:217EH         LINE#         4285
  C:217FH         LINE#         4286
  C:2180H         LINE#         4287
  C:2181H         LINE#         4288
  C:2182H         LINE#         4290
  C:2183H         LINE#         4291
  C:2185H         LINE#         4292
  C:2187H         LINE#         4293
  C:2189H         LINE#         4294
  C:218BH         LINE#         4295
  C:218DH         LINE#         4296
  C:218FH         LINE#         4297
  C:2190H         LINE#         4301
  C:2193H         LINE#         4304
  C:2196H         LINE#         4306
  C:2198H         LINE#         4308
  C:2199H         LINE#         4309
  C:219AH         LINE#         4310
  C:219BH         LINE#         4311
  C:219CH         LINE#         4312
  C:219DH         LINE#         4313
  C:219EH         LINE#         4314
  C:219FH         LINE#         4315
  C:21A0H         LINE#         4316
  C:21A1H         LINE#         4317
  C:21A2H         LINE#         4318
  C:21A3H         LINE#         4319
  C:21A4H         LINE#         4320
  C:21A5H         LINE#         4321
  C:21A6H         LINE#         4322
  C:21A7H         LINE#         4324
  C:21A9H         LINE#         4325
  C:21ACH         LINE#         4326
  C:21AFH         LINE#         4327
  C:21B1H         LINE#         4328
  C:21B4H         LINE#         4330
  C:21B7H         LINE#         4333
  C:21B9H         LINE#         4334
  C:21BBH         LINE#         4335
  C:21BCH         LINE#         4336
  C:21BDH         LINE#         4337
  C:21BFH         LINE#         4338
  C:21C0H         LINE#         4340
  C:21C2H         LINE#         4341
  C:21C4H         LINE#         4342
  C:21C7H         LINE#         4343
  C:21C9H         LINE#         4344
  C:21CAH         LINE#         4345
  C:21CCH         LINE#         4346
  C:21CDH         LINE#         4348
  C:21CFH         LINE#         4349
  C:21D0H         LINE#         4350
BL51 BANKED LINKER/LOCATER V4.16a           02/05/2007  13:48:16  PAGE 68


  C:21D2H         LINE#         4351
  C:21D3H         LINE#         4352
  C:21D4H         LINE#         4353
  C:21D6H         LINE#         4355
  C:21D7H         LINE#         4356
  C:21D9H         LINE#         4357
  C:21DBH         LINE#         4358
  C:21DDH         LINE#         4359
  C:21DFH         LINE#         4360
  C:21E1H         LINE#         4361
  C:21E3H         LINE#         4363
  C:21E5H         LINE#         4364
  C:21E7H         LINE#         4365
  C:21E8H         LINE#         4366
  C:21E9H         LINE#         4367
  C:21EBH         LINE#         4368
  C:21ECH         LINE#         4370
  C:21EDH         LINE#         4371
  C:21EFH         LINE#         4372
  C:21F0H         LINE#         4373
  C:21F1H         LINE#         4374
  C:21F3H         LINE#         4375
  C:21F5H         LINE#         4376
  C:21F6H         LINE#         4377
  C:21F7H         LINE#         4378
  C:21F9H         LINE#         4382
  C:21FBH         LINE#         4383
  C:21FEH         LINE#         4385
  C:2201H         LINE#         4386
  C:2204H         LINE#         4388
  C:2207H         LINE#         4390
  C:220AH         LINE#         4391
  C:220CH         LINE#         4392
  C:220EH         LINE#         4393
  C:2211H         LINE#         4394
  C:2213H         LINE#         4395
  C:2214H         LINE#         4396
  C:2216H         LINE#         4398
  C:2218H         LINE#         4399
  C:221BH         LINE#         4401
  C:221EH         LINE#         4402
  C:2221H         LINE#         4404
  C:2224H         LINE#         4406
  C:2227H         LINE#         4407
  C:2229H         LINE#         4408
  C:222BH         LINE#         4409
  C:222EH         LINE#         4412
  C:2230H         LINE#         4413
  C:2233H         LINE#         4417
  C:2236H         LINE#         4418
  C:2239H         LINE#         4419
  C:223CH         LINE#         4420
  C:223FH         LINE#         4422
  C:2242H         LINE#         4423
  C:2244H         LINE#         4424
  C:2247H         LINE#         4427
  C:2249H         LINE#         4428
  C:224BH         LINE#         4429
  C:224EH         LINE#         4431
  C:2250H         LINE#         4432
  C:2252H         LINE#         4433
  C:2254H         LINE#         4434
  C:2255H         LINE#         4435
  C:2257H         LINE#         4436
  C:2258H         LINE#         4437
BL51 BANKED LINKER/LOCATER V4.16a           02/05/2007  13:48:16  PAGE 69


  C:2259H         LINE#         4438
  C:225AH         LINE#         4439
  C:225CH         LINE#         4440
  C:225EH         LINE#         4441
  C:2260H         LINE#         4442
  C:2263H         LINE#         4443
  C:2265H         LINE#         4444
  C:2268H         LINE#         4445
  C:2269H         LINE#         4451
  C:226CH         LINE#         4455
  C:226FH         LINE#         4457
  C:2271H         LINE#         4459
  C:2272H         LINE#         4460
  C:2273H         LINE#         4461
  C:2274H         LINE#         4462
  C:2275H         LINE#         4463
  C:2276H         LINE#         4464
  C:2277H         LINE#         4465
  C:2278H         LINE#         4466
  C:2279H         LINE#         4467
  C:227AH         LINE#         4468
  C:227BH         LINE#         4469
  C:227CH         LINE#         4470
  C:227DH         LINE#         4471
  C:227EH         LINE#         4472
  C:227FH         LINE#         4473
  C:2280H         LINE#         4475
  C:2282H         LINE#         4476
  C:2285H         LINE#         4477
  C:2288H         LINE#         4478
  C:228AH         LINE#         4479
  C:228DH         LINE#         4481
  C:2290H         LINE#         4484
  C:2292H         LINE#         4485
  C:2294H         LINE#         4486
  C:2295H         LINE#         4487
  C:2296H         LINE#         4488
  C:2298H         LINE#         4489
  C:2299H         LINE#         4491
  C:229BH         LINE#         4492
  C:229DH         LINE#         4493
  C:22A0H         LINE#         4494
  C:22A2H         LINE#         4495
  C:22A3H         LINE#         4496
  C:22A5H         LINE#         4497
  C:22A6H         LINE#         4499
  C:22A8H         LINE#         4500
  C:22A9H         LINE#         4501
  C:22ABH         LINE#         4502
  C:22ACH         LINE#         4503
  C:22ADH         LINE#         4504
  C:22AFH         LINE#         4506
  C:22B0H         LINE#         4507
  C:22B2H         LINE#         4508
  C:22B4H         LINE#         4509
  C:22B6H         LINE#         4510
  C:22B8H         LINE#         4511
  C:22BAH         LINE#         4512
  C:22BCH         LINE#         4514
  C:22BEH         LINE#         4515
  C:22C0H         LINE#         4516
  C:22C1H         LINE#         4517
  C:22C2H         LINE#         4518
  C:22C4H         LINE#         4519
  C:22C5H         LINE#         4521
BL51 BANKED LINKER/LOCATER V4.16a           02/05/2007  13:48:16  PAGE 70


  C:22C6H         LINE#         4522
  C:22C8H         LINE#         4523
  C:22C9H         LINE#         4524
  C:22CAH         LINE#         4525
  C:22CCH         LINE#         4526
  C:22CEH         LINE#         4527
  C:22CFH         LINE#         4528
  C:22D0H         LINE#         4529
  C:22D2H         LINE#         4533
  C:22D4H         LINE#         4534
  C:22D7H         LINE#         4536
  C:22DAH         LINE#         4537
  C:22DDH         LINE#         4539
  C:22E0H         LINE#         4541
  C:22E3H         LINE#         4542
  C:22E5H         LINE#         4543
  C:22E7H         LINE#         4544
  C:22EAH         LINE#         4545
  C:22ECH         LINE#         4546
  C:22EDH         LINE#         4547
  C:22EFH         LINE#         4548
  C:22F1H         LINE#         4549
  C:22F4H         LINE#         4551
  C:22F7H         LINE#         4552
  C:22FAH         LINE#         4554
  C:22FDH         LINE#         4556
  C:2300H         LINE#         4557
  C:2302H         LINE#         4558
  C:2304H         LINE#         4559
  C:2307H         LINE#         4562
  -------         ENDMOD        MAIN

LINK/LOCATE RUN COMPLETE.  0 WARNING(S),  0 ERROR(S)
