BL51 BANKED LINKER/LOCATER V4.16a             02/02/2007  09:09:47  PAGE 1


BL51 BANKED LINKER/LOCATER V4.16a, INVOKED BY:
D:\PROGRAM FILES\CYGNAL\IDEFILES\C51\BIN\BL51.EXE D:\AMP\AMP28.OBJ TO D:\AMP\A
>> MP28 RS (256) PL (68) PW (78)


INPUT MODULES INCLUDED:
  D:\AMP\AMP28.OBJ (MAIN)


LINK MAP OF MODULE:  D:\AMP\AMP28 (MAIN)


            TYPE    BASE      LENGTH    RELOCATION   SEGMENT NAME
            -----------------------------------------------------

            * * * * * * *   D A T A   M E M O R Y   * * * * * * *
            REG     0000H     0008H     ABSOLUTE     "REG BANK 0"

            * * * * * * *   C O D E   M E M O R Y   * * * * * * *
            CODE    0000H     04C9H     ABSOLUTE     
            CODE    04C9H     27D6H     UNIT         MAIN



SYMBOL TABLE OF MODULE:  D:\AMP\AMP28 (MAIN)

  VALUE           TYPE          NAME
  ----------------------------------

  -------         MODULE        MAIN
  C:04C9H         SEGMENT       MAIN
  X:0100H         PUBLIC        MASS0
  B:00C0H.2       SYMBOL        AA
  C:0826H         SYMBOL        AAPAR
  D:004FH         SYMBOL        ABIN
  C:24D8H         SYMBOL        ABRET
  C:03F3H         SYMBOL        ABTOF
  B:00D0H.6       SYMBOL        AC
  D:00E0H         SYMBOL        ACC
  B:00E8H.4       SYMBOL        AD0BUSY
  B:00E8H.7       SYMBOL        AD0EN
  B:00E8H.5       SYMBOL        AD0INT
  B:00E8H.0       SYMBOL        AD0LJST
  B:00E8H.2       SYMBOL        AD0STM0
  B:00E8H.3       SYMBOL        AD0STM1
  B:00E8H.6       SYMBOL        AD0TM
  B:00E8H.1       SYMBOL        AD0WINT
  D:00BCH         SYMBOL        ADC0CF
  D:00E8H         SYMBOL        ADC0CN
  D:00C5H         SYMBOL        ADC0GTH
  D:00C4H         SYMBOL        ADC0GTL
  D:00BFH         SYMBOL        ADC0H
  D:00BEH         SYMBOL        ADC0L
  D:00C7H         SYMBOL        ADC0LTH
  D:00C6H         SYMBOL        ADC0LTL
  D:009CH         SYMBOL        ADC1
  D:00ABH         SYMBOL        ADC1CF
  D:00AAH         SYMBOL        ADC1CN
  C:2C76H         SYMBOL        ADDX
  D:0053H         SYMBOL        ADEC
  C:295EH         SYMBOL        ADRBLOK
  C:0B1AH         SYMBOL        AFTERK
  C:06C5H         SYMBOL        AGE2
  C:0C95H         SYMBOL        AGE9
  C:06D3H         SYMBOL        AGEON
  C:0DCAH         SYMBOL        ALESS0
BL51 BANKED LINKER/LOCATER V4.16a           02/02/2007  09:09:47  PAGE 2


  C:07C4H         SYMBOL        ALLSUM
  C:2BBDH         SYMBOL        ALMUL
  C:0402H         SYMBOL        ALTOF
  C:041EH         SYMBOL        ALTOF1
  D:00BAH         SYMBOL        AMX0CF
  D:00BBH         SYMBOL        AMX0SL
  D:00ACH         SYMBOL        AMX1SL
  C:0A83H         SYMBOL        ANKOR
  C:14FAH         SYMBOL        AN_T7
  C:0FF6H         SYMBOL        AUTOKA
  C:0C27H         SYMBOL        AVPGO
  C:0ADFH         SYMBOL        AVTDEC1
  C:03FCH         SYMBOL        AWTOF
  D:00F0H         SYMBOL        B
  C:05C9H         SYMBOL        BEGIN
  C:289BH         SYMBOL        BFORM
  C:29D9H         SYMBOL        BIN30
  C:29DDH         SYMBOL        BIN31
  C:29EDH         SYMBOL        BIN32
  C:29FEH         SYMBOL        BIN41
  C:29CDH         SYMBOL        BINDEC
  B:0023H.2       SYMBOL        BITAKT
  B:0020H.5       SYMBOL        BITAVP
  B:0021H.2       SYMBOL        BITBON
  B:0021H.0       SYMBOL        BITBUF
  B:0022H.5       SYMBOL        BITEIZM
  B:0020H.4       SYMBOL        BITIZM
  B:0022H.2       SYMBOL        BITKLB
  B:0020H.1       SYMBOL        BITMAS
  B:0021H.3       SYMBOL        BITMEM
  B:0022H.1       SYMBOL        BITMENU
  B:0023H.1       SYMBOL        BITMIG
  B:0021H.7       SYMBOL        BITNUL
  B:0022H.7       SYMBOL        BITOLL
  B:0022H.6       SYMBOL        BITPAR
  B:0021H.1       SYMBOL        BITPRD
  B:0020H.3       SYMBOL        BITRS
  B:0022H.0       SYMBOL        BITT2
  B:0022H.3       SYMBOL        BITV19
  B:0020H.6       SYMBOL        BITVI11
  B:0022H.4       SYMBOL        BITVICH
  B:0020H.0       SYMBOL        BITZNAK
  B:0023H.3       SYMBOL        BITZNB
  B:0020H.7       SYMBOL        BITZUS
  C:18FFH         SYMBOL        BLOKVV
  C:1909H         SYMBOL        BLOKVVC
  C:18CDH         SYMBOL        BL_LI
  B:0021H.4       SYMBOL        BMEM11
  C:16ADH         SYMBOL        BOUT7
  C:232DH         SYMBOL        BRET
  C:0DFCH         SYMBOL        BUFDEC
  D:0040H         SYMBOL        BUFIND
  C:204EH         SYMBOL        BUFMEA
  C:2141H         SYMBOL        BUFMIN
  C:112FH         SYMBOL        BUFON
  C:0D3AH         SYMBOL        BUFR
  C:0D1CH         SYMBOL        BUFR2
  C:0D15H         SYMBOL        BUFR3
  C:0D18H         SYMBOL        BUFR30
  B:00D8H.0       SYMBOL        CCF0
  B:00D8H.1       SYMBOL        CCF1
  B:00D8H.2       SYMBOL        CCF2
  B:00D8H.3       SYMBOL        CCF3
  B:00D8H.4       SYMBOL        CCF4
  C:01F7H         SYMBOL        CDONE
BL51 BANKED LINKER/LOCATER V4.16a           02/02/2007  09:09:47  PAGE 3


  D:0020H         SYMBOL        CELLBIT
  D:0021H         SYMBOL        CELLBIT1
  D:0022H         SYMBOL        CELLBIT2
  D:0023H         SYMBOL        CELLBIT3
  C:01E2H         SYMBOL        CEXP
  B:00D8H.7       SYMBOL        CF
  C:23CAH         SYMBOL        CH0
  C:23EAH         SYMBOL        CH1
  C:23CEH         SYMBOL        CH10
  C:23E2H         SYMBOL        CH100
  C:23DEH         SYMBOL        CH10000
  C:242AH         SYMBOL        CH150H
  C:23E6H         SYMBOL        CH2
  C:259FH         SYMBOL        CH20
  C:240AH         SYMBOL        CH2THO
  C:2426H         SYMBOL        CH320H
  C:23D6H         SYMBOL        CH4
  C:1AF3H         SYMBOL        CH43
  C:1B85H         SYMBOL        CH43_42
  C:23D2H         SYMBOL        CH5
  C:259BH         SYMBOL        CH57
  C:23DAH         SYMBOL        CH954
  C:17B1H         SYMBOL        CHAIBL
  C:1A48H         SYMBOL        CHAIPR
  C:12DFH         SYMBOL        CHANMA
  C:12C6H         SYMBOL        CHANZ
  D:0081H         SYMBOL        CHAVT
  D:009BH         SYMBOL        CHBEFORE
  D:00D6H         SYMBOL        CHBLOK
  D:00CFH         SYMBOL        CHBUF
  C:22D0H         SYMBOL        CHCMP
  C:22E3H         SYMBOL        CHDEC
  D:0083H         SYMBOL        CHDEL
  C:0FDEH         SYMBOL        CHDELMO
  C:25E3H         SYMBOL        CHIF
  C:25F7H         SYMBOL        CHIFB
  C:25FCH         SYMBOL        CHIFB1
  D:00ACH         SYMBOL        CHIND
  D:0098H         SYMBOL        CHINKOR
  C:2422H         SYMBOL        CHK
  D:003DH         SYMBOL        CHKL
  D:006EH         SYMBOL        CHMAS
  D:003FH         SYMBOL        CHMASN
  C:2943H         SYMBOL        CHMINUS
  C:227AH         SYMBOL        CHTADC
  C:2402H         SYMBOL        CHTHO
  C:24A3H         SYMBOL        CHTHOU
  C:23C6H         SYMBOL        CHZAP
  C:23F2H         SYMBOL        CH_1
  C:241AH         SYMBOL        CH_10
  C:2416H         SYMBOL        CH_10TH
  C:23F6H         SYMBOL        CH_2
  C:2412H         SYMBOL        CH_200
  C:240EH         SYMBOL        CH_220
  C:24E1H         SYMBOL        CH_22T
  C:241EH         SYMBOL        CH_250
  C:23FAH         SYMBOL        CH_4
  C:24DDH         SYMBOL        CH_500
  C:23FEH         SYMBOL        CH_953
  C:24D9H         SYMBOL        CH_B
  C:24E5H         SYMBOL        CH_FL
  C:23EEH         SYMBOL        CH_MLN
  C:2871H         SYMBOL        CIKLWR
  D:008EH         SYMBOL        CKCON
  C:243CH         SYMBOL        CL4
BL51 BANKED LINKER/LOCATER V4.16a           02/02/2007  09:09:47  PAGE 4


  C:2442H         SYMBOL        CL4N
  C:1B72H         SYMBOL        CLE20
  C:043EH         SYMBOL        CLE256
  C:29C7H         SYMBOL        CLEAR
  C:2439H         SYMBOL        CLEAR4
  C:2441H         SYMBOL        CLEARN
  C:2861H         SYMBOL        CLMASSIX
  C:0C2CH         SYMBOL        CLMASV
  C:2866H         SYMBOL        CLMAX
  C:29C8H         SYMBOL        CLR11
  C:29C1H         SYMBOL        CLRDEC
  C:29C5H         SYMBOL        CLRNUM
  C:1622H         SYMBOL        CLRVICH
  N:0006H         SYMBOL        CNTR
  C:23AEH         SYMBOL        CO02S
  C:23BBH         SYMBOL        CO05S
  C:23A5H         SYMBOL        CO1S
  C:23A1H         SYMBOL        CO2S
  C:0CB1H         SYMBOL        COMPA1
  C:0CE7H         SYMBOL        COMPA2
  C:28D5H         SYMBOL        COND
  C:049FH         SYMBOL        COPY1
  C:0499H         SYMBOL        COPYPP
  D:00D7H         SYMBOL        COPY_HL
  C:2383H         SYMBOL        COUNT
  B:00C8H.0       SYMBOL        CPRL2
  D:009EH         SYMBOL        CPT0CN
  D:009FH         SYMBOL        CPT1CN
  B:00D8H.6       SYMBOL        CR
  C:238AH         SYMBOL        CT
  B:00C8H.1       SYMBOL        CT2
  B:00D0H.7       SYMBOL        CY
  D:00D4H         SYMBOL        DAC0CN
  D:00D3H         SYMBOL        DAC0H
  D:00D2H         SYMBOL        DAC0L
  D:00D7H         SYMBOL        DAC1CN
  D:00D6H         SYMBOL        DAC1H
  D:00D5H         SYMBOL        DAC1L
  C:28DAH         SYMBOL        DCOA
  C:28E1H         SYMBOL        DCOB
  C:28ECH         SYMBOL        DCOC
  C:28F9H         SYMBOL        DCOD
  C:1888H         SYMBOL        DDOUTF
  C:1795H         SYMBOL        DDOUTFR
  C:2A1AH         SYMBOL        DEC30
  C:2A1FH         SYMBOL        DEC31
  C:2A2FH         SYMBOL        DEC32
  C:2A0DH         SYMBOL        DECBIN
  N:000AH         SYMBOL        DECSIZE
  C:2A38H         SYMBOL        DECT2
  C:2C8DH         SYMBOL        DEDPTR
  C:0133H         SYMBOL        DENORM
  C:19D5H         SYMBOL        DGOTO7
  D:00AEH         SYMBOL        DIAP
  C:114EH         SYMBOL        DIINC
  C:2573H         SYMBOL        DIKDN
  C:248DH         SYMBOL        DIKDW
  C:24A1H         SYMBOL        DIPAR
  C:02DDH         SYMBOL        DIV1
  C:0320H         SYMBOL        DIV2
  C:030DH         SYMBOL        DIV3
  C:0336H         SYMBOL        DIV9
  C:2AF8H         SYMBOL        DIVIDE
  C:2A67H         SYMBOL        DONE
  C:2A65H         SYMBOL        DONE1
BL51 BANKED LINKER/LOCATER V4.16a           02/02/2007  09:09:47  PAGE 5


  C:2B81H         SYMBOL        DOSH
  C:2B6FH         SYMBOL        DOSUB
  D:0083H         SYMBOL        DPH
  D:0082H         SYMBOL        DPL
  C:0EDAH         SYMBOL        DVIG0
  C:0ECFH         SYMBOL        DVIG1
  C:0EC4H         SYMBOL        DVIG2
  C:0EB8H         SYMBOL        DVIG3
  C:0EE6H         SYMBOL        DVIG4
  C:0F08H         SYMBOL        DVIG6
  C:0F06H         SYMBOL        DVM
  B:00A8H.7       SYMBOL        EA
  D:00E6H         SYMBOL        EIE1
  D:00E7H         SYMBOL        EIE2
  D:00F6H         SYMBOL        EIP1
  D:00F7H         SYMBOL        EIP2
  D:00A3H         SYMBOL        EMI0CF
  D:00AFH         SYMBOL        EMI0CN
  D:00A1H         SYMBOL        EMI0TC
  C:1F2EH         SYMBOL        ENDKALIB
  C:0F0CH         SYMBOL        ENDSDV
  C:0A11H         SYMBOL        ENDSUM
  B:00C0H.6       SYMBOL        ENSMB
  C:0CE2H         SYMBOL        EQU0
  C:0D00H         SYMBOL        EQU00
  C:1405H         SYMBOL        EQU1L
  C:18E8H         SYMBOL        EQU2L
  C:2687H         SYMBOL        ERROR
  B:00A8H.4       SYMBOL        ES
  B:00A8H.1       SYMBOL        ET0
  B:00A8H.3       SYMBOL        ET1
  B:00A8H.5       SYMBOL        ET2
  B:00A8H.0       SYMBOL        EX0
  B:00A8H.2       SYMBOL        EX1
  B:00C8H.3       SYMBOL        EXEN2
  B:00C8H.6       SYMBOL        EXF2
  N:0000H         SYMBOL        EXP1
  N:0001H         SYMBOL        EXP2
  C:0675H         SYMBOL        EXTCLE
  B:00D0H.5       SYMBOL        F0
  B:00D0H.1       SYMBOL        F1
  C:2486H         SYMBOL        FINDEXT
  C:2477H         SYMBOL        FINDKOEF
  C:1369H         SYMBOL        FINDMEM
  C:25CCH         SYMBOL        FINDR
  C:2BACH         SYMBOL        FINIS
  D:00B7H         SYMBOL        FLACL
  C:0166H         SYMBOL        FLADD
  C:01D6H         SYMBOL        FLCMP
  C:02B7H         SYMBOL        FLDIV
  C:0203H         SYMBOL        FLMUL
  C:01E1H         SYMBOL        FLOUT
  D:00B6H         SYMBOL        FLSCL
  C:01D1H         SYMBOL        FLSUB
  C:01F8H         SYMBOL        FND
  C:2898H         SYMBOL        FO1M
  C:28A1H         SYMBOL        FO2M
  C:28A2H         SYMBOL        FORM4
  C:121FH         SYMBOL        FT1IZM
  C:0343H         SYMBOL        FTOL
  C:037CH         SYMBOL        FTOL1
  C:039EH         SYMBOL        FTOL2
  C:03C4H         SYMBOL        FTOL22
  C:03A2H         SYMBOL        FTOL23
  C:03B5H         SYMBOL        FTOL24
BL51 BANKED LINKER/LOCATER V4.16a           02/02/2007  09:09:47  PAGE 6


  C:03C2H         SYMBOL        FTOL25
  C:03E4H         SYMBOL        FTOL26
  C:038AH         SYMBOL        FTOL3
  C:038EH         SYMBOL        FTOL33
  C:0371H         SYMBOL        FTOL4
  C:0381H         SYMBOL        FTOL9
  C:060EH         SYMBOL        GENER
  C:184DH         SYMBOL        GO23NO
  C:140BH         SYMBOL        GO31L
  C:1410H         SYMBOL        GO41L
  C:0BE2H         SYMBOL        GOA2
  C:0BECH         SYMBOL        GOA3A2
  C:0F89H         SYMBOL        GOCIKLE
  C:1880H         SYMBOL        GOFULL
  C:0C0AH         SYMBOL        GOKAA2
  C:111DH         SYMBOL        GOKLB
  C:17ECH         SYMBOL        GOOFF1
  C:1804H         SYMBOL        GOOFF2
  C:181CH         SYMBOL        GOOFF3
  C:1834H         SYMBOL        GOOFF4
  C:0BFCH         SYMBOL        GOONIN
  C:0DD3H         SYMBOL        GOONIND
  C:17BDH         SYMBOL        GOONOFF
  C:0F4FH         SYMBOL        GOONT
  C:1D1FH         SYMBOL        GOPAROL
  C:1C35H         SYMBOL        GOPAROM
  C:07A2H         SYMBOL        GOPART
  C:1341H         SYMBOL        GOSK19
  C:14FAH         SYMBOL        GOTO7
  C:0AA4H         SYMBOL        GOTOKD
  C:10D2H         SYMBOL        GOUT6
  C:1A6CH         SYMBOL        GOVVLIST
  C:0754H         SYMBOL        GOZNAK
  C:162DH         SYMBOL        HNOR11
  C:15DCH         SYMBOL        HNOR12
  C:1676H         SYMBOL        HNOT1
  C:15AAH         SYMBOL        HNOT2
  C:15D2H         SYMBOL        HR12
  C:15CCH         SYMBOL        HVI1113
  D:00A8H         SYMBOL        IE
  B:0088H.1       SYMBOL        IE0
  B:0088H.3       SYMBOL        IE1
  C:15A6H         SYMBOL        INCT
  C:2248H         SYMBOL        IND
  C:0D9AH         SYMBOL        INDA3
  C:0D71H         SYMBOL        INDOLL
  C:24E9H         SYMBOL        INIACP
  C:1944H         SYMBOL        INNOT1_2
  C:1935H         SYMBOL        INNOT3
  C:1929H         SYMBOL        INNOT6
  D:00CDH         SYMBOL        INTERVA
  C:0F67H         SYMBOL        INTMUL
  C:19BEH         SYMBOL        INTN
  D:00B8H         SYMBOL        IP
  B:0088H.0       SYMBOL        IT0
  B:0088H.2       SYMBOL        IT1
  C:165EH         SYMBOL        IZCHI
  C:11A2H         SYMBOL        IZMAN
  C:11B1H         SYMBOL        IZMFUN
  C:11B5H         SYMBOL        IZMPAT
  C:11C4H         SYMBOL        IZMT2
  C:11CFH         SYMBOL        IZMT3
  C:2B13H         SYMBOL        JFINIS
  C:2406H         SYMBOL        KD
  C:10ABH         SYMBOL        KEYB1
BL51 BANKED LINKER/LOCATER V4.16a           02/02/2007  09:09:47  PAGE 7


  C:1491H         SYMBOL        KEYB2
  C:1857H         SYMBOL        KFULL
  C:1784H         SYMBOL        KFULLR
  C:17D9H         SYMBOL        KGO23
  C:175EH         SYMBOL        KLEV1
  C:1763H         SYMBOL        KLEV2
  C:1787H         SYMBOL        KLEV21
  C:176DH         SYMBOL        KLEV22
  C:1798H         SYMBOL        KLEV23
  C:1768H         SYMBOL        KLEV3
  C:084FH         SYMBOL        KLMAS
  C:1545H         SYMBOL        KNAVP
  B:0023H.0       SYMBOL        KNIZM
  C:11ACH         SYMBOL        KNIZMON
  C:1482H         SYMBOL        KNKMP
  C:1555H         SYMBOL        KNLEFT
  C:16CBH         SYMBOL        KNMEM
  C:151CH         SYMBOL        KNMENU
  C:1573H         SYMBOL        KNNUL
  C:11D7H         SYMBOL        KNOPT
  C:11ECH         SYMBOL        KNRAZR
  C:1144H         SYMBOL        KNRIGHT
  C:1160H         SYMBOL        KNVICH
  D:00A0H         SYMBOL        KOEFKD
  D:0094H         SYMBOL        KOEFKM
  D:0090H         SYMBOL        KOEFKP
  C:0BAAH         SYMBOL        KOMUL
  C:0BA4H         SYMBOL        KOMULPZ
  D:00BCH         SYMBOL        KONSTA
  D:00C0H         SYMBOL        KONSTB
  C:12AAH         SYMBOL        KON_B
  C:2341H         SYMBOL        KOR0US
  D:0084H         SYMBOL        KOR0_AN
  C:0AF2H         SYMBOL        KORDEC1
  C:0AD5H         SYMBOL        KORDEC10
  C:0FBEH         SYMBOL        KORNUL
  C:1873H         SYMBOL        KVVOD0
  C:1A63H         SYMBOL        LABEL43
  C:1B38H         SYMBOL        LABEL7
  C:0729H         SYMBOL        LABELA
  C:0EB1H         SYMBOL        LABELB
  C:11ECH         SYMBOL        LABELC
  C:11B5H         SYMBOL        LABELE
  C:120BH         SYMBOL        LABELF
  C:1595H         SYMBOL        LABELH
  C:1E08H         SYMBOL        LABELI
  C:1612H         SYMBOL        LABELI2
  C:1702H         SYMBOL        LABELK
  C:13C6H         SYMBOL        LABELL
  C:12E7H         SYMBOL        LABELL1
  C:142AH         SYMBOL        LABELN
  C:1A39H         SYMBOL        LABELP
  C:1A04H         SYMBOL        LABELS
  C:1C96H         SYMBOL        LABELS1
  C:1D91H         SYMBOL        LABELS13
  C:1E1BH         SYMBOL        LABELS3
  C:1DF6H         SYMBOL        LABELS4
  C:13ECH         SYMBOL        LABL2
  C:18EEH         SYMBOL        LABM
  C:2C54H         SYMBOL        LADD
  C:2C65H         SYMBOL        LADDX
  C:042DH         SYMBOL        LBTOF
  C:2A52H         SYMBOL        LCMP
  C:2A68H         SYMBOL        LDC_LONG
  C:2A8AH         SYMBOL        LDC_LTEMP
BL51 BANKED LINKER/LOCATER V4.16a           02/02/2007  09:09:47  PAGE 8


  C:2AB0H         SYMBOL        LDX_LONG
  C:2AD6H         SYMBOL        LDX_LTEMP
  C:1953H         SYMBOL        LEFCUR
  C:155FH         SYMBOL        LEFKL
  C:1710H         SYMBOL        LEFMEM11
  C:18A1H         SYMBOL        LEFT21
  C:1C93H         SYMBOL        LEFT_S
  C:1D78H         SYMBOL        LEFT_SK
  C:1770H         SYMBOL        LEV220
  C:1450H         SYMBOL        LEV2GO
  D:00B0H         SYMBOL        LEVEL
  C:1668H         SYMBOL        LI21
  C:1AD2H         SYMBOL        LI42_43
  C:1B42H         SYMBOL        LIST_43
  C:119BH         SYMBOL        LLDI2
  C:118FH         SYMBOL        LLDI23
  C:1196H         SYMBOL        LLDI3
  C:1415H         SYMBOL        LLEV2
  C:2BBDH         SYMBOL        LLMUL
  C:2C42H         SYMBOL        LLSUB
  C:0432H         SYMBOL        LLTOF
  C:2BBDH         SYMBOL        LMUL
  C:299DH         SYMBOL        LOA3_X
  C:2538H         SYMBOL        LOAB12
  D:00B7H         SYMBOL        LOAD
  C:1687H         SYMBOL        LOADB
  C:16B0H         SYMBOL        LOADB2
  C:172EH         SYMBOL        LOADCLE
  C:2555H         SYMBOL        LOADKD
  C:2547H         SYMBOL        LOADR2
  C:235CH         SYMBOL        LOADT
  C:22FBH         SYMBOL        LOADUS
  C:2063H         SYMBOL        LOAHL_R2
  C:18ACH         SYMBOL        LOBLOK
  C:1729H         SYMBOL        LOCLE
  C:236BH         SYMBOL        LOD1
  C:2377H         SYMBOL        LODT
  C:15DFH         SYMBOL        LOIZMK
  C:1BEEH         SYMBOL        LOKAME1
  C:235EH         SYMBOL        LOLEVT
  C:171DH         SYMBOL        LOLIST
  C:1EE5H         SYMBOL        LOME1
  C:1EDDH         SYMBOL        LOMENU
  C:22B7H         SYMBOL        LOOP
  C:2B16H         SYMBOL        LOOPS
  C:2335H         SYMBOL        LOSPUS
  C:1745H         SYMBOL        LOSTAT
  C:2373H         SYMBOL        LOTEXT
  C:25ABH         SYMBOL        LOTP
  C:25A3H         SYMBOL        LOTPUS
  C:11A1H         SYMBOL        LOU
  C:117EH         SYMBOL        LOUIZM
  C:1408H         SYMBOL        LOUTF
  C:15D5H         SYMBOL        LOVICH
  C:1737H         SYMBOL        LOWR
  C:173CH         SYMBOL        LOWR1
  C:2C42H         SYMBOL        LSUB
  N:0008H         SYMBOL        LTEMP
  C:2873H         SYMBOL        LWR
  C:2837H         SYMBOL        LWRX
  C:042FH         SYMBOL        LWTOF
  D:006FH         SYMBOL        MABIN
  C:288EH         SYMBOL        MAFORM
  N:0002H         SYMBOL        MANT1
  N:0008H         SYMBOL        MANT2
BL51 BANKED LINKER/LOCATER V4.16a           02/02/2007  09:09:47  PAGE 9


  C:12B1H         SYMBOL        MARK0_8
  D:00B2H         SYMBOL        MARKER
  C:25FDH         SYMBOL        MARLE
  C:260AH         SYMBOL        MARRI
  C:086EH         SYMBOL        MAS10
  C:08EEH         SYMBOL        MAS20
  C:09E2H         SYMBOL        MAS4
  C:0A56H         SYMBOL        MAS5DIV
  C:0A1DH         SYMBOL        MASFULL
  X:0104H         SYMBOL        MASS1
  X:0128H         SYMBOL        MASS10
  X:012CH         SYMBOL        MASS11
  X:0130H         SYMBOL        MASS12
  X:0134H         SYMBOL        MASS13
  X:0138H         SYMBOL        MASS14
  X:013CH         SYMBOL        MASS15
  X:0140H         SYMBOL        MASS16
  X:0144H         SYMBOL        MASS17
  X:0148H         SYMBOL        MASS18
  X:014CH         SYMBOL        MASS19
  X:0108H         SYMBOL        MASS2
  X:010CH         SYMBOL        MASS3
  X:0110H         SYMBOL        MASS4
  X:0114H         SYMBOL        MASS5
  X:0118H         SYMBOL        MASS6
  X:011CH         SYMBOL        MASS7
  X:0120H         SYMBOL        MASS8
  X:0124H         SYMBOL        MASS9
  C:0A4CH         SYMBOL        MASX5
  C:218AH         SYMBOL        MAXG
  C:21F4H         SYMBOL        MAXVIX
  C:19FEH         SYMBOL        ME11_15DE
  C:1BEDH         SYMBOL        ME11_15DEC
  C:13D0H         SYMBOL        ME21_22
  C:1C51H         SYMBOL        ME21_23
  C:1C6DH         SYMBOL        ME21_23DEC
  C:1550H         SYMBOL        MEAVP
  C:0662H         SYMBOL        MECLE
  C:0669H         SYMBOL        MEFF
  C:186EH         SYMBOL        MEM12NO
  C:1FAFH         SYMBOL        MENG
  C:1EE9H         SYMBOL        MENU12
  C:1EF1H         SYMBOL        MENU13
  C:1EF9H         SYMBOL        MENU14
  C:1F01H         SYMBOL        MENU15
  C:1F09H         SYMBOL        MENU21
  C:1F11H         SYMBOL        MENU22
  C:1F19H         SYMBOL        MENU23
  C:1F21H         SYMBOL        MENU31
  C:1F29H         SYMBOL        MENU41
  C:1533H         SYMBOL        MENUOFF
  C:1A2BH         SYMBOL        MENUON
  C:1519H         SYMBOL        MERR
  C:1750H         SYMBOL        ME_14
  C:1CE2H         SYMBOL        ME_41
  C:2B49H         SYMBOL        MIDL
  C:2669H         SYMBOL        MIGN
  C:2671H         SYMBOL        MIGNN
  C:206FH         SYMBOL        MIN4_HL
  C:20B1H         SYMBOL        MING
  C:211BH         SYMBOL        MINIVIX
  C:18D1H         SYMBOL        MLABL2
  C:1A69H         SYMBOL        MLABL2R
  C:0724H         SYMBOL        MMM
  C:0D66H         SYMBOL        MO220
BL51 BANKED LINKER/LOCATER V4.16a           02/02/2007  09:09:47  PAGE 10


  C:0CD6H         SYMBOL        MO500I
  C:0CCAH         SYMBOL        MO500R
  B:00F8H.5       SYMBOL        MODF
  C:1363H         SYMBOL        MOUTF
  C:1A01H         SYMBOL        MOUTKMEM
  C:28FBH         SYMBOL        MOVE28
  C:24A7H         SYMBOL        MOVE82
  C:0DD3H         SYMBOL        MOVEA3
  D:003AH         SYMBOL        MOVLEFT
  D:003BH         SYMBOL        MOVRIG
  B:00F8H.1       SYMBOL        MSTEN
  C:021AH         SYMBOL        MUP1
  C:0257H         SYMBOL        MUP11
  C:0297H         SYMBOL        MUP2
  C:026CH         SYMBOL        MUP3
  C:18A7H         SYMBOL        MVV11
  C:18B9H         SYMBOL        MVV12
  C:1098H         SYMBOL        N12DELCH
  C:1049H         SYMBOL        N4DELCH
  C:1086H         SYMBOL        N8DELCH
  C:1369H         SYMBOL        NBIMENU
  D:0038H         SYMBOL        NBLOK
  C:0358H         SYMBOL        NE05
  D:0037H         SYMBOL        NELEM
  C:2252H         SYMBOL        NEXIN
  C:21BFH         SYMBOL        NEXTMAX
  C:1FE4H         SYMBOL        NEXTMEA
  C:20E6H         SYMBOL        NEXTMIN
  C:0B0FH         SYMBOL        NMINUS
  C:0A76H         SYMBOL        NMINUS3
  C:1009H         SYMBOL        NNDELCH
  C:145CH         SYMBOL        NNMEMB
  C:0E4AH         SYMBOL        NNNUL
  C:2B31H         SYMBOL        NO
  C:0736H         SYMBOL        NO0KEY
  C:1263H         SYMBOL        NO11V6
  C:1276H         SYMBOL        NO12V6
  C:1289H         SYMBOL        NO13V6
  C:1E88H         SYMBOL        NO21P7
  C:132DH         SYMBOL        NO23RI
  C:0DBFH         SYMBOL        NO2PARN
  C:1972H         SYMBOL        NO31N
  C:134CH         SYMBOL        NO31RI
  C:0DB5H         SYMBOL        NO3PARN
  C:0FE4H         SYMBOL        NO4DEL
  C:0AE4H         SYMBOL        NOAVK
  C:0BE2H         SYMBOL        NOAVP
  C:0E69H         SYMBOL        NOBAVP
  C:07DFH         SYMBOL        NOBEF99
  C:0245H         SYMBOL        NOBIT
  C:0E72H         SYMBOL        NOBITIZM
  C:13D9H         SYMBOL        NOBL21
  C:13E3H         SYMBOL        NOBL22
  C:0EA7H         SYMBOL        NOBUF
  C:0F99H         SYMBOL        NOBUF0
  C:0D96H         SYMBOL        NOCHI0
  C:0A39H         SYMBOL        NOCHN10
  C:0A2EH         SYMBOL        NOCHN2
  C:0A44H         SYMBOL        NOCHN20
  C:0D7CH         SYMBOL        NODI2
  C:1561H         SYMBOL        NODI6
  C:0E21H         SYMBOL        NODI8
  C:1D4CH         SYMBOL        NODI8K
  C:1B18H         SYMBOL        NODI8_43
  C:0D81H         SYMBOL        NODI9
BL51 BANKED LINKER/LOCATER V4.16a           02/02/2007  09:09:47  PAGE 11


  C:1B23H         SYMBOL        NODI9_43
  C:0E30H         SYMBOL        NODIS9
  C:1D54H         SYMBOL        NODISK9
  C:2992H         SYMBOL        NOENDLI
  C:1441H         SYMBOL        NOEQU1
  C:196CH         SYMBOL        NOEQU2
  C:1245H         SYMBOL        NOFIZM
  C:121EH         SYMBOL        NOFT1
  C:0F94H         SYMBOL        NOFZ
  C:15EDH         SYMBOL        NOH37
  C:16C0H         SYMBOL        NOHNOT1
  C:16B8H         SYMBOL        NOHNOT2
  C:0EA1H         SYMBOL        NOKLB
  C:0A8CH         SYMBOL        NOKORR
  C:15B6H         SYMBOL        NOLAH
  C:1B96H         SYMBOL        NOLI_43
  C:194AH         SYMBOL        NOM31
  C:19ADH         SYMBOL        NOM32
  C:19DBH         SYMBOL        NOM33
  C:1E30H         SYMBOL        NOMARL
  C:21D7H         SYMBOL        NOMAXI
  C:185EH         SYMBOL        NOME11
  C:1384H         SYMBOL        NOMEM11
  C:139AH         SYMBOL        NOMEM12
  C:13B0H         SYMBOL        NOMEM13
  C:185BH         SYMBOL        NOMEMK
  C:20FEH         SYMBOL        NOMINI
  C:11FDH         SYMBOL        NON1C
  C:0AC9H         SYMBOL        NONULAVT
  C:0FCBH         SYMBOL        NONULDEL
  C:0D9AH         SYMBOL        NOP3_0
  C:07E3H         SYMBOL        NOPART1
  C:0803H         SYMBOL        NOPART2
  C:0823H         SYMBOL        NOPART3
  C:0843H         SYMBOL        NOPART4
  C:12D9H         SYMBOL        NOPLUS
  C:1E47H         SYMBOL        NOPOIN7
  C:1E13H         SYMBOL        NOPOINT
  C:12EDH         SYMBOL        NOR11
  C:00F6H         SYMBOL        NORDN
  C:0107H         SYMBOL        NORDN1
  C:141EH         SYMBOL        NORIG2
  C:145CH         SYMBOL        NORIM6
  C:1313H         SYMBOL        NORIME
  C:130DH         SYMBOL        NORIME1
  C:00F0H         SYMBOL        NORM1
  C:1605H         SYMBOL        NORR11
  C:1615H         SYMBOL        NORR12
  C:0119H         SYMBOL        NORUP
  C:011EH         SYMBOL        NORUP1
  C:0132H         SYMBOL        NORUP2
  C:0EAAH         SYMBOL        NORVICH
  C:2B6CH         SYMBOL        NOSUB
  C:0FA9H         SYMBOL        NOT1IN
  C:1509H         SYMBOL        NOT1_7
  C:0FB1H         SYMBOL        NOT2IN
  C:1514H         SYMBOL        NOT2_7
  C:0FB9H         SYMBOL        NOT3IN
  C:0E7CH         SYMBOL        NOTAKT
  C:0B66H         SYMBOL        NOTE21
  C:0B81H         SYMBOL        NOTE22
  C:0B99H         SYMBOL        NOTESTIZM
  C:0F71H         SYMBOL        NOTT1
  C:0F7CH         SYMBOL        NOTT2
  C:0F81H         SYMBOL        NOTT5
BL51 BANKED LINKER/LOCATER V4.16a           02/02/2007  09:09:47  PAGE 12


  C:1204H         SYMBOL        NOT_1
  C:1204H         SYMBOL        NOT_10
  C:12F5H         SYMBOL        NOVIR
  C:122FH         SYMBOL        NOVIR1
  C:205FH         SYMBOL        NOZMEA
  C:2152H         SYMBOL        NOZMIN
  C:0E11H         SYMBOL        NOZZMI
  C:1B08H         SYMBOL        NOZZMI43
  C:0E53H         SYMBOL        NSEC01
  C:0E5AH         SYMBOL        NSEC1
  C:0E5FH         SYMBOL        NSEC10
  D:0039H         SYMBOL        NUERR
  C:0FF6H         SYMBOL        NULAVT
  N:0004H         SYMBOL        NUMSIZE
  C:2AA2H         SYMBOL        OBOARD
  C:2AEAH         SYMBOL        OBOARD1
  C:0186H         SYMBOL        OK1
  C:01A0H         SYMBOL        OK2
  C:01C4H         SYMBOL        OK3
  C:2AC8H         SYMBOL        ONBOAR1
  C:2A7CH         SYMBOL        ONBOARD
  C:16DCH         SYMBOL        ONMEM11
  C:1C74H         SYMBOL        ONMEM12
  C:1DF3H         SYMBOL        ONMEM13
  C:267FH         SYMBOL        ONMIG
  C:1176H         SYMBOL        ONVICH
  D:00B2H         SYMBOL        OSCICN
  D:00B1H         SYMBOL        OSCXCN
  C:1B2FH         SYMBOL        OUT43
  C:145CH         SYMBOL        OUT6
  C:1EB6H         SYMBOL        OUT7
  C:2617H         SYMBOL        OUTA
  C:2631H         SYMBOL        OUTA2
  C:263AH         SYMBOL        OUTB
  C:2660H         SYMBOL        OUTB2
  C:264BH         SYMBOL        OUTB3
  C:1225H         SYMBOL        OUTF
  C:12EAH         SYMBOL        OUTFL
  C:16E9H         SYMBOL        OUTKMEM
  C:12C3H         SYMBOL        OUTMA
  C:21DCH         SYMBOL        OUTMAX
  C:1FFFH         SYMBOL        OUTMEA
  C:1C30H         SYMBOL        OUTMENU
  C:2103H         SYMBOL        OUTMIN
  C:0D2DH         SYMBOL        OUTR
  C:0D49H         SYMBOL        OUTR5
  C:1CD5H         SYMBOL        OUTSKO
  C:1CD2H         SYMBOL        OUTSKO1
  C:1232H         SYMBOL        OUTVICH
  C:1116H         SYMBOL        OUTVIR
  B:00D0H.2       SYMBOL        OV
  B:00D0H.0       SYMBOL        P
  D:0080H         SYMBOL        P0
  D:00A4H         SYMBOL        P0MDOUT
  D:0090H         SYMBOL        P1
  D:00BDH         SYMBOL        P1MDIN
  D:00A5H         SYMBOL        P1MDOUT
  D:00A0H         SYMBOL        P2
  D:00A6H         SYMBOL        P2MDOUT
  D:00B0H         SYMBOL        P3
  D:00ADH         SYMBOL        P3IF
  D:00A7H         SYMBOL        P3MDOUT
  D:0084H         SYMBOL        P4
  D:0085H         SYMBOL        P5
  D:0086H         SYMBOL        P6
BL51 BANKED LINKER/LOCATER V4.16a           02/02/2007  09:09:47  PAGE 13


  D:0096H         SYMBOL        P7
  D:00B5H         SYMBOL        P74OUT
  C:00DEH         SYMBOL        PACK1
  C:1D61H         SYMBOL        PARERR
  D:00AFH         SYMBOL        PARN
  D:00A8H         SYMBOL        PAROL
  D:009AH         SYMBOL        PART
  D:00D8H         SYMBOL        PCA0CN
  D:00FAH         SYMBOL        PCA0CPH0
  D:00FBH         SYMBOL        PCA0CPH1
  D:00FCH         SYMBOL        PCA0CPH2
  D:00FDH         SYMBOL        PCA0CPH3
  D:00FEH         SYMBOL        PCA0CPH4
  D:00EAH         SYMBOL        PCA0CPL0
  D:00EBH         SYMBOL        PCA0CPL1
  D:00ECH         SYMBOL        PCA0CPL2
  D:00EDH         SYMBOL        PCA0CPL3
  D:00EEH         SYMBOL        PCA0CPL4
  D:00DAH         SYMBOL        PCA0CPM0
  D:00DBH         SYMBOL        PCA0CPM1
  D:00DCH         SYMBOL        PCA0CPM2
  D:00DDH         SYMBOL        PCA0CPM3
  D:00DEH         SYMBOL        PCA0CPM4
  D:00F9H         SYMBOL        PCA0H
  D:00E9H         SYMBOL        PCA0L
  D:00D9H         SYMBOL        PCA0MD
  D:0087H         SYMBOL        PCON
  C:1E46H         SYMBOL        POIN3
  C:1E83H         SYMBOL        POINA
  C:1E2BH         SYMBOL        POINA1
  C:1E25H         SYMBOL        POINA2
  C:1EA6H         SYMBOL        POZB
  N:000CH         SYMBOL        PROD
  B:00B8H.4       SYMBOL        PS
  D:008FH         SYMBOL        PSCTL
  D:00D0H         SYMBOL        PSW
  B:00B8H.1       SYMBOL        PT0
  B:00B8H.3       SYMBOL        PT1
  B:00B8H.5       SYMBOL        PT2
  B:00B8H.0       SYMBOL        PX0
  B:00B8H.2       SYMBOL        PX1
  C:1120H         SYMBOL        PYSKST
  C:1792H         SYMBOL        QUES
  C:0BDFH         SYMBOL        QU_AVP
  N:000AH         SYMBOL        R10
  N:000BH         SYMBOL        R11
  N:0008H         SYMBOL        R8
  N:0009H         SYMBOL        R9
  C:0AA2H         SYMBOL        RAFTERK
  B:0098H.2       SYMBOL        RB8
  D:00CBH         SYMBOL        RCAP2H
  D:00CAH         SYMBOL        RCAP2L
  D:00E5H         SYMBOL        RCAP4H
  D:00E4H         SYMBOL        RCAP4L
  B:00C8H.5       SYMBOL        RCLK
  C:17D6H         SYMBOL        RDDOUTF
  C:22C0H         SYMBOL        RE1
  C:0B47H         SYMBOL        RE11_7
  C:0454H         SYMBOL        RE4BYTE
  C:29AFH         SYMBOL        REA3_X
  D:0077H         SYMBOL        REACP
  C:22BEH         SYMBOL        READ
  C:079AH         SYMBOL        READYACP
  C:22A6H         SYMBOL        READ_X2
  C:06EFH         SYMBOL        REBYTE
BL51 BANKED LINKER/LOCATER V4.16a           02/02/2007  09:09:47  PAGE 14


  C:046CH         SYMBOL        REBYTE2
  D:00D1H         SYMBOL        REF0CN
  B:0098H.4       SYMBOL        REN
  C:1542H         SYMBOL        RENDKALIB
  C:2907H         SYMBOL        RESAR2
  C:28C5H         SYMBOL        RESAR8
  C:2993H         SYMBOL        RESA_HL
  D:008CH         SYMBOL        REZAM
  D:0088H         SYMBOL        REZAP
  C:0AF7H         SYMBOL        REZMUL
  D:0062H         SYMBOL        REZ_A
  D:006AH         SYMBOL        REZ_A0
  D:0066H         SYMBOL        REZ_A1
  D:007BH         SYMBOL        REZ_A2
  D:009CH         SYMBOL        REZ_A3
  D:00A4H         SYMBOL        REZ_AK
  D:005EH         SYMBOL        REZ_AME
  D:00C5H         SYMBOL        REZ_DEL
  D:00C9H         SYMBOL        REZ_R
  C:1947H         SYMBOL        RGOTO7
  C:15E6H         SYMBOL        RHNOR11
  C:15ADH         SYMBOL        RHNOT1
  B:0098H.0       SYMBOL        RI
  C:1316H         SYMBOL        RI21_23
  C:1310H         SYMBOL        RI6
  C:13E6H         SYMBOL        RIGBLO
  C:1424H         SYMBOL        RIGBLOK
  C:113BH         SYMBOL        RIGHT2
  C:113FH         SYMBOL        RIGHT3
  C:129BH         SYMBOL        RIKN
  C:10A8H         SYMBOL        RIZMAN
  C:1330H         SYMBOL        RI_31
  C:148EH         SYMBOL        RKNLEFT
  C:147FH         SYMBOL        RKNMEM
  C:148BH         SYMBOL        RKNNUL
  C:10A5H         SYMBOL        RKNOPT
  C:10A2H         SYMBOL        RKNRAZR
  C:1726H         SYMBOL        RKVVOD0
  C:109FH         SYMBOL        RLABELF
  C:1488H         SYMBOL        RLABELH
  C:15B3H         SYMBOL        RLABELI
  C:15B0H         SYMBOL        RLABELK
  C:12F2H         SYMBOL        RLABELL
  C:1459H         SYMBOL        RLABELL1
  C:1360H         SYMBOL        RLABELN
  C:1BD4H         SYMBOL        RLABELP
  C:1CDFH         SYMBOL        RLABELS13
  C:1CDCH         SYMBOL        RLABELS4
  C:178CH         SYMBOL        RLABL2
  C:178FH         SYMBOL        RLABM
  C:19D8H         SYMBOL        RLEFCUR
  C:2609H         SYMBOL        RLER
  C:1A66H         SYMBOL        RLIST_43
  C:08EBH         SYMBOL        RMAS4
  C:1A36H         SYMBOL        RME21_23
  C:0ADCH         SYMBOL        RMO220
  C:1366H         SYMBOL        RNNMEMB
  C:0E2EH         SYMBOL        RNO3PARN
  C:0C07H         SYMBOL        RNOCHI0
  C:1603H         SYMBOL        RNOH37
  C:16E6H         SYMBOL        RNOMEMK
  C:0E2CH         SYMBOL        RNORVICH
  C:0F03H         SYMBOL        RNOT1IN
  C:109CH         SYMBOL        ROUT6
  C:1485H         SYMBOL        ROUT7
BL51 BANKED LINKER/LOCATER V4.16a           02/02/2007  09:09:47  PAGE 15


  C:1600H         SYMBOL        ROUTF
  N:0000H         SYMBOL        RR0
  N:0001H         SYMBOL        RR1
  N:0002H         SYMBOL        RR2
  N:0003H         SYMBOL        RR3
  N:0004H         SYMBOL        RR4
  N:0005H         SYMBOL        RR5
  N:0006H         SYMBOL        RR6
  N:0007H         SYMBOL        RR7
  C:2616H         SYMBOL        RRIR
  C:0C04H         SYMBOL        RRMO220
  B:00D0H.3       SYMBOL        RS0
  B:00D0H.4       SYMBOL        RS1
  C:0DC8H         SYMBOL        RSEEIND
  D:00EFH         SYMBOL        RSTSRC
  C:1208H         SYMBOL        RTIZMRI
  C:15E8H         SYMBOL        RVVIZKO
  B:00F8H.4       SYMBOL        RXOVRN
  D:00A9H         SYMBOL        SADDR0
  D:00F3H         SYMBOL        SADDR1
  D:00B9H         SYMBOL        SADEN0
  D:00AEH         SYMBOL        SADEN1
  D:003CH         SYMBOL        SAVBA
  C:2849H         SYMBOL        SAVEIR2
  C:04A7H         SYMBOL        SAVELTE
  D:00D3H         SYMBOL        SAVEN_BL
  C:2855H         SYMBOL        SAVER2
  C:297CH         SYMBOL        SAVE_HL
  D:0099H         SYMBOL        SBUF0
  D:00F2H         SYMBOL        SBUF1
  D:0098H         SYMBOL        SCON0
  D:00F1H         SYMBOL        SCON1
  C:2268H         SYMBOL        SDV
  C:227CH         SYMBOL        SDV1
  C:077BH         SYMBOL        SDVIG0
  C:0770H         SYMBOL        SDVIG1
  C:0765H         SYMBOL        SDVIG2
  C:0759H         SYMBOL        SDVIG3
  C:078AH         SYMBOL        SDVIG4
  C:0794H         SYMBOL        SDVIG6
  C:0792H         SYMBOL        SDVM
  C:0E33H         SYMBOL        SEEGOON
  C:0E41H         SYMBOL        SEEIND
  C:1B26H         SYMBOL        SEE_L43
  B:00C0H.3       SYMBOL        SI
  N:0007H         SYMBOL        SIGN
  C:1C19H         SYMBOL        SKOR19
  B:00F8H.2       SYMBOL        SLVSEL
  B:0098H.7       SYMBOL        SM0
  B:0098H.6       SYMBOL        SM1
  B:0098H.5       SYMBOL        SM2
  D:00C3H         SYMBOL        SMB0ADR
  D:00C0H         SYMBOL        SMB0CN
  D:00CFH         SYMBOL        SMB0CR
  D:00C2H         SYMBOL        SMB0DAT
  D:00C1H         SYMBOL        SMB0STA
  B:00C0H.1       SYMBOL        SMBFTE
  B:00C0H.0       SYMBOL        SMBTOE
  C:1670H         SYMBOL        SOOTV
  D:0081H         SYMBOL        SP
  D:009AH         SYMBOL        SPI0CFG
  D:009DH         SYMBOL        SPI0CKR
  D:00F8H         SYMBOL        SPI0CN
  D:009BH         SYMBOL        SPI0DAT
  B:00F8H.0       SYMBOL        SPIEN
BL51 BANKED LINKER/LOCATER V4.16a           02/02/2007  09:09:47  PAGE 16


  B:00F8H.7       SYMBOL        SPIF
  C:1CB7H         SYMBOL        SPWRI
  C:2398H         SYMBOL        SS1
  B:00C0H.5       SYMBOL        STA
  B:00C0H.4       SYMBOL        STO
  D:00B3H         SYMBOL        SUMMA
  C:07E6H         SYMBOL        SUMT2
  D:00C8H         SYMBOL        T2CON
  D:00C9H         SYMBOL        T4CON
  C:252AH         SYMBOL        TABB1_2
  C:25C2H         SYMBOL        TABN
  C:2356H         SYMBOL        TABT11
  C:235AH         SYMBOL        TABT7
  C:2358H         SYMBOL        TABT9
  C:2342H         SYMBOL        TABUS
  C:0E81H         SYMBOL        TAKTIND
  B:0098H.3       SYMBOL        TB8
  B:00C8H.4       SYMBOL        TCLK
  D:0088H         SYMBOL        TCON
  C:25B5H         SYMBOL        TE22
  C:25BDH         SYMBOL        TE23
  C:26D7H         SYMBOL        TEAEQU0
  C:2713H         SYMBOL        TEAVK
  C:26E1H         SYMBOL        TEBEQU0
  C:27C7H         SYMBOL        TEBL
  C:27D1H         SYMBOL        TEBL0
  C:27DBH         SYMBOL        TECH
  C:278CH         SYMBOL        TECLE
  C:282BH         SYMBOL        TEEND
  C:2821H         SYMBOL        TEERR
  C:27B3H         SYMBOL        TEFULL
  C:27BDH         SYMBOL        TEINT
  C:276EH         SYMBOL        TEIZMK
  C:271DH         SYMBOL        TEKALIB
  C:2764H         SYMBOL        TEKD
  C:27A8H         SYMBOL        TELIST
  C:27F9H         SYMBOL        TEMAX
  C:2796H         SYMBOL        TEMEM
  C:26EBH         SYMBOL        TEMENU
  C:2803H         SYMBOL        TEMID
  C:27EFH         SYMBOL        TEMIN
  C:0BB6H         SYMBOL        TEMUL
  C:242EH         SYMBOL        TENMIN
  C:280DH         SYMBOL        TEOLI
  C:2782H         SYMBOL        TEOLL
  C:2817H         SYMBOL        TEOLR
  C:2778H         SYMBOL        TEOUT
  C:275AH         SYMBOL        TEPAR
  C:2750H         SYMBOL        TES19_2
  C:2746H         SYMBOL        TES57_6
  C:2709H         SYMBOL        TESKOR
  C:2203H         SYMBOL        TEST01
  C:2232H         SYMBOL        TEST02
  C:2213H         SYMBOL        TEST04
  C:21F9H         SYMBOL        TEST1
  C:222BH         SYMBOL        TEST2
  C:1C8CH         SYMBOL        TEST22
  C:1C91H         SYMBOL        TEST23
  C:221DH         SYMBOL        TEST3
  C:220BH         SYMBOL        TEST4
  C:2235H         SYMBOL        TEST5
  C:0E99H         SYMBOL        TEST7I
  C:0E92H         SYMBOL        TEST9I
  C:27E5H         SYMBOL        TESTAT
  C:21F7H         SYMBOL        TESTRS
BL51 BANKED LINKER/LOCATER V4.16a           02/02/2007  09:09:47  PAGE 17


  C:1C80H         SYMBOL        TESTS
  C:2728H         SYMBOL        TETE11
  C:273CH         SYMBOL        TETE7
  C:2732H         SYMBOL        TETE9
  C:26F5H         SYMBOL        TETESI
  C:26FFH         SYMBOL        TETESR
  C:26CDH         SYMBOL        TEVICH
  C:279EH         SYMBOL        TEWR
  C:2691H         SYMBOL        TEXTT
  B:0088H.5       SYMBOL        TF0
  B:0088H.7       SYMBOL        TF1
  B:00C8H.7       SYMBOL        TF2
  D:008CH         SYMBOL        TH0
  D:008DH         SYMBOL        TH1
  D:00CDH         SYMBOL        TH2
  D:00F5H         SYMBOL        TH4
  B:0098H.1       SYMBOL        TI
  C:228CH         SYMBOL        TIM
  C:228EH         SYMBOL        TIM1
  C:2291H         SYMBOL        TIM2
  C:2293H         SYMBOL        TIM3
  C:1134H         SYMBOL        TIZMRI
  D:008AH         SYMBOL        TL0
  D:008BH         SYMBOL        TL1
  D:00CCH         SYMBOL        TL2
  D:00F4H         SYMBOL        TL4
  C:166DH         SYMBOL        TLABELI
  D:0089H         SYMBOL        TMOD
  D:00CBH         SYMBOL        TMR2RLH
  D:00CAH         SYMBOL        TMR2RLL
  D:0091H         SYMBOL        TMR3CN
  D:0095H         SYMBOL        TMR3H
  D:0094H         SYMBOL        TMR3L
  D:0093H         SYMBOL        TMR3RLH
  D:0092H         SYMBOL        TMR3RLL
  C:1BFDH         SYMBOL        TOME13
  C:1C24H         SYMBOL        TOME14
  C:1C3CH         SYMBOL        TOME15
  C:1BF4H         SYMBOL        TOME21
  C:1D86H         SYMBOL        TOSK19
  C:15EAH         SYMBOL        TOUTF
  B:0088H.4       SYMBOL        TR0
  B:0088H.6       SYMBOL        TR1
  B:00C8H.2       SYMBOL        TR2
  B:00F8H.3       SYMBOL        TXBSY
  C:009EH         SYMBOL        UNPACK1
  C:00BAH         SYMBOL        UNPACK2
  C:0138H         SYMBOL        UP1
  C:014BH         SYMBOL        UP2
  C:0161H         SYMBOL        UP2A
  C:245DH         SYMBOL        UPA
  C:246DH         SYMBOL        UPA1
  C:244DH         SYMBOL        UPA2
  C:2954H         SYMBOL        UPAA
  C:24B6H         SYMBOL        UPAA4
  C:24C6H         SYMBOL        UPAB
  C:2457H         SYMBOL        UPAK
  C:292EH         SYMBOL        UPAK1
  C:2447H         SYMBOL        UPAK2
  C:2467H         SYMBOL        UPAK3
  C:294EH         SYMBOL        UPAK4
  C:24B0H         SYMBOL        UPAKA
  C:24C0H         SYMBOL        UPAKB
  C:1CFEH         SYMBOL        UPAV1
  C:1DB5H         SYMBOL        UPAV2
BL51 BANKED LINKER/LOCATER V4.16a           02/02/2007  09:09:47  PAGE 18


  C:2940H         SYMBOL        UPK1
  C:2941H         SYMBOL        UPK2
  C:2156H         SYMBOL        VICHMAX
  C:1F9AH         SYMBOL        VICHMEAN
  C:207DH         SYMBOL        VICHMIN
  D:00B1H         SYMBOL        VICHR
  C:0EEFH         SYMBOL        VIG0
  C:0EFDH         SYMBOL        VIG4
  C:11E2H         SYMBOL        VIOUT
  C:19FBH         SYMBOL        VODM11_15
  D:00D5H         SYMBOL        VOLUME
  C:1C77H         SYMBOL        VV21_23
  C:25E4H         SYMBOL        VVCHIBL
  C:25E6H         SYMBOL        VVCHIBL4
  C:25D4H         SYMBOL        VVCHIF
  C:1972H         SYMBOL        VVINTE
  C:163AH         SYMBOL        VVIZKO
  C:1DA8H         SYMBOL        VVKALI52
  C:1D5EH         SYMBOL        VVMENU
  C:1B55H         SYMBOL        VVOD43
  C:1BD7H         SYMBOL        VVODM11_15
  C:1BB2H         SYMBOL        VVOSTA
  C:1BC6H         SYMBOL        VVOSTAD
  C:125BH         SYMBOL        VVRR6
  B:00F8H.6       SYMBOL        WCOL
  D:00FFH         SYMBOL        WDTCN
  D:00B8H         SYMBOL        WORK
  C:291BH         SYMBOL        WR1
  C:2918H         SYMBOL        WRITE
  C:2297H         SYMBOL        WRITED_X1
  C:2296H         SYMBOL        WRITE_X1
  C:0480H         SYMBOL        WRPAGE
  C:0483H         SYMBOL        WW5
  D:00E1H         SYMBOL        XBR0
  D:00E2H         SYMBOL        XBR1
  D:00E3H         SYMBOL        XBR2
  C:2835H         SYMBOL        XCIKLWR
  N:000CH         SYMBOL        XTEMP
  C:1585H         SYMBOL        YBNUL
  C:2B4FH         SYMBOL        YES
  C:0C11H         SYMBOL        YESAVP
  C:0F46H         SYMBOL        YESBUF
  C:0E9BH         SYMBOL        YESIND
  C:0F44H         SYMBOL        YESPRD
  C:2331H         SYMBOL        YESTEST
  C:0F97H         SYMBOL        YESTT5
  C:0C40H         SYMBOL        YESVICH
  C:0659H         SYMBOL        YST1
  C:0651H         SYMBOL        YST19
  C:23B0H         SYMBOL        Z01S
  C:23BDH         SYMBOL        Z05S
  C:2381H         SYMBOL        Z100
  C:238FH         SYMBOL        Z15
  C:23A3H         SYMBOL        Z1S
  C:2266H         SYMBOL        ZAPADC
  C:28B7H         SYMBOL        ZCMP
  C:2884H         SYMBOL        ZDIV
  C:00B3H         SYMBOL        ZER1
  C:00D4H         SYMBOL        ZER2
  C:287AH         SYMBOL        ZMUL
  B:0020H.2       SYMBOL        ZNMAT
  C:074CH         SYMBOL        ZNPLUS
  C:2391H         SYMBOL        ZZ
  C:23ACH         SYMBOL        Z_01S
  C:23B9H         SYMBOL        Z_05S
BL51 BANKED LINKER/LOCATER V4.16a           02/02/2007  09:09:47  PAGE 19


  C:237FH         SYMBOL        Z_100
  C:238DH         SYMBOL        Z_15
  C:2396H         SYMBOL        Z_1MS
  C:239FH         SYMBOL        Z_1S
  C:2388H         SYMBOL        Z_5
  C:2913H         SYMBOL        Z_9
  C:0000H         LINE#         15
  C:0003H         LINE#         18
  C:000BH         LINE#         20
  C:0013H         LINE#         22
  C:001BH         LINE#         24
  C:0023H         LINE#         26
  C:002BH         LINE#         28
  C:0033H         LINE#         30
  C:003BH         LINE#         32
  C:0043H         LINE#         34
  C:004BH         LINE#         36
  C:0053H         LINE#         38
  C:005BH         LINE#         41
  C:0063H         LINE#         43
  C:006BH         LINE#         45
  C:0073H         LINE#         47
  C:0093H         LINE#         49
  C:009BH         LINE#         52
  C:05C9H         LINE#         217
  C:05CCH         LINE#         218
  C:05CFH         LINE#         219
  C:05D2H         LINE#         220
  C:05D5H         LINE#         221
  C:05D8H         LINE#         222
  C:05DBH         LINE#         224
  C:05DEH         LINE#         225
  C:05E1H         LINE#         226
  C:05E4H         LINE#         228
  C:05E7H         LINE#         229
  C:05EAH         LINE#         230
  C:05EDH         LINE#         231
  C:05F0H         LINE#         232
  C:05F3H         LINE#         233
  C:05F6H         LINE#         234
  C:05F9H         LINE#         235
  C:05FCH         LINE#         236
  C:05FFH         LINE#         237
  C:0602H         LINE#         238
  C:0605H         LINE#         240
  C:0608H         LINE#         241
  C:060BH         LINE#         242
  C:060EH         LINE#         246
  C:0610H         LINE#         247
  C:0613H         LINE#         249
  C:0616H         LINE#         250
  C:0619H         LINE#         251
  C:061CH         LINE#         253
  C:061EH         LINE#         254
  C:0620H         LINE#         256
  C:0623H         LINE#         259
  C:0626H         LINE#         260
  C:0629H         LINE#         261
  C:062CH         LINE#         262
  C:062FH         LINE#         264
  C:0632H         LINE#         265
  C:0635H         LINE#         266
  C:0638H         LINE#         267
  C:063BH         LINE#         268
  C:063EH         LINE#         269
BL51 BANKED LINKER/LOCATER V4.16a           02/02/2007  09:09:47  PAGE 20


  C:0640H         LINE#         270
  C:0642H         LINE#         271
  C:0645H         LINE#         272
  C:0647H         LINE#         273
  C:064AH         LINE#         274
  C:064CH         LINE#         275
  C:064FH         LINE#         276
  C:0651H         LINE#         277
  C:0654H         LINE#         278
  C:0656H         LINE#         279
  C:0659H         LINE#         281
  C:065CH         LINE#         282
  C:065FH         LINE#         284
  C:0660H         LINE#         285
  C:0662H         LINE#         286
  C:0663H         LINE#         287
  C:0664H         LINE#         288
  C:0667H         LINE#         289
  C:0669H         LINE#         290
  C:066AH         LINE#         291
  C:066BH         LINE#         292
  C:066CH         LINE#         293
  C:066FH         LINE#         294
  C:0672H         LINE#         296
  C:0675H         LINE#         297
  C:0676H         LINE#         298
  C:0677H         LINE#         299
  C:0678H         LINE#         300
  C:067AH         LINE#         301
  C:067DH         LINE#         303
  C:067FH         LINE#         304
  C:0681H         LINE#         305
  C:0682H         LINE#         306
  C:0684H         LINE#         308
  C:0686H         LINE#         309
  C:0688H         LINE#         310
  C:0689H         LINE#         311
  C:068BH         LINE#         313
  C:068DH         LINE#         314
  C:068FH         LINE#         318
  C:0691H         LINE#         319
  C:0693H         LINE#         320
  C:0695H         LINE#         321
  C:0697H         LINE#         322
  C:0699H         LINE#         323
  C:069BH         LINE#         324
  C:069DH         LINE#         325
  C:069FH         LINE#         326
  C:06A1H         LINE#         327
  C:06A3H         LINE#         328
  C:06A5H         LINE#         330
  C:06A7H         LINE#         331
  C:06A9H         LINE#         333
  C:06ACH         LINE#         334
  C:06AFH         LINE#         335
  C:06B1H         LINE#         336
  C:06B4H         LINE#         337
  C:06B6H         LINE#         338
  C:06B9H         LINE#         339
  C:06BBH         LINE#         340
  C:06BEH         LINE#         341
  C:06C0H         LINE#         342
  C:06C3H         LINE#         349
  C:06C5H         LINE#         351
  C:06C7H         LINE#         352
BL51 BANKED LINKER/LOCATER V4.16a           02/02/2007  09:09:47  PAGE 21


  C:06C8H         LINE#         353
  C:06CBH         LINE#         354
  C:06CEH         LINE#         355
  C:06D1H         LINE#         358
  C:06D3H         LINE#         359
  C:06D5H         LINE#         360
  C:06D6H         LINE#         361
  C:06D9H         LINE#         362
  C:06DCH         LINE#         363
  C:06DFH         LINE#         366
  C:06E2H         LINE#         367
  C:06E5H         LINE#         369
  C:06E7H         LINE#         370
  C:06E9H         LINE#         371
  C:06ECH         LINE#         372
  C:06EFH         LINE#         374
  C:06F1H         LINE#         375
  C:06F4H         LINE#         376
  C:06F7H         LINE#         377
  C:06F9H         LINE#         378
  C:06FBH         LINE#         379
  C:06FDH         LINE#         380
  C:06FEH         LINE#         381
  C:06FFH         LINE#         383
  C:0701H         LINE#         384
  C:0703H         LINE#         385
  C:0705H         LINE#         386
  C:0707H         LINE#         387
  C:070AH         LINE#         389
  C:070DH         LINE#         390
  C:070FH         LINE#         391
  C:0712H         LINE#         392
  C:0714H         LINE#         393
  C:0717H         LINE#         394
  C:0719H         LINE#         396
  C:071BH         LINE#         397
  C:071CH         LINE#         398
  C:071FH         LINE#         399
  C:0721H         LINE#         400
  C:0723H         LINE#         401
  C:0724H         LINE#         403
  C:0725H         LINE#         404
  C:0727H         LINE#         405
  C:0729H         LINE#         408
  C:072CH         LINE#         409
  C:072FH         LINE#         410
  C:0731H         LINE#         411
  C:0734H         LINE#         412
  C:0736H         LINE#         417
  C:0738H         LINE#         418
  C:073BH         LINE#         419
  C:073EH         LINE#         422
  C:0741H         LINE#         423
  C:0744H         LINE#         424
  C:0747H         LINE#         425
  C:074AH         LINE#         426
  C:074CH         LINE#         428
  C:074EH         LINE#         429
  C:0750H         LINE#         430
  C:0751H         LINE#         431
  C:0752H         LINE#         432
  C:0754H         LINE#         436
  C:0756H         LINE#         437
  C:0757H         LINE#         438
  C:0759H         LINE#         439
BL51 BANKED LINKER/LOCATER V4.16a           02/02/2007  09:09:47  PAGE 22


  C:075AH         LINE#         440
  C:075BH         LINE#         441
  C:075DH         LINE#         442
  C:075EH         LINE#         443
  C:075FH         LINE#         444
  C:0760H         LINE#         445
  C:0762H         LINE#         446
  C:0763H         LINE#         447
  C:0765H         LINE#         448
  C:0766H         LINE#         449
  C:0767H         LINE#         450
  C:0769H         LINE#         451
  C:076AH         LINE#         452
  C:076CH         LINE#         453
  C:076EH         LINE#         455
  C:0770H         LINE#         456
  C:0771H         LINE#         457
  C:0772H         LINE#         458
  C:0774H         LINE#         459
  C:0775H         LINE#         460
  C:0777H         LINE#         461
  C:0779H         LINE#         463
  C:077BH         LINE#         464
  C:077CH         LINE#         465
  C:077DH         LINE#         466
  C:077FH         LINE#         467
  C:0780H         LINE#         468
  C:0782H         LINE#         469
  C:0784H         LINE#         471
  C:0787H         LINE#         472
  C:0788H         LINE#         473
  C:078AH         LINE#         474
  C:078BH         LINE#         475
  C:078CH         LINE#         476
  C:078EH         LINE#         477
  C:0790H         LINE#         478
  C:0792H         LINE#         480
  C:0794H         LINE#         481
  C:0795H         LINE#         482
  C:0796H         LINE#         483
  C:0798H         LINE#         484
  C:079AH         LINE#         489
  C:079CH         LINE#         490
  C:079DH         LINE#         491
  C:07A0H         LINE#         492
  C:07A2H         LINE#         495
  C:07A4H         LINE#         496
  C:07A6H         LINE#         497
  C:07A9H         LINE#         499
  C:07ABH         LINE#         500
  C:07AEH         LINE#         501
  C:07B0H         LINE#         502
  C:07B3H         LINE#         503
  C:07B5H         LINE#         504
  C:07B8H         LINE#         505
  C:07BAH         LINE#         506
  C:07BCH         LINE#         507
  C:07BEH         LINE#         508
  C:07C1H         LINE#         510
  C:07C4H         LINE#         511
  C:07C7H         LINE#         512
  C:07CAH         LINE#         513
  C:07CCH         LINE#         514
  C:07CFH         LINE#         515
  C:07D1H         LINE#         516
BL51 BANKED LINKER/LOCATER V4.16a           02/02/2007  09:09:47  PAGE 23


  C:07D4H         LINE#         518
  C:07D6H         LINE#         519
  C:07D9H         LINE#         521
  C:07DBH         LINE#         522
  C:07DDH         LINE#         523
  C:07DFH         LINE#         524
  C:07E0H         LINE#         525
  C:07E3H         LINE#         531
  C:07E6H         LINE#         534
  C:07E8H         LINE#         535
  C:07EBH         LINE#         536
  C:07EDH         LINE#         537
  C:07F0H         LINE#         538
  C:07F2H         LINE#         539
  C:07F5H         LINE#         540
  C:07F7H         LINE#         541
  C:07F9H         LINE#         542
  C:07FBH         LINE#         543
  C:07FEH         LINE#         545
  C:0801H         LINE#         546
  C:0803H         LINE#         550
  C:0806H         LINE#         551
  C:0808H         LINE#         552
  C:080BH         LINE#         553
  C:080DH         LINE#         554
  C:0810H         LINE#         555
  C:0812H         LINE#         556
  C:0815H         LINE#         557
  C:0817H         LINE#         558
  C:0819H         LINE#         559
  C:081BH         LINE#         560
  C:081EH         LINE#         562
  C:0821H         LINE#         563
  C:0823H         LINE#         565
  C:0826H         LINE#         567
  C:0828H         LINE#         568
  C:082BH         LINE#         569
  C:082DH         LINE#         570
  C:0830H         LINE#         571
  C:0832H         LINE#         572
  C:0835H         LINE#         573
  C:0837H         LINE#         574
  C:0839H         LINE#         575
  C:083BH         LINE#         576
  C:083EH         LINE#         578
  C:0841H         LINE#         579
  C:0843H         LINE#         582
  C:0845H         LINE#         583
  C:0847H         LINE#         584
  C:084AH         LINE#         585
  C:084CH         LINE#         586
  C:084FH         LINE#         590
  C:0851H         LINE#         591
  C:0854H         LINE#         592
  C:0857H         LINE#         593
  C:085AH         LINE#         595
  C:085CH         LINE#         596
  C:085FH         LINE#         597
  C:0862H         LINE#         598
  C:0865H         LINE#         600
  C:0868H         LINE#         601
  C:086BH         LINE#         602
  C:086EH         LINE#         604
  C:0871H         LINE#         605
  C:0874H         LINE#         606
BL51 BANKED LINKER/LOCATER V4.16a           02/02/2007  09:09:47  PAGE 24


  C:0877H         LINE#         607
  C:087AH         LINE#         608
  C:087DH         LINE#         609
  C:0880H         LINE#         610
  C:0883H         LINE#         611
  C:0886H         LINE#         613
  C:0889H         LINE#         614
  C:088CH         LINE#         616
  C:088FH         LINE#         617
  C:0892H         LINE#         619
  C:0895H         LINE#         620
  C:0898H         LINE#         622
  C:089BH         LINE#         623
  C:089EH         LINE#         625
  C:08A1H         LINE#         626
  C:08A4H         LINE#         628
  C:08A7H         LINE#         631
  C:08A9H         LINE#         632
  C:08ACH         LINE#         634
  C:08AFH         LINE#         635
  C:08B2H         LINE#         637
  C:08B5H         LINE#         638
  C:08B8H         LINE#         639
  C:08BBH         LINE#         640
  C:08BEH         LINE#         641
  C:08C1H         LINE#         642
  C:08C4H         LINE#         643
  C:08C7H         LINE#         644
  C:08CAH         LINE#         645
  C:08CDH         LINE#         646
  C:08D0H         LINE#         647
  C:08D3H         LINE#         648
  C:08D6H         LINE#         649
  C:08D9H         LINE#         650
  C:08DCH         LINE#         651
  C:08DFH         LINE#         652
  C:08E2H         LINE#         653
  C:08E5H         LINE#         654
  C:08E8H         LINE#         655
  C:08EBH         LINE#         657
  C:08EEH         LINE#         659
  C:08F1H         LINE#         660
  C:08F4H         LINE#         661
  C:08F7H         LINE#         662
  C:08FAH         LINE#         663
  C:08FDH         LINE#         664
  C:0900H         LINE#         665
  C:0903H         LINE#         666
  C:0906H         LINE#         668
  C:0909H         LINE#         669
  C:090CH         LINE#         671
  C:090FH         LINE#         672
  C:0912H         LINE#         674
  C:0915H         LINE#         675
  C:0918H         LINE#         677
  C:091BH         LINE#         678
  C:091EH         LINE#         680
  C:0921H         LINE#         681
  C:0924H         LINE#         683
  C:0927H         LINE#         684
  C:092AH         LINE#         685
  C:092DH         LINE#         687
  C:0930H         LINE#         688
  C:0933H         LINE#         689
  C:0936H         LINE#         690
BL51 BANKED LINKER/LOCATER V4.16a           02/02/2007  09:09:47  PAGE 25


  C:0939H         LINE#         691
  C:093CH         LINE#         692
  C:093FH         LINE#         693
  C:0942H         LINE#         695
  C:0945H         LINE#         696
  C:0948H         LINE#         698
  C:094BH         LINE#         699
  C:094EH         LINE#         701
  C:0951H         LINE#         702
  C:0954H         LINE#         704
  C:0957H         LINE#         705
  C:095AH         LINE#         707
  C:095DH         LINE#         708
  C:0960H         LINE#         710
  C:0963H         LINE#         713
  C:0965H         LINE#         714
  C:0968H         LINE#         716
  C:096BH         LINE#         717
  C:096EH         LINE#         719
  C:0971H         LINE#         720
  C:0974H         LINE#         721
  C:0977H         LINE#         722
  C:097AH         LINE#         723
  C:097DH         LINE#         724
  C:0980H         LINE#         725
  C:0983H         LINE#         726
  C:0986H         LINE#         727
  C:0989H         LINE#         728
  C:098CH         LINE#         729
  C:098FH         LINE#         730
  C:0992H         LINE#         731
  C:0995H         LINE#         732
  C:0998H         LINE#         733
  C:099BH         LINE#         734
  C:099EH         LINE#         735
  C:09A1H         LINE#         736
  C:09A4H         LINE#         738
  C:09A7H         LINE#         739
  C:09AAH         LINE#         740
  C:09ADH         LINE#         741
  C:09B0H         LINE#         742
  C:09B3H         LINE#         743
  C:09B6H         LINE#         744
  C:09B9H         LINE#         745
  C:09BCH         LINE#         746
  C:09BFH         LINE#         747
  C:09C2H         LINE#         748
  C:09C5H         LINE#         749
  C:09C8H         LINE#         750
  C:09CBH         LINE#         751
  C:09CEH         LINE#         752
  C:09D1H         LINE#         753
  C:09D4H         LINE#         754
  C:09D7H         LINE#         755
  C:09DAH         LINE#         756
  C:09DDH         LINE#         757
  C:09E0H         LINE#         758
  C:09E2H         LINE#         761
  C:09E5H         LINE#         762
  C:09E8H         LINE#         763
  C:09EBH         LINE#         764
  C:09EEH         LINE#         765
  C:09F1H         LINE#         766
  C:09F4H         LINE#         769
  C:09F6H         LINE#         770
BL51 BANKED LINKER/LOCATER V4.16a           02/02/2007  09:09:47  PAGE 26


  C:09F9H         LINE#         772
  C:09FCH         LINE#         773
  C:09FFH         LINE#         775
  C:0A02H         LINE#         776
  C:0A05H         LINE#         777
  C:0A08H         LINE#         778
  C:0A0BH         LINE#         779
  C:0A0EH         LINE#         780
  C:0A11H         LINE#         784
  C:0A13H         LINE#         785
  C:0A14H         LINE#         786
  C:0A15H         LINE#         787
  C:0A18H         LINE#         789
  C:0A1BH         LINE#         790
  C:0A1DH         LINE#         791
  C:0A20H         LINE#         792
  C:0A22H         LINE#         793
  C:0A23H         LINE#         795
  C:0A26H         LINE#         796
  C:0A29H         LINE#         797
  C:0A2CH         LINE#         798
  C:0A2EH         LINE#         800
  C:0A31H         LINE#         801
  C:0A34H         LINE#         802
  C:0A37H         LINE#         803
  C:0A39H         LINE#         805
  C:0A3CH         LINE#         806
  C:0A3FH         LINE#         807
  C:0A42H         LINE#         808
  C:0A44H         LINE#         810
  C:0A47H         LINE#         811
  C:0A4AH         LINE#         812
  C:0A4CH         LINE#         814
  C:0A4FH         LINE#         815
  C:0A50H         LINE#         816
  C:0A52H         LINE#         817
  C:0A54H         LINE#         818
  C:0A56H         LINE#         821
  C:0A59H         LINE#         828
  C:0A5BH         LINE#         829
  C:0A5EH         LINE#         833
  C:0A5FH         LINE#         834
  C:0A61H         LINE#         835
  C:0A63H         LINE#         836
  C:0A64H         LINE#         837
  C:0A66H         LINE#         839
  C:0A69H         LINE#         840
  C:0A6BH         LINE#         841
  C:0A6EH         LINE#         843
  C:0A70H         LINE#         844
  C:0A71H         LINE#         845
  C:0A74H         LINE#         846
  C:0A76H         LINE#         847
  C:0A79H         LINE#         848
  C:0A7CH         LINE#         849
  C:0A7EH         LINE#         850
  C:0A81H         LINE#         851
  C:0A83H         LINE#         854
  C:0A85H         LINE#         855
  C:0A86H         LINE#         856
  C:0A89H         LINE#         858
  C:0A8CH         LINE#         862
  C:0A8EH         LINE#         863
  C:0A8FH         LINE#         864
  C:0A92H         LINE#         865
BL51 BANKED LINKER/LOCATER V4.16a           02/02/2007  09:09:47  PAGE 27


  C:0A95H         LINE#         866
  C:0A98H         LINE#         867
  C:0A9AH         LINE#         868
  C:0A9DH         LINE#         869
  C:0A9FH         LINE#         871
  C:0AA2H         LINE#         873
  C:0AA4H         LINE#         875
  C:0AA5H         LINE#         876
  C:0AA7H         LINE#         877
  C:0AA9H         LINE#         878
  C:0AAAH         LINE#         879
  C:0AACH         LINE#         890
  C:0AAEH         LINE#         891
  C:0AB1H         LINE#         893
  C:0AB4H         LINE#         894
  C:0AB6H         LINE#         895
  C:0AB9H         LINE#         896
  C:0ABBH         LINE#         897
  C:0ABEH         LINE#         898
  C:0AC1H         LINE#         899
  C:0AC3H         LINE#         900
  C:0AC6H         LINE#         901
  C:0AC9H         LINE#         903
  C:0ACBH         LINE#         904
  C:0ACCH         LINE#         905
  C:0ACEH         LINE#         906
  C:0AD0H         LINE#         907
  C:0AD2H         LINE#         908
  C:0AD5H         LINE#         909
  C:0AD7H         LINE#         910
  C:0ADAH         LINE#         911
  C:0ADCH         LINE#         913
  C:0ADFH         LINE#         915
  C:0AE1H         LINE#         916
  C:0AE4H         LINE#         918
  C:0AE6H         LINE#         919
  C:0AE7H         LINE#         920
  C:0AE9H         LINE#         921
  C:0AEBH         LINE#         923
  C:0AEDH         LINE#         924
  C:0AF0H         LINE#         925
  C:0AF2H         LINE#         926
  C:0AF4H         LINE#         927
  C:0AF7H         LINE#         933
  C:0AF9H         LINE#         934
  C:0AFCH         LINE#         935
  C:0AFFH         LINE#         936
  C:0B01H         LINE#         937
  C:0B04H         LINE#         938
  C:0B07H         LINE#         939
  C:0B09H         LINE#         940
  C:0B0AH         LINE#         941
  C:0B0DH         LINE#         944
  C:0B0FH         LINE#         945
  C:0B12H         LINE#         946
  C:0B15H         LINE#         947
  C:0B17H         LINE#         948
  C:0B1AH         LINE#         952
  C:0B1BH         LINE#         953
  C:0B1DH         LINE#         954
  C:0B1EH         LINE#         955
  C:0B21H         LINE#         956
  C:0B24H         LINE#         957
  C:0B27H         LINE#         958
  C:0B29H         LINE#         960
BL51 BANKED LINKER/LOCATER V4.16a           02/02/2007  09:09:47  PAGE 28


  C:0B2CH         LINE#         961
  C:0B2EH         LINE#         962
  C:0B31H         LINE#         963
  C:0B33H         LINE#         964
  C:0B35H         LINE#         965
  C:0B38H         LINE#         966
  C:0B3BH         LINE#         967
  C:0B3DH         LINE#         968
  C:0B3FH         LINE#         969
  C:0B41H         LINE#         970
  C:0B43H         LINE#         971
  C:0B45H         LINE#         972
  C:0B47H         LINE#         973
  C:0B4AH         LINE#         974
  C:0B4DH         LINE#         975
  C:0B50H         LINE#         976
  C:0B52H         LINE#         977
  C:0B54H         LINE#         978
  C:0B56H         LINE#         979
  C:0B58H         LINE#         980
  C:0B5BH         LINE#         981
  C:0B5EH         LINE#         982
  C:0B61H         LINE#         983
  C:0B64H         LINE#         984
  C:0B66H         LINE#         985
  C:0B69H         LINE#         986
  C:0B6BH         LINE#         987
  C:0B6DH         LINE#         988
  C:0B70H         LINE#         989
  C:0B73H         LINE#         990
  C:0B75H         LINE#         991
  C:0B77H         LINE#         992
  C:0B79H         LINE#         993
  C:0B7BH         LINE#         994
  C:0B7DH         LINE#         995
  C:0B7FH         LINE#         996
  C:0B81H         LINE#         997
  C:0B83H         LINE#         998
  C:0B85H         LINE#         999
  C:0B88H         LINE#         1000
  C:0B8BH         LINE#         1001
  C:0B8DH         LINE#         1002
  C:0B8FH         LINE#         1003
  C:0B91H         LINE#         1004
  C:0B93H         LINE#         1005
  C:0B95H         LINE#         1006
  C:0B97H         LINE#         1007
  C:0B99H         LINE#         1010
  C:0B9CH         LINE#         1011
  C:0B9FH         LINE#         1012
  C:0BA2H         LINE#         1013
  C:0BA4H         LINE#         1014
  C:0BA7H         LINE#         1015
  C:0BAAH         LINE#         1017
  C:0BADH         LINE#         1018
  C:0BB0H         LINE#         1019
  C:0BB3H         LINE#         1020
  C:0BB6H         LINE#         1021
  C:0BB9H         LINE#         1022
  C:0BBBH         LINE#         1023
  C:0BBEH         LINE#         1025
  C:0BC1H         LINE#         1027
  C:0BC4H         LINE#         1028
  C:0BC6H         LINE#         1029
  C:0BC9H         LINE#         1030
BL51 BANKED LINKER/LOCATER V4.16a           02/02/2007  09:09:47  PAGE 29


  C:0BCCH         LINE#         1031
  C:0BCFH         LINE#         1032
  C:0BD2H         LINE#         1033
  C:0BD5H         LINE#         1034
  C:0BD7H         LINE#         1037
  C:0BDAH         LINE#         1038
  C:0BDDH         LINE#         1039
  C:0BDFH         LINE#         1040
  C:0BE2H         LINE#         1043
  C:0BE4H         LINE#         1044
  C:0BE7H         LINE#         1045
  C:0BE9H         LINE#         1046
  C:0BECH         LINE#         1048
  C:0BEEH         LINE#         1049
  C:0BF1H         LINE#         1050
  C:0BF4H         LINE#         1051
  C:0BF6H         LINE#         1052
  C:0BF9H         LINE#         1054
  C:0BFCH         LINE#         1056
  C:0BFEH         LINE#         1057
  C:0C01H         LINE#         1058
  C:0C04H         LINE#         1069
  C:0C07H         LINE#         1070
  C:0C0AH         LINE#         1071
  C:0C0CH         LINE#         1072
  C:0C0FH         LINE#         1073
  C:0C11H         LINE#         1075
  C:0C12H         LINE#         1076
  C:0C14H         LINE#         1077
  C:0C15H         LINE#         1078
  C:0C18H         LINE#         1079
  C:0C1BH         LINE#         1080
  C:0C1EH         LINE#         1081
  C:0C20H         LINE#         1082
  C:0C22H         LINE#         1083
  C:0C25H         LINE#         1084
  C:0C27H         LINE#         1086
  C:0C28H         LINE#         1087
  C:0C2BH         LINE#         1088
  C:0C2CH         LINE#         1090
  C:0C2FH         LINE#         1092
  C:0C32H         LINE#         1093
  C:0C34H         LINE#         1094
  C:0C37H         LINE#         1095
  C:0C39H         LINE#         1096
  C:0C3CH         LINE#         1097
  C:0C3EH         LINE#         1098
  C:0C40H         LINE#         1104
  C:0C42H         LINE#         1105
  C:0C45H         LINE#         1107
  C:0C48H         LINE#         1108
  C:0C49H         LINE#         1109
  C:0C4BH         LINE#         1110
  C:0C4CH         LINE#         1113
  C:0C4FH         LINE#         1114
  C:0C52H         LINE#         1115
  C:0C55H         LINE#         1116
  C:0C57H         LINE#         1117
  C:0C5AH         LINE#         1118
  C:0C5DH         LINE#         1119
  C:0C60H         LINE#         1120
  C:0C62H         LINE#         1122
  C:0C65H         LINE#         1123
  C:0C67H         LINE#         1124
  C:0C69H         LINE#         1125
BL51 BANKED LINKER/LOCATER V4.16a           02/02/2007  09:09:47  PAGE 30


  C:0C6BH         LINE#         1126
  C:0C6DH         LINE#         1127
  C:0C6FH         LINE#         1128
  C:0C72H         LINE#         1129
  C:0C75H         LINE#         1130
  C:0C78H         LINE#         1131
  C:0C7BH         LINE#         1132
  C:0C7DH         LINE#         1133
  C:0C7FH         LINE#         1134
  C:0C81H         LINE#         1135
  C:0C83H         LINE#         1136
  C:0C86H         LINE#         1137
  C:0C88H         LINE#         1138
  C:0C8BH         LINE#         1139
  C:0C8EH         LINE#         1141
  C:0C90H         LINE#         1142
  C:0C93H         LINE#         1144
  C:0C95H         LINE#         1146
  C:0C97H         LINE#         1147
  C:0C98H         LINE#         1148
  C:0C9BH         LINE#         1150
  C:0C9DH         LINE#         1151
  C:0CA0H         LINE#         1153
  C:0CA3H         LINE#         1154
  C:0CA6H         LINE#         1155
  C:0CA9H         LINE#         1157
  C:0CABH         LINE#         1158
  C:0CADH         LINE#         1159
  C:0CAFH         LINE#         1160
  C:0CB1H         LINE#         1161
  C:0CB4H         LINE#         1162
  C:0CB7H         LINE#         1163
  C:0CBAH         LINE#         1164
  C:0CBCH         LINE#         1165
  C:0CBEH         LINE#         1166
  C:0CBFH         LINE#         1167
  C:0CC2H         LINE#         1168
  C:0CC5H         LINE#         1169
  C:0CC8H         LINE#         1170
  C:0CCAH         LINE#         1172
  C:0CCDH         LINE#         1173
  C:0CD0H         LINE#         1174
  C:0CD3H         LINE#         1175
  C:0CD6H         LINE#         1176
  C:0CD9H         LINE#         1177
  C:0CDCH         LINE#         1178
  C:0CDFH         LINE#         1179
  C:0CE2H         LINE#         1181
  C:0CE4H         LINE#         1182
  C:0CE7H         LINE#         1184
  C:0CEAH         LINE#         1185
  C:0CEDH         LINE#         1186
  C:0CF0H         LINE#         1187
  C:0CF2H         LINE#         1188
  C:0CF4H         LINE#         1189
  C:0CF5H         LINE#         1190
  C:0CF8H         LINE#         1191
  C:0CFBH         LINE#         1192
  C:0CFEH         LINE#         1193
  C:0D00H         LINE#         1197
  C:0D02H         LINE#         1198
  C:0D04H         LINE#         1199
  C:0D07H         LINE#         1204
  C:0D09H         LINE#         1205
  C:0D0CH         LINE#         1206
BL51 BANKED LINKER/LOCATER V4.16a           02/02/2007  09:09:47  PAGE 31


  C:0D0DH         LINE#         1207
  C:0D10H         LINE#         1208
  C:0D11H         LINE#         1209
  C:0D13H         LINE#         1210
  C:0D15H         LINE#         1212
  C:0D16H         LINE#         1213
  C:0D18H         LINE#         1214
  C:0D1AH         LINE#         1215
  C:0D1CH         LINE#         1216
  C:0D1DH         LINE#         1217
  C:0D1FH         LINE#         1218
  C:0D20H         LINE#         1219
  C:0D21H         LINE#         1220
  C:0D22H         LINE#         1221
  C:0D24H         LINE#         1223
  C:0D26H         LINE#         1224
  C:0D29H         LINE#         1225
  C:0D2BH         LINE#         1226
  C:0D2DH         LINE#         1228
  C:0D2FH         LINE#         1229
  C:0D30H         LINE#         1230
  C:0D32H         LINE#         1231
  C:0D33H         LINE#         1232
  C:0D34H         LINE#         1233
  C:0D35H         LINE#         1234
  C:0D36H         LINE#         1235
  C:0D38H         LINE#         1236
  C:0D3AH         LINE#         1237
  C:0D3BH         LINE#         1238
  C:0D3DH         LINE#         1239
  C:0D3EH         LINE#         1240
  C:0D3FH         LINE#         1241
  C:0D40H         LINE#         1242
  C:0D42H         LINE#         1244
  C:0D44H         LINE#         1245
  C:0D47H         LINE#         1246
  C:0D49H         LINE#         1247
  C:0D4AH         LINE#         1248
  C:0D4CH         LINE#         1250
  C:0D4FH         LINE#         1251
  C:0D51H         LINE#         1252
  C:0D53H         LINE#         1253
  C:0D55H         LINE#         1254
  C:0D57H         LINE#         1255
  C:0D5AH         LINE#         1256
  C:0D5DH         LINE#         1257
  C:0D60H         LINE#         1258
  C:0D63H         LINE#         1259
  C:0D66H         LINE#         1264
  C:0D69H         LINE#         1265
  C:0D6CH         LINE#         1266
  C:0D6EH         LINE#         1267
  C:0D71H         LINE#         1269
  C:0D74H         LINE#         1270
  C:0D77H         LINE#         1271
  C:0D79H         LINE#         1272
  C:0D7CH         LINE#         1274
  C:0D7DH         LINE#         1276
  C:0D80H         LINE#         1277
  C:0D81H         LINE#         1279
  C:0D84H         LINE#         1282
  C:0D87H         LINE#         1283
  C:0D89H         LINE#         1284
  C:0D8CH         LINE#         1285
  C:0D8EH         LINE#         1286
BL51 BANKED LINKER/LOCATER V4.16a           02/02/2007  09:09:47  PAGE 32


  C:0D91H         LINE#         1287
  C:0D93H         LINE#         1288
  C:0D96H         LINE#         1290
  C:0D97H         LINE#         1291
  C:0D9AH         LINE#         1303
  C:0D9CH         LINE#         1304
  C:0D9FH         LINE#         1305
  C:0DA2H         LINE#         1306
  C:0DA5H         LINE#         1307
  C:0DA8H         LINE#         1309
  C:0DA9H         LINE#         1310
  C:0DACH         LINE#         1311
  C:0DAEH         LINE#         1312
  C:0DB0H         LINE#         1314
  C:0DB1H         LINE#         1315
  C:0DB3H         LINE#         1316
  C:0DB5H         LINE#         1318
  C:0DB8H         LINE#         1320
  C:0DBAH         LINE#         1321
  C:0DBCH         LINE#         1322
  C:0DBFH         LINE#         1325
  C:0DC1H         LINE#         1326
  C:0DC3H         LINE#         1327
  C:0DC4H         LINE#         1328
  C:0DC6H         LINE#         1329
  C:0DC8H         LINE#         1330
  C:0DCAH         LINE#         1331
  C:0DCBH         LINE#         1332
  C:0DCDH         LINE#         1333
  C:0DCFH         LINE#         1335
  C:0DD0H         LINE#         1336
  C:0DD1H         LINE#         1337
  C:0DD3H         LINE#         1346
  C:0DD6H         LINE#         1347
  C:0DD9H         LINE#         1348
  C:0DDCH         LINE#         1350
  C:0DDFH         LINE#         1351
  C:0DE2H         LINE#         1357
  C:0DE4H         LINE#         1358
  C:0DE7H         LINE#         1360
  C:0DEAH         LINE#         1361
  C:0DECH         LINE#         1362
  C:0DEFH         LINE#         1365
  C:0DF1H         LINE#         1366
  C:0DF3H         LINE#         1367
  C:0DF6H         LINE#         1369
  C:0DF8H         LINE#         1370
  C:0DFAH         LINE#         1371
  C:0DFCH         LINE#         1372
  C:0DFDH         LINE#         1373
  C:0DFFH         LINE#         1374
  C:0E00H         LINE#         1375
  C:0E01H         LINE#         1376
  C:0E02H         LINE#         1377
  C:0E04H         LINE#         1378
  C:0E06H         LINE#         1379
  C:0E08H         LINE#         1380
  C:0E0AH         LINE#         1381
  C:0E0CH         LINE#         1382
[...]
  C:1DC5H         LINE#         3739
  C:1DC8H         LINE#         3740
  C:1DCBH         LINE#         3741
  C:1DCEH         LINE#         3742
  C:1DD1H         LINE#         3743
  C:1DD4H         LINE#         3744
  C:1DD6H         LINE#         3745
  C:1DD9H         LINE#         3746
  C:1DDBH         LINE#         3747
  C:1DDDH         LINE#         3749
  C:1DDFH         LINE#         3750
  C:1DE1H         LINE#         3751
  C:1DE3H         LINE#         3752
  C:1DE5H         LINE#         3753
  C:1DE7H         LINE#         3754
  C:1DE8H         LINE#         3755
  C:1DEAH         LINE#         3756
  C:1DEDH         LINE#         3757
  C:1DF0H         LINE#         3760
  C:1DF3H         LINE#         3762
  C:1DF6H         LINE#         3764
  C:1DF9H         LINE#         3765
  C:1DFCH         LINE#         3766
  C:1DFFH         LINE#         3767
  C:1E02H         LINE#         3768
  C:1E05H         LINE#         3771
  C:1E08H         LINE#         3774
  C:1E0BH         LINE#         3775
  C:1E0DH         LINE#         3776
  C:1E10H         LINE#         3778
  C:1E13H         LINE#         3780
  C:1E16H         LINE#         3781
  C:1E18H         LINE#         3782
  C:1E1BH         LINE#         3783
  C:1E1DH         LINE#         3784
  C:1E1FH         LINE#         3785
  C:1E22H         LINE#         3786
  C:1E25H         LINE#         3788
  C:1E27H         LINE#         3789
  C:1E28H         LINE#         3790
  C:1E2BH         LINE#         3792
  C:1E2EH         LINE#         3793
  C:1E30H         LINE#         3802
  C:1E32H         LINE#         3803
  C:1E34H         LINE#         3804
BL51 BANKED LINKER/LOCATER V4.16a           02/02/2007  09:09:47  PAGE 61


  C:1E35H         LINE#         3805
  C:1E36H         LINE#         3806
  C:1E37H         LINE#         3807
  C:1E39H         LINE#         3809
  C:1E3BH         LINE#         3810
  C:1E3CH         LINE#         3811
  C:1E3EH         LINE#         3812
  C:1E40H         LINE#         3813
  C:1E43H         LINE#         3814
  C:1E46H         LINE#         3815
  C:1E47H         LINE#         3817
  C:1E4AH         LINE#         3818
  C:1E4CH         LINE#         3819
  C:1E4FH         LINE#         3820
  C:1E51H         LINE#         3821
  C:1E52H         LINE#         3822
  C:1E55H         LINE#         3823
  C:1E57H         LINE#         3826
  C:1E59H         LINE#         3827
  C:1E5BH         LINE#         3828
  C:1E5EH         LINE#         3829
  C:1E61H         LINE#         3831
  C:1E63H         LINE#         3832
  C:1E65H         LINE#         3833
  C:1E68H         LINE#         3834
  C:1E6BH         LINE#         3835
  C:1E6EH         LINE#         3836
  C:1E70H         LINE#         3837
  C:1E73H         LINE#         3839
  C:1E75H         LINE#         3840
  C:1E77H         LINE#         3842
  C:1E7AH         LINE#         3843
  C:1E7DH         LINE#         3845
  C:1E80H         LINE#         3847
  C:1E83H         LINE#         3849
  C:1E86H         LINE#         3850
  C:1E88H         LINE#         3854
  C:1E8AH         LINE#         3855
  C:1E8CH         LINE#         3856
  C:1E8FH         LINE#         3857
  C:1E92H         LINE#         3858
  C:1E94H         LINE#         3859
  C:1E96H         LINE#         3860
  C:1E99H         LINE#         3861
  C:1E9CH         LINE#         3862
  C:1E9FH         LINE#         3863
  C:1EA2H         LINE#         3864
  C:1EA3H         LINE#         3865
  C:1EA5H         LINE#         3866
  C:1EA6H         LINE#         3867
  C:1EA8H         LINE#         3868
  C:1EABH         LINE#         3870
  C:1EADH         LINE#         3871
  C:1EAFH         LINE#         3872
  C:1EB1H         LINE#         3873
  C:1EB3H         LINE#         3874
  C:1EB6H         LINE#         3878
  C:1EB8H         LINE#         3879
  C:1EBAH         LINE#         3880
  C:1EBCH         LINE#         3881
  C:1EBEH         LINE#         3882
  C:1EC0H         LINE#         3883
  C:1EC2H         LINE#         3884
  C:1EC4H         LINE#         3885
  C:1EC6H         LINE#         3886
BL51 BANKED LINKER/LOCATER V4.16a           02/02/2007  09:09:47  PAGE 62


  C:1EC8H         LINE#         3887
  C:1ECAH         LINE#         3888
  C:1ECCH         LINE#         3889
  C:1ECEH         LINE#         3890
  C:1ED0H         LINE#         3891
  C:1ED2H         LINE#         3892
  C:1ED4H         LINE#         3893
  C:1ED7H         LINE#         3895
  C:1EDAH         LINE#         3896
  C:1EDCH         LINE#         3897
  C:1EDDH         LINE#         3903
  C:1EDFH         LINE#         3904
  C:1EE2H         LINE#         3905
  C:1EE5H         LINE#         3906
  C:1EE8H         LINE#         3907
  C:1EE9H         LINE#         3908
  C:1EECH         LINE#         3909
  C:1EEFH         LINE#         3910
  C:1EF1H         LINE#         3911
  C:1EF4H         LINE#         3912
  C:1EF7H         LINE#         3913
  C:1EF9H         LINE#         3914
  C:1EFCH         LINE#         3915
  C:1EFFH         LINE#         3916
  C:1F01H         LINE#         3917
  C:1F04H         LINE#         3918
  C:1F07H         LINE#         3919
  C:1F09H         LINE#         3921
  C:1F0CH         LINE#         3922
  C:1F0FH         LINE#         3923
  C:1F11H         LINE#         3924
  C:1F14H         LINE#         3925
  C:1F17H         LINE#         3926
  C:1F19H         LINE#         3927
  C:1F1CH         LINE#         3928
  C:1F1FH         LINE#         3929
  C:1F21H         LINE#         3930
  C:1F24H         LINE#         3931
  C:1F27H         LINE#         3932
  C:1F29H         LINE#         3935
  C:1F2CH         LINE#         3936
  C:1F2EH         LINE#         3940
  C:1F30H         LINE#         3941
  C:1F33H         LINE#         3943
  C:1F36H         LINE#         3944
  C:1F37H         LINE#         3945
  C:1F39H         LINE#         3946
  C:1F3AH         LINE#         3947
  C:1F3DH         LINE#         3948
  C:1F3FH         LINE#         3949
  C:1F42H         LINE#         3950
  C:1F45H         LINE#         3952
  C:1F48H         LINE#         3953
  C:1F4BH         LINE#         3954
  C:1F4EH         LINE#         3955
  C:1F51H         LINE#         3957
  C:1F53H         LINE#         3958
  C:1F56H         LINE#         3961
  C:1F58H         LINE#         3962
  C:1F5AH         LINE#         3963
  C:1F5CH         LINE#         3964
  C:1F5FH         LINE#         3966
  C:1F62H         LINE#         3967
  C:1F64H         LINE#         3968
  C:1F67H         LINE#         3969
BL51 BANKED LINKER/LOCATER V4.16a           02/02/2007  09:09:47  PAGE 63


  C:1F68H         LINE#         3970
  C:1F69H         LINE#         3971
  C:1F6AH         LINE#         3972
  C:1F6BH         LINE#         3973
  C:1F6CH         LINE#         3974
  C:1F6DH         LINE#         3975
  C:1F6EH         LINE#         3976
  C:1F6FH         LINE#         3977
  C:1F70H         LINE#         3978
  C:1F71H         LINE#         3979
  C:1F72H         LINE#         3983
  C:1F75H         LINE#         3984
  C:1F77H         LINE#         3985
  C:1F7AH         LINE#         3987
  C:1F7CH         LINE#         3988
  C:1F7EH         LINE#         3989
  C:1F81H         LINE#         3990
  C:1F84H         LINE#         3993
  C:1F86H         LINE#         3994
  C:1F88H         LINE#         3995
  C:1F8BH         LINE#         3996
  C:1F8EH         LINE#         3997
  C:1F91H         LINE#         3998
  C:1F94H         LINE#         3999
  C:1F97H         LINE#         4000
  C:1F9AH         LINE#         4005
  C:1F9DH         LINE#         4006
  C:1F9FH         LINE#         4007
  C:1FA1H         LINE#         4008
  C:1FA2H         LINE#         4009
  C:1FA3H         LINE#         4010
  C:1FA5H         LINE#         4011
  C:1FA6H         LINE#         4012
  C:1FA8H         LINE#         4013
  C:1FABH         LINE#         4014
  C:1FADH         LINE#         4015
  C:1FAFH         LINE#         4016
  C:1FB2H         LINE#         4017
  C:1FB4H         LINE#         4018
  C:1FB5H         LINE#         4019
  C:1FB7H         LINE#         4020
  C:1FB8H         LINE#         4022
  C:1FBAH         LINE#         4023
  C:1FBBH         LINE#         4024
  C:1FBDH         LINE#         4025
  C:1FBEH         LINE#         4026
  C:1FBFH         LINE#         4027
  C:1FC1H         LINE#         4029
  C:1FC2H         LINE#         4030
  C:1FC4H         LINE#         4031
  C:1FC6H         LINE#         4032
  C:1FC8H         LINE#         4033
  C:1FCAH         LINE#         4034
  C:1FCCH         LINE#         4035
  C:1FCEH         LINE#         4037
  C:1FD0H         LINE#         4038
  C:1FD2H         LINE#         4039
  C:1FD3H         LINE#         4040
  C:1FD4H         LINE#         4041
  C:1FD6H         LINE#         4042
  C:1FD7H         LINE#         4044
  C:1FD8H         LINE#         4045
  C:1FDAH         LINE#         4046
  C:1FDBH         LINE#         4047
  C:1FDCH         LINE#         4048
BL51 BANKED LINKER/LOCATER V4.16a           02/02/2007  09:09:47  PAGE 64


  C:1FDEH         LINE#         4049
  C:1FE0H         LINE#         4050
  C:1FE1H         LINE#         4051
  C:1FE2H         LINE#         4052
  C:1FE4H         LINE#         4056
  C:1FE7H         LINE#         4057
  C:1FEAH         LINE#         4058
  C:1FEDH         LINE#         4059
  C:1FEFH         LINE#         4060
  C:1FF2H         LINE#         4061
  C:1FF5H         LINE#         4062
  C:1FF7H         LINE#         4063
  C:1FFAH         LINE#         4064
  C:1FFCH         LINE#         4065
  C:1FFDH         LINE#         4066
  C:1FFFH         LINE#         4068
  C:2002H         LINE#         4069
  C:2005H         LINE#         4070
  C:2008H         LINE#         4071
  C:200AH         LINE#         4072
  C:200DH         LINE#         4073
  C:2010H         LINE#         4074
  C:2012H         LINE#         4075
  C:2015H         LINE#         4076
  C:2016H         LINE#         4077
  C:2017H         LINE#         4078
  C:2018H         LINE#         4079
  C:2019H         LINE#         4080
  C:201BH         LINE#         4081
  C:201CH         LINE#         4082
  C:201EH         LINE#         4083
  C:201FH         LINE#         4084
  C:2022H         LINE#         4085
  C:2025H         LINE#         4086
  C:2027H         LINE#         4087
  C:202AH         LINE#         4088
  C:202DH         LINE#         4089
  C:2030H         LINE#         4090
  C:2033H         LINE#         4091
  C:2036H         LINE#         4092
  C:2039H         LINE#         4093
  C:203CH         LINE#         4094
  C:203EH         LINE#         4095
  C:2041H         LINE#         4098
  C:2043H         LINE#         4099
  C:2045H         LINE#         4100
  C:2048H         LINE#         4102
  C:204AH         LINE#         4103
  C:204CH         LINE#         4104
  C:204EH         LINE#         4105
  C:204FH         LINE#         4106
  C:2051H         LINE#         4107
  C:2052H         LINE#         4108
  C:2053H         LINE#         4109
  C:2054H         LINE#         4110
  C:2056H         LINE#         4111
  C:2058H         LINE#         4112
  C:205AH         LINE#         4113
  C:205DH         LINE#         4114
  C:205FH         LINE#         4115
  C:2062H         LINE#         4116
  C:2063H         LINE#         4119
  C:2064H         LINE#         4120
  C:2065H         LINE#         4121
  C:2066H         LINE#         4122
BL51 BANKED LINKER/LOCATER V4.16a           02/02/2007  09:09:47  PAGE 65


  C:2067H         LINE#         4123
  C:2068H         LINE#         4124
  C:2069H         LINE#         4125
  C:206AH         LINE#         4126
  C:206BH         LINE#         4127
  C:206CH         LINE#         4128
  C:206DH         LINE#         4129
  C:206EH         LINE#         4130
  C:206FH         LINE#         4132
  C:2070H         LINE#         4133
  C:2072H         LINE#         4134
  C:2074H         LINE#         4135
  C:2076H         LINE#         4136
  C:2078H         LINE#         4137
  C:207AH         LINE#         4138
  C:207CH         LINE#         4139
  C:207DH         LINE#         4143
  C:2080H         LINE#         4146
  C:2083H         LINE#         4148
  C:2085H         LINE#         4150
  C:2086H         LINE#         4151
  C:2087H         LINE#         4152
  C:2088H         LINE#         4153
  C:2089H         LINE#         4154
  C:208AH         LINE#         4155
  C:208BH         LINE#         4156
  C:208CH         LINE#         4157
  C:208DH         LINE#         4158
  C:208EH         LINE#         4159
  C:208FH         LINE#         4160
  C:2090H         LINE#         4161
  C:2091H         LINE#         4162
  C:2092H         LINE#         4163
  C:2093H         LINE#         4164
  C:2094H         LINE#         4166
  C:2096H         LINE#         4167
  C:2099H         LINE#         4168
  C:209CH         LINE#         4169
  C:209EH         LINE#         4170
  C:20A1H         LINE#         4172
  C:20A4H         LINE#         4175
  C:20A6H         LINE#         4176
  C:20A8H         LINE#         4177
  C:20A9H         LINE#         4178
  C:20AAH         LINE#         4179
  C:20ACH         LINE#         4180
  C:20ADH         LINE#         4182
  C:20AFH         LINE#         4183
  C:20B1H         LINE#         4184
  C:20B4H         LINE#         4185
  C:20B6H         LINE#         4186
  C:20B7H         LINE#         4187
  C:20B9H         LINE#         4188
  C:20BAH         LINE#         4190
  C:20BCH         LINE#         4191
  C:20BDH         LINE#         4192
  C:20BFH         LINE#         4193
  C:20C0H         LINE#         4194
  C:20C1H         LINE#         4195
  C:20C3H         LINE#         4197
  C:20C4H         LINE#         4198
  C:20C6H         LINE#         4199
  C:20C8H         LINE#         4200
  C:20CAH         LINE#         4201
  C:20CCH         LINE#         4202
BL51 BANKED LINKER/LOCATER V4.16a           02/02/2007  09:09:47  PAGE 66


  C:20CEH         LINE#         4203
  C:20D0H         LINE#         4205
  C:20D2H         LINE#         4206
  C:20D4H         LINE#         4207
  C:20D5H         LINE#         4208
  C:20D6H         LINE#         4209
  C:20D8H         LINE#         4210
  C:20D9H         LINE#         4212
  C:20DAH         LINE#         4213
  C:20DCH         LINE#         4214
  C:20DDH         LINE#         4215
  C:20DEH         LINE#         4216
  C:20E0H         LINE#         4217
  C:20E2H         LINE#         4218
  C:20E3H         LINE#         4219
  C:20E4H         LINE#         4220
  C:20E6H         LINE#         4224
  C:20E8H         LINE#         4225
  C:20EBH         LINE#         4227
  C:20EEH         LINE#         4228
  C:20F1H         LINE#         4230
  C:20F4H         LINE#         4232
  C:20F7H         LINE#         4233
  C:20F9H         LINE#         4234
  C:20FBH         LINE#         4235
  C:20FEH         LINE#         4236
  C:2100H         LINE#         4237
  C:2101H         LINE#         4238
  C:2103H         LINE#         4240
  C:2105H         LINE#         4241
  C:2108H         LINE#         4243
  C:210BH         LINE#         4244
  C:210EH         LINE#         4246
  C:2111H         LINE#         4248
  C:2114H         LINE#         4249
  C:2116H         LINE#         4250
  C:2118H         LINE#         4251
  C:211BH         LINE#         4254
  C:211DH         LINE#         4255
  C:2120H         LINE#         4259
  C:2123H         LINE#         4260
  C:2126H         LINE#         4261
  C:2129H         LINE#         4262
  C:212CH         LINE#         4264
  C:212FH         LINE#         4265
  C:2131H         LINE#         4266
  C:2134H         LINE#         4269
  C:2136H         LINE#         4270
  C:2138H         LINE#         4271
  C:213BH         LINE#         4273
  C:213DH         LINE#         4274
  C:213FH         LINE#         4275
  C:2141H         LINE#         4276
  C:2142H         LINE#         4277
  C:2144H         LINE#         4278
  C:2145H         LINE#         4279
  C:2146H         LINE#         4280
  C:2147H         LINE#         4281
  C:2149H         LINE#         4282
  C:214BH         LINE#         4283
  C:214DH         LINE#         4284
  C:2150H         LINE#         4285
  C:2152H         LINE#         4286
  C:2155H         LINE#         4287
  C:2156H         LINE#         4293
BL51 BANKED LINKER/LOCATER V4.16a           02/02/2007  09:09:47  PAGE 67


  C:2159H         LINE#         4297
  C:215CH         LINE#         4299
  C:215EH         LINE#         4301
  C:215FH         LINE#         4302
  C:2160H         LINE#         4303
  C:2161H         LINE#         4304
  C:2162H         LINE#         4305
  C:2163H         LINE#         4306
  C:2164H         LINE#         4307
  C:2165H         LINE#         4308
  C:2166H         LINE#         4309
  C:2167H         LINE#         4310
  C:2168H         LINE#         4311
  C:2169H         LINE#         4312
  C:216AH         LINE#         4313
  C:216BH         LINE#         4314
  C:216CH         LINE#         4315
  C:216DH         LINE#         4317
  C:216FH         LINE#         4318
  C:2172H         LINE#         4319
  C:2175H         LINE#         4320
  C:2177H         LINE#         4321
  C:217AH         LINE#         4323
  C:217DH         LINE#         4326
  C:217FH         LINE#         4327
  C:2181H         LINE#         4328
  C:2182H         LINE#         4329
  C:2183H         LINE#         4330
  C:2185H         LINE#         4331
  C:2186H         LINE#         4333
  C:2188H         LINE#         4334
  C:218AH         LINE#         4335
  C:218DH         LINE#         4336
  C:218FH         LINE#         4337
  C:2190H         LINE#         4338
  C:2192H         LINE#         4339
  C:2193H         LINE#         4341
  C:2195H         LINE#         4342
  C:2196H         LINE#         4343
  C:2198H         LINE#         4344
  C:2199H         LINE#         4345
  C:219AH         LINE#         4346
  C:219CH         LINE#         4348
  C:219DH         LINE#         4349
  C:219FH         LINE#         4350
  C:21A1H         LINE#         4351
  C:21A3H         LINE#         4352
  C:21A5H         LINE#         4353
  C:21A7H         LINE#         4354
  C:21A9H         LINE#         4356
  C:21ABH         LINE#         4357
  C:21ADH         LINE#         4358
  C:21AEH         LINE#         4359
  C:21AFH         LINE#         4360
  C:21B1H         LINE#         4361
  C:21B2H         LINE#         4363
  C:21B3H         LINE#         4364
  C:21B5H         LINE#         4365
  C:21B6H         LINE#         4366
  C:21B7H         LINE#         4367
  C:21B9H         LINE#         4368
  C:21BBH         LINE#         4369
  C:21BCH         LINE#         4370
  C:21BDH         LINE#         4371
  C:21BFH         LINE#         4375
BL51 BANKED LINKER/LOCATER V4.16a           02/02/2007  09:09:47  PAGE 68


  C:21C1H         LINE#         4376
  C:21C4H         LINE#         4378
  C:21C7H         LINE#         4379
  C:21CAH         LINE#         4381
  C:21CDH         LINE#         4383
  C:21D0H         LINE#         4384
  C:21D2H         LINE#         4385
  C:21D4H         LINE#         4386
  C:21D7H         LINE#         4387
  C:21D9H         LINE#         4388
  C:21DAH         LINE#         4389
  C:21DCH         LINE#         4390
  C:21DEH         LINE#         4391
  C:21E1H         LINE#         4393
  C:21E4H         LINE#         4394
  C:21E7H         LINE#         4396
  C:21EAH         LINE#         4398
  C:21EDH         LINE#         4399
  C:21EFH         LINE#         4400
  C:21F1H         LINE#         4401
  C:21F4H         LINE#         4404
  -------         ENDMOD        MAIN

LINK/LOCATE RUN COMPLETE.  0 WARNING(S),  0 ERROR(S)
