BL51 BANKED LINKER/LOCATER V4.16a             02/19/2007  15:15:55  PAGE 1


BL51 BANKED LINKER/LOCATER V4.16a, INVOKED BY:
D:\PROGRAM FILES\CYGNAL\IDEFILES\C51\BIN\BL51.EXE D:\AMP\AMP31_2.OBJ TO D:\AMP
>> \AMP31_2 RS (256) PL (68) PW (78)


INPUT MODULES INCLUDED:
  D:\AMP\AMP31_2.OBJ (MAIN)


LINK MAP OF MODULE:  D:\AMP\AMP31_2 (MAIN)


            TYPE    BASE      LENGTH    RELOCATION   SEGMENT NAME
            -----------------------------------------------------

            * * * * * * *   D A T A   M E M O R Y   * * * * * * *
            REG     0000H     0008H     ABSOLUTE     "REG BANK 0"

            * * * * * * *   C O D E   M E M O R Y   * * * * * * *
            CODE    0000H     04C9H     ABSOLUTE     
            CODE    04C9H     2BECH     UNIT         MAIN



SYMBOL TABLE OF MODULE:  D:\AMP\AMP31_2 (MAIN)

  VALUE           TYPE          NAME
  ----------------------------------

  -------         MODULE        MAIN
  C:04C9H         SEGMENT       MAIN
  X:0100H         PUBLIC        MASS0
  B:00C0H.2       SYMBOL        AA
  C:087AH         SYMBOL        AAPAR
  D:004FH         SYMBOL        ABIN
  C:28C7H         SYMBOL        ABRET
  C:03F3H         SYMBOL        ABTOF
  B:00D0H.6       SYMBOL        AC
  D:00E0H         SYMBOL        ACC
  B:00E8H.4       SYMBOL        AD0BUSY
  B:00E8H.7       SYMBOL        AD0EN
  B:00E8H.5       SYMBOL        AD0INT
  B:00E8H.0       SYMBOL        AD0LJST
  B:00E8H.2       SYMBOL        AD0STM0
  B:00E8H.3       SYMBOL        AD0STM1
  B:00E8H.6       SYMBOL        AD0TM
  B:00E8H.1       SYMBOL        AD0WINT
  D:00BCH         SYMBOL        ADC0CF
  D:00E8H         SYMBOL        ADC0CN
  D:00C5H         SYMBOL        ADC0GTH
  D:00C4H         SYMBOL        ADC0GTL
  D:00BFH         SYMBOL        ADC0H
  D:00BEH         SYMBOL        ADC0L
  D:00C7H         SYMBOL        ADC0LTH
  D:00C6H         SYMBOL        ADC0LTL
  D:009CH         SYMBOL        ADC1
  D:00ABH         SYMBOL        ADC1CF
  D:00AAH         SYMBOL        ADC1CN
  C:308CH         SYMBOL        ADDX
  D:0053H         SYMBOL        ADEC
  C:2D40H         SYMBOL        ADRBLOK
  C:0B71H         SYMBOL        AFTERK
  C:0714H         SYMBOL        AGE2
  C:0D37H         SYMBOL        AGE9
  C:0722H         SYMBOL        AGEON
  C:0E72H         SYMBOL        ALESS0
BL51 BANKED LINKER/LOCATER V4.16a           02/19/2007  15:15:55  PAGE 2


  C:0818H         SYMBOL        ALLSUM
  C:2FD3H         SYMBOL        ALMUL
  C:0402H         SYMBOL        ALTOF
  C:041EH         SYMBOL        ALTOF1
  D:00BAH         SYMBOL        AMX0CF
  D:00BBH         SYMBOL        AMX0SL
  D:00ACH         SYMBOL        AMX1SL
  C:0AD7H         SYMBOL        ANKOR
  C:16BEH         SYMBOL        AN_T7
  C:1156H         SYMBOL        AUTOKA
  C:0CA2H         SYMBOL        AVPGO
  C:0B33H         SYMBOL        AVTDEC1
  C:03FCH         SYMBOL        AWTOF
  D:00F0H         SYMBOL        B
  C:05C9H         SYMBOL        BEGIN
  C:2C7DH         SYMBOL        BFORM
  B:0021H.5       SYMBOL        BIFL_KT
  C:2DEFH         SYMBOL        BIN30
  C:2DF3H         SYMBOL        BIN31
  C:2E03H         SYMBOL        BIN32
  C:2E14H         SYMBOL        BIN41
  C:2DE3H         SYMBOL        BINDEC
  B:0023H.2       SYMBOL        BITAKT
  B:0020H.5       SYMBOL        BITAVP
  B:0021H.2       SYMBOL        BITBON
  B:0021H.0       SYMBOL        BITBUF
  B:0022H.5       SYMBOL        BITEIZM
  B:0020H.4       SYMBOL        BITIZM
  B:0022H.2       SYMBOL        BITKLB
  B:0020H.1       SYMBOL        BITMAS
  B:0021H.3       SYMBOL        BITMEM
  B:0022H.1       SYMBOL        BITMENU
  B:0023H.1       SYMBOL        BITMIG
  B:0021H.7       SYMBOL        BITNUL
  B:0022H.7       SYMBOL        BITOLL
  B:0022H.6       SYMBOL        BITPAR
  B:0021H.1       SYMBOL        BITPRD
  B:0020H.3       SYMBOL        BITRS
  B:0022H.0       SYMBOL        BITT2
  B:0022H.3       SYMBOL        BITV19
  B:0020H.6       SYMBOL        BITVI11
  B:0022H.4       SYMBOL        BITVICH
  B:0020H.0       SYMBOL        BITZNAK
  B:0023H.3       SYMBOL        BITZNB
  B:0020H.7       SYMBOL        BITZUS
  C:1B5CH         SYMBOL        BLOIN
  C:1B2EH         SYMBOL        BLOKVV
  C:1B38H         SYMBOL        BLOKVVC
  C:1AF9H         SYMBOL        BL_LI
  C:1130H         SYMBOL        BONPART
  C:1897H         SYMBOL        BOUT7
  C:2708H         SYMBOL        BRET
  C:0EA4H         SYMBOL        BUFDEC
  D:0040H         SYMBOL        BUFIND
  C:25BEH         SYMBOL        BUFL_DEC
  C:2415H         SYMBOL        BUFMEA
  C:2508H         SYMBOL        BUFMIN
  C:12AFH         SYMBOL        BUFON
  C:0DDCH         SYMBOL        BUFR
  C:0DBEH         SYMBOL        BUFR2
  C:0DB7H         SYMBOL        BUFR3
  C:0DBAH         SYMBOL        BUFR30
  B:00D8H.0       SYMBOL        CCF0
  B:00D8H.1       SYMBOL        CCF1
  B:00D8H.2       SYMBOL        CCF2
BL51 BANKED LINKER/LOCATER V4.16a           02/19/2007  15:15:55  PAGE 3


  B:00D8H.3       SYMBOL        CCF3
  B:00D8H.4       SYMBOL        CCF4
  C:01F7H         SYMBOL        CDONE
  D:0020H         SYMBOL        CELLBIT
  D:0021H         SYMBOL        CELLBIT1
  D:0022H         SYMBOL        CELLBIT2
  D:0023H         SYMBOL        CELLBIT3
  C:01E2H         SYMBOL        CEXP
  B:00D8H.7       SYMBOL        CF
  C:27ABH         SYMBOL        CH0
  C:27CBH         SYMBOL        CH1
  C:27AFH         SYMBOL        CH10
  C:27C3H         SYMBOL        CH100
  C:27BFH         SYMBOL        CH10000
  C:2813H         SYMBOL        CH150H
  C:27C7H         SYMBOL        CH2
  C:298EH         SYMBOL        CH20
  C:27F3H         SYMBOL        CH2THO
  C:280FH         SYMBOL        CH320H
  C:27B7H         SYMBOL        CH4
  C:1D67H         SYMBOL        CH43
  C:1E0DH         SYMBOL        CH43_42
  C:27B3H         SYMBOL        CH5
  C:298AH         SYMBOL        CH57
  C:27BBH         SYMBOL        CH954
  C:19A7H         SYMBOL        CHAIBL
  C:1CBCH         SYMBOL        CHAIPR
  C:147EH         SYMBOL        CHANMA
  C:1465H         SYMBOL        CHANZ
  D:0081H         SYMBOL        CHAVT
  D:009BH         SYMBOL        CHBEFORE
  D:00D6H         SYMBOL        CHBLOK
  D:00CFH         SYMBOL        CHBUF
  X:0E00H         SYMBOL        CHBUF1
  C:26ABH         SYMBOL        CHCMP
  C:26BEH         SYMBOL        CHDEC
  D:0083H         SYMBOL        CHDEL
  C:111BH         SYMBOL        CHDELMO
  C:29D3H         SYMBOL        CHIF
  C:29DBH         SYMBOL        CHIF5
  C:29FEH         SYMBOL        CHIFB
  C:2A04H         SYMBOL        CHIFB1
  C:2A0CH         SYMBOL        CHIFL5
  C:29EDH         SYMBOL        CHIFOUR
  D:00ACH         SYMBOL        CHIND
  D:0033H         SYMBOL        CHIND2
  D:0098H         SYMBOL        CHINKOR
  C:280BH         SYMBOL        CHK
  D:003DH         SYMBOL        CHKL
  D:006EH         SYMBOL        CHMAS
  D:003FH         SYMBOL        CHMASN
  C:2D25H         SYMBOL        CHMINUS
  C:2655H         SYMBOL        CHTADC
  C:27EBH         SYMBOL        CHTHO
  C:2892H         SYMBOL        CHTHOU
  C:27A7H         SYMBOL        CHZAP
  C:27D3H         SYMBOL        CH_1
  C:2803H         SYMBOL        CH_10
  C:27FFH         SYMBOL        CH_10TH
  C:27D7H         SYMBOL        CH_2
  C:27FBH         SYMBOL        CH_200
  C:27F7H         SYMBOL        CH_220
  C:28D0H         SYMBOL        CH_22T
  C:2807H         SYMBOL        CH_250
  C:27DBH         SYMBOL        CH_4
BL51 BANKED LINKER/LOCATER V4.16a           02/19/2007  15:15:55  PAGE 4


  C:27DFH         SYMBOL        CH_5
  C:28CCH         SYMBOL        CH_500
  C:27E3H         SYMBOL        CH_7
  C:27E7H         SYMBOL        CH_953
  C:28C8H         SYMBOL        CH_B
  C:28D4H         SYMBOL        CH_FL
  C:2817H         SYMBOL        CH_M3
  C:27CFH         SYMBOL        CH_MLN
  C:2C53H         SYMBOL        CIKLWR
  D:008EH         SYMBOL        CKCON
  C:2829H         SYMBOL        CL4
  C:282FH         SYMBOL        CL4N
  C:1DFAH         SYMBOL        CLE20
  C:043EH         SYMBOL        CLE256
  C:2DDDH         SYMBOL        CLEAR
  C:2826H         SYMBOL        CLEAR4
  C:282EH         SYMBOL        CLEARN
  C:2C43H         SYMBOL        CLMASSIX
  C:0CA7H         SYMBOL        CLMASV
  C:2C48H         SYMBOL        CLMAX
  C:2DDEH         SYMBOL        CLR11
  C:2DD7H         SYMBOL        CLRDEC
  C:2DDBH         SYMBOL        CLRNUM
  C:1807H         SYMBOL        CLRVICH
  N:0006H         SYMBOL        CNTR
  C:278FH         SYMBOL        CO02S
  C:279CH         SYMBOL        CO05S
  C:2786H         SYMBOL        CO1S
  C:2782H         SYMBOL        CO2S
  C:0D53H         SYMBOL        COMPA1
  C:0D89H         SYMBOL        COMPA2
  C:2CB7H         SYMBOL        COND
  C:049FH         SYMBOL        COPY1
  C:0499H         SYMBOL        COPYPP
  D:00D7H         SYMBOL        COPY_HL
  C:2764H         SYMBOL        COUNT
  B:00C8H.0       SYMBOL        CPRL2
  D:009EH         SYMBOL        CPT0CN
  D:009FH         SYMBOL        CPT1CN
  B:00D8H.6       SYMBOL        CR
  C:276BH         SYMBOL        CT
  B:00C8H.1       SYMBOL        CT2
  B:00D0H.7       SYMBOL        CY
  D:00D4H         SYMBOL        DAC0CN
  D:00D3H         SYMBOL        DAC0H
  D:00D2H         SYMBOL        DAC0L
  D:00D7H         SYMBOL        DAC1CN
  D:00D6H         SYMBOL        DAC1H
  D:00D5H         SYMBOL        DAC1L
  C:2CBCH         SYMBOL        DCOA
  C:2CC3H         SYMBOL        DCOB
  C:2CCEH         SYMBOL        DCOC
  C:2CDBH         SYMBOL        DCOD
  C:1AAEH         SYMBOL        DDOUTF
  C:198BH         SYMBOL        DDOUTFR
  C:2E30H         SYMBOL        DEC30
  C:2E35H         SYMBOL        DEC31
  C:2E45H         SYMBOL        DEC32
  C:2E23H         SYMBOL        DECBIN
  N:000AH         SYMBOL        DECSIZE
  C:2E4EH         SYMBOL        DECT2
  C:30A3H         SYMBOL        DEDPTR
  C:0133H         SYMBOL        DENORM
  C:1C40H         SYMBOL        DGOTO7
  D:00AEH         SYMBOL        DIAP
BL51 BANKED LINKER/LOCATER V4.16a           02/19/2007  15:15:55  PAGE 5


  C:12D4H         SYMBOL        DIINC
  C:2962H         SYMBOL        DIKDN
  C:287AH         SYMBOL        DIKDW
  C:2890H         SYMBOL        DIKM
  C:288EH         SYMBOL        DIPAR
  C:02DDH         SYMBOL        DIV1
  C:0320H         SYMBOL        DIV2
  C:030DH         SYMBOL        DIV3
  C:0336H         SYMBOL        DIV9
  C:2F0EH         SYMBOL        DIVIDE
  C:2E7DH         SYMBOL        DONE
  C:2E7BH         SYMBOL        DONE1
  C:2F97H         SYMBOL        DOSH
  C:2F85H         SYMBOL        DOSUB
  D:0083H         SYMBOL        DPH
  D:0082H         SYMBOL        DPL
  C:0F86H         SYMBOL        DVIG0
  C:0F7BH         SYMBOL        DVIG1
  C:0F70H         SYMBOL        DVIG2
  C:0F64H         SYMBOL        DVIG3
  C:0F92H         SYMBOL        DVIG4
  C:0FB4H         SYMBOL        DVIG6
  C:0FB2H         SYMBOL        DVM
  B:00A8H.7       SYMBOL        EA
  D:00E6H         SYMBOL        EIE1
  D:00E7H         SYMBOL        EIE2
  D:00F6H         SYMBOL        EIP1
  D:00F7H         SYMBOL        EIP2
  D:00A3H         SYMBOL        EMI0CF
  D:00AFH         SYMBOL        EMI0CN
  D:00A1H         SYMBOL        EMI0TC
  C:2245H         SYMBOL        ENDKALIB
  C:0FB8H         SYMBOL        ENDSDV
  C:0A65H         SYMBOL        ENDSUM
  B:00C0H.6       SYMBOL        ENSMB
  C:0D84H         SYMBOL        EQU0
  C:0DA2H         SYMBOL        EQU00
  C:15BAH         SYMBOL        EQU1L
  C:1B14H         SYMBOL        EQU2L
  C:2174H         SYMBOL        ERRA0
  C:0CBDH         SYMBOL        ERRA01
  C:2A69H         SYMBOL        ERROR
  B:00A8H.4       SYMBOL        ES
  B:00A8H.1       SYMBOL        ET0
  B:00A8H.3       SYMBOL        ET1
  B:00A8H.5       SYMBOL        ET2
  B:00A8H.0       SYMBOL        EX0
  B:00A8H.2       SYMBOL        EX1
  B:00C8H.3       SYMBOL        EXEN2
  B:00C8H.6       SYMBOL        EXF2
  N:0000H         SYMBOL        EXP1
  N:0001H         SYMBOL        EXP2
  C:0684H         SYMBOL        EXTCLE
  B:00D0H.5       SYMBOL        F0
  B:00D0H.1       SYMBOL        F1
  C:2873H         SYMBOL        FINDEXT
  C:2864H         SYMBOL        FINDKOEF
  C:151EH         SYMBOL        FINDMEM
  C:29BBH         SYMBOL        FINDR
  C:2FC2H         SYMBOL        FINIS
  D:00B7H         SYMBOL        FLACL
  C:0166H         SYMBOL        FLADD
  C:01D6H         SYMBOL        FLCMP
  C:02B7H         SYMBOL        FLDIV
  C:0203H         SYMBOL        FLMUL
BL51 BANKED LINKER/LOCATER V4.16a           02/19/2007  15:15:55  PAGE 6


  C:01E1H         SYMBOL        FLOUT
  D:00B6H         SYMBOL        FLSCL
  C:01D1H         SYMBOL        FLSUB
  C:01F8H         SYMBOL        FND
  C:2C7AH         SYMBOL        FO1M
  C:2C83H         SYMBOL        FO2M
  C:2C84H         SYMBOL        FORM4
  C:13BEH         SYMBOL        FT1IZM
  C:0343H         SYMBOL        FTOL
  C:037CH         SYMBOL        FTOL1
  C:039EH         SYMBOL        FTOL2
  C:03C4H         SYMBOL        FTOL22
  C:03A2H         SYMBOL        FTOL23
  C:03B5H         SYMBOL        FTOL24
  C:03C2H         SYMBOL        FTOL25
  C:03E4H         SYMBOL        FTOL26
  C:038AH         SYMBOL        FTOL3
  C:038EH         SYMBOL        FTOL33
  C:0371H         SYMBOL        FTOL4
  C:0381H         SYMBOL        FTOL9
  C:22B4H         SYMBOL        FULKALIB
  C:060EH         SYMBOL        GENER
  C:1A73H         SYMBOL        GO23NO
  C:15C0H         SYMBOL        GO31L
  C:15C5H         SYMBOL        GO41L
  C:0C5DH         SYMBOL        GOA2
  C:0C67H         SYMBOL        GOA3A2
  C:10B4H         SYMBOL        GOCIKLE
  C:1AA6H         SYMBOL        GOFULL
  C:2192H         SYMBOL        GOGO7
  C:0C85H         SYMBOL        GOKAA2
  C:1297H         SYMBOL        GOKLB
  C:19FAH         SYMBOL        GOOFF1
  C:1A18H         SYMBOL        GOOFF2
  C:1A36H         SYMBOL        GOOFF3
  C:1A54H         SYMBOL        GOOFF4
  C:0C77H         SYMBOL        GOONIN
  C:0E1EH         SYMBOL        GOONIN1
  C:0E7BH         SYMBOL        GOONIND
  C:19B3H         SYMBOL        GOONOFF
  C:1034H         SYMBOL        GOONT
  C:1FF6H         SYMBOL        GOPAROL
  C:1EE0H         SYMBOL        GOPAROM
  C:07F6H         SYMBOL        GOPART
  C:14EFH         SYMBOL        GOSK19
  C:16BEH         SYMBOL        GOTO7
  C:0AF8H         SYMBOL        GOTOKD
  C:1026H         SYMBOL        GOTOSTROB
  C:124CH         SYMBOL        GOUT6
  C:1CE0H         SYMBOL        GOVVLIST
  C:07A8H         SYMBOL        GOZNAK
  C:1812H         SYMBOL        HNOR11
  C:17BAH         SYMBOL        HNOR12
  C:185BH         SYMBOL        HNOT1
  C:1788H         SYMBOL        HNOT2
  C:17B0H         SYMBOL        HR12
  C:17AAH         SYMBOL        HVI1113
  D:00A8H         SYMBOL        IE
  B:0088H.1       SYMBOL        IE0
  B:0088H.3       SYMBOL        IE1
  C:1784H         SYMBOL        INCT
  C:2623H         SYMBOL        IND
  C:0E41H         SYMBOL        INDA3
  C:0E13H         SYMBOL        INDOLL
  C:28D8H         SYMBOL        INIACP
BL51 BANKED LINKER/LOCATER V4.16a           02/19/2007  15:15:55  PAGE 7


  C:1B97H         SYMBOL        INNOT1_2
  C:1B88H         SYMBOL        INNOT3
  C:1B7CH         SYMBOL        INNOT6
  D:00CDH         SYMBOL        INTERVA
  C:1057H         SYMBOL        INTMUL
  C:105AH         SYMBOL        INTMUL1
  C:106FH         SYMBOL        INTMUL2
  C:1C29H         SYMBOL        INTN
  D:00B8H         SYMBOL        IP
  B:0088H.0       SYMBOL        IT0
  B:0088H.2       SYMBOL        IT1
  C:1843H         SYMBOL        IZCHI
  C:1335H         SYMBOL        IZMAN
  C:1344H         SYMBOL        IZMFUN
  C:1348H         SYMBOL        IZMPAT
  C:1357H         SYMBOL        IZMT2
  C:1362H         SYMBOL        IZMT3
  C:2F29H         SYMBOL        JFINIS
  C:27EFH         SYMBOL        KD
  C:121BH         SYMBOL        KEYB1
  C:1652H         SYMBOL        KEYB2
  C:1A7DH         SYMBOL        KFULL
  C:197AH         SYMBOL        KFULLR
  C:19E7H         SYMBOL        KGO23
  C:170EH         SYMBOL        KLBOFF
  C:1954H         SYMBOL        KLEV1
  C:1959H         SYMBOL        KLEV2
  C:197DH         SYMBOL        KLEV21
  C:1963H         SYMBOL        KLEV22
  C:198EH         SYMBOL        KLEV23
  C:195EH         SYMBOL        KLEV3
  C:08A3H         SYMBOL        KLMAS
  C:171DH         SYMBOL        KNAVP
  B:0023H.0       SYMBOL        KNIZM
  C:133FH         SYMBOL        KNIZMON
  C:1643H         SYMBOL        KNKMP
  C:172DH         SYMBOL        KNLEFT
  C:18B8H         SYMBOL        KNMEM
  C:16E0H         SYMBOL        KNMENU
  C:174EH         SYMBOL        KNNUL
  C:136AH         SYMBOL        KNOPT
  C:137FH         SYMBOL        KNRAZR
  C:12CAH         SYMBOL        KNRIGHT
  C:12EBH         SYMBOL        KNVICH
  D:00A0H         SYMBOL        KOEFKD
  D:0094H         SYMBOL        KOEFKM
  D:0090H         SYMBOL        KOEFKP
  C:0C21H         SYMBOL        KOMUL
  C:0C1BH         SYMBOL        KOMULPZ
  D:00BCH         SYMBOL        KONSTA
  C:1449H         SYMBOL        KON_B
  C:271CH         SYMBOL        KOR0US
  D:0084H         SYMBOL        KOR0_AN
  C:0B49H         SYMBOL        KORDEC1
  C:0B29H         SYMBOL        KORDEC10
  C:10EEH         SYMBOL        KORNUL
  C:1A99H         SYMBOL        KVVOD0
  C:1CD7H         SYMBOL        LABEL43
  C:1DC0H         SYMBOL        LABEL7
  C:076FH         SYMBOL        LABELA
  C:0F5DH         SYMBOL        LABELB
  C:137FH         SYMBOL        LABELC
  C:1348H         SYMBOL        LABELE
  C:13AAH         SYMBOL        LABELF
  C:1770H         SYMBOL        LABELH
BL51 BANKED LINKER/LOCATER V4.16a           02/19/2007  15:15:55  PAGE 8


  C:20EEH         SYMBOL        LABELI
  C:17F7H         SYMBOL        LABELI2
  C:18F8H         SYMBOL        LABELK
  C:157BH         SYMBOL        LABELL
  C:1486H         SYMBOL        LABELL1
  C:15DFH         SYMBOL        LABELN
  C:1CADH         SYMBOL        LABELP
  C:1C72H         SYMBOL        LABELS
  C:1F41H         SYMBOL        LABELS1
  C:2074H         SYMBOL        LABELS13
  C:2101H         SYMBOL        LABELS3
  C:20DCH         SYMBOL        LABELS4
  C:15A1H         SYMBOL        LABL2
  C:1B1DH         SYMBOL        LABM
  C:306AH         SYMBOL        LADD
  C:307BH         SYMBOL        LADDX
  C:042DH         SYMBOL        LBTOF
  C:2E68H         SYMBOL        LCMP
  C:2E7EH         SYMBOL        LDC_LONG
  C:2EA0H         SYMBOL        LDC_LTEMP
  C:2EC6H         SYMBOL        LDX_LONG
  C:2EECH         SYMBOL        LDX_LTEMP
  C:1BA8H         SYMBOL        LEFCUR
  C:1737H         SYMBOL        LEFKL
  C:1906H         SYMBOL        LEFMEM11
  C:1AC7H         SYMBOL        LEFT21
  C:1F3EH         SYMBOL        LEFT_S
  C:2055H         SYMBOL        LEFT_SK
  C:1966H         SYMBOL        LEV220
  C:1605H         SYMBOL        LEV2GO
  D:00B0H         SYMBOL        LEVEL
  C:184DH         SYMBOL        LI21
  C:1D46H         SYMBOL        LI42_43
  C:1DCAH         SYMBOL        LIST_43
  C:132EH         SYMBOL        LLDI2
  C:1322H         SYMBOL        LLDI23
  C:1329H         SYMBOL        LLDI3
  C:15CAH         SYMBOL        LLEV2
  C:2FD3H         SYMBOL        LLMUL
  C:3058H         SYMBOL        LLSUB
  C:0432H         SYMBOL        LLTOF
  C:2FD3H         SYMBOL        LMUL
  C:2DB3H         SYMBOL        LOA3_X
  C:2927H         SYMBOL        LOAB12
  D:00B7H         SYMBOL        LOAD
  C:186EH         SYMBOL        LOADB
  C:189AH         SYMBOL        LOADB2
  C:1924H         SYMBOL        LOADCLE
  C:2944H         SYMBOL        LOADKD
  C:2936H         SYMBOL        LOADR2
  C:2737H         SYMBOL        LOADT
  C:26D6H         SYMBOL        LOADUS
  C:242AH         SYMBOL        LOAHL_R2
  C:1AD2H         SYMBOL        LOBLOK
  C:191FH         SYMBOL        LOCLE
  C:2746H         SYMBOL        LOD1
  C:2755H         SYMBOL        LODT
  C:17BDH         SYMBOL        LOIZMK
  C:1E93H         SYMBOL        LOKAME1
  C:2739H         SYMBOL        LOLEVT
  C:1913H         SYMBOL        LOLIST
  C:21F9H         SYMBOL        LOME1
  C:21F1H         SYMBOL        LOMENU
  C:2692H         SYMBOL        LOOP
  C:2F2CH         SYMBOL        LOOPS
BL51 BANKED LINKER/LOCATER V4.16a           02/19/2007  15:15:55  PAGE 9


  C:2710H         SYMBOL        LOSPUS
  C:193BH         SYMBOL        LOSTAT
  C:2751H         SYMBOL        LOTEXT
  C:299AH         SYMBOL        LOTP
  C:2992H         SYMBOL        LOTPUS
  C:1334H         SYMBOL        LOU
  C:1311H         SYMBOL        LOUIZM
  C:15BDH         SYMBOL        LOUTF
  C:17B3H         SYMBOL        LOVICH
  C:192DH         SYMBOL        LOWR
  C:1932H         SYMBOL        LOWR1
  C:3058H         SYMBOL        LSUB
  N:0008H         SYMBOL        LTEMP
  C:2C55H         SYMBOL        LWR
  C:2C19H         SYMBOL        LWRX
  C:042FH         SYMBOL        LWTOF
  D:006FH         SYMBOL        MABIN
  C:2C70H         SYMBOL        MAFORM
  N:0002H         SYMBOL        MANT1
  N:0008H         SYMBOL        MANT2
  C:1450H         SYMBOL        MARK0_8
  D:00B2H         SYMBOL        MARKER
  C:2A0EH         SYMBOL        MARLE
  C:2A1BH         SYMBOL        MARRI
  C:08C2H         SYMBOL        MAS10
  C:0942H         SYMBOL        MAS20
  C:0A36H         SYMBOL        MAS4
  C:0AAAH         SYMBOL        MAS5DIV
  C:0A71H         SYMBOL        MASFULL
  X:0104H         SYMBOL        MASS1
  X:0128H         SYMBOL        MASS10
  X:012CH         SYMBOL        MASS11
  X:0130H         SYMBOL        MASS12
  X:0134H         SYMBOL        MASS13
  X:0138H         SYMBOL        MASS14
  X:013CH         SYMBOL        MASS15
  X:0140H         SYMBOL        MASS16
  X:0144H         SYMBOL        MASS17
  X:0148H         SYMBOL        MASS18
  X:014CH         SYMBOL        MASS19
  X:0108H         SYMBOL        MASS2
  X:010CH         SYMBOL        MASS3
  X:0110H         SYMBOL        MASS4
  X:0114H         SYMBOL        MASS5
  X:0118H         SYMBOL        MASS6
  X:011CH         SYMBOL        MASS7
  X:0120H         SYMBOL        MASS8
  X:0124H         SYMBOL        MASS9
  C:0AA0H         SYMBOL        MASX5
  C:2551H         SYMBOL        MAXG
  C:25BBH         SYMBOL        MAXVIX
  C:1C69H         SYMBOL        ME11_15DE
  C:1E92H         SYMBOL        ME11_15DEC
  C:1585H         SYMBOL        ME21_22
  C:1EFCH         SYMBOL        ME21_23
  C:1F18H         SYMBOL        ME21_23DEC
  C:1728H         SYMBOL        MEAVP
  C:0671H         SYMBOL        MECLE
  C:0678H         SYMBOL        MEFF
  C:076AH         SYMBOL        MEM10MS
  C:1A94H         SYMBOL        MEM12NO
  C:2376H         SYMBOL        MENG
  C:21FDH         SYMBOL        MENU12
  C:2205H         SYMBOL        MENU13
  C:220DH         SYMBOL        MENU14
BL51 BANKED LINKER/LOCATER V4.16a           02/19/2007  15:15:55  PAGE 10


  C:2215H         SYMBOL        MENU15
  C:221DH         SYMBOL        MENU21
  C:2225H         SYMBOL        MENU22
  C:222DH         SYMBOL        MENU23
  C:2235H         SYMBOL        MENU31
  C:223DH         SYMBOL        MENU41
  C:1702H         SYMBOL        MENUOFF
  C:1C9FH         SYMBOL        MENUON
  C:16DDH         SYMBOL        MERR
  C:1946H         SYMBOL        ME_14
  C:1FB9H         SYMBOL        ME_41
  C:1F8DH         SYMBOL        ME_52
  C:1FAAH         SYMBOL        ME_52V
  C:2F5FH         SYMBOL        MIDL
  C:2A4BH         SYMBOL        MIGN
  C:2A53H         SYMBOL        MIGNN
  C:2436H         SYMBOL        MIN4_HL
  C:2478H         SYMBOL        MING
  C:24E2H         SYMBOL        MINIVIX
  C:1AFDH         SYMBOL        MLABL2
  C:1CDDH         SYMBOL        MLABL2R
  C:0765H         SYMBOL        MMM
  C:0E08H         SYMBOL        MO220
  C:0D78H         SYMBOL        MO500I
  C:0D6CH         SYMBOL        MO500R
  B:00F8H.5       SYMBOL        MODF
  C:1518H         SYMBOL        MOUTF
  C:1C6CH         SYMBOL        MOUTKMEM
  C:2CDDH         SYMBOL        MOVE28
  C:2896H         SYMBOL        MOVE82
  C:0E7BH         SYMBOL        MOVEA3
  D:003AH         SYMBOL        MOVLEFT
  D:003BH         SYMBOL        MOVRIG
  B:00F8H.1       SYMBOL        MSTEN
  C:021AH         SYMBOL        MUP1
  C:0257H         SYMBOL        MUP11
  C:0297H         SYMBOL        MUP2
  C:026CH         SYMBOL        MUP3
  C:1ACDH         SYMBOL        MVV11
  C:1AE5H         SYMBOL        MVV12
  C:1208H         SYMBOL        N12DELCH
  C:11B4H         SYMBOL        N4DELCH
  C:11F6H         SYMBOL        N8DELCH
  C:151EH         SYMBOL        NBIMENU
  D:0038H         SYMBOL        NBLOK
  C:0358H         SYMBOL        NE05
  D:0037H         SYMBOL        NELEM
  C:262DH         SYMBOL        NEXIN
  C:2586H         SYMBOL        NEXTMAX
  C:23ABH         SYMBOL        NEXTMEA
  C:24ADH         SYMBOL        NEXTMIN
  C:1C6FH         SYMBOL        NMEM_MENU
  C:0B66H         SYMBOL        NMINUS
  C:0ACAH         SYMBOL        NMINUS3
  C:1174H         SYMBOL        NNDELCH
  C:1611H         SYMBOL        NNMEMB
  C:0EF9H         SYMBOL        NNNUL
  C:2F47H         SYMBOL        NO
  C:077CH         SYMBOL        NO0KEY
  C:1C10H         SYMBOL        NO10MSV
  C:1402H         SYMBOL        NO11V6
  C:1415H         SYMBOL        NO12V6
  C:1428H         SYMBOL        NO13V6
  C:2199H         SYMBOL        NO21P7
  C:14CFH         SYMBOL        NO23RI
BL51 BANKED LINKER/LOCATER V4.16a           02/19/2007  15:15:55  PAGE 11


  C:1C0DH         SYMBOL        NO2MSV
  C:0E66H         SYMBOL        NO2PARN
  C:1BC7H         SYMBOL        NO31N
  C:1500H         SYMBOL        NO31RI
  C:0E5CH         SYMBOL        NO3PARN
  C:1121H         SYMBOL        NO4DEL
  C:1140H         SYMBOL        NO5DEL
  C:114EH         SYMBOL        NO6DEL
  C:0B38H         SYMBOL        NOAVK
  C:0C5DH         SYMBOL        NOAVP
  C:0F15H         SYMBOL        NOBAVP
  C:0833H         SYMBOL        NOBEF99
  C:0245H         SYMBOL        NOBIT
  C:0F1EH         SYMBOL        NOBITIZM
  C:158EH         SYMBOL        NOBL21
  C:1598H         SYMBOL        NOBL22
  C:0F53H         SYMBOL        NOBUF
  C:10C4H         SYMBOL        NOBUF0
  C:0E3DH         SYMBOL        NOCHI0
  C:079BH         SYMBOL        NOCHIND
  C:0A8DH         SYMBOL        NOCHN10
  C:0A82H         SYMBOL        NOCHN2
  C:0A98H         SYMBOL        NOCHN20
  C:0E21H         SYMBOL        NODI2
  C:1739H         SYMBOL        NODI6
  C:0ECCH         SYMBOL        NODI8
  C:2029H         SYMBOL        NODI8K
  C:1DA3H         SYMBOL        NODI8_43
  C:0E26H         SYMBOL        NODI9
  C:1DAEH         SYMBOL        NODI9_43
  C:0EDFH         SYMBOL        NODIS9
  C:2031H         SYMBOL        NODISK9
  C:2D7FH         SYMBOL        NOENDLI
  C:15F6H         SYMBOL        NOEQU1
  C:1BC1H         SYMBOL        NOEQU2
  C:13E4H         SYMBOL        NOFIZM
  C:13BDH         SYMBOL        NOFT1
  C:10BFH         SYMBOL        NOFZ
  C:17D2H         SYMBOL        NOH37
  C:18ADH         SYMBOL        NOHNOT1
  C:18A2H         SYMBOL        NOHNOT2
  C:0F4DH         SYMBOL        NOKLB
  C:0AE0H         SYMBOL        NOKORR
  C:1794H         SYMBOL        NOLAH
  C:1E1EH         SYMBOL        NOLI_43
  C:1B9FH         SYMBOL        NOM31
  C:1C18H         SYMBOL        NOM32
  C:1C46H         SYMBOL        NOM33
  C:2116H         SYMBOL        NOMARL
  C:259EH         SYMBOL        NOMAXI
  C:1A84H         SYMBOL        NOME11
  C:1539H         SYMBOL        NOMEM11
  C:154FH         SYMBOL        NOMEM12
  C:1565H         SYMBOL        NOMEM13
  C:1A81H         SYMBOL        NOMEMK
  C:24C5H         SYMBOL        NOMINI
  C:1390H         SYMBOL        NON1C
  C:0B1DH         SYMBOL        NONULAVT
  C:1103H         SYMBOL        NONULDEL
  C:0E41H         SYMBOL        NOP3_0
  C:0837H         SYMBOL        NOPART1
  C:0857H         SYMBOL        NOPART2
  C:0877H         SYMBOL        NOPART3
  C:0897H         SYMBOL        NOPART4
  C:1478H         SYMBOL        NOPLUS
BL51 BANKED LINKER/LOCATER V4.16a           02/19/2007  15:15:55  PAGE 12


  C:212DH         SYMBOL        NOPOIN7
  C:20F9H         SYMBOL        NOPOINT
  C:148CH         SYMBOL        NOR11
  C:00F6H         SYMBOL        NORDN
  C:0107H         SYMBOL        NORDN1
  C:15D3H         SYMBOL        NORIG2
  C:1611H         SYMBOL        NORIM6
  C:14B5H         SYMBOL        NORIME
  C:14AFH         SYMBOL        NORIME1
  C:00F0H         SYMBOL        NORM1
  C:17EAH         SYMBOL        NORR11
  C:17FAH         SYMBOL        NORR12
  C:0119H         SYMBOL        NORUP
  C:011EH         SYMBOL        NORUP1
  C:0132H         SYMBOL        NORUP2
  C:0F56H         SYMBOL        NORVICH
  C:1014H         SYMBOL        NOSAV1
  C:101BH         SYMBOL        NOSAV2
  C:1022H         SYMBOL        NOSAV3
  C:2F82H         SYMBOL        NOSUB
  C:10D9H         SYMBOL        NOT1IN
  C:16CDH         SYMBOL        NOT1_7
  C:10E1H         SYMBOL        NOT2IN
  C:16D8H         SYMBOL        NOT2_7
  C:10E9H         SYMBOL        NOT3IN
  C:0F28H         SYMBOL        NOTAKT
  C:0BDDH         SYMBOL        NOTE21
  C:0BF8H         SYMBOL        NOTE22
  C:0C10H         SYMBOL        NOTESTIZM
  C:104EH         SYMBOL        NOTT1
  C:1076H         SYMBOL        NOTT2
  C:1084H         SYMBOL        NOTT3
  C:109BH         SYMBOL        NOTT4
  C:10A9H         SYMBOL        NOTT5
  C:1397H         SYMBOL        NOT_1
  C:1397H         SYMBOL        NOT_10
  C:1497H         SYMBOL        NOVIR
  C:13CEH         SYMBOL        NOVIR1
  C:2426H         SYMBOL        NOZMEA
  C:2519H         SYMBOL        NOZMIN
  C:1D95H         SYMBOL        NOZZBL
  C:0EB9H         SYMBOL        NOZZMI
  C:1D85H         SYMBOL        NOZZMI1
  C:1D8CH         SYMBOL        NOZZMI2
  C:1D93H         SYMBOL        NOZZMI3
  C:1D7CH         SYMBOL        NOZZMI43
  C:0F02H         SYMBOL        NSEC1
  C:0F0BH         SYMBOL        NSEC10
  C:0F09H         SYMBOL        NSEC11
  D:0039H         SYMBOL        NUERR
  C:1159H         SYMBOL        NULAVT
  N:0004H         SYMBOL        NUMSIZE
  C:2EB8H         SYMBOL        OBOARD
  C:2F00H         SYMBOL        OBOARD1
  C:0186H         SYMBOL        OK1
  C:01A0H         SYMBOL        OK2
  C:01C4H         SYMBOL        OK3
  C:2EDEH         SYMBOL        ONBOAR1
  C:2E92H         SYMBOL        ONBOARD
  C:18CFH         SYMBOL        ONMEM11
  C:1F1FH         SYMBOL        ONMEM12
  C:20D9H         SYMBOL        ONMEM13
  C:2A61H         SYMBOL        ONMIG
  C:1309H         SYMBOL        ONVICH
  D:00B2H         SYMBOL        OSCICN
BL51 BANKED LINKER/LOCATER V4.16a           02/19/2007  15:15:55  PAGE 13


  D:00B1H         SYMBOL        OSCXCN
  C:1DB7H         SYMBOL        OUT43
  C:1611H         SYMBOL        OUT6
  C:21C2H         SYMBOL        OUT7
  C:2A28H         SYMBOL        OUTA
  C:2A42H         SYMBOL        OUTA2
  C:13C4H         SYMBOL        OUTF
  C:1489H         SYMBOL        OUTFL
  C:18DCH         SYMBOL        OUTKMEM
  C:1462H         SYMBOL        OUTMA
  C:25A3H         SYMBOL        OUTMAX
  C:23C6H         SYMBOL        OUTMEA
  C:1EDBH         SYMBOL        OUTMENU
  C:24CAH         SYMBOL        OUTMIN
  C:0DCFH         SYMBOL        OUTR
  C:0DEBH         SYMBOL        OUTR5
  C:1F80H         SYMBOL        OUTSKO
  C:1F7DH         SYMBOL        OUTSKO1
  C:13D1H         SYMBOL        OUTVICH
  C:1290H         SYMBOL        OUTVIR
  C:22C1H         SYMBOL        OUT_KALI
  B:00D0H.2       SYMBOL        OV
  B:00D0H.0       SYMBOL        P
  D:0080H         SYMBOL        P0
  D:00A4H         SYMBOL        P0MDOUT
  D:0090H         SYMBOL        P1
  D:00BDH         SYMBOL        P1MDIN
  D:00A5H         SYMBOL        P1MDOUT
  D:00A0H         SYMBOL        P2
  D:00A6H         SYMBOL        P2MDOUT
  D:00B0H         SYMBOL        P3
  D:00ADH         SYMBOL        P3IF
  D:00A7H         SYMBOL        P3MDOUT
  D:0084H         SYMBOL        P4
  D:0085H         SYMBOL        P5
  D:0086H         SYMBOL        P6
  D:0096H         SYMBOL        P7
  D:00B5H         SYMBOL        P74OUT
  C:00DEH         SYMBOL        PACK1
  C:203EH         SYMBOL        PARERR
  D:00AFH         SYMBOL        PARN
  D:00A8H         SYMBOL        PAROL
  D:009AH         SYMBOL        PART
  D:00D8H         SYMBOL        PCA0CN
  D:00FAH         SYMBOL        PCA0CPH0
  D:00FBH         SYMBOL        PCA0CPH1
  D:00FCH         SYMBOL        PCA0CPH2
  D:00FDH         SYMBOL        PCA0CPH3
  D:00FEH         SYMBOL        PCA0CPH4
  D:00EAH         SYMBOL        PCA0CPL0
  D:00EBH         SYMBOL        PCA0CPL1
  D:00ECH         SYMBOL        PCA0CPL2
  D:00EDH         SYMBOL        PCA0CPL3
  D:00EEH         SYMBOL        PCA0CPL4
  D:00DAH         SYMBOL        PCA0CPM0
  D:00DBH         SYMBOL        PCA0CPM1
  D:00DCH         SYMBOL        PCA0CPM2
  D:00DDH         SYMBOL        PCA0CPM3
  D:00DEH         SYMBOL        PCA0CPM4
  D:00F9H         SYMBOL        PCA0H
  D:00E9H         SYMBOL        PCA0L
  D:00D9H         SYMBOL        PCA0MD
  D:0087H         SYMBOL        PCON
  C:212CH         SYMBOL        POIN3
  C:2194H         SYMBOL        POINA
BL51 BANKED LINKER/LOCATER V4.16a           02/19/2007  15:15:55  PAGE 14


  C:2111H         SYMBOL        POINA1
  C:210BH         SYMBOL        POINA2
  C:21B7H         SYMBOL        POZB
  N:000CH         SYMBOL        PROD
  B:00B8H.4       SYMBOL        PS
  D:008FH         SYMBOL        PSCTL
  D:00D0H         SYMBOL        PSW
  B:00B8H.1       SYMBOL        PT0
  B:00B8H.3       SYMBOL        PT1
  B:00B8H.5       SYMBOL        PT2
  B:00B8H.0       SYMBOL        PX0
  B:00B8H.2       SYMBOL        PX1
  C:129AH         SYMBOL        PYSKST
  C:1988H         SYMBOL        QUES
  C:0C5AH         SYMBOL        QU_AVP
  N:000AH         SYMBOL        R10
  N:000BH         SYMBOL        R11
  N:0008H         SYMBOL        R8
  N:0009H         SYMBOL        R9
  C:0AF6H         SYMBOL        RAFTERK
  B:0098H.2       SYMBOL        RB8
  D:00CBH         SYMBOL        RCAP2H
  D:00CAH         SYMBOL        RCAP2L
  D:00E5H         SYMBOL        RCAP4H
  D:00E4H         SYMBOL        RCAP4L
  B:00C8H.5       SYMBOL        RCLK
  C:19E1H         SYMBOL        RDDOUTF
  C:269BH         SYMBOL        RE1
  C:0B9EH         SYMBOL        RE11_7
  C:0454H         SYMBOL        RE4BYTE
  C:2DC5H         SYMBOL        REA3_X
  D:0077H         SYMBOL        REACP
  C:2699H         SYMBOL        READ
  C:07EEH         SYMBOL        READYACP
  C:2681H         SYMBOL        READ_X2
  C:073EH         SYMBOL        REBYTE
  C:046CH         SYMBOL        REBYTE2
  C:1153H         SYMBOL        REBYTER
  D:00D1H         SYMBOL        REF0CN
  B:0098H.4       SYMBOL        REN
  C:171AH         SYMBOL        RENDKALIB
  C:2CE9H         SYMBOL        RESAR2
  C:2CA7H         SYMBOL        RESAR8
  C:2D92H         SYMBOL        RESA_HL
  D:008CH         SYMBOL        REZAM
  D:0088H         SYMBOL        REZAP
  C:0B4EH         SYMBOL        REZMUL
  D:0062H         SYMBOL        REZ_A
  D:006AH         SYMBOL        REZ_A0
  D:0066H         SYMBOL        REZ_A1
  D:007BH         SYMBOL        REZ_A2
  D:009CH         SYMBOL        REZ_A3
  D:00A4H         SYMBOL        REZ_AK
  D:005EH         SYMBOL        REZ_AME
  D:00C5H         SYMBOL        REZ_DEL
  D:00C9H         SYMBOL        REZ_R
  C:2D99H         SYMBOL        RE_HL
  C:2DA1H         SYMBOL        RE_HL1
  C:2DA8H         SYMBOL        RE_HL2
  C:2DAFH         SYMBOL        RE_HL3
  C:1494H         SYMBOL        RFINDMEM
  C:19E4H         SYMBOL        RGO23NO
  C:1B9CH         SYMBOL        RGOTO7
  C:17C4H         SYMBOL        RHNOR11
  C:178BH         SYMBOL        RHNOT1
BL51 BANKED LINKER/LOCATER V4.16a           02/19/2007  15:15:55  PAGE 15


  B:0098H.0       SYMBOL        RI
  C:14B8H         SYMBOL        RI21_23
  C:14B2H         SYMBOL        RI6
  C:159BH         SYMBOL        RIGBLO
  C:15D9H         SYMBOL        RIGBLOK
  C:12C1H         SYMBOL        RIGHT2
  C:12C5H         SYMBOL        RIGHT3
  C:143AH         SYMBOL        RIKN
  C:1218H         SYMBOL        RIZMAN
  C:14D2H         SYMBOL        RI_31
  C:164FH         SYMBOL        RKNLEFT
  C:1640H         SYMBOL        RKNMEM
  C:164CH         SYMBOL        RKNNUL
  C:1215H         SYMBOL        RKNOPT
  C:1212H         SYMBOL        RKNRAZR
  C:191CH         SYMBOL        RKVVOD0
  C:120FH         SYMBOL        RLABELF
  C:1649H         SYMBOL        RLABELH
  C:1791H         SYMBOL        RLABELI
  C:178EH         SYMBOL        RLABELK
  C:1491H         SYMBOL        RLABELL
  C:160EH         SYMBOL        RLABELL1
  C:1515H         SYMBOL        RLABELN
  C:1E76H         SYMBOL        RLABELP
  C:1F8AH         SYMBOL        RLABELS13
  C:1F87H         SYMBOL        RLABELS4
  C:1982H         SYMBOL        RLABL2
  C:1985H         SYMBOL        RLABM
  C:1C43H         SYMBOL        RLEFCUR
  C:2A1AH         SYMBOL        RLER
  C:1CDAH         SYMBOL        RLIST_43
  C:093FH         SYMBOL        RMAS4
  C:1CAAH         SYMBOL        RME21_23
  C:0B30H         SYMBOL        RMO220
  C:151BH         SYMBOL        RNNMEMB
  C:0EDCH         SYMBOL        RNO3PARN
  C:0FFAH         SYMBOL        RNOBUF0
  C:0C82H         SYMBOL        RNOCHI0
  C:17E8H         SYMBOL        RNOH37
  C:1B1AH         SYMBOL        RNOM31
  C:18D9H         SYMBOL        RNOMEMK
  C:0EDAH         SYMBOL        RNORVICH
  C:0FAFH         SYMBOL        RNOT1IN
  C:0B46H         SYMBOL        RNOTESTIZM
  C:1E62H         SYMBOL        ROUSTA
  C:1E73H         SYMBOL        ROUSTA1
  C:120CH         SYMBOL        ROUT6
  C:1646H         SYMBOL        ROUT7
  C:17E5H         SYMBOL        ROUTF
  N:0000H         SYMBOL        RR0
  N:0001H         SYMBOL        RR1
  N:0002H         SYMBOL        RR2
  N:0003H         SYMBOL        RR3
  N:0004H         SYMBOL        RR4
  N:0005H         SYMBOL        RR5
  N:0006H         SYMBOL        RR6
  N:0007H         SYMBOL        RR7
  C:2A27H         SYMBOL        RRIR
  C:0C7FH         SYMBOL        RRMO220
  B:00D0H.3       SYMBOL        RS0
  B:00D0H.4       SYMBOL        RS1
  C:0E70H         SYMBOL        RSEEIND
  D:00EFH         SYMBOL        RSTSRC
  C:139BH         SYMBOL        RTIZMRI
  C:17C6H         SYMBOL        RVVIZKO
BL51 BANKED LINKER/LOCATER V4.16a           02/19/2007  15:15:55  PAGE 16


  C:1FB6H         SYMBOL        RVVKALI52
  B:00F8H.4       SYMBOL        RXOVRN
  D:00A9H         SYMBOL        SADDR0
  D:00F3H         SYMBOL        SADDR1
  D:00B9H         SYMBOL        SADEN0
  D:00AEH         SYMBOL        SADEN1
  D:0034H         SYMBOL        SADIAP
  D:0032H         SYMBOL        SADIAP2
  D:0031H         SYMBOL        SADIAP3
  D:0030H         SYMBOL        SADIAP4
  D:0036H         SYMBOL        SAUS
  D:003CH         SYMBOL        SAVBA
  C:2C2BH         SYMBOL        SAVEIR2
  C:04A7H         SYMBOL        SAVELTE
  D:00D3H         SYMBOL        SAVEN_BL
  D:00C0H         SYMBOL        SAVEN_BL2
  D:00C2H         SYMBOL        SAVEN_BL3
  D:00D9H         SYMBOL        SAVEN_BL4
  C:2C37H         SYMBOL        SAVER2
  C:2D5EH         SYMBOL        SAVE_HL
  C:2D65H         SYMBOL        SA_HL
  C:2D80H         SYMBOL        SA_HL1
  C:2D87H         SYMBOL        SA_HL2
  C:2D8EH         SYMBOL        SA_HL3
  D:0099H         SYMBOL        SBUF0
  D:00F2H         SYMBOL        SBUF1
  D:0098H         SYMBOL        SCON0
  D:00F1H         SYMBOL        SCON1
  C:2643H         SYMBOL        SDV
  C:2657H         SYMBOL        SDV1
  C:07CFH         SYMBOL        SDVIG0
  C:07C4H         SYMBOL        SDVIG1
  C:07B9H         SYMBOL        SDVIG2
  C:07ADH         SYMBOL        SDVIG3
  C:07DEH         SYMBOL        SDVIG4
  C:07E8H         SYMBOL        SDVIG6
  C:07E6H         SYMBOL        SDVM
  C:0EE2H         SYMBOL        SEEGOON
  C:0EF0H         SYMBOL        SEEIND
  C:1DB1H         SYMBOL        SEE_L43
  B:00C0H.3       SYMBOL        SI
  N:0007H         SYMBOL        SIGN
  C:1EC1H         SYMBOL        SKOR19
  B:00F8H.2       SYMBOL        SLVSEL
  B:0098H.7       SYMBOL        SM0
  B:0098H.6       SYMBOL        SM1
  B:0098H.5       SYMBOL        SM2
  D:00C3H         SYMBOL        SMB0ADR
  D:00C0H         SYMBOL        SMB0CN
  D:00CFH         SYMBOL        SMB0CR
  D:00C2H         SYMBOL        SMB0DAT
  D:00C1H         SYMBOL        SMB0STA
  B:00C0H.1       SYMBOL        SMBFTE
  B:00C0H.0       SYMBOL        SMBTOE
  C:1855H         SYMBOL        SOOTV
  D:0081H         SYMBOL        SP
  D:009AH         SYMBOL        SPI0CFG
  D:009DH         SYMBOL        SPI0CKR
  D:00F8H         SYMBOL        SPI0CN
  D:009BH         SYMBOL        SPI0DAT
  B:00F8H.0       SYMBOL        SPIEN
  B:00F8H.7       SYMBOL        SPIF
  C:1F62H         SYMBOL        SPWRI
  C:2779H         SYMBOL        SS1
  B:00C0H.5       SYMBOL        STA
BL51 BANKED LINKER/LOCATER V4.16a           02/19/2007  15:15:55  PAGE 17


  B:00C0H.4       SYMBOL        STO
  D:00B3H         SYMBOL        SUMMA
  C:083AH         SYMBOL        SUMT2
  D:00C8H         SYMBOL        T2CON
  C:1C07H         SYMBOL        T2MSME
  D:00C9H         SYMBOL        T4CON
  C:2919H         SYMBOL        TABB1_2
  C:29B1H         SYMBOL        TABN
  C:2731H         SYMBOL        TABT11
  C:2735H         SYMBOL        TABT7
  C:2733H         SYMBOL        TABT9
  C:271DH         SYMBOL        TABUS
  C:0F2DH         SYMBOL        TAKTIND
  B:0098H.3       SYMBOL        TB8
  B:00C8H.4       SYMBOL        TCLK
  D:0088H         SYMBOL        TCON
  C:2A7DH         SYMBOL        TE10MS
  C:29A4H         SYMBOL        TE22
  C:29ACH         SYMBOL        TE23
  C:2A73H         SYMBOL        TE2MS
  C:2AB9H         SYMBOL        TEAEQU0
  C:2AF5H         SYMBOL        TEAVK
  C:2AC3H         SYMBOL        TEBEQU0
  C:2BA9H         SYMBOL        TEBL
  C:2BB3H         SYMBOL        TEBL0
  C:2BBDH         SYMBOL        TECH
  C:2B6EH         SYMBOL        TECLE
  C:2C0DH         SYMBOL        TEEND
  C:2C03H         SYMBOL        TEERR
  C:2B95H         SYMBOL        TEFULL
  C:2B9FH         SYMBOL        TEINT
  C:2B50H         SYMBOL        TEIZMK
  C:2AFFH         SYMBOL        TEKALIB
  C:2B46H         SYMBOL        TEKD
  C:2B8AH         SYMBOL        TELIST
  C:2BDBH         SYMBOL        TEMAX
  C:2B78H         SYMBOL        TEMEM
  C:2ACDH         SYMBOL        TEMENU
  C:2BE5H         SYMBOL        TEMID
  C:2BD1H         SYMBOL        TEMIN
  C:0C2DH         SYMBOL        TEMUL
  C:281BH         SYMBOL        TENMIN
  C:2BEFH         SYMBOL        TEOLI
  C:2B64H         SYMBOL        TEOLL
  C:2BF9H         SYMBOL        TEOLR
  C:2B5AH         SYMBOL        TEOUT
  C:2B3CH         SYMBOL        TEPAR
  C:2B32H         SYMBOL        TES19_2
  C:2B28H         SYMBOL        TES57_6
  C:2AEBH         SYMBOL        TESKOR
  C:25DEH         SYMBOL        TEST01
  C:260DH         SYMBOL        TEST02
  C:25EEH         SYMBOL        TEST04
  C:25D4H         SYMBOL        TEST1
  C:2606H         SYMBOL        TEST2
  C:1F37H         SYMBOL        TEST22
  C:1F3CH         SYMBOL        TEST23
  C:25F8H         SYMBOL        TEST3
  C:25E6H         SYMBOL        TEST4
  C:2610H         SYMBOL        TEST5
  C:0F45H         SYMBOL        TEST7I
  C:0F3EH         SYMBOL        TEST9I
  C:2BC7H         SYMBOL        TESTAT
  C:25D2H         SYMBOL        TESTRS
  C:1F2BH         SYMBOL        TESTS
BL51 BANKED LINKER/LOCATER V4.16a           02/19/2007  15:15:55  PAGE 18


  C:2B0AH         SYMBOL        TETE11
  C:2B1EH         SYMBOL        TETE7
  C:2B14H         SYMBOL        TETE9
  C:2AD7H         SYMBOL        TETESI
  C:2AE1H         SYMBOL        TETESR
  C:2AAFH         SYMBOL        TEVICH
  C:2B80H         SYMBOL        TEWR
  C:2A73H         SYMBOL        TEXTT
  B:0088H.5       SYMBOL        TF0
  B:0088H.7       SYMBOL        TF1
  B:00C8H.7       SYMBOL        TF2
  D:008CH         SYMBOL        TH0
  D:008DH         SYMBOL        TH1
  D:00CDH         SYMBOL        TH2
  D:00F5H         SYMBOL        TH4
  B:0098H.1       SYMBOL        TI
  C:2667H         SYMBOL        TIM
  C:2669H         SYMBOL        TIM1
  C:266CH         SYMBOL        TIM2
  C:266EH         SYMBOL        TIM3
  C:12BAH         SYMBOL        TIZMRI
  D:008AH         SYMBOL        TL0
  D:008BH         SYMBOL        TL1
  D:00CCH         SYMBOL        TL2
  D:00F4H         SYMBOL        TL4
  C:1852H         SYMBOL        TLABELI
  D:0089H         SYMBOL        TMOD
  D:00CBH         SYMBOL        TMR2RLH
  D:00CAH         SYMBOL        TMR2RLL
  D:0091H         SYMBOL        TMR3CN
  D:0095H         SYMBOL        TMR3H
  D:0094H         SYMBOL        TMR3L
  D:0093H         SYMBOL        TMR3RLH
  D:0092H         SYMBOL        TMR3RLL
  C:1EA2H         SYMBOL        TOME13
  C:1ECFH         SYMBOL        TOME14
  C:1EE7H         SYMBOL        TOME15
  C:1E99H         SYMBOL        TOME21
  C:2066H         SYMBOL        TOSK19
  C:17CFH         SYMBOL        TOUTF
  B:0088H.4       SYMBOL        TR0
  B:0088H.6       SYMBOL        TR1
  B:00C8H.2       SYMBOL        TR2
  C:139EH         SYMBOL        TTOUT
  B:00F8H.3       SYMBOL        TXBSY
  C:009EH         SYMBOL        UNPACK1
  C:00BAH         SYMBOL        UNPACK2
  C:0138H         SYMBOL        UP1
  C:014BH         SYMBOL        UP2
  C:0161H         SYMBOL        UP2A
  C:284AH         SYMBOL        UPA
  C:285AH         SYMBOL        UPA1
  C:283AH         SYMBOL        UPA2
  C:2D36H         SYMBOL        UPAA
  C:28A5H         SYMBOL        UPAA4
  C:28B5H         SYMBOL        UPAB
  C:2844H         SYMBOL        UPAK
  C:2D10H         SYMBOL        UPAK1
  C:2834H         SYMBOL        UPAK2
  C:2854H         SYMBOL        UPAK3
  C:2D30H         SYMBOL        UPAK4
  C:289FH         SYMBOL        UPAKA
  C:28AFH         SYMBOL        UPAKB
  C:1FD5H         SYMBOL        UPAV1
  C:2098H         SYMBOL        UPAV2
BL51 BANKED LINKER/LOCATER V4.16a           02/19/2007  15:15:55  PAGE 19


  C:2D22H         SYMBOL        UPK1
  C:2D23H         SYMBOL        UPK2
  C:251DH         SYMBOL        VICHMAX
  C:2361H         SYMBOL        VICHMEAN
  C:2444H         SYMBOL        VICHMIN
  D:00B1H         SYMBOL        VICHR
  C:0F9BH         SYMBOL        VIG0
  C:0FA9H         SYMBOL        VIG4
  C:1375H         SYMBOL        VIOUT
  C:17C8H         SYMBOL        VIOUTF
  C:12E8H         SYMBOL        VIT2_10
  C:1C66H         SYMBOL        VODM11_15
  D:00D5H         SYMBOL        VOLUME
  C:1F22H         SYMBOL        VV21_23
  C:29E8H         SYMBOL        VVCHIBL
  C:29C3H         SYMBOL        VVCHIF
  C:1BC7H         SYMBOL        VVINTE
  C:181FH         SYMBOL        VVIZKO
  C:208BH         SYMBOL        VVKALI52
  C:203BH         SYMBOL        VVMENU
  C:29E3H         SYMBOL        VVNOL23
  C:29DEH         SYMBOL        VVNOL31
  C:29DCH         SYMBOL        VVNOL41
  C:1BFFH         SYMBOL        VVOD2_10
  C:1DDDH         SYMBOL        VVOD43
  C:1E79H         SYMBOL        VVODM11_15
  C:1E3AH         SYMBOL        VVOSTA
  C:1E4EH         SYMBOL        VVOSTAD
  C:13FAH         SYMBOL        VVRR6
  C:1FADH         SYMBOL        VV_52V
  B:00F8H.6       SYMBOL        WCOL
  D:00FFH         SYMBOL        WDTCN
  D:00B8H         SYMBOL        WORK
  C:2CFDH         SYMBOL        WR1
  C:2CFAH         SYMBOL        WRITE
  C:2672H         SYMBOL        WRITED_X1
  C:2671H         SYMBOL        WRITE_X1
  C:0480H         SYMBOL        WRPAGE
  C:0483H         SYMBOL        WW5
  D:00E1H         SYMBOL        XBR0
  D:00E2H         SYMBOL        XBR1
  D:00E3H         SYMBOL        XBR2
  C:2C17H         SYMBOL        XCIKLWR
  N:000CH         SYMBOL        XTEMP
  C:1760H         SYMBOL        YBNUL
  C:2F65H         SYMBOL        YES
  C:0789H         SYMBOL        YES0KEY
  C:0796H         SYMBOL        YES0KEY1
  C:0C8CH         SYMBOL        YESAVP
  C:0FFFH         SYMBOL        YESBUF
  C:0F47H         SYMBOL        YESIND
  C:0FFDH         SYMBOL        YESPRD
  C:270CH         SYMBOL        YESTEST
  C:10C2H         SYMBOL        YESTT5
  C:0CD7H         SYMBOL        YESVICH
  C:22CAH         SYMBOL        YESVI_KM
  C:2242H         SYMBOL        YESVI_KR
  C:0668H         SYMBOL        YST1
  C:0660H         SYMBOL        YST19
  C:2791H         SYMBOL        Z01S
  C:279EH         SYMBOL        Z05S
  C:2762H         SYMBOL        Z100
  C:2770H         SYMBOL        Z15
  C:2784H         SYMBOL        Z1S
  C:2641H         SYMBOL        ZAPADC
BL51 BANKED LINKER/LOCATER V4.16a           02/19/2007  15:15:55  PAGE 20


  C:2C99H         SYMBOL        ZCMP
  C:2C66H         SYMBOL        ZDIV
  C:00B3H         SYMBOL        ZER1
  C:00D4H         SYMBOL        ZER2
  C:2C5CH         SYMBOL        ZMUL
  B:0020H.2       SYMBOL        ZNMAT
  C:07A0H         SYMBOL        ZNPLUS
  C:2772H         SYMBOL        ZZ
  C:278DH         SYMBOL        Z_01S
  C:279AH         SYMBOL        Z_05S
  C:2760H         SYMBOL        Z_100
  C:276EH         SYMBOL        Z_15
  C:2777H         SYMBOL        Z_1MS
  C:2780H         SYMBOL        Z_1S
  C:2769H         SYMBOL        Z_5
  C:2CF5H         SYMBOL        Z_9
  C:0000H         LINE#         15
  C:0003H         LINE#         18
  C:000BH         LINE#         20
  C:0013H         LINE#         22
  C:001BH         LINE#         24
  C:0023H         LINE#         26
  C:002BH         LINE#         28
  C:0033H         LINE#         30
  C:003BH         LINE#         32
  C:0043H         LINE#         34
  C:004BH         LINE#         36
  C:0053H         LINE#         38
  C:005BH         LINE#         41
  C:0063H         LINE#         43
  C:006BH         LINE#         45
  C:0073H         LINE#         47
  C:0093H         LINE#         49
  C:009BH         LINE#         52
  C:05C9H         LINE#         228
  C:05CCH         LINE#         229
  C:05CFH         LINE#         230
  C:05D2H         LINE#         231
  C:05D5H         LINE#         232
  C:05D8H         LINE#         233
  C:05DBH         LINE#         235
  C:05DEH         LINE#         236
  C:05E1H         LINE#         237
  C:05E4H         LINE#         239
  C:05E7H         LINE#         240
  C:05EAH         LINE#         241
  C:05EDH         LINE#         242
  C:05F0H         LINE#         243
  C:05F3H         LINE#         244
  C:05F6H         LINE#         245
  C:05F9H         LINE#         246
  C:05FCH         LINE#         247
  C:05FFH         LINE#         248
  C:0602H         LINE#         249
  C:0605H         LINE#         251
  C:0608H         LINE#         252
  C:060BH         LINE#         253
  C:060EH         LINE#         257
  C:0610H         LINE#         258
  C:0613H         LINE#         260
  C:0616H         LINE#         261
  C:0619H         LINE#         262
  C:061CH         LINE#         264
  C:061EH         LINE#         265
  C:0620H         LINE#         267
BL51 BANKED LINKER/LOCATER V4.16a           02/19/2007  15:15:55  PAGE 21


  C:0623H         LINE#         270
  C:0626H         LINE#         271
  C:0629H         LINE#         272
  C:062CH         LINE#         273
  C:062FH         LINE#         275
  C:0632H         LINE#         276
  C:0635H         LINE#         277
  C:0638H         LINE#         278
  C:063BH         LINE#         279
  C:063EH         LINE#         281
  C:0641H         LINE#         282
  C:0644H         LINE#         283
  C:0647H         LINE#         284
  C:064AH         LINE#         285
  C:064DH         LINE#         287
  C:064FH         LINE#         288
  C:0651H         LINE#         289
  C:0654H         LINE#         290
  C:0656H         LINE#         291
  C:0659H         LINE#         292
  C:065BH         LINE#         293
  C:065EH         LINE#         294
  C:0660H         LINE#         295
  C:0663H         LINE#         296
  C:0665H         LINE#         297
  C:0668H         LINE#         299
  C:066BH         LINE#         301
  C:066EH         LINE#         303
  C:066FH         LINE#         304
  C:0671H         LINE#         305
  C:0672H         LINE#         306
  C:0673H         LINE#         307
  C:0676H         LINE#         308
  C:0678H         LINE#         309
  C:0679H         LINE#         310
  C:067AH         LINE#         311
  C:067BH         LINE#         312
  C:067EH         LINE#         313
  C:0681H         LINE#         315
  C:0684H         LINE#         316
  C:0685H         LINE#         317
  C:0686H         LINE#         318
  C:0687H         LINE#         319
  C:0689H         LINE#         320
  C:068CH         LINE#         322
  C:068EH         LINE#         323
  C:0690H         LINE#         324
  C:0691H         LINE#         325
  C:0693H         LINE#         327
  C:0695H         LINE#         328
  C:0697H         LINE#         329
  C:0698H         LINE#         330
  C:069AH         LINE#         332
  C:069CH         LINE#         333
  C:069EH         LINE#         337
  C:06A0H         LINE#         338
  C:06A2H         LINE#         339
  C:06A4H         LINE#         340
  C:06A6H         LINE#         341
  C:06A8H         LINE#         342
  C:06AAH         LINE#         343
  C:06ADH         LINE#         344
  C:06AFH         LINE#         345
  C:06B1H         LINE#         346
  C:06B3H         LINE#         347
BL51 BANKED LINKER/LOCATER V4.16a           02/19/2007  15:15:55  PAGE 22


  C:06B5H         LINE#         348
  C:06B7H         LINE#         350
  C:06B9H         LINE#         351
  C:06BBH         LINE#         353
  C:06BEH         LINE#         354
  C:06C1H         LINE#         355
  C:06C3H         LINE#         356
  C:06C6H         LINE#         357
  C:06C8H         LINE#         358
  C:06CBH         LINE#         359
  C:06CDH         LINE#         360
  C:06D0H         LINE#         361
  C:06D2H         LINE#         362
  C:06D5H         LINE#         363
  C:06D8H         LINE#         364
  C:06DAH         LINE#         365
  C:06DCH         LINE#         366
  C:06DDH         LINE#         367
  C:06DEH         LINE#         368
  C:06E0H         LINE#         369
  C:06E1H         LINE#         371
  C:06E4H         LINE#         372
  C:06E6H         LINE#         373
  C:06E8H         LINE#         374
  C:06E9H         LINE#         375
  C:06EAH         LINE#         376
  C:06ECH         LINE#         377
  C:06EDH         LINE#         378
  C:06F0H         LINE#         379
  C:06F2H         LINE#         380
  C:06F4H         LINE#         381
  C:06F5H         LINE#         382
  C:06F6H         LINE#         383
  C:06F8H         LINE#         384
  C:06F9H         LINE#         385
  C:06FCH         LINE#         386
  C:06FEH         LINE#         387
  C:0700H         LINE#         388
  C:0701H         LINE#         389
  C:0702H         LINE#         390
  C:0704H         LINE#         391
  C:0705H         LINE#         392
  C:0708H         LINE#         393
  C:070BH         LINE#         394
  C:070DH         LINE#         395
  C:070FH         LINE#         396
  C:0710H         LINE#         397
  C:0712H         LINE#         398
  C:0714H         LINE#         400
  C:0716H         LINE#         401
  C:0717H         LINE#         402
  C:071AH         LINE#         403
  C:071DH         LINE#         404
  C:0720H         LINE#         407
  C:0722H         LINE#         408
  C:0724H         LINE#         409
  C:0725H         LINE#         410
  C:0728H         LINE#         411
  C:072BH         LINE#         412
  C:072EH         LINE#         415
  C:0731H         LINE#         416
  C:0734H         LINE#         418
  C:0736H         LINE#         419
  C:0738H         LINE#         420
  C:073BH         LINE#         421
BL51 BANKED LINKER/LOCATER V4.16a           02/19/2007  15:15:55  PAGE 23


  C:073EH         LINE#         423
  C:0740H         LINE#         424
  C:0743H         LINE#         425
  C:0746H         LINE#         435
  C:0748H         LINE#         436
  C:074BH         LINE#         438
  C:074EH         LINE#         439
  C:0750H         LINE#         440
  C:0753H         LINE#         441
  C:0755H         LINE#         442
  C:0758H         LINE#         443
  C:075AH         LINE#         445
  C:075CH         LINE#         446
  C:075DH         LINE#         447
  C:0760H         LINE#         448
  C:0762H         LINE#         449
  C:0764H         LINE#         450
  C:0765H         LINE#         452
  C:0766H         LINE#         453
  C:0768H         LINE#         454
  C:076AH         LINE#         456
  C:076DH         LINE#         457
  C:076FH         LINE#         461
  C:0771H         LINE#         462
  C:0773H         LINE#         463
  C:0775H         LINE#         464
  C:0777H         LINE#         465
  C:077AH         LINE#         466
  C:077CH         LINE#         470
  C:077DH         LINE#         471
  C:077FH         LINE#         472
  C:0781H         LINE#         473
  C:0783H         LINE#         474
  C:0785H         LINE#         475
  C:0787H         LINE#         476
  C:0789H         LINE#         479
  C:078CH         LINE#         481
  C:078EH         LINE#         482
  C:0790H         LINE#         483
  C:0793H         LINE#         484
  C:0796H         LINE#         485
  C:0799H         LINE#         488
  C:079BH         LINE#         490
  C:079CH         LINE#         491
  C:079EH         LINE#         492
  C:07A0H         LINE#         494
  C:07A2H         LINE#         495
  C:07A4H         LINE#         496
  C:07A5H         LINE#         497
  C:07A6H         LINE#         498
  C:07A8H         LINE#         502
  C:07AAH         LINE#         503
  C:07ABH         LINE#         504
  C:07ADH         LINE#         505
  C:07AEH         LINE#         506
  C:07AFH         LINE#         507
  C:07B1H         LINE#         508
  C:07B2H         LINE#         509
  C:07B3H         LINE#         510
  C:07B4H         LINE#         511
  C:07B6H         LINE#         512
  C:07B7H         LINE#         513
  C:07B9H         LINE#         514
  C:07BAH         LINE#         515
  C:07BBH         LINE#         516
BL51 BANKED LINKER/LOCATER V4.16a           02/19/2007  15:15:55  PAGE 24


  C:07BDH         LINE#         517
  C:07BEH         LINE#         518
  C:07C0H         LINE#         519
  C:07C2H         LINE#         521
  C:07C4H         LINE#         522
  C:07C5H         LINE#         523
  C:07C6H         LINE#         524
  C:07C8H         LINE#         525
  C:07C9H         LINE#         526
  C:07CBH         LINE#         527
  C:07CDH         LINE#         529
  C:07CFH         LINE#         530
  C:07D0H         LINE#         531
  C:07D1H         LINE#         532
  C:07D3H         LINE#         533
  C:07D4H         LINE#         534
  C:07D6H         LINE#         535
  C:07D8H         LINE#         537
  C:07DBH         LINE#         538
  C:07DCH         LINE#         539
  C:07DEH         LINE#         540
  C:07DFH         LINE#         541
  C:07E0H         LINE#         542
  C:07E2H         LINE#         543
  C:07E4H         LINE#         544
  C:07E6H         LINE#         546
  C:07E8H         LINE#         547
  C:07E9H         LINE#         548
  C:07EAH         LINE#         549
  C:07ECH         LINE#         550
  C:07EEH         LINE#         555
  C:07F0H         LINE#         556
  C:07F1H         LINE#         557
  C:07F4H         LINE#         558
  C:07F6H         LINE#         561
  C:07F8H         LINE#         562
  C:07FAH         LINE#         563
  C:07FDH         LINE#         565
  C:07FFH         LINE#         566
  C:0802H         LINE#         567
  C:0804H         LINE#         568
  C:0807H         LINE#         569
  C:0809H         LINE#         570
  C:080CH         LINE#         571
  C:080EH         LINE#         572
  C:0810H         LINE#         573
  C:0812H         LINE#         574
  C:0815H         LINE#         576
  C:0818H         LINE#         577
  C:081BH         LINE#         578
  C:081EH         LINE#         579
  C:0820H         LINE#         580
  C:0823H         LINE#         581
  C:0825H         LINE#         582
  C:0828H         LINE#         584
  C:082AH         LINE#         585
  C:082DH         LINE#         587
  C:082FH         LINE#         588
  C:0831H         LINE#         589
  C:0833H         LINE#         590
  C:0834H         LINE#         591
  C:0837H         LINE#         597
  C:083AH         LINE#         600
  C:083CH         LINE#         601
  C:083FH         LINE#         602
BL51 BANKED LINKER/LOCATER V4.16a           02/19/2007  15:15:55  PAGE 25


  C:0841H         LINE#         603
  C:0844H         LINE#         604
  C:0846H         LINE#         605
  C:0849H         LINE#         606
  C:084BH         LINE#         607
  C:084DH         LINE#         608
  C:084FH         LINE#         609
  C:0852H         LINE#         611
  C:0855H         LINE#         612
  C:0857H         LINE#         616
  C:085AH         LINE#         618
  C:085CH         LINE#         619
  C:085FH         LINE#         620
  C:0861H         LINE#         621
  C:0864H         LINE#         622
  C:0866H         LINE#         623
  C:0869H         LINE#         624
  C:086BH         LINE#         625
  C:086DH         LINE#         626
  C:086FH         LINE#         627
  C:0872H         LINE#         629
  C:0875H         LINE#         630
  C:0877H         LINE#         632
  C:087AH         LINE#         634
  C:087CH         LINE#         635
  C:087FH         LINE#         636
  C:0881H         LINE#         637
  C:0884H         LINE#         638
  C:0886H         LINE#         639
  C:0889H         LINE#         640
  C:088BH         LINE#         641
  C:088DH         LINE#         642
  C:088FH         LINE#         643
  C:0892H         LINE#         645
  C:0895H         LINE#         646
  C:0897H         LINE#         649
  C:0899H         LINE#         650
  C:089BH         LINE#         651
  C:089EH         LINE#         652
  C:08A0H         LINE#         653
  C:08A3H         LINE#         657
  C:08A5H         LINE#         658
  C:08A8H         LINE#         659
  C:08ABH         LINE#         660
  C:08AEH         LINE#         662
  C:08B0H         LINE#         663
  C:08B3H         LINE#         664
  C:08B6H         LINE#         665
  C:08B9H         LINE#         667
  C:08BCH         LINE#         668
  C:08BFH         LINE#         669
  C:08C2H         LINE#         671
  C:08C5H         LINE#         672
  C:08C8H         LINE#         673
  C:08CBH         LINE#         674
  C:08CEH         LINE#         675
  C:08D1H         LINE#         676
  C:08D4H         LINE#         677
  C:08D7H         LINE#         678
  C:08DAH         LINE#         680
  C:08DDH         LINE#         681
  C:08E0H         LINE#         683
  C:08E3H         LINE#         684
  C:08E6H         LINE#         686
  C:08E9H         LINE#         687
BL51 BANKED LINKER/LOCATER V4.16a           02/19/2007  15:15:55  PAGE 26


  C:08ECH         LINE#         689
  C:08EFH         LINE#         690
  C:08F2H         LINE#         692
  C:08F5H         LINE#         693
  C:08F8H         LINE#         695
  C:08FBH         LINE#         698
  C:08FDH         LINE#         699
  C:0900H         LINE#         701
  C:0903H         LINE#         702
  C:0906H         LINE#         704
  C:0909H         LINE#         705
  C:090CH         LINE#         706
  C:090FH         LINE#         707
  C:0912H         LINE#         708
  C:0915H         LINE#         709
  C:0918H         LINE#         710
  C:091BH         LINE#         711
  C:091EH         LINE#         712
  C:0921H         LINE#         713
  C:0924H         LINE#         714
  C:0927H         LINE#         715
  C:092AH         LINE#         716
  C:092DH         LINE#         717
  C:0930H         LINE#         718
  C:0933H         LINE#         719
  C:0936H         LINE#         720
  C:0939H         LINE#         721
  C:093CH         LINE#         722
  C:093FH         LINE#         724
  C:0942H         LINE#         726
  C:0945H         LINE#         727
  C:0948H         LINE#         728
  C:094BH         LINE#         729
  C:094EH         LINE#         730
  C:0951H         LINE#         731
  C:0954H         LINE#         732
  C:0957H         LINE#         733
  C:095AH         LINE#         735
  C:095DH         LINE#         736
  C:0960H         LINE#         738
  C:0963H         LINE#         739
  C:0966H         LINE#         741
  C:0969H         LINE#         742
  C:096CH         LINE#         744
  C:096FH         LINE#         745
  C:0972H         LINE#         747
  C:0975H         LINE#         748
  C:0978H         LINE#         750
  C:097BH         LINE#         751
  C:097EH         LINE#         752
  C:0981H         LINE#         754
  C:0984H         LINE#         755
  C:0987H         LINE#         756
  C:098AH         LINE#         757
  C:098DH         LINE#         758
  C:0990H         LINE#         759
  C:0993H         LINE#         760
  C:0996H         LINE#         762
  C:0999H         LINE#         763
  C:099CH         LINE#         765
  C:099FH         LINE#         766
  C:09A2H         LINE#         768
  C:09A5H         LINE#         769
  C:09A8H         LINE#         771
  C:09ABH         LINE#         772
BL51 BANKED LINKER/LOCATER V4.16a           02/19/2007  15:15:55  PAGE 27


  C:09AEH         LINE#         774
  C:09B1H         LINE#         775
  C:09B4H         LINE#         777
  C:09B7H         LINE#         780
  C:09B9H         LINE#         781
  C:09BCH         LINE#         783
  C:09BFH         LINE#         784
  C:09C2H         LINE#         786
  C:09C5H         LINE#         787
  C:09C8H         LINE#         788
  C:09CBH         LINE#         789
  C:09CEH         LINE#         790
  C:09D1H         LINE#         791
  C:09D4H         LINE#         792
  C:09D7H         LINE#         793
  C:09DAH         LINE#         794
  C:09DDH         LINE#         795
  C:09E0H         LINE#         796
  C:09E3H         LINE#         797
  C:09E6H         LINE#         798
  C:09E9H         LINE#         799
  C:09ECH         LINE#         800
  C:09EFH         LINE#         801
  C:09F2H         LINE#         802
  C:09F5H         LINE#         803
  C:09F8H         LINE#         805
  C:09FBH         LINE#         806
  C:09FEH         LINE#         807
  C:0A01H         LINE#         808
  C:0A04H         LINE#         809
  C:0A07H         LINE#         810
  C:0A0AH         LINE#         811
  C:0A0DH         LINE#         812
  C:0A10H         LINE#         813
  C:0A13H         LINE#         814
  C:0A16H         LINE#         815
  C:0A19H         LINE#         816
  C:0A1CH         LINE#         817
  C:0A1FH         LINE#         818
  C:0A22H         LINE#         819
  C:0A25H         LINE#         820
  C:0A28H         LINE#         821
  C:0A2BH         LINE#         822
  C:0A2EH         LINE#         823
  C:0A31H         LINE#         824
  C:0A34H         LINE#         825
  C:0A36H         LINE#         828
  C:0A39H         LINE#         829
  C:0A3CH         LINE#         830
  C:0A3FH         LINE#         831
  C:0A42H         LINE#         832
  C:0A45H         LINE#         833
  C:0A48H         LINE#         836
  C:0A4AH         LINE#         837
  C:0A4DH         LINE#         839
  C:0A50H         LINE#         840
  C:0A53H         LINE#         842
  C:0A56H         LINE#         843
  C:0A59H         LINE#         844
  C:0A5CH         LINE#         845
  C:0A5FH         LINE#         846
  C:0A62H         LINE#         847
  C:0A65H         LINE#         851
  C:0A67H         LINE#         852
  C:0A68H         LINE#         853
BL51 BANKED LINKER/LOCATER V4.16a           02/19/2007  15:15:55  PAGE 28


  C:0A69H         LINE#         854
  C:0A6CH         LINE#         856
  C:0A6FH         LINE#         857
  C:0A71H         LINE#         858
  C:0A74H         LINE#         859
  C:0A76H         LINE#         860
  C:0A77H         LINE#         862
  C:0A7AH         LINE#         863
  C:0A7DH         LINE#         864
  C:0A80H         LINE#         865
  C:0A82H         LINE#         867
  C:0A85H         LINE#         868
  C:0A88H         LINE#         869
  C:0A8BH         LINE#         870
  C:0A8DH         LINE#         872
  C:0A90H         LINE#         873
  C:0A93H         LINE#         874
  C:0A96H         LINE#         875
  C:0A98H         LINE#         877
  C:0A9BH         LINE#         878
  C:0A9EH         LINE#         879
  C:0AA0H         LINE#         881
  C:0AA3H         LINE#         882
  C:0AA4H         LINE#         883
  C:0AA6H         LINE#         884
  C:0AA8H         LINE#         885
  C:0AAAH         LINE#         888
  C:0AADH         LINE#         895
  C:0AAFH         LINE#         896
  C:0AB2H         LINE#         900
  C:0AB3H         LINE#         901
  C:0AB5H         LINE#         902
  C:0AB7H         LINE#         903
  C:0AB8H         LINE#         904
  C:0ABAH         LINE#         906
  C:0ABDH         LINE#         907
  C:0ABFH         LINE#         908
  C:0AC2H         LINE#         910
  C:0AC4H         LINE#         911
  C:0AC5H         LINE#         912
  C:0AC8H         LINE#         913
  C:0ACAH         LINE#         914
  C:0ACDH         LINE#         915
  C:0AD0H         LINE#         916
  C:0AD2H         LINE#         917
  C:0AD5H         LINE#         918
  C:0AD7H         LINE#         921
  C:0AD9H         LINE#         922
  C:0ADAH         LINE#         923
  C:0ADDH         LINE#         925
  C:0AE0H         LINE#         929
  C:0AE2H         LINE#         930
  C:0AE3H         LINE#         931
  C:0AE6H         LINE#         932
  C:0AE9H         LINE#         933
  C:0AECH         LINE#         934
  C:0AEEH         LINE#         935
  C:0AF1H         LINE#         936
  C:0AF3H         LINE#         938
  C:0AF6H         LINE#         940
  C:0AF8H         LINE#         942
  C:0AF9H         LINE#         943
  C:0AFBH         LINE#         944
  C:0AFDH         LINE#         945
  C:0AFEH         LINE#         946
BL51 BANKED LINKER/LOCATER V4.16a           02/19/2007  15:15:55  PAGE 29


  C:0B00H         LINE#         957
  C:0B02H         LINE#         958
  C:0B05H         LINE#         960
  C:0B08H         LINE#         961
  C:0B0AH         LINE#         962
  C:0B0DH         LINE#         963
  C:0B0FH         LINE#         964
  C:0B12H         LINE#         965
  C:0B15H         LINE#         966
  C:0B17H         LINE#         967
  C:0B1AH         LINE#         968
  C:0B1DH         LINE#         970
  C:0B1FH         LINE#         971
  C:0B20H         LINE#         972
  C:0B22H         LINE#         973
  C:0B24H         LINE#         974
  C:0B26H         LINE#         975
  C:0B29H         LINE#         976
  C:0B2BH         LINE#         977
  C:0B2EH         LINE#         978
  C:0B30H         LINE#         980
  C:0B33H         LINE#         982
  C:0B35H         LINE#         983
  C:0B38H         LINE#         985
  C:0B3AH         LINE#         986
  C:0B3BH         LINE#         987
  C:0B3DH         LINE#         988
  C:0B3FH         LINE#         990
  C:0B41H         LINE#         991
  C:0B44H         LINE#         992
  C:0B46H         LINE#         994
  C:0B49H         LINE#         995
  C:0B4BH         LINE#         996
  C:0B4EH         LINE#         1002
  C:0B50H         LINE#         1003
  C:0B53H         LINE#         1004
  C:0B56H         LINE#         1005
  C:0B58H         LINE#         1006
  C:0B5BH         LINE#         1007
  C:0B5EH         LINE#         1008
  C:0B60H         LINE#         1009
  C:0B61H         LINE#         1010
  C:0B64H         LINE#         1013
  C:0B66H         LINE#         1014
  C:0B69H         LINE#         1015
  C:0B6CH         LINE#         1016
  C:0B6EH         LINE#         1017
  C:0B71H         LINE#         1021
  C:0B72H         LINE#         1022
  C:0B74H         LINE#         1023
  C:0B75H         LINE#         1024
  C:0B78H         LINE#         1025
  C:0B7BH         LINE#         1026
  C:0B7EH         LINE#         1027
  C:0B80H         LINE#         1029
  C:0B83H         LINE#         1030
  C:0B85H         LINE#         1031
  C:0B88H         LINE#         1032
  C:0B8AH         LINE#         1033
  C:0B8CH         LINE#         1034
  C:0B8FH         LINE#         1035
  C:0B92H         LINE#         1036
  C:0B94H         LINE#         1037
  C:0B96H         LINE#         1038
  C:0B98H         LINE#         1039
BL51 BANKED LINKER/LOCATER V4.16a           02/19/2007  15:15:55  PAGE 30


  C:0B9AH         LINE#         1040
  C:0B9CH         LINE#         1041
  C:0B9EH         LINE#         1042
  C:0BA1H         LINE#         1043
  C:0BA4H         LINE#         1044
  C:0BA7H         LINE#         1045
  C:0BA9H         LINE#         1046
  C:0BABH         LINE#         1047
  C:0BADH         LINE#         1048
  C:0BAFH         LINE#         1049
  C:0BB2H         LINE#         1054
  C:0BB4H         LINE#         1055
  C:0BB6H         LINE#         1056
  C:0BB8H         LINE#         1057
  C:0BBAH         LINE#         1058
  C:0BBCH         LINE#         1059
  C:0BBEH         LINE#         1060
  C:0BC1H         LINE#         1061
  C:0BC4H         LINE#         1062
  C:0BC7H         LINE#         1063
  C:0BC9H         LINE#         1064
  C:0BCBH         LINE#         1065
  C:0BCDH         LINE#         1066
  C:0BCFH         LINE#         1067
  C:0BD2H         LINE#         1068
  C:0BD5H         LINE#         1069
  C:0BD8H         LINE#         1070
  C:0BDBH         LINE#         1072
  C:0BDDH         LINE#         1073
  C:0BE0H         LINE#         1074
  C:0BE2H         LINE#         1075
  C:0BE4H         LINE#         1076
  C:0BE7H         LINE#         1077
  C:0BEAH         LINE#         1078
  C:0BECH         LINE#         1079
  C:0BEEH         LINE#         1080
  C:0BF0H         LINE#         1081
  C:0BF2H         LINE#         1082
  C:0BF4H         LINE#         1083
  C:0BF6H         LINE#         1084
  C:0BF8H         LINE#         1085
  C:0BFAH         LINE#         1086
  C:0BFCH         LINE#         1087
  C:0BFFH         LINE#         1088
  C:0C02H         LINE#         1089
  C:0C04H         LINE#         1090
  C:0C06H         LINE#         1091
  C:0C08H         LINE#         1092
  C:0C0AH         LINE#         1093
  C:0C0CH         LINE#         1094
  C:0C0EH         LINE#         1095
  C:0C10H         LINE#         1098
  C:0C13H         LINE#         1099
  C:0C16H         LINE#         1100
  C:0C19H         LINE#         1101
  C:0C1BH         LINE#         1102
  C:0C1EH         LINE#         1103
  C:0C21H         LINE#         1105
  C:0C24H         LINE#         1106
  C:0C27H         LINE#         1107
  C:0C2AH         LINE#         1108
  C:0C2DH         LINE#         1109
  C:0C30H         LINE#         1110
  C:0C32H         LINE#         1111
  C:0C35H         LINE#         1113
BL51 BANKED LINKER/LOCATER V4.16a           02/19/2007  15:15:55  PAGE 31


  C:0C38H         LINE#         1115
  C:0C3BH         LINE#         1116
  C:0C3DH         LINE#         1117
  C:0C40H         LINE#         1118
  C:0C43H         LINE#         1119
  C:0C44H         LINE#         1120
  C:0C46H         LINE#         1121
  C:0C47H         LINE#         1122
  C:0C4AH         LINE#         1123
  C:0C4DH         LINE#         1124
  C:0C50H         LINE#         1125
  C:0C52H         LINE#         1128
  C:0C55H         LINE#         1129
  C:0C58H         LINE#         1130
  C:0C5AH         LINE#         1131
  C:0C5DH         LINE#         1134
  C:0C5FH         LINE#         1135
  C:0C62H         LINE#         1136
  C:0C64H         LINE#         1137
  C:0C67H         LINE#         1139
  C:0C69H         LINE#         1140
  C:0C6CH         LINE#         1141
  C:0C6FH         LINE#         1142
  C:0C71H         LINE#         1143
  C:0C74H         LINE#         1145
  C:0C77H         LINE#         1147
  C:0C79H         LINE#         1148
  C:0C7CH         LINE#         1149
  C:0C7FH         LINE#         1151
  C:0C82H         LINE#         1152
  C:0C85H         LINE#         1153
  C:0C87H         LINE#         1154
  C:0C8AH         LINE#         1155
  C:0C8CH         LINE#         1157
  C:0C8DH         LINE#         1158
  C:0C8FH         LINE#         1159
  C:0C90H         LINE#         1160
  C:0C93H         LINE#         1161
  C:0C96H         LINE#         1162
  C:0C99H         LINE#         1163
  C:0C9BH         LINE#         1164
  C:0C9DH         LINE#         1165
  C:0CA0H         LINE#         1166
  C:0CA2H         LINE#         1168
  C:0CA3H         LINE#         1169
  C:0CA6H         LINE#         1170
  C:0CA7H         LINE#         1172
  C:0CAAH         LINE#         1174
  C:0CADH         LINE#         1175
  C:0CAFH         LINE#         1176
  C:0CB2H         LINE#         1177
  C:0CB4H         LINE#         1178
  C:0CB7H         LINE#         1179
  C:0CB9H         LINE#         1180
  C:0CBBH         LINE#         1181
  C:0CBDH         LINE#         1183
  C:0CBFH         LINE#         1184
  C:0CC1H         LINE#         1185
  C:0CC3H         LINE#         1186
  C:0CC5H         LINE#         1187
  C:0CC7H         LINE#         1188
  C:0CC9H         LINE#         1189
  C:0CCCH         LINE#         1190
  C:0CCFH         LINE#         1191
  C:0CD2H         LINE#         1192
BL51 BANKED LINKER/LOCATER V4.16a           02/19/2007  15:15:55  PAGE 32


  C:0CD5H         LINE#         1193
  C:0CD7H         LINE#         1200
  C:0CD9H         LINE#         1201
  C:0CDCH         LINE#         1203
  C:0CDFH         LINE#         1204
  C:0CE0H         LINE#         1205
  C:0CE2H         LINE#         1206
  C:0CE3H         LINE#         1209
  C:0CE6H         LINE#         1210
  C:0CE9H         LINE#         1211
  C:0CECH         LINE#         1212
  C:0CEEH         LINE#         1213
  C:0CF1H         LINE#         1214
  C:0CF4H         LINE#         1215
  C:0CF7H         LINE#         1216
  C:0CF9H         LINE#         1218
  C:0CFCH         LINE#         1219
  C:0CFEH         LINE#         1220
  C:0D00H         LINE#         1221
  C:0D02H         LINE#         1222
  C:0D04H         LINE#         1223
  C:0D06H         LINE#         1224
  C:0D09H         LINE#         1225
  C:0D0CH         LINE#         1226
  C:0D0FH         LINE#         1227
  C:0D12H         LINE#         1228
  C:0D14H         LINE#         1229
  C:0D17H         LINE#         1230
  C:0D1AH         LINE#         1231
  C:0D1DH         LINE#         1232
  C:0D1FH         LINE#         1233
  C:0D21H         LINE#         1234
  C:0D23H         LINE#         1235
  C:0D25H         LINE#         1236
  C:0D28H         LINE#         1237
  C:0D2AH         LINE#         1238
  C:0D2DH         LINE#         1239
  C:0D30H         LINE#         1241
  C:0D32H         LINE#         1242
  C:0D35H         LINE#         1244
  C:0D37H         LINE#         1246
  C:0D39H         LINE#         1247
  C:0D3AH         LINE#         1248
  C:0D3DH         LINE#         1250
  C:0D3FH         LINE#         1251
  C:0D42H         LINE#         1253
  C:0D45H         LINE#         1254
  C:0D48H         LINE#         1255
  C:0D4BH         LINE#         1257
  C:0D4DH         LINE#         1258
  C:0D4FH         LINE#         1259
  C:0D51H         LINE#         1260
  C:0D53H         LINE#         1261
[...]
  C:21B6H         LINE#         4283
  C:21B7H         LINE#         4287
  C:21B9H         LINE#         4288
  C:21BBH         LINE#         4289
  C:21BDH         LINE#         4290
  C:21BFH         LINE#         4291
  C:21C2H         LINE#         4295
  C:21C4H         LINE#         4296
  C:21C6H         LINE#         4297
  C:21C8H         LINE#         4298
  C:21CAH         LINE#         4299
  C:21CCH         LINE#         4300
  C:21CEH         LINE#         4301
  C:21D0H         LINE#         4302
  C:21D2H         LINE#         4303
  C:21D4H         LINE#         4304
  C:21D6H         LINE#         4305
  C:21D8H         LINE#         4306
  C:21DAH         LINE#         4307
  C:21DDH         LINE#         4308
  C:21E0H         LINE#         4310
  C:21E2H         LINE#         4311
  C:21E4H         LINE#         4312
  C:21E6H         LINE#         4313
  C:21E8H         LINE#         4314
  C:21E9H         LINE#         4315
  C:21EAH         LINE#         4317
  C:21ECH         LINE#         4318
  C:21EEH         LINE#         4319
  C:21F0H         LINE#         4320
  C:21F1H         LINE#         4326
  C:21F3H         LINE#         4327
  C:21F6H         LINE#         4328
  C:21F9H         LINE#         4329
  C:21FCH         LINE#         4330
  C:21FDH         LINE#         4331
  C:2200H         LINE#         4332
  C:2203H         LINE#         4333
  C:2205H         LINE#         4334
  C:2208H         LINE#         4335
  C:220BH         LINE#         4336
  C:220DH         LINE#         4337
  C:2210H         LINE#         4338
  C:2213H         LINE#         4339
  C:2215H         LINE#         4340
  C:2218H         LINE#         4341
  C:221BH         LINE#         4342
  C:221DH         LINE#         4344
  C:2220H         LINE#         4345
  C:2223H         LINE#         4346
BL51 BANKED LINKER/LOCATER V4.16a           02/19/2007  15:15:55  PAGE 69


  C:2225H         LINE#         4347
  C:2228H         LINE#         4348
  C:222BH         LINE#         4349
  C:222DH         LINE#         4350
  C:2230H         LINE#         4351
  C:2233H         LINE#         4352
  C:2235H         LINE#         4353
  C:2238H         LINE#         4354
  C:223BH         LINE#         4355
  C:223DH         LINE#         4358
  C:2240H         LINE#         4359
  C:2242H         LINE#         4361
  C:2245H         LINE#         4363
  C:2248H         LINE#         4364
  C:224AH         LINE#         4365
  C:224DH         LINE#         4367
  C:2250H         LINE#         4368
  C:2251H         LINE#         4369
  C:2253H         LINE#         4370
  C:2254H         LINE#         4371
  C:2257H         LINE#         4372
  C:2259H         LINE#         4373
  C:225CH         LINE#         4374
  C:225FH         LINE#         4376
  C:2262H         LINE#         4377
  C:2265H         LINE#         4378
  C:2268H         LINE#         4379
  C:226BH         LINE#         4381
  C:226DH         LINE#         4382
  C:2270H         LINE#         4385
  C:2272H         LINE#         4386
  C:2274H         LINE#         4387
  C:2276H         LINE#         4388
  C:2279H         LINE#         4390
  C:227CH         LINE#         4391
  C:227EH         LINE#         4392
  C:2281H         LINE#         4393
  C:2282H         LINE#         4394
  C:2283H         LINE#         4395
  C:2284H         LINE#         4396
  C:2285H         LINE#         4397
  C:2286H         LINE#         4398
  C:2287H         LINE#         4399
  C:2288H         LINE#         4400
  C:2289H         LINE#         4401
  C:228AH         LINE#         4402
  C:228BH         LINE#         4403
  C:228CH         LINE#         4407
  C:228FH         LINE#         4408
  C:2291H         LINE#         4409
  C:2294H         LINE#         4411
  C:2296H         LINE#         4412
  C:2298H         LINE#         4413
  C:229BH         LINE#         4414
  C:229EH         LINE#         4416
  C:22A0H         LINE#         4417
  C:22A3H         LINE#         4419
  C:22A5H         LINE#         4421
  C:22A8H         LINE#         4422
  C:22A9H         LINE#         4423
  C:22AAH         LINE#         4424
  C:22ACH         LINE#         4425
  C:22ADH         LINE#         4426
  C:22AEH         LINE#         4427
  C:22AFH         LINE#         4428
BL51 BANKED LINKER/LOCATER V4.16a           02/19/2007  15:15:55  PAGE 70


  C:22B1H         LINE#         4429
  C:22B4H         LINE#         4433
  C:22B6H         LINE#         4434
  C:22B8H         LINE#         4435
  C:22BBH         LINE#         4436
  C:22BEH         LINE#         4437
  C:22C1H         LINE#         4438
  C:22C4H         LINE#         4439
  C:22C7H         LINE#         4440
  C:22CAH         LINE#         4442
  C:22CCH         LINE#         4443
  C:22CEH         LINE#         4444
  C:22D1H         LINE#         4445
  C:22D4H         LINE#         4446
  C:22D6H         LINE#         4447
  C:22D8H         LINE#         4448
  C:22DAH         LINE#         4449
  C:22DCH         LINE#         4450
  C:22DEH         LINE#         4451
  C:22E0H         LINE#         4452
  C:22E3H         LINE#         4453
  C:22E6H         LINE#         4454
  C:22E9H         LINE#         4455
  C:22EBH         LINE#         4456
  C:22EDH         LINE#         4457
  C:22EFH         LINE#         4458
  C:22F1H         LINE#         4459
  C:22F4H         LINE#         4461
  C:22F7H         LINE#         4462
  C:22FAH         LINE#         4463
  C:22FDH         LINE#         4464
  C:22FFH         LINE#         4465
  C:2301H         LINE#         4466
  C:2303H         LINE#         4467
  C:2305H         LINE#         4469
  C:2307H         LINE#         4470
  C:230AH         LINE#         4471
  C:230DH         LINE#         4472
  C:2310H         LINE#         4473
  C:2312H         LINE#         4474
  C:2314H         LINE#         4475
  C:2316H         LINE#         4476
  C:2318H         LINE#         4477
  C:231BH         LINE#         4479
  C:231EH         LINE#         4480
  C:2321H         LINE#         4481
  C:2324H         LINE#         4482
  C:2327H         LINE#         4483
  C:2329H         LINE#         4484
  C:232CH         LINE#         4486
  C:232EH         LINE#         4487
  C:2330H         LINE#         4488
  C:2332H         LINE#         4489
  C:2335H         LINE#         4491
  C:2337H         LINE#         4492
  C:233AH         LINE#         4493
  C:233CH         LINE#         4495
  C:233DH         LINE#         4496
  C:233EH         LINE#         4497
  C:233FH         LINE#         4498
  C:2340H         LINE#         4499
  C:2341H         LINE#         4500
  C:2342H         LINE#         4501
  C:2343H         LINE#         4502
  C:2344H         LINE#         4503
BL51 BANKED LINKER/LOCATER V4.16a           02/19/2007  15:15:55  PAGE 71


  C:2345H         LINE#         4504
  C:2346H         LINE#         4505
  C:2347H         LINE#         4509
  C:234AH         LINE#         4510
  C:234CH         LINE#         4511
  C:234FH         LINE#         4513
  C:2351H         LINE#         4514
  C:2353H         LINE#         4515
  C:2356H         LINE#         4516
  C:2359H         LINE#         4518
  C:235BH         LINE#         4519
  C:235EH         LINE#         4520
  C:2361H         LINE#         4525
  C:2364H         LINE#         4526
  C:2366H         LINE#         4527
  C:2368H         LINE#         4528
  C:2369H         LINE#         4529
  C:236AH         LINE#         4530
  C:236CH         LINE#         4531
  C:236DH         LINE#         4532
  C:236FH         LINE#         4533
  C:2372H         LINE#         4534
  C:2374H         LINE#         4535
  C:2376H         LINE#         4536
  C:2379H         LINE#         4537
  C:237BH         LINE#         4538
  C:237CH         LINE#         4539
  C:237EH         LINE#         4540
  C:237FH         LINE#         4542
  C:2381H         LINE#         4543
  C:2382H         LINE#         4544
  C:2384H         LINE#         4545
  C:2385H         LINE#         4546
  C:2386H         LINE#         4547
  C:2388H         LINE#         4549
  C:2389H         LINE#         4550
  C:238BH         LINE#         4551
  C:238DH         LINE#         4552
  C:238FH         LINE#         4553
  C:2391H         LINE#         4554
  C:2393H         LINE#         4555
  C:2395H         LINE#         4557
  C:2397H         LINE#         4558
  C:2399H         LINE#         4559
  C:239AH         LINE#         4560
  C:239BH         LINE#         4561
  C:239DH         LINE#         4562
  C:239EH         LINE#         4564
  C:239FH         LINE#         4565
  C:23A1H         LINE#         4566
  C:23A2H         LINE#         4567
  C:23A3H         LINE#         4568
  C:23A5H         LINE#         4569
  C:23A7H         LINE#         4570
  C:23A8H         LINE#         4571
  C:23A9H         LINE#         4572
  C:23ABH         LINE#         4576
  C:23AEH         LINE#         4577
  C:23B1H         LINE#         4578
  C:23B4H         LINE#         4579
  C:23B6H         LINE#         4580
  C:23B9H         LINE#         4581
  C:23BCH         LINE#         4582
  C:23BEH         LINE#         4583
  C:23C1H         LINE#         4584
BL51 BANKED LINKER/LOCATER V4.16a           02/19/2007  15:15:55  PAGE 72


  C:23C3H         LINE#         4585
  C:23C4H         LINE#         4586
  C:23C6H         LINE#         4588
  C:23C9H         LINE#         4589
  C:23CCH         LINE#         4590
  C:23CFH         LINE#         4591
  C:23D1H         LINE#         4592
  C:23D4H         LINE#         4593
  C:23D7H         LINE#         4594
  C:23D9H         LINE#         4595
  C:23DCH         LINE#         4596
  C:23DDH         LINE#         4597
  C:23DEH         LINE#         4598
  C:23DFH         LINE#         4599
  C:23E0H         LINE#         4600
  C:23E2H         LINE#         4601
  C:23E3H         LINE#         4602
  C:23E5H         LINE#         4603
  C:23E6H         LINE#         4604
  C:23E9H         LINE#         4605
  C:23ECH         LINE#         4606
  C:23EEH         LINE#         4607
  C:23F1H         LINE#         4608
  C:23F4H         LINE#         4609
  C:23F7H         LINE#         4610
  C:23FAH         LINE#         4611
  C:23FDH         LINE#         4612
  C:2400H         LINE#         4613
  C:2403H         LINE#         4614
  C:2405H         LINE#         4615
  C:2408H         LINE#         4618
  C:240AH         LINE#         4619
  C:240CH         LINE#         4620
  C:240FH         LINE#         4622
  C:2411H         LINE#         4623
  C:2413H         LINE#         4624
  C:2415H         LINE#         4625
  C:2416H         LINE#         4626
  C:2418H         LINE#         4627
  C:2419H         LINE#         4628
  C:241AH         LINE#         4629
  C:241BH         LINE#         4630
  C:241DH         LINE#         4631
  C:241FH         LINE#         4632
  C:2421H         LINE#         4633
  C:2424H         LINE#         4634
  C:2426H         LINE#         4635
  C:2429H         LINE#         4636
  C:242AH         LINE#         4639
  C:242BH         LINE#         4640
  C:242CH         LINE#         4641
  C:242DH         LINE#         4642
  C:242EH         LINE#         4643
  C:242FH         LINE#         4644
  C:2430H         LINE#         4645
  C:2431H         LINE#         4646
  C:2432H         LINE#         4647
  C:2433H         LINE#         4648
  C:2434H         LINE#         4649
  C:2435H         LINE#         4650
  C:2436H         LINE#         4652
  C:2437H         LINE#         4653
  C:2439H         LINE#         4654
  C:243BH         LINE#         4655
  C:243DH         LINE#         4656
BL51 BANKED LINKER/LOCATER V4.16a           02/19/2007  15:15:55  PAGE 73


  C:243FH         LINE#         4657
  C:2441H         LINE#         4658
  C:2443H         LINE#         4659
  C:2444H         LINE#         4663
  C:2447H         LINE#         4666
  C:244AH         LINE#         4668
  C:244CH         LINE#         4670
  C:244DH         LINE#         4671
  C:244EH         LINE#         4672
  C:244FH         LINE#         4673
  C:2450H         LINE#         4674
  C:2451H         LINE#         4675
  C:2452H         LINE#         4676
  C:2453H         LINE#         4677
  C:2454H         LINE#         4678
  C:2455H         LINE#         4679
  C:2456H         LINE#         4680
  C:2457H         LINE#         4681
  C:2458H         LINE#         4682
  C:2459H         LINE#         4683
  C:245AH         LINE#         4684
  C:245BH         LINE#         4686
  C:245DH         LINE#         4687
  C:2460H         LINE#         4688
  C:2463H         LINE#         4689
  C:2465H         LINE#         4690
  C:2468H         LINE#         4692
  C:246BH         LINE#         4695
  C:246DH         LINE#         4696
  C:246FH         LINE#         4697
  C:2470H         LINE#         4698
  C:2471H         LINE#         4699
  C:2473H         LINE#         4700
  C:2474H         LINE#         4702
  C:2476H         LINE#         4703
  C:2478H         LINE#         4704
  C:247BH         LINE#         4705
  C:247DH         LINE#         4706
  C:247EH         LINE#         4707
  C:2480H         LINE#         4708
  C:2481H         LINE#         4710
  C:2483H         LINE#         4711
  C:2484H         LINE#         4712
  C:2486H         LINE#         4713
  C:2487H         LINE#         4714
  C:2488H         LINE#         4715
  C:248AH         LINE#         4717
  C:248BH         LINE#         4718
  C:248DH         LINE#         4719
  C:248FH         LINE#         4720
  C:2491H         LINE#         4721
  C:2493H         LINE#         4722
  C:2495H         LINE#         4723
  C:2497H         LINE#         4725
  C:2499H         LINE#         4726
  C:249BH         LINE#         4727
  C:249CH         LINE#         4728
  C:249DH         LINE#         4729
  C:249FH         LINE#         4730
  C:24A0H         LINE#         4732
  C:24A1H         LINE#         4733
  C:24A3H         LINE#         4734
  C:24A4H         LINE#         4735
  C:24A5H         LINE#         4736
  C:24A7H         LINE#         4737
BL51 BANKED LINKER/LOCATER V4.16a           02/19/2007  15:15:55  PAGE 74


  C:24A9H         LINE#         4738
  C:24AAH         LINE#         4739
  C:24ABH         LINE#         4740
  C:24ADH         LINE#         4744
  C:24AFH         LINE#         4745
  C:24B2H         LINE#         4747
  C:24B5H         LINE#         4748
  C:24B8H         LINE#         4750
  C:24BBH         LINE#         4752
  C:24BEH         LINE#         4753
  C:24C0H         LINE#         4754
  C:24C2H         LINE#         4755
  C:24C5H         LINE#         4756
  C:24C7H         LINE#         4757
  C:24C8H         LINE#         4758
  C:24CAH         LINE#         4760
  C:24CCH         LINE#         4761
  C:24CFH         LINE#         4763
  C:24D2H         LINE#         4764
  C:24D5H         LINE#         4766
  C:24D8H         LINE#         4768
  C:24DBH         LINE#         4769
  C:24DDH         LINE#         4770
  C:24DFH         LINE#         4771
  C:24E2H         LINE#         4774
  C:24E4H         LINE#         4775
  C:24E7H         LINE#         4779
  C:24EAH         LINE#         4780
  C:24EDH         LINE#         4781
  C:24F0H         LINE#         4782
  C:24F3H         LINE#         4784
  C:24F6H         LINE#         4785
  C:24F8H         LINE#         4786
  C:24FBH         LINE#         4789
  C:24FDH         LINE#         4790
  C:24FFH         LINE#         4791
  C:2502H         LINE#         4793
  C:2504H         LINE#         4794
  C:2506H         LINE#         4795
  C:2508H         LINE#         4796
  C:2509H         LINE#         4797
  C:250BH         LINE#         4798
  C:250CH         LINE#         4799
  C:250DH         LINE#         4800
  C:250EH         LINE#         4801
  C:2510H         LINE#         4802
  C:2512H         LINE#         4803
  C:2514H         LINE#         4804
  C:2517H         LINE#         4805
  C:2519H         LINE#         4806
  C:251CH         LINE#         4807
  C:251DH         LINE#         4813
  C:2520H         LINE#         4817
  C:2523H         LINE#         4819
  C:2525H         LINE#         4821
  C:2526H         LINE#         4822
  C:2527H         LINE#         4823
  C:2528H         LINE#         4824
  C:2529H         LINE#         4825
  C:252AH         LINE#         4826
  C:252BH         LINE#         4827
  C:252CH         LINE#         4828
  C:252DH         LINE#         4829
  C:252EH         LINE#         4830
  C:252FH         LINE#         4831
BL51 BANKED LINKER/LOCATER V4.16a           02/19/2007  15:15:55  PAGE 75


  C:2530H         LINE#         4832
  C:2531H         LINE#         4833
  C:2532H         LINE#         4834
  C:2533H         LINE#         4835
  C:2534H         LINE#         4837
  C:2536H         LINE#         4838
  C:2539H         LINE#         4839
  C:253CH         LINE#         4840
  C:253EH         LINE#         4841
  C:2541H         LINE#         4843
  C:2544H         LINE#         4846
  C:2546H         LINE#         4847
  C:2548H         LINE#         4848
  C:2549H         LINE#         4849
  C:254AH         LINE#         4850
  C:254CH         LINE#         4851
  C:254DH         LINE#         4853
  C:254FH         LINE#         4854
  C:2551H         LINE#         4855
  C:2554H         LINE#         4856
  C:2556H         LINE#         4857
  C:2557H         LINE#         4858
  C:2559H         LINE#         4859
  C:255AH         LINE#         4861
  C:255CH         LINE#         4862
  C:255DH         LINE#         4863
  C:255FH         LINE#         4864
  C:2560H         LINE#         4865
  C:2561H         LINE#         4866
  C:2563H         LINE#         4868
  C:2564H         LINE#         4869
  C:2566H         LINE#         4870
  C:2568H         LINE#         4871
  C:256AH         LINE#         4872
  C:256CH         LINE#         4873
  C:256EH         LINE#         4874
  C:2570H         LINE#         4876
  C:2572H         LINE#         4877
  C:2574H         LINE#         4878
  C:2575H         LINE#         4879
  C:2576H         LINE#         4880
  C:2578H         LINE#         4881
  C:2579H         LINE#         4883
  C:257AH         LINE#         4884
  C:257CH         LINE#         4885
  C:257DH         LINE#         4886
  C:257EH         LINE#         4887
  C:2580H         LINE#         4888
  C:2582H         LINE#         4889
  C:2583H         LINE#         4890
  C:2584H         LINE#         4891
  C:2586H         LINE#         4895
  C:2588H         LINE#         4896
  C:258BH         LINE#         4898
  C:258EH         LINE#         4899
  C:2591H         LINE#         4901
  C:2594H         LINE#         4903
  C:2597H         LINE#         4904
  C:2599H         LINE#         4905
  C:259BH         LINE#         4906
  C:259EH         LINE#         4907
  C:25A0H         LINE#         4908
  C:25A1H         LINE#         4909
  C:25A3H         LINE#         4910
  C:25A5H         LINE#         4911
BL51 BANKED LINKER/LOCATER V4.16a           02/19/2007  15:15:55  PAGE 76


  C:25A8H         LINE#         4913
  C:25ABH         LINE#         4914
  C:25AEH         LINE#         4916
  C:25B1H         LINE#         4918
  C:25B4H         LINE#         4919
  C:25B6H         LINE#         4920
  C:25B8H         LINE#         4921
  C:25BBH         LINE#         4924
  C:25BEH         LINE#         4927
  C:25C0H         LINE#         4928
  C:25C3H         LINE#         4929
  C:25C6H         LINE#         4930
  C:25C9H         LINE#         4931
  C:25CCH         LINE#         4932
  C:25CEH         LINE#         4933
  C:25D1H         LINE#         4934
  -------         ENDMOD        MAIN

LINK/LOCATE RUN COMPLETE.  0 WARNING(S),  0 ERROR(S)
