BL51 BANKED LINKER/LOCATER V4.16a             02/14/2007  11:03:22  PAGE 1


BL51 BANKED LINKER/LOCATER V4.16a, INVOKED BY:
D:\PROGRAM FILES\CYGNAL\IDEFILES\C51\BIN\BL51.EXE D:\AMP\AMP31.OBJ TO D:\AMP\A
>> MP31 RS (256) PL (68) PW (78)


INPUT MODULES INCLUDED:
  D:\AMP\AMP31.OBJ (MAIN)


LINK MAP OF MODULE:  D:\AMP\AMP31 (MAIN)


            TYPE    BASE      LENGTH    RELOCATION   SEGMENT NAME
            -----------------------------------------------------

            * * * * * * *   D A T A   M E M O R Y   * * * * * * *
            REG     0000H     0008H     ABSOLUTE     "REG BANK 0"

            * * * * * * *   C O D E   M E M O R Y   * * * * * * *
            CODE    0000H     04C9H     ABSOLUTE     
            CODE    04C9H     2AF7H     UNIT         MAIN



SYMBOL TABLE OF MODULE:  D:\AMP\AMP31 (MAIN)

  VALUE           TYPE          NAME
  ----------------------------------

  -------         MODULE        MAIN
  C:04C9H         SEGMENT       MAIN
  X:0100H         PUBLIC        MASS0
  B:00C0H.2       SYMBOL        AA
  C:086BH         SYMBOL        AAPAR
  D:004FH         SYMBOL        ABIN
  C:27D2H         SYMBOL        ABRET
  C:03F3H         SYMBOL        ABTOF
  B:00D0H.6       SYMBOL        AC
  D:00E0H         SYMBOL        ACC
  B:00E8H.4       SYMBOL        AD0BUSY
  B:00E8H.7       SYMBOL        AD0EN
  B:00E8H.5       SYMBOL        AD0INT
  B:00E8H.0       SYMBOL        AD0LJST
  B:00E8H.2       SYMBOL        AD0STM0
  B:00E8H.3       SYMBOL        AD0STM1
  B:00E8H.6       SYMBOL        AD0TM
  B:00E8H.1       SYMBOL        AD0WINT
  D:00BCH         SYMBOL        ADC0CF
  D:00E8H         SYMBOL        ADC0CN
  D:00C5H         SYMBOL        ADC0GTH
  D:00C4H         SYMBOL        ADC0GTL
  D:00BFH         SYMBOL        ADC0H
  D:00BEH         SYMBOL        ADC0L
  D:00C7H         SYMBOL        ADC0LTH
  D:00C6H         SYMBOL        ADC0LTL
  D:009CH         SYMBOL        ADC1
  D:00ABH         SYMBOL        ADC1CF
  D:00AAH         SYMBOL        ADC1CN
  C:2F97H         SYMBOL        ADDX
  D:0053H         SYMBOL        ADEC
  C:2C4BH         SYMBOL        ADRBLOK
  C:0B62H         SYMBOL        AFTERK
  C:0705H         SYMBOL        AGE2
  C:0D22H         SYMBOL        AGE9
  C:0713H         SYMBOL        AGEON
  C:0E57H         SYMBOL        ALESS0
BL51 BANKED LINKER/LOCATER V4.16a           02/14/2007  11:03:22  PAGE 2


  C:0809H         SYMBOL        ALLSUM
  C:2EDEH         SYMBOL        ALMUL
  C:0402H         SYMBOL        ALTOF
  C:041EH         SYMBOL        ALTOF1
  D:00BAH         SYMBOL        AMX0CF
  D:00BBH         SYMBOL        AMX0SL
  D:00ACH         SYMBOL        AMX1SL
  C:0AC8H         SYMBOL        ANKOR
  C:1634H         SYMBOL        AN_T7
  C:10E2H         SYMBOL        AUTOKA
  C:0C8FH         SYMBOL        AVPGO
  C:0B24H         SYMBOL        AVTDEC1
  C:03FCH         SYMBOL        AWTOF
  D:00F0H         SYMBOL        B
  C:05C9H         SYMBOL        BEGIN
  C:2B88H         SYMBOL        BFORM
  B:0021H.5       SYMBOL        BIFL_KT
  C:2CFAH         SYMBOL        BIN30
  C:2CFEH         SYMBOL        BIN31
  C:2D0EH         SYMBOL        BIN32
  C:2D1FH         SYMBOL        BIN41
  C:2CEEH         SYMBOL        BINDEC
  B:0023H.2       SYMBOL        BITAKT
  B:0020H.5       SYMBOL        BITAVP
  B:0021H.2       SYMBOL        BITBON
  B:0021H.0       SYMBOL        BITBUF
  B:0022H.5       SYMBOL        BITEIZM
  B:0020H.4       SYMBOL        BITIZM
  B:0022H.2       SYMBOL        BITKLB
  B:0020H.1       SYMBOL        BITMAS
  B:0021H.3       SYMBOL        BITMEM
  B:0022H.1       SYMBOL        BITMENU
  B:0023H.1       SYMBOL        BITMIG
  B:0021H.7       SYMBOL        BITNUL
  B:0022H.7       SYMBOL        BITOLL
  B:0022H.6       SYMBOL        BITPAR
  B:0021H.1       SYMBOL        BITPRD
  B:0020H.3       SYMBOL        BITRS
  B:0022H.0       SYMBOL        BITT2
  B:0022H.3       SYMBOL        BITV19
  B:0020H.6       SYMBOL        BITVI11
  B:0022H.4       SYMBOL        BITVICH
  B:0020H.0       SYMBOL        BITZNAK
  B:0023H.3       SYMBOL        BITZNB
  B:0020H.7       SYMBOL        BITZUS
  C:1ABEH         SYMBOL        BLOIN
  C:1A90H         SYMBOL        BLOKVV
  C:1A9AH         SYMBOL        BLOKVVC
  C:1A5BH         SYMBOL        BL_LI
  C:17F9H         SYMBOL        BOUT7
  C:261BH         SYMBOL        BRET
  C:0E89H         SYMBOL        BUFDEC
  D:0040H         SYMBOL        BUFIND
  C:233CH         SYMBOL        BUFMEA
  C:242FH         SYMBOL        BUFMIN
  C:1234H         SYMBOL        BUFON
  C:0DC7H         SYMBOL        BUFR
  C:0DA9H         SYMBOL        BUFR2
  C:0DA2H         SYMBOL        BUFR3
  C:0DA5H         SYMBOL        BUFR30
  B:00D8H.0       SYMBOL        CCF0
  B:00D8H.1       SYMBOL        CCF1
  B:00D8H.2       SYMBOL        CCF2
  B:00D8H.3       SYMBOL        CCF3
  B:00D8H.4       SYMBOL        CCF4
BL51 BANKED LINKER/LOCATER V4.16a           02/14/2007  11:03:22  PAGE 3


  C:01F7H         SYMBOL        CDONE
  D:0020H         SYMBOL        CELLBIT
  D:0021H         SYMBOL        CELLBIT1
  D:0022H         SYMBOL        CELLBIT2
  D:0023H         SYMBOL        CELLBIT3
  C:01E2H         SYMBOL        CEXP
  B:00D8H.7       SYMBOL        CF
  C:26BEH         SYMBOL        CH0
  C:26DEH         SYMBOL        CH1
  C:26C2H         SYMBOL        CH10
  C:26D6H         SYMBOL        CH100
  C:26D2H         SYMBOL        CH10000
  C:2722H         SYMBOL        CH150H
  C:26DAH         SYMBOL        CH2
  C:2899H         SYMBOL        CH20
  C:2702H         SYMBOL        CH2THO
  C:271EH         SYMBOL        CH320H
  C:26CAH         SYMBOL        CH4
  C:1CC9H         SYMBOL        CH43
  C:1D6FH         SYMBOL        CH43_42
  C:26C6H         SYMBOL        CH5
  C:2895H         SYMBOL        CH57
  C:26CEH         SYMBOL        CH954
  C:1909H         SYMBOL        CHAIBL
  C:1C1EH         SYMBOL        CHAIPR
  C:1401H         SYMBOL        CHANMA
  C:13E8H         SYMBOL        CHANZ
  D:0081H         SYMBOL        CHAVT
  D:009BH         SYMBOL        CHBEFORE
  D:00D6H         SYMBOL        CHBLOK
  D:00CFH         SYMBOL        CHBUF
  C:25BEH         SYMBOL        CHCMP
  C:25D1H         SYMBOL        CHDEC
  D:0083H         SYMBOL        CHDEL
  C:10CAH         SYMBOL        CHDELMO
  C:28DEH         SYMBOL        CHIF
  C:28E6H         SYMBOL        CHIF5
  C:2909H         SYMBOL        CHIFB
  C:290FH         SYMBOL        CHIFB1
  C:2917H         SYMBOL        CHIFL5
  C:28F8H         SYMBOL        CHIFOUR
  D:00ACH         SYMBOL        CHIND
  D:0033H         SYMBOL        CHIND2
  D:0098H         SYMBOL        CHINKOR
  C:271AH         SYMBOL        CHK
  D:003DH         SYMBOL        CHKL
  D:006EH         SYMBOL        CHMAS
  D:003FH         SYMBOL        CHMASN
  C:2C30H         SYMBOL        CHMINUS
  C:2568H         SYMBOL        CHTADC
  C:26FAH         SYMBOL        CHTHO
  C:279DH         SYMBOL        CHTHOU
  C:26BAH         SYMBOL        CHZAP
  C:26E6H         SYMBOL        CH_1
  C:2712H         SYMBOL        CH_10
  C:270EH         SYMBOL        CH_10TH
  C:26EAH         SYMBOL        CH_2
  C:270AH         SYMBOL        CH_200
  C:2706H         SYMBOL        CH_220
  C:27DBH         SYMBOL        CH_22T
  C:2716H         SYMBOL        CH_250
  C:26EEH         SYMBOL        CH_4
  C:26F2H         SYMBOL        CH_5
  C:27D7H         SYMBOL        CH_500
  C:26F6H         SYMBOL        CH_953
BL51 BANKED LINKER/LOCATER V4.16a           02/14/2007  11:03:22  PAGE 4


  C:27D3H         SYMBOL        CH_B
  C:27DFH         SYMBOL        CH_FL
  C:26E2H         SYMBOL        CH_MLN
  C:2B5EH         SYMBOL        CIKLWR
  D:008EH         SYMBOL        CKCON
  C:2734H         SYMBOL        CL4
  C:273AH         SYMBOL        CL4N
  C:1D5CH         SYMBOL        CLE20
  C:043EH         SYMBOL        CLE256
  C:2CE8H         SYMBOL        CLEAR
  C:2731H         SYMBOL        CLEAR4
  C:2739H         SYMBOL        CLEARN
  C:2B4EH         SYMBOL        CLMASSIX
  C:0C94H         SYMBOL        CLMASV
  C:2B53H         SYMBOL        CLMAX
  C:2CE9H         SYMBOL        CLR11
  C:2CE2H         SYMBOL        CLRDEC
  C:2CE6H         SYMBOL        CLRNUM
  C:1769H         SYMBOL        CLRVICH
  N:0006H         SYMBOL        CNTR
  C:26A2H         SYMBOL        CO02S
  C:26AFH         SYMBOL        CO05S
  C:2699H         SYMBOL        CO1S
  C:2695H         SYMBOL        CO2S
  C:0D3EH         SYMBOL        COMPA1
  C:0D74H         SYMBOL        COMPA2
  C:2BC2H         SYMBOL        COND
  C:049FH         SYMBOL        COPY1
  C:0499H         SYMBOL        COPYPP
  D:00D7H         SYMBOL        COPY_HL
  C:2677H         SYMBOL        COUNT
  B:00C8H.0       SYMBOL        CPRL2
  D:009EH         SYMBOL        CPT0CN
  D:009FH         SYMBOL        CPT1CN
  B:00D8H.6       SYMBOL        CR
  C:267EH         SYMBOL        CT
  B:00C8H.1       SYMBOL        CT2
  B:00D0H.7       SYMBOL        CY
  D:00D4H         SYMBOL        DAC0CN
  D:00D3H         SYMBOL        DAC0H
  D:00D2H         SYMBOL        DAC0L
  D:00D7H         SYMBOL        DAC1CN
  D:00D6H         SYMBOL        DAC1H
  D:00D5H         SYMBOL        DAC1L
  C:2BC7H         SYMBOL        DCOA
  C:2BCEH         SYMBOL        DCOB
  C:2BD9H         SYMBOL        DCOC
  C:2BE6H         SYMBOL        DCOD
  C:1A10H         SYMBOL        DDOUTF
  C:18EDH         SYMBOL        DDOUTFR
  C:2D3BH         SYMBOL        DEC30
  C:2D40H         SYMBOL        DEC31
  C:2D50H         SYMBOL        DEC32
  C:2D2EH         SYMBOL        DECBIN
  N:000AH         SYMBOL        DECSIZE
  C:2D59H         SYMBOL        DECT2
  C:2FAEH         SYMBOL        DEDPTR
  C:0133H         SYMBOL        DENORM
  C:1BA2H         SYMBOL        DGOTO7
  D:00AEH         SYMBOL        DIAP
  C:1259H         SYMBOL        DIINC
  C:286DH         SYMBOL        DIKDN
  C:2785H         SYMBOL        DIKDW
  C:279BH         SYMBOL        DIKM
  C:2799H         SYMBOL        DIPAR
BL51 BANKED LINKER/LOCATER V4.16a           02/14/2007  11:03:22  PAGE 5


  C:02DDH         SYMBOL        DIV1
  C:0320H         SYMBOL        DIV2
  C:030DH         SYMBOL        DIV3
  C:0336H         SYMBOL        DIV9
  C:2E19H         SYMBOL        DIVIDE
  C:2D88H         SYMBOL        DONE
  C:2D86H         SYMBOL        DONE1
  C:2EA2H         SYMBOL        DOSH
  C:2E90H         SYMBOL        DOSUB
  D:0083H         SYMBOL        DPH
  D:0082H         SYMBOL        DPL
  C:0F64H         SYMBOL        DVIG0
  C:0F59H         SYMBOL        DVIG1
  C:0F4EH         SYMBOL        DVIG2
  C:0F42H         SYMBOL        DVIG3
  C:0F70H         SYMBOL        DVIG4
  C:0F92H         SYMBOL        DVIG6
  C:0F90H         SYMBOL        DVM
  B:00A8H.7       SYMBOL        EA
  D:00E6H         SYMBOL        EIE1
  D:00E7H         SYMBOL        EIE2
  D:00F6H         SYMBOL        EIP1
  D:00F7H         SYMBOL        EIP2
  D:00A3H         SYMBOL        EMI0CF
  D:00AFH         SYMBOL        EMI0CN
  D:00A1H         SYMBOL        EMI0TC
  C:216CH         SYMBOL        ENDKALIB
  C:0F96H         SYMBOL        ENDSDV
  C:0A56H         SYMBOL        ENDSUM
  B:00C0H.6       SYMBOL        ENSMB
  C:0D6FH         SYMBOL        EQU0
  C:0D8DH         SYMBOL        EQU00
  C:1534H         SYMBOL        EQU1L
  C:1A76H         SYMBOL        EQU2L
  C:209BH         SYMBOL        ERRA0
  C:0CA8H         SYMBOL        ERRA01
  C:2974H         SYMBOL        ERROR
  B:00A8H.4       SYMBOL        ES
  B:00A8H.1       SYMBOL        ET0
  B:00A8H.3       SYMBOL        ET1
  B:00A8H.5       SYMBOL        ET2
  B:00A8H.0       SYMBOL        EX0
  B:00A8H.2       SYMBOL        EX1
  B:00C8H.3       SYMBOL        EXEN2
  B:00C8H.6       SYMBOL        EXF2
  N:0000H         SYMBOL        EXP1
  N:0001H         SYMBOL        EXP2
  C:0675H         SYMBOL        EXTCLE
  B:00D0H.5       SYMBOL        F0
  B:00D0H.1       SYMBOL        F1
  C:277EH         SYMBOL        FINDEXT
  C:276FH         SYMBOL        FINDKOEF
  C:1498H         SYMBOL        FINDMEM
  C:28C6H         SYMBOL        FINDR
  C:2ECDH         SYMBOL        FINIS
  D:00B7H         SYMBOL        FLACL
  C:0166H         SYMBOL        FLADD
  C:01D6H         SYMBOL        FLCMP
  C:02B7H         SYMBOL        FLDIV
  C:0203H         SYMBOL        FLMUL
  C:01E1H         SYMBOL        FLOUT
  D:00B6H         SYMBOL        FLSCL
  C:01D1H         SYMBOL        FLSUB
  C:01F8H         SYMBOL        FND
  C:2B85H         SYMBOL        FO1M
BL51 BANKED LINKER/LOCATER V4.16a           02/14/2007  11:03:22  PAGE 6


  C:2B8EH         SYMBOL        FO2M
  C:2B8FH         SYMBOL        FORM4
  C:1341H         SYMBOL        FT1IZM
  C:0343H         SYMBOL        FTOL
  C:037CH         SYMBOL        FTOL1
  C:039EH         SYMBOL        FTOL2
  C:03C4H         SYMBOL        FTOL22
  C:03A2H         SYMBOL        FTOL23
  C:03B5H         SYMBOL        FTOL24
  C:03C2H         SYMBOL        FTOL25
  C:03E4H         SYMBOL        FTOL26
  C:038AH         SYMBOL        FTOL3
  C:038EH         SYMBOL        FTOL33
  C:0371H         SYMBOL        FTOL4
  C:0381H         SYMBOL        FTOL9
  C:21DBH         SYMBOL        FULKALIB
  C:060EH         SYMBOL        GENER
  C:19D5H         SYMBOL        GO23NO
  C:153AH         SYMBOL        GO31L
  C:153FH         SYMBOL        GO41L
  C:0C4AH         SYMBOL        GOA2
  C:0C54H         SYMBOL        GOA3A2
  C:1068H         SYMBOL        GOCIKLE
  C:1A08H         SYMBOL        GOFULL
  C:20B9H         SYMBOL        GOGO7
  C:0C72H         SYMBOL        GOKAA2
  C:121CH         SYMBOL        GOKLB
  C:195CH         SYMBOL        GOOFF1
  C:197AH         SYMBOL        GOOFF2
  C:1998H         SYMBOL        GOOFF3
  C:19B6H         SYMBOL        GOOFF4
  C:0C64H         SYMBOL        GOONIN
  C:0E60H         SYMBOL        GOONIND
  C:1915H         SYMBOL        GOONOFF
  C:1009H         SYMBOL        GOONT
  C:1F2CH         SYMBOL        GOPAROL
  C:1E42H         SYMBOL        GOPAROM
  C:07E7H         SYMBOL        GOPART
  C:1469H         SYMBOL        GOSK19
  C:1634H         SYMBOL        GOTO7
  C:0AE9H         SYMBOL        GOTOKD
  C:0FFBH         SYMBOL        GOTOSTROB
  C:11D1H         SYMBOL        GOUT6
  C:1C42H         SYMBOL        GOVVLIST
  C:0799H         SYMBOL        GOZNAK
  C:1774H         SYMBOL        HNOR11
  C:171CH         SYMBOL        HNOR12
  C:17BDH         SYMBOL        HNOT1
  C:16EAH         SYMBOL        HNOT2
  C:1712H         SYMBOL        HR12
  C:170CH         SYMBOL        HVI1113
  D:00A8H         SYMBOL        IE
  B:0088H.1       SYMBOL        IE0
  B:0088H.3       SYMBOL        IE1
  C:16E6H         SYMBOL        INCT
  C:2536H         SYMBOL        IND
  C:0E27H         SYMBOL        INDA3
  C:0DFEH         SYMBOL        INDOLL
  C:27E3H         SYMBOL        INIACP
  C:1AF9H         SYMBOL        INNOT1_2
  C:1AEAH         SYMBOL        INNOT3
  C:1ADEH         SYMBOL        INNOT6
  D:00CDH         SYMBOL        INTERVA
  C:1021H         SYMBOL        INTMUL
  C:1024H         SYMBOL        INTMUL1
BL51 BANKED LINKER/LOCATER V4.16a           02/14/2007  11:03:22  PAGE 7


  C:1B8BH         SYMBOL        INTN
  D:00B8H         SYMBOL        IP
  B:0088H.0       SYMBOL        IT0
  B:0088H.2       SYMBOL        IT1
  C:17A5H         SYMBOL        IZCHI
  C:12B8H         SYMBOL        IZMAN
  C:12C7H         SYMBOL        IZMFUN
  C:12CBH         SYMBOL        IZMPAT
  C:12DAH         SYMBOL        IZMT2
  C:12E5H         SYMBOL        IZMT3
  C:2E34H         SYMBOL        JFINIS
  C:26FEH         SYMBOL        KD
  C:11A4H         SYMBOL        KEYB1
  C:15C8H         SYMBOL        KEYB2
  C:19DFH         SYMBOL        KFULL
  C:18DCH         SYMBOL        KFULLR
  C:1949H         SYMBOL        KGO23
  C:18B6H         SYMBOL        KLEV1
  C:18BBH         SYMBOL        KLEV2
  C:18DFH         SYMBOL        KLEV21
  C:18C5H         SYMBOL        KLEV22
  C:18F0H         SYMBOL        KLEV23
  C:18C0H         SYMBOL        KLEV3
  C:0894H         SYMBOL        KLMAS
  C:1682H         SYMBOL        KNAVP
  B:0023H.0       SYMBOL        KNIZM
  C:12C2H         SYMBOL        KNIZMON
  C:15B9H         SYMBOL        KNKMP
  C:1692H         SYMBOL        KNLEFT
  C:181AH         SYMBOL        KNMEM
  C:1656H         SYMBOL        KNMENU
  C:16B0H         SYMBOL        KNNUL
  C:12EDH         SYMBOL        KNOPT
  C:1302H         SYMBOL        KNRAZR
  C:124FH         SYMBOL        KNRIGHT
  C:126EH         SYMBOL        KNVICH
  D:00A0H         SYMBOL        KOEFKD
  D:0094H         SYMBOL        KOEFKM
  D:0090H         SYMBOL        KOEFKP
  C:0C12H         SYMBOL        KOMUL
  C:0C0CH         SYMBOL        KOMULPZ
  D:00BCH         SYMBOL        KONSTA
  C:13CCH         SYMBOL        KON_B
  C:262FH         SYMBOL        KOR0US
  D:0084H         SYMBOL        KOR0_AN
  C:0B3AH         SYMBOL        KORDEC1
  C:0B1AH         SYMBOL        KORDEC10
  C:109DH         SYMBOL        KORNUL
  C:19FBH         SYMBOL        KVVOD0
  C:1C39H         SYMBOL        LABEL43
  C:1D22H         SYMBOL        LABEL7
  C:0760H         SYMBOL        LABELA
  C:0F3BH         SYMBOL        LABELB
  C:1302H         SYMBOL        LABELC
  C:12CBH         SYMBOL        LABELE
  C:132DH         SYMBOL        LABELF
  C:16D2H         SYMBOL        LABELH
  C:2015H         SYMBOL        LABELI
  C:1759H         SYMBOL        LABELI2
  C:185AH         SYMBOL        LABELK
  C:14F5H         SYMBOL        LABELL
  C:1409H         SYMBOL        LABELL1
  C:1559H         SYMBOL        LABELN
  C:1C0FH         SYMBOL        LABELP
  C:1BD4H         SYMBOL        LABELS
BL51 BANKED LINKER/LOCATER V4.16a           02/14/2007  11:03:22  PAGE 8


  C:1EA3H         SYMBOL        LABELS1
  C:1F9EH         SYMBOL        LABELS13
  C:2028H         SYMBOL        LABELS3
  C:2003H         SYMBOL        LABELS4
  C:151BH         SYMBOL        LABL2
  C:1A7FH         SYMBOL        LABM
  C:2F75H         SYMBOL        LADD
  C:2F86H         SYMBOL        LADDX
  C:042DH         SYMBOL        LBTOF
  C:2D73H         SYMBOL        LCMP
  C:2D89H         SYMBOL        LDC_LONG
  C:2DABH         SYMBOL        LDC_LTEMP
  C:2DD1H         SYMBOL        LDX_LONG
  C:2DF7H         SYMBOL        LDX_LTEMP
  C:1B0AH         SYMBOL        LEFCUR
  C:169CH         SYMBOL        LEFKL
  C:1868H         SYMBOL        LEFMEM11
  C:1A29H         SYMBOL        LEFT21
  C:1EA0H         SYMBOL        LEFT_S
  C:1F85H         SYMBOL        LEFT_SK
  C:18C8H         SYMBOL        LEV220
  C:157FH         SYMBOL        LEV2GO
  D:00B0H         SYMBOL        LEVEL
  C:17AFH         SYMBOL        LI21
  C:1CA8H         SYMBOL        LI42_43
  C:1D2CH         SYMBOL        LIST_43
  C:12B1H         SYMBOL        LLDI2
  C:12A5H         SYMBOL        LLDI23
  C:12ACH         SYMBOL        LLDI3
  C:1544H         SYMBOL        LLEV2
  C:2EDEH         SYMBOL        LLMUL
  C:2F63H         SYMBOL        LLSUB
  C:0432H         SYMBOL        LLTOF
  C:2EDEH         SYMBOL        LMUL
  C:2CBEH         SYMBOL        LOA3_X
  C:2832H         SYMBOL        LOAB12
  D:00B7H         SYMBOL        LOAD
  C:17D0H         SYMBOL        LOADB
  C:17FCH         SYMBOL        LOADB2
  C:1886H         SYMBOL        LOADCLE
  C:284FH         SYMBOL        LOADKD
  C:2841H         SYMBOL        LOADR2
  C:264AH         SYMBOL        LOADT
  C:25E9H         SYMBOL        LOADUS
  C:2351H         SYMBOL        LOAHL_R2
  C:1A34H         SYMBOL        LOBLOK
  C:1881H         SYMBOL        LOCLE
  C:2659H         SYMBOL        LOD1
  C:2668H         SYMBOL        LODT
  C:171FH         SYMBOL        LOIZMK
  C:1DF5H         SYMBOL        LOKAME1
  C:264CH         SYMBOL        LOLEVT
  C:1875H         SYMBOL        LOLIST
  C:2120H         SYMBOL        LOME1
  C:2118H         SYMBOL        LOMENU
  C:25A5H         SYMBOL        LOOP
  C:2E37H         SYMBOL        LOOPS
  C:2623H         SYMBOL        LOSPUS
  C:189DH         SYMBOL        LOSTAT
  C:2664H         SYMBOL        LOTEXT
  C:28A5H         SYMBOL        LOTP
  C:289DH         SYMBOL        LOTPUS
  C:12B7H         SYMBOL        LOU
  C:1294H         SYMBOL        LOUIZM
  C:1537H         SYMBOL        LOUTF
BL51 BANKED LINKER/LOCATER V4.16a           02/14/2007  11:03:22  PAGE 9


  C:1715H         SYMBOL        LOVICH
  C:188FH         SYMBOL        LOWR
  C:1894H         SYMBOL        LOWR1
  C:2F63H         SYMBOL        LSUB
  N:0008H         SYMBOL        LTEMP
  C:2B60H         SYMBOL        LWR
  C:2B24H         SYMBOL        LWRX
  C:042FH         SYMBOL        LWTOF
  D:006FH         SYMBOL        MABIN
  C:2B7BH         SYMBOL        MAFORM
  N:0002H         SYMBOL        MANT1
  N:0008H         SYMBOL        MANT2
  C:13D3H         SYMBOL        MARK0_8
  D:00B2H         SYMBOL        MARKER
  C:2919H         SYMBOL        MARLE
  C:2926H         SYMBOL        MARRI
  C:08B3H         SYMBOL        MAS10
  C:0933H         SYMBOL        MAS20
  C:0A27H         SYMBOL        MAS4
  C:0A9BH         SYMBOL        MAS5DIV
  C:0A62H         SYMBOL        MASFULL
  X:0104H         SYMBOL        MASS1
  X:0128H         SYMBOL        MASS10
  X:012CH         SYMBOL        MASS11
  X:0130H         SYMBOL        MASS12
  X:0134H         SYMBOL        MASS13
  X:0138H         SYMBOL        MASS14
  X:013CH         SYMBOL        MASS15
  X:0140H         SYMBOL        MASS16
  X:0144H         SYMBOL        MASS17
  X:0148H         SYMBOL        MASS18
  X:014CH         SYMBOL        MASS19
  X:0108H         SYMBOL        MASS2
  X:010CH         SYMBOL        MASS3
  X:0110H         SYMBOL        MASS4
  X:0114H         SYMBOL        MASS5
  X:0118H         SYMBOL        MASS6
  X:011CH         SYMBOL        MASS7
  X:0120H         SYMBOL        MASS8
  X:0124H         SYMBOL        MASS9
  C:0A91H         SYMBOL        MASX5
  C:2478H         SYMBOL        MAXG
  C:24E2H         SYMBOL        MAXVIX
  C:1BCBH         SYMBOL        ME11_15DE
  C:1DF4H         SYMBOL        ME11_15DEC
  C:14FFH         SYMBOL        ME21_22
  C:1E5EH         SYMBOL        ME21_23
  C:1E7AH         SYMBOL        ME21_23DEC
  C:168DH         SYMBOL        MEAVP
  C:0662H         SYMBOL        MECLE
  C:0669H         SYMBOL        MEFF
  C:075BH         SYMBOL        MEM10MS
  C:19F6H         SYMBOL        MEM12NO
  C:229DH         SYMBOL        MENG
  C:2124H         SYMBOL        MENU12
  C:212CH         SYMBOL        MENU13
  C:2134H         SYMBOL        MENU14
  C:213CH         SYMBOL        MENU15
  C:2144H         SYMBOL        MENU21
  C:214CH         SYMBOL        MENU22
  C:2154H         SYMBOL        MENU23
  C:215CH         SYMBOL        MENU31
  C:2164H         SYMBOL        MENU41
  C:1670H         SYMBOL        MENUOFF
  C:1C01H         SYMBOL        MENUON
BL51 BANKED LINKER/LOCATER V4.16a           02/14/2007  11:03:22  PAGE 10


  C:1653H         SYMBOL        MERR
  C:18A8H         SYMBOL        ME_14
  C:1EEFH         SYMBOL        ME_41
  C:2E6AH         SYMBOL        MIDL
  C:2956H         SYMBOL        MIGN
  C:295EH         SYMBOL        MIGNN
  C:235DH         SYMBOL        MIN4_HL
  C:239FH         SYMBOL        MING
  C:2409H         SYMBOL        MINIVIX
  C:1A5FH         SYMBOL        MLABL2
  C:1C3FH         SYMBOL        MLABL2R
  C:0756H         SYMBOL        MMM
  C:0DF3H         SYMBOL        MO220
  C:0D63H         SYMBOL        MO500I
  C:0D57H         SYMBOL        MO500R
  B:00F8H.5       SYMBOL        MODF
  C:1492H         SYMBOL        MOUTF
  C:1BCEH         SYMBOL        MOUTKMEM
  C:2BE8H         SYMBOL        MOVE28
  C:27A1H         SYMBOL        MOVE82
  C:0E60H         SYMBOL        MOVEA3
  D:003AH         SYMBOL        MOVLEFT
  D:003BH         SYMBOL        MOVRIG
  B:00F8H.1       SYMBOL        MSTEN
  C:021AH         SYMBOL        MUP1
  C:0257H         SYMBOL        MUP11
  C:0297H         SYMBOL        MUP2
  C:026CH         SYMBOL        MUP3
  C:1A2FH         SYMBOL        MVV11
  C:1A47H         SYMBOL        MVV12
  C:1191H         SYMBOL        N12DELCH
  C:113DH         SYMBOL        N4DELCH
  C:117FH         SYMBOL        N8DELCH
  C:1498H         SYMBOL        NBIMENU
  D:0038H         SYMBOL        NBLOK
  C:0358H         SYMBOL        NE05
  D:0037H         SYMBOL        NELEM
  C:2540H         SYMBOL        NEXIN
  C:24ADH         SYMBOL        NEXTMAX
  C:22D2H         SYMBOL        NEXTMEA
  C:23D4H         SYMBOL        NEXTMIN
  C:1BD1H         SYMBOL        NMEM_MENU
  C:0B57H         SYMBOL        NMINUS
  C:0ABBH         SYMBOL        NMINUS3
  C:10FDH         SYMBOL        NNDELCH
  C:158BH         SYMBOL        NNMEMB
  C:0ED7H         SYMBOL        NNNUL
  C:2E52H         SYMBOL        NO
  C:076DH         SYMBOL        NO0KEY
  C:1B72H         SYMBOL        NO10MSV
  C:1385H         SYMBOL        NO11V6
  C:1398H         SYMBOL        NO12V6
  C:13ABH         SYMBOL        NO13V6
  C:20C0H         SYMBOL        NO21P7
  C:144FH         SYMBOL        NO23RI
  C:1B6FH         SYMBOL        NO2MSV
  C:0E4CH         SYMBOL        NO2PARN
  C:1B29H         SYMBOL        NO31N
  C:147AH         SYMBOL        NO31RI
  C:0E42H         SYMBOL        NO3PARN
  C:10D0H         SYMBOL        NO4DEL
  C:0B29H         SYMBOL        NOAVK
  C:0C4AH         SYMBOL        NOAVP
  C:0EF3H         SYMBOL        NOBAVP
  C:0824H         SYMBOL        NOBEF99
BL51 BANKED LINKER/LOCATER V4.16a           02/14/2007  11:03:22  PAGE 11


  C:0245H         SYMBOL        NOBIT
  C:0EFCH         SYMBOL        NOBITIZM
  C:1508H         SYMBOL        NOBL21
  C:1512H         SYMBOL        NOBL22
  C:0F31H         SYMBOL        NOBUF
  C:1078H         SYMBOL        NOBUF0
  C:0E23H         SYMBOL        NOCHI0
  C:078CH         SYMBOL        NOCHIND
  C:0A7EH         SYMBOL        NOCHN10
  C:0A73H         SYMBOL        NOCHN2
  C:0A89H         SYMBOL        NOCHN20
  C:0E09H         SYMBOL        NODI2
  C:169EH         SYMBOL        NODI6
  C:0EAEH         SYMBOL        NODI8
  C:1F59H         SYMBOL        NODI8K
  C:1D05H         SYMBOL        NODI8_43
  C:0E0EH         SYMBOL        NODI9
  C:1D10H         SYMBOL        NODI9_43
  C:0EBDH         SYMBOL        NODIS9
  C:1F61H         SYMBOL        NODISK9
  C:2C8AH         SYMBOL        NOENDLI
  C:1570H         SYMBOL        NOEQU1
  C:1B23H         SYMBOL        NOEQU2
  C:1367H         SYMBOL        NOFIZM
  C:1340H         SYMBOL        NOFT1
  C:1073H         SYMBOL        NOFZ
  C:1734H         SYMBOL        NOH37
  C:180FH         SYMBOL        NOHNOT1
  C:1804H         SYMBOL        NOHNOT2
  C:0F2BH         SYMBOL        NOKLB
  C:0AD1H         SYMBOL        NOKORR
  C:16F6H         SYMBOL        NOLAH
  C:1D80H         SYMBOL        NOLI_43
  C:1B01H         SYMBOL        NOM31
  C:1B7AH         SYMBOL        NOM32
  C:1BA8H         SYMBOL        NOM33
  C:203DH         SYMBOL        NOMARL
  C:24C5H         SYMBOL        NOMAXI
  C:19E6H         SYMBOL        NOME11
  C:14B3H         SYMBOL        NOMEM11
  C:14C9H         SYMBOL        NOMEM12
  C:14DFH         SYMBOL        NOMEM13
  C:19E3H         SYMBOL        NOMEMK
  C:23ECH         SYMBOL        NOMINI
  C:1313H         SYMBOL        NON1C
  C:0B0EH         SYMBOL        NONULAVT
  C:10B2H         SYMBOL        NONULDEL
  C:0E27H         SYMBOL        NOP3_0
  C:0828H         SYMBOL        NOPART1
  C:0848H         SYMBOL        NOPART2
  C:0868H         SYMBOL        NOPART3
  C:0888H         SYMBOL        NOPART4
  C:13FBH         SYMBOL        NOPLUS
  C:2054H         SYMBOL        NOPOIN7
  C:2020H         SYMBOL        NOPOINT
  C:140FH         SYMBOL        NOR11
  C:00F6H         SYMBOL        NORDN
  C:0107H         SYMBOL        NORDN1
  C:154DH         SYMBOL        NORIG2
  C:158BH         SYMBOL        NORIM6
  C:1435H         SYMBOL        NORIME
  C:142FH         SYMBOL        NORIME1
  C:00F0H         SYMBOL        NORM1
  C:174CH         SYMBOL        NORR11
  C:175CH         SYMBOL        NORR12
BL51 BANKED LINKER/LOCATER V4.16a           02/14/2007  11:03:22  PAGE 12


  C:0119H         SYMBOL        NORUP
  C:011EH         SYMBOL        NORUP1
  C:0132H         SYMBOL        NORUP2
  C:0F34H         SYMBOL        NORVICH
  C:0FE9H         SYMBOL        NOSAV1
  C:0FF0H         SYMBOL        NOSAV2
  C:0FF7H         SYMBOL        NOSAV3
  C:2E8DH         SYMBOL        NOSUB
  C:1088H         SYMBOL        NOT1IN
  C:1643H         SYMBOL        NOT1_7
  C:1090H         SYMBOL        NOT2IN
  C:164EH         SYMBOL        NOT2_7
  C:1098H         SYMBOL        NOT3IN
  C:0F06H         SYMBOL        NOTAKT
  C:0BCEH         SYMBOL        NOTE21
  C:0BE9H         SYMBOL        NOTE22
  C:0C01H         SYMBOL        NOTESTIZM
  C:102BH         SYMBOL        NOTT1
  C:1036H         SYMBOL        NOTT2
  C:1041H         SYMBOL        NOTT3
  C:1055H         SYMBOL        NOTT4
  C:1060H         SYMBOL        NOTT5
  C:131AH         SYMBOL        NOT_1
  C:131AH         SYMBOL        NOT_10
  C:1417H         SYMBOL        NOVIR
  C:1351H         SYMBOL        NOVIR1
  C:234DH         SYMBOL        NOZMEA
  C:2440H         SYMBOL        NOZMIN
  C:1CF7H         SYMBOL        NOZZBL
  C:0E9EH         SYMBOL        NOZZMI
  C:1CE7H         SYMBOL        NOZZMI1
  C:1CEEH         SYMBOL        NOZZMI2
  C:1CF5H         SYMBOL        NOZZMI3
  C:1CDEH         SYMBOL        NOZZMI43
  C:0EE0H         SYMBOL        NSEC1
  C:0EE9H         SYMBOL        NSEC10
  C:0EE7H         SYMBOL        NSEC11
  D:0039H         SYMBOL        NUERR
  C:10E2H         SYMBOL        NULAVT
  N:0004H         SYMBOL        NUMSIZE
  C:2DC3H         SYMBOL        OBOARD
  C:2E0BH         SYMBOL        OBOARD1
  C:0186H         SYMBOL        OK1
  C:01A0H         SYMBOL        OK2
  C:01C4H         SYMBOL        OK3
  C:2DE9H         SYMBOL        ONBOAR1
  C:2D9DH         SYMBOL        ONBOARD
  C:1831H         SYMBOL        ONMEM11
  C:1E81H         SYMBOL        ONMEM12
  C:2000H         SYMBOL        ONMEM13
  C:296CH         SYMBOL        ONMIG
  C:128CH         SYMBOL        ONVICH
  D:00B2H         SYMBOL        OSCICN
  D:00B1H         SYMBOL        OSCXCN
  C:1D19H         SYMBOL        OUT43
  C:158BH         SYMBOL        OUT6
  C:20E9H         SYMBOL        OUT7
  C:2933H         SYMBOL        OUTA
  C:294DH         SYMBOL        OUTA2
  C:1347H         SYMBOL        OUTF
  C:140CH         SYMBOL        OUTFL
  C:183EH         SYMBOL        OUTKMEM
  C:13E5H         SYMBOL        OUTMA
  C:24CAH         SYMBOL        OUTMAX
  C:22EDH         SYMBOL        OUTMEA
BL51 BANKED LINKER/LOCATER V4.16a           02/14/2007  11:03:22  PAGE 13


  C:1E3DH         SYMBOL        OUTMENU
  C:23F1H         SYMBOL        OUTMIN
  C:0DBAH         SYMBOL        OUTR
  C:0DD6H         SYMBOL        OUTR5
  C:1EE2H         SYMBOL        OUTSKO
  C:1EDFH         SYMBOL        OUTSKO1
  C:1354H         SYMBOL        OUTVICH
  C:1215H         SYMBOL        OUTVIR
  C:21E8H         SYMBOL        OUT_KALI
  B:00D0H.2       SYMBOL        OV
  B:00D0H.0       SYMBOL        P
  D:0080H         SYMBOL        P0
  D:00A4H         SYMBOL        P0MDOUT
  D:0090H         SYMBOL        P1
  D:00BDH         SYMBOL        P1MDIN
  D:00A5H         SYMBOL        P1MDOUT
  D:00A0H         SYMBOL        P2
  D:00A6H         SYMBOL        P2MDOUT
  D:00B0H         SYMBOL        P3
  D:00ADH         SYMBOL        P3IF
  D:00A7H         SYMBOL        P3MDOUT
  D:0084H         SYMBOL        P4
  D:0085H         SYMBOL        P5
  D:0086H         SYMBOL        P6
  D:0096H         SYMBOL        P7
  D:00B5H         SYMBOL        P74OUT
  C:00DEH         SYMBOL        PACK1
  C:1F6EH         SYMBOL        PARERR
  D:00AFH         SYMBOL        PARN
  D:00A8H         SYMBOL        PAROL
  D:009AH         SYMBOL        PART
  D:00D8H         SYMBOL        PCA0CN
  D:00FAH         SYMBOL        PCA0CPH0
  D:00FBH         SYMBOL        PCA0CPH1
  D:00FCH         SYMBOL        PCA0CPH2
  D:00FDH         SYMBOL        PCA0CPH3
  D:00FEH         SYMBOL        PCA0CPH4
  D:00EAH         SYMBOL        PCA0CPL0
  D:00EBH         SYMBOL        PCA0CPL1
  D:00ECH         SYMBOL        PCA0CPL2
  D:00EDH         SYMBOL        PCA0CPL3
  D:00EEH         SYMBOL        PCA0CPL4
  D:00DAH         SYMBOL        PCA0CPM0
  D:00DBH         SYMBOL        PCA0CPM1
  D:00DCH         SYMBOL        PCA0CPM2
  D:00DDH         SYMBOL        PCA0CPM3
  D:00DEH         SYMBOL        PCA0CPM4
  D:00F9H         SYMBOL        PCA0H
  D:00E9H         SYMBOL        PCA0L
  D:00D9H         SYMBOL        PCA0MD
  D:0087H         SYMBOL        PCON
  C:2053H         SYMBOL        POIN3
  C:20BBH         SYMBOL        POINA
  C:2038H         SYMBOL        POINA1
  C:2032H         SYMBOL        POINA2
  C:20DEH         SYMBOL        POZB
  N:000CH         SYMBOL        PROD
  B:00B8H.4       SYMBOL        PS
  D:008FH         SYMBOL        PSCTL
  D:00D0H         SYMBOL        PSW
  B:00B8H.1       SYMBOL        PT0
  B:00B8H.3       SYMBOL        PT1
  B:00B8H.5       SYMBOL        PT2
  B:00B8H.0       SYMBOL        PX0
  B:00B8H.2       SYMBOL        PX1
BL51 BANKED LINKER/LOCATER V4.16a           02/14/2007  11:03:22  PAGE 14


  C:121FH         SYMBOL        PYSKST
  C:18EAH         SYMBOL        QUES
  C:0C47H         SYMBOL        QU_AVP
  N:000AH         SYMBOL        R10
  N:000BH         SYMBOL        R11
  N:0008H         SYMBOL        R8
  N:0009H         SYMBOL        R9
  C:0AE7H         SYMBOL        RAFTERK
  B:0098H.2       SYMBOL        RB8
  D:00CBH         SYMBOL        RCAP2H
  D:00CAH         SYMBOL        RCAP2L
  D:00E5H         SYMBOL        RCAP4H
  D:00E4H         SYMBOL        RCAP4L
  B:00C8H.5       SYMBOL        RCLK
  C:1943H         SYMBOL        RDDOUTF
  C:25AEH         SYMBOL        RE1
  C:0B8FH         SYMBOL        RE11_7
  C:0454H         SYMBOL        RE4BYTE
  C:2CD0H         SYMBOL        REA3_X
  D:0077H         SYMBOL        REACP
  C:25ACH         SYMBOL        READ
  C:07DFH         SYMBOL        READYACP
  C:2594H         SYMBOL        READ_X2
  C:072FH         SYMBOL        REBYTE
  C:046CH         SYMBOL        REBYTE2
  D:00D1H         SYMBOL        REF0CN
  B:0098H.4       SYMBOL        REN
  C:167FH         SYMBOL        RENDKALIB
  C:2BF4H         SYMBOL        RESAR2
  C:2BB2H         SYMBOL        RESAR8
  C:2C9DH         SYMBOL        RESA_HL
  D:008CH         SYMBOL        REZAM
  D:0088H         SYMBOL        REZAP
  C:0B3FH         SYMBOL        REZMUL
  D:0062H         SYMBOL        REZ_A
  D:006AH         SYMBOL        REZ_A0
  D:0066H         SYMBOL        REZ_A1
  D:007BH         SYMBOL        REZ_A2
  D:009CH         SYMBOL        REZ_A3
  D:00A4H         SYMBOL        REZ_AK
  D:005EH         SYMBOL        REZ_AME
  D:00C5H         SYMBOL        REZ_DEL
  D:00C9H         SYMBOL        REZ_R
  C:2CA4H         SYMBOL        RE_HL
  C:2CACH         SYMBOL        RE_HL1
  C:2CB3H         SYMBOL        RE_HL2
  C:2CBAH         SYMBOL        RE_HL3
  C:1946H         SYMBOL        RGO23NO
  C:1AFEH         SYMBOL        RGOTO7
  C:1726H         SYMBOL        RHNOR11
  C:16EDH         SYMBOL        RHNOT1
  B:0098H.0       SYMBOL        RI
  C:1438H         SYMBOL        RI21_23
  C:1432H         SYMBOL        RI6
  C:1515H         SYMBOL        RIGBLO
  C:1553H         SYMBOL        RIGBLOK
  C:1246H         SYMBOL        RIGHT2
  C:124AH         SYMBOL        RIGHT3
  C:13BDH         SYMBOL        RIKN
  C:11A1H         SYMBOL        RIZMAN
  C:1452H         SYMBOL        RI_31
  C:15C5H         SYMBOL        RKNLEFT
  C:15B6H         SYMBOL        RKNMEM
  C:15C2H         SYMBOL        RKNNUL
  C:119EH         SYMBOL        RKNOPT
BL51 BANKED LINKER/LOCATER V4.16a           02/14/2007  11:03:22  PAGE 15


  C:119BH         SYMBOL        RKNRAZR
  C:187EH         SYMBOL        RKVVOD0
  C:1198H         SYMBOL        RLABELF
  C:15BFH         SYMBOL        RLABELH
  C:16F3H         SYMBOL        RLABELI
  C:16F0H         SYMBOL        RLABELK
  C:1414H         SYMBOL        RLABELL
  C:1588H         SYMBOL        RLABELL1
  C:148FH         SYMBOL        RLABELN
  C:1DD8H         SYMBOL        RLABELP
  C:1EECH         SYMBOL        RLABELS13
  C:1EE9H         SYMBOL        RLABELS4
  C:18E4H         SYMBOL        RLABL2
  C:18E7H         SYMBOL        RLABM
  C:1BA5H         SYMBOL        RLEFCUR
  C:2925H         SYMBOL        RLER
  C:1C3CH         SYMBOL        RLIST_43
  C:0930H         SYMBOL        RMAS4
  C:1C0CH         SYMBOL        RME21_23
  C:0B21H         SYMBOL        RMO220
  C:1495H         SYMBOL        RNNMEMB
  C:0EBBH         SYMBOL        RNO3PARN
  C:0FCFH         SYMBOL        RNOBUF0
  C:0C6FH         SYMBOL        RNOCHI0
  C:174AH         SYMBOL        RNOH37
  C:1A7CH         SYMBOL        RNOM31
  C:183BH         SYMBOL        RNOMEMK
  C:0EB9H         SYMBOL        RNORVICH
  C:0F8DH         SYMBOL        RNOT1IN
  C:0B37H         SYMBOL        RNOTESTIZM
  C:1DC4H         SYMBOL        ROUSTA
  C:1DD5H         SYMBOL        ROUSTA1
  C:1195H         SYMBOL        ROUT6
  C:15BCH         SYMBOL        ROUT7
  C:1747H         SYMBOL        ROUTF
  N:0000H         SYMBOL        RR0
  N:0001H         SYMBOL        RR1
  N:0002H         SYMBOL        RR2
  N:0003H         SYMBOL        RR3
  N:0004H         SYMBOL        RR4
  N:0005H         SYMBOL        RR5
  N:0006H         SYMBOL        RR6
  N:0007H         SYMBOL        RR7
  C:2932H         SYMBOL        RRIR
  C:0C6CH         SYMBOL        RRMO220
  B:00D0H.3       SYMBOL        RS0
  B:00D0H.4       SYMBOL        RS1
  C:0E55H         SYMBOL        RSEEIND
  D:00EFH         SYMBOL        RSTSRC
  C:131EH         SYMBOL        RTIZMRI
  C:1728H         SYMBOL        RVVIZKO
  B:00F8H.4       SYMBOL        RXOVRN
  D:00A9H         SYMBOL        SADDR0
  D:00F3H         SYMBOL        SADDR1
  D:00B9H         SYMBOL        SADEN0
  D:00AEH         SYMBOL        SADEN1
  D:0034H         SYMBOL        SADIAP
  D:0032H         SYMBOL        SADIAP2
  D:0031H         SYMBOL        SADIAP3
  D:0030H         SYMBOL        SADIAP4
  D:0036H         SYMBOL        SAUS
  D:003CH         SYMBOL        SAVBA
  C:2B36H         SYMBOL        SAVEIR2
  C:04A7H         SYMBOL        SAVELTE
  D:00D3H         SYMBOL        SAVEN_BL
BL51 BANKED LINKER/LOCATER V4.16a           02/14/2007  11:03:22  PAGE 16


  D:00C0H         SYMBOL        SAVEN_BL2
  D:00C2H         SYMBOL        SAVEN_BL3
  D:00D9H         SYMBOL        SAVEN_BL4
  C:2B42H         SYMBOL        SAVER2
  C:2C69H         SYMBOL        SAVE_HL
  C:2C70H         SYMBOL        SA_HL
  C:2C8BH         SYMBOL        SA_HL1
  C:2C92H         SYMBOL        SA_HL2
  C:2C99H         SYMBOL        SA_HL3
  D:0099H         SYMBOL        SBUF0
  D:00F2H         SYMBOL        SBUF1
  D:0098H         SYMBOL        SCON0
  D:00F1H         SYMBOL        SCON1
  C:2556H         SYMBOL        SDV
  C:256AH         SYMBOL        SDV1
  C:07C0H         SYMBOL        SDVIG0
  C:07B5H         SYMBOL        SDVIG1
  C:07AAH         SYMBOL        SDVIG2
  C:079EH         SYMBOL        SDVIG3
  C:07CFH         SYMBOL        SDVIG4
  C:07D9H         SYMBOL        SDVIG6
  C:07D7H         SYMBOL        SDVM
  C:0EC0H         SYMBOL        SEEGOON
  C:0ECEH         SYMBOL        SEEIND
  C:1D13H         SYMBOL        SEE_L43
  B:00C0H.3       SYMBOL        SI
  N:0007H         SYMBOL        SIGN
  C:1E23H         SYMBOL        SKOR19
  B:00F8H.2       SYMBOL        SLVSEL
  B:0098H.7       SYMBOL        SM0
  B:0098H.6       SYMBOL        SM1
  B:0098H.5       SYMBOL        SM2
  D:00C3H         SYMBOL        SMB0ADR
  D:00C0H         SYMBOL        SMB0CN
  D:00CFH         SYMBOL        SMB0CR
  D:00C2H         SYMBOL        SMB0DAT
  D:00C1H         SYMBOL        SMB0STA
  B:00C0H.1       SYMBOL        SMBFTE
  B:00C0H.0       SYMBOL        SMBTOE
  C:17B7H         SYMBOL        SOOTV
  D:0081H         SYMBOL        SP
  D:009AH         SYMBOL        SPI0CFG
  D:009DH         SYMBOL        SPI0CKR
  D:00F8H         SYMBOL        SPI0CN
  D:009BH         SYMBOL        SPI0DAT
  B:00F8H.0       SYMBOL        SPIEN
  B:00F8H.7       SYMBOL        SPIF
  C:1EC4H         SYMBOL        SPWRI
  C:268CH         SYMBOL        SS1
  B:00C0H.5       SYMBOL        STA
  B:00C0H.4       SYMBOL        STO
  D:00B3H         SYMBOL        SUMMA
  C:082BH         SYMBOL        SUMT2
  D:00C8H         SYMBOL        T2CON
  C:1B69H         SYMBOL        T2MSME
  D:00C9H         SYMBOL        T4CON
  C:2824H         SYMBOL        TABB1_2
  C:28BCH         SYMBOL        TABN
  C:2644H         SYMBOL        TABT11
  C:2648H         SYMBOL        TABT7
  C:2646H         SYMBOL        TABT9
  C:2630H         SYMBOL        TABUS
  C:0F0BH         SYMBOL        TAKTIND
  B:0098H.3       SYMBOL        TB8
  B:00C8H.4       SYMBOL        TCLK
BL51 BANKED LINKER/LOCATER V4.16a           02/14/2007  11:03:22  PAGE 17


  D:0088H         SYMBOL        TCON
  C:2988H         SYMBOL        TE10MS
  C:28AFH         SYMBOL        TE22
  C:28B7H         SYMBOL        TE23
  C:297EH         SYMBOL        TE2MS
  C:29C4H         SYMBOL        TEAEQU0
  C:2A00H         SYMBOL        TEAVK
  C:29CEH         SYMBOL        TEBEQU0
  C:2AB4H         SYMBOL        TEBL
  C:2ABEH         SYMBOL        TEBL0
  C:2AC8H         SYMBOL        TECH
  C:2A79H         SYMBOL        TECLE
  C:2B18H         SYMBOL        TEEND
  C:2B0EH         SYMBOL        TEERR
  C:2AA0H         SYMBOL        TEFULL
  C:2AAAH         SYMBOL        TEINT
  C:2A5BH         SYMBOL        TEIZMK
  C:2A0AH         SYMBOL        TEKALIB
  C:2A51H         SYMBOL        TEKD
  C:2A95H         SYMBOL        TELIST
  C:2AE6H         SYMBOL        TEMAX
  C:2A83H         SYMBOL        TEMEM
  C:29D8H         SYMBOL        TEMENU
  C:2AF0H         SYMBOL        TEMID
  C:2ADCH         SYMBOL        TEMIN
  C:0C1EH         SYMBOL        TEMUL
  C:2726H         SYMBOL        TENMIN
  C:2AFAH         SYMBOL        TEOLI
  C:2A6FH         SYMBOL        TEOLL
  C:2B04H         SYMBOL        TEOLR
  C:2A65H         SYMBOL        TEOUT
  C:2A47H         SYMBOL        TEPAR
  C:2A3DH         SYMBOL        TES19_2
  C:2A33H         SYMBOL        TES57_6
  C:29F6H         SYMBOL        TESKOR
  C:24F1H         SYMBOL        TEST01
  C:2520H         SYMBOL        TEST02
  C:2501H         SYMBOL        TEST04
  C:24E7H         SYMBOL        TEST1
  C:2519H         SYMBOL        TEST2
  C:1E99H         SYMBOL        TEST22
  C:1E9EH         SYMBOL        TEST23
  C:250BH         SYMBOL        TEST3
  C:24F9H         SYMBOL        TEST4
  C:2523H         SYMBOL        TEST5
  C:0F23H         SYMBOL        TEST7I
  C:0F1CH         SYMBOL        TEST9I
  C:2AD2H         SYMBOL        TESTAT
  C:24E5H         SYMBOL        TESTRS
  C:1E8DH         SYMBOL        TESTS
  C:2A15H         SYMBOL        TETE11
  C:2A29H         SYMBOL        TETE7
  C:2A1FH         SYMBOL        TETE9
  C:29E2H         SYMBOL        TETESI
  C:29ECH         SYMBOL        TETESR
  C:29BAH         SYMBOL        TEVICH
  C:2A8BH         SYMBOL        TEWR
  C:297EH         SYMBOL        TEXTT
  B:0088H.5       SYMBOL        TF0
  B:0088H.7       SYMBOL        TF1
  B:00C8H.7       SYMBOL        TF2
  D:008CH         SYMBOL        TH0
  D:008DH         SYMBOL        TH1
  D:00CDH         SYMBOL        TH2
  D:00F5H         SYMBOL        TH4
BL51 BANKED LINKER/LOCATER V4.16a           02/14/2007  11:03:22  PAGE 18


  B:0098H.1       SYMBOL        TI
  C:257AH         SYMBOL        TIM
  C:257CH         SYMBOL        TIM1
  C:257FH         SYMBOL        TIM2
  C:2581H         SYMBOL        TIM3
  C:123FH         SYMBOL        TIZMRI
  D:008AH         SYMBOL        TL0
  D:008BH         SYMBOL        TL1
  D:00CCH         SYMBOL        TL2
  D:00F4H         SYMBOL        TL4
  C:17B4H         SYMBOL        TLABELI
  D:0089H         SYMBOL        TMOD
  D:00CBH         SYMBOL        TMR2RLH
  D:00CAH         SYMBOL        TMR2RLL
  D:0091H         SYMBOL        TMR3CN
  D:0095H         SYMBOL        TMR3H
  D:0094H         SYMBOL        TMR3L
  D:0093H         SYMBOL        TMR3RLH
  D:0092H         SYMBOL        TMR3RLL
  C:1E04H         SYMBOL        TOME13
  C:1E31H         SYMBOL        TOME14
  C:1E49H         SYMBOL        TOME15
  C:1DFBH         SYMBOL        TOME21
  C:1F93H         SYMBOL        TOSK19
  C:1731H         SYMBOL        TOUTF
  B:0088H.4       SYMBOL        TR0
  B:0088H.6       SYMBOL        TR1
  B:00C8H.2       SYMBOL        TR2
  C:1321H         SYMBOL        TTOUT
  B:00F8H.3       SYMBOL        TXBSY
  C:009EH         SYMBOL        UNPACK1
  C:00BAH         SYMBOL        UNPACK2
  C:0138H         SYMBOL        UP1
  C:014BH         SYMBOL        UP2
  C:0161H         SYMBOL        UP2A
  C:2755H         SYMBOL        UPA
  C:2765H         SYMBOL        UPA1
  C:2745H         SYMBOL        UPA2
  C:2C41H         SYMBOL        UPAA
  C:27B0H         SYMBOL        UPAA4
  C:27C0H         SYMBOL        UPAB
  C:274FH         SYMBOL        UPAK
  C:2C1BH         SYMBOL        UPAK1
  C:273FH         SYMBOL        UPAK2
  C:275FH         SYMBOL        UPAK3
  C:2C3BH         SYMBOL        UPAK4
  C:27AAH         SYMBOL        UPAKA
  C:27BAH         SYMBOL        UPAKB
  C:1F0BH         SYMBOL        UPAV1
  C:1FC2H         SYMBOL        UPAV2
  C:2C2DH         SYMBOL        UPK1
  C:2C2EH         SYMBOL        UPK2
  C:2444H         SYMBOL        VICHMAX
  C:2288H         SYMBOL        VICHMEAN
  C:236BH         SYMBOL        VICHMIN
  D:00B1H         SYMBOL        VICHR
  C:0F79H         SYMBOL        VIG0
  C:0F87H         SYMBOL        VIG4
  C:12F8H         SYMBOL        VIOUT
  C:172AH         SYMBOL        VIOUTF
  C:126BH         SYMBOL        VIT2_10
  C:1BC8H         SYMBOL        VODM11_15
  D:00D5H         SYMBOL        VOLUME
  C:1E84H         SYMBOL        VV21_23
  C:28F3H         SYMBOL        VVCHIBL
BL51 BANKED LINKER/LOCATER V4.16a           02/14/2007  11:03:22  PAGE 19


  C:28CEH         SYMBOL        VVCHIF
  C:1B29H         SYMBOL        VVINTE
  C:1781H         SYMBOL        VVIZKO
  C:1FB5H         SYMBOL        VVKALI52
  C:1F6BH         SYMBOL        VVMENU
  C:28EEH         SYMBOL        VVNOL23
  C:28E9H         SYMBOL        VVNOL31
  C:28E7H         SYMBOL        VVNOL41
  C:1B61H         SYMBOL        VVOD2_10
  C:1D3FH         SYMBOL        VVOD43
  C:1DDBH         SYMBOL        VVODM11_15
  C:1D9CH         SYMBOL        VVOSTA
  C:1DB0H         SYMBOL        VVOSTAD
  C:137DH         SYMBOL        VVRR6
  B:00F8H.6       SYMBOL        WCOL
  D:00FFH         SYMBOL        WDTCN
  D:00B8H         SYMBOL        WORK
  C:2C08H         SYMBOL        WR1
  C:2C05H         SYMBOL        WRITE
  C:2585H         SYMBOL        WRITED_X1
  C:2584H         SYMBOL        WRITE_X1
  C:0480H         SYMBOL        WRPAGE
  C:0483H         SYMBOL        WW5
  D:00E1H         SYMBOL        XBR0
  D:00E2H         SYMBOL        XBR1
  D:00E3H         SYMBOL        XBR2
  C:2B22H         SYMBOL        XCIKLWR
  N:000CH         SYMBOL        XTEMP
  C:16C2H         SYMBOL        YBNUL
  C:2E70H         SYMBOL        YES
  C:077AH         SYMBOL        YES0KEY
  C:0787H         SYMBOL        YES0KEY1
  C:0C79H         SYMBOL        YESAVP
  C:0FD4H         SYMBOL        YESBUF
  C:0F25H         SYMBOL        YESIND
  C:0FD2H         SYMBOL        YESPRD
  C:261FH         SYMBOL        YESTEST
  C:1076H         SYMBOL        YESTT5
  C:0CC2H         SYMBOL        YESVICH
  C:21F1H         SYMBOL        YESVI_KM
  C:2169H         SYMBOL        YESVI_KR
  C:0659H         SYMBOL        YST1
  C:0651H         SYMBOL        YST19
  C:26A4H         SYMBOL        Z01S
  C:26B1H         SYMBOL        Z05S
  C:2675H         SYMBOL        Z100
  C:2683H         SYMBOL        Z15
  C:2697H         SYMBOL        Z1S
  C:2554H         SYMBOL        ZAPADC
  C:2BA4H         SYMBOL        ZCMP
  C:2B71H         SYMBOL        ZDIV
  C:00B3H         SYMBOL        ZER1
  C:00D4H         SYMBOL        ZER2
  C:2B67H         SYMBOL        ZMUL
  B:0020H.2       SYMBOL        ZNMAT
  C:0791H         SYMBOL        ZNPLUS
  C:2685H         SYMBOL        ZZ
  C:26A0H         SYMBOL        Z_01S
  C:26ADH         SYMBOL        Z_05S
  C:2673H         SYMBOL        Z_100
  C:2681H         SYMBOL        Z_15
  C:268AH         SYMBOL        Z_1MS
  C:2693H         SYMBOL        Z_1S
  C:267CH         SYMBOL        Z_5
  C:2C00H         SYMBOL        Z_9
BL51 BANKED LINKER/LOCATER V4.16a           02/14/2007  11:03:22  PAGE 20


  C:0000H         LINE#         15
  C:0003H         LINE#         18
  C:000BH         LINE#         20
  C:0013H         LINE#         22
  C:001BH         LINE#         24
  C:0023H         LINE#         26
  C:002BH         LINE#         28
  C:0033H         LINE#         30
  C:003BH         LINE#         32
  C:0043H         LINE#         34
  C:004BH         LINE#         36
  C:0053H         LINE#         38
  C:005BH         LINE#         41
  C:0063H         LINE#         43
  C:006BH         LINE#         45
  C:0073H         LINE#         47
  C:0093H         LINE#         49
  C:009BH         LINE#         52
  C:05C9H         LINE#         227
  C:05CCH         LINE#         228
  C:05CFH         LINE#         229
  C:05D2H         LINE#         230
  C:05D5H         LINE#         231
  C:05D8H         LINE#         232
  C:05DBH         LINE#         234
  C:05DEH         LINE#         235
  C:05E1H         LINE#         236
  C:05E4H         LINE#         238
  C:05E7H         LINE#         239
  C:05EAH         LINE#         240
  C:05EDH         LINE#         241
  C:05F0H         LINE#         242
  C:05F3H         LINE#         243
  C:05F6H         LINE#         244
  C:05F9H         LINE#         245
  C:05FCH         LINE#         246
  C:05FFH         LINE#         247
  C:0602H         LINE#         248
  C:0605H         LINE#         250
  C:0608H         LINE#         251
  C:060BH         LINE#         252
  C:060EH         LINE#         256
  C:0610H         LINE#         257
  C:0613H         LINE#         259
  C:0616H         LINE#         260
  C:0619H         LINE#         261
  C:061CH         LINE#         263
  C:061EH         LINE#         264
  C:0620H         LINE#         266
  C:0623H         LINE#         269
  C:0626H         LINE#         270
  C:0629H         LINE#         271
  C:062CH         LINE#         272
  C:062FH         LINE#         274
  C:0632H         LINE#         275
  C:0635H         LINE#         276
  C:0638H         LINE#         277
  C:063BH         LINE#         278
  C:063EH         LINE#         279
  C:0640H         LINE#         280
  C:0642H         LINE#         281
  C:0645H         LINE#         282
  C:0647H         LINE#         283
  C:064AH         LINE#         284
  C:064CH         LINE#         285
BL51 BANKED LINKER/LOCATER V4.16a           02/14/2007  11:03:22  PAGE 21


  C:064FH         LINE#         286
  C:0651H         LINE#         287
  C:0654H         LINE#         288
  C:0656H         LINE#         289
  C:0659H         LINE#         291
  C:065CH         LINE#         293
  C:065FH         LINE#         295
  C:0660H         LINE#         296
  C:0662H         LINE#         297
  C:0663H         LINE#         298
  C:0664H         LINE#         299
  C:0667H         LINE#         300
  C:0669H         LINE#         301
  C:066AH         LINE#         302
  C:066BH         LINE#         303
  C:066CH         LINE#         304
  C:066FH         LINE#         305
  C:0672H         LINE#         307
  C:0675H         LINE#         308
  C:0676H         LINE#         309
  C:0677H         LINE#         310
  C:0678H         LINE#         311
  C:067AH         LINE#         312
  C:067DH         LINE#         314
  C:067FH         LINE#         315
  C:0681H         LINE#         316
  C:0682H         LINE#         317
  C:0684H         LINE#         319
  C:0686H         LINE#         320
  C:0688H         LINE#         321
  C:0689H         LINE#         322
  C:068BH         LINE#         324
  C:068DH         LINE#         325
  C:068FH         LINE#         329
  C:0691H         LINE#         330
  C:0693H         LINE#         331
  C:0695H         LINE#         332
  C:0697H         LINE#         333
  C:0699H         LINE#         334
  C:069BH         LINE#         335
  C:069EH         LINE#         336
  C:06A0H         LINE#         337
  C:06A2H         LINE#         338
  C:06A4H         LINE#         339
  C:06A6H         LINE#         340
  C:06A8H         LINE#         342
  C:06AAH         LINE#         343
  C:06ACH         LINE#         345
  C:06AFH         LINE#         346
  C:06B2H         LINE#         347
  C:06B4H         LINE#         348
  C:06B7H         LINE#         349
  C:06B9H         LINE#         350
  C:06BCH         LINE#         351
  C:06BEH         LINE#         352
  C:06C1H         LINE#         353
  C:06C3H         LINE#         354
  C:06C6H         LINE#         355
  C:06C9H         LINE#         356
  C:06CBH         LINE#         357
  C:06CDH         LINE#         358
  C:06CEH         LINE#         359
  C:06CFH         LINE#         360
  C:06D1H         LINE#         361
  C:06D2H         LINE#         363
BL51 BANKED LINKER/LOCATER V4.16a           02/14/2007  11:03:22  PAGE 22


  C:06D5H         LINE#         364
  C:06D7H         LINE#         365
  C:06D9H         LINE#         366
  C:06DAH         LINE#         367
  C:06DBH         LINE#         368
  C:06DDH         LINE#         369
  C:06DEH         LINE#         370
  C:06E1H         LINE#         371
  C:06E3H         LINE#         372
  C:06E5H         LINE#         373
  C:06E6H         LINE#         374
  C:06E7H         LINE#         375
  C:06E9H         LINE#         376
  C:06EAH         LINE#         377
  C:06EDH         LINE#         378
  C:06EFH         LINE#         379
  C:06F1H         LINE#         380
  C:06F2H         LINE#         381
  C:06F3H         LINE#         382
  C:06F5H         LINE#         383
  C:06F6H         LINE#         384
  C:06F9H         LINE#         385
  C:06FCH         LINE#         386
  C:06FEH         LINE#         387
  C:0700H         LINE#         388
  C:0701H         LINE#         389
  C:0703H         LINE#         390
  C:0705H         LINE#         392
  C:0707H         LINE#         393
  C:0708H         LINE#         394
  C:070BH         LINE#         395
  C:070EH         LINE#         396
  C:0711H         LINE#         399
  C:0713H         LINE#         400
  C:0715H         LINE#         401
  C:0716H         LINE#         402
  C:0719H         LINE#         403
  C:071CH         LINE#         404
  C:071FH         LINE#         407
  C:0722H         LINE#         408
  C:0725H         LINE#         410
  C:0727H         LINE#         411
  C:0729H         LINE#         412
  C:072CH         LINE#         413
  C:072FH         LINE#         415
  C:0731H         LINE#         416
  C:0734H         LINE#         417
  C:0737H         LINE#         427
  C:0739H         LINE#         428
  C:073CH         LINE#         430
  C:073FH         LINE#         431
  C:0741H         LINE#         432
  C:0744H         LINE#         433
  C:0746H         LINE#         434
  C:0749H         LINE#         435
  C:074BH         LINE#         437
  C:074DH         LINE#         438
  C:074EH         LINE#         439
  C:0751H         LINE#         440
  C:0753H         LINE#         441
  C:0755H         LINE#         442
  C:0756H         LINE#         444
  C:0757H         LINE#         445
  C:0759H         LINE#         446
  C:075BH         LINE#         448
BL51 BANKED LINKER/LOCATER V4.16a           02/14/2007  11:03:22  PAGE 23


  C:075EH         LINE#         449
  C:0760H         LINE#         453
  C:0762H         LINE#         454
  C:0764H         LINE#         455
  C:0766H         LINE#         456
  C:0768H         LINE#         457
  C:076BH         LINE#         458
  C:076DH         LINE#         462
  C:076EH         LINE#         463
  C:0770H         LINE#         464
  C:0772H         LINE#         465
  C:0774H         LINE#         466
  C:0776H         LINE#         467
  C:0778H         LINE#         468
  C:077AH         LINE#         471
  C:077DH         LINE#         473
  C:077FH         LINE#         474
  C:0781H         LINE#         475
  C:0784H         LINE#         476
  C:0787H         LINE#         477
  C:078AH         LINE#         480
  C:078CH         LINE#         482
  C:078DH         LINE#         483
  C:078FH         LINE#         484
  C:0791H         LINE#         486
  C:0793H         LINE#         487
  C:0795H         LINE#         488
  C:0796H         LINE#         489
  C:0797H         LINE#         490
  C:0799H         LINE#         494
  C:079BH         LINE#         495
  C:079CH         LINE#         496
  C:079EH         LINE#         497
  C:079FH         LINE#         498
  C:07A0H         LINE#         499
  C:07A2H         LINE#         500
  C:07A3H         LINE#         501
  C:07A4H         LINE#         502
  C:07A5H         LINE#         503
  C:07A7H         LINE#         504
  C:07A8H         LINE#         505
  C:07AAH         LINE#         506
  C:07ABH         LINE#         507
  C:07ACH         LINE#         508
  C:07AEH         LINE#         509
  C:07AFH         LINE#         510
  C:07B1H         LINE#         511
  C:07B3H         LINE#         513
  C:07B5H         LINE#         514
  C:07B6H         LINE#         515
  C:07B7H         LINE#         516
  C:07B9H         LINE#         517
  C:07BAH         LINE#         518
  C:07BCH         LINE#         519
  C:07BEH         LINE#         521
  C:07C0H         LINE#         522
  C:07C1H         LINE#         523
  C:07C2H         LINE#         524
  C:07C4H         LINE#         525
  C:07C5H         LINE#         526
  C:07C7H         LINE#         527
  C:07C9H         LINE#         529
  C:07CCH         LINE#         530
  C:07CDH         LINE#         531
  C:07CFH         LINE#         532
BL51 BANKED LINKER/LOCATER V4.16a           02/14/2007  11:03:22  PAGE 24


  C:07D0H         LINE#         533
  C:07D1H         LINE#         534
  C:07D3H         LINE#         535
  C:07D5H         LINE#         536
  C:07D7H         LINE#         538
  C:07D9H         LINE#         539
  C:07DAH         LINE#         540
  C:07DBH         LINE#         541
  C:07DDH         LINE#         542
  C:07DFH         LINE#         547
  C:07E1H         LINE#         548
  C:07E2H         LINE#         549
  C:07E5H         LINE#         550
  C:07E7H         LINE#         553
  C:07E9H         LINE#         554
  C:07EBH         LINE#         555
  C:07EEH         LINE#         557
  C:07F0H         LINE#         558
  C:07F3H         LINE#         559
  C:07F5H         LINE#         560
  C:07F8H         LINE#         561
  C:07FAH         LINE#         562
  C:07FDH         LINE#         563
  C:07FFH         LINE#         564
  C:0801H         LINE#         565
  C:0803H         LINE#         566
  C:0806H         LINE#         568
  C:0809H         LINE#         569
  C:080CH         LINE#         570
  C:080FH         LINE#         571
  C:0811H         LINE#         572
  C:0814H         LINE#         573
  C:0816H         LINE#         574
  C:0819H         LINE#         576
  C:081BH         LINE#         577
  C:081EH         LINE#         579
  C:0820H         LINE#         580
  C:0822H         LINE#         581
  C:0824H         LINE#         582
  C:0825H         LINE#         583
  C:0828H         LINE#         589
  C:082BH         LINE#         592
  C:082DH         LINE#         593
  C:0830H         LINE#         594
  C:0832H         LINE#         595
  C:0835H         LINE#         596
  C:0837H         LINE#         597
  C:083AH         LINE#         598
  C:083CH         LINE#         599
  C:083EH         LINE#         600
  C:0840H         LINE#         601
  C:0843H         LINE#         603
  C:0846H         LINE#         604
  C:0848H         LINE#         608
  C:084BH         LINE#         610
  C:084DH         LINE#         611
  C:0850H         LINE#         612
  C:0852H         LINE#         613
  C:0855H         LINE#         614
  C:0857H         LINE#         615
  C:085AH         LINE#         616
  C:085CH         LINE#         617
  C:085EH         LINE#         618
  C:0860H         LINE#         619
  C:0863H         LINE#         621
BL51 BANKED LINKER/LOCATER V4.16a           02/14/2007  11:03:22  PAGE 25


  C:0866H         LINE#         622
  C:0868H         LINE#         624
  C:086BH         LINE#         626
  C:086DH         LINE#         627
  C:0870H         LINE#         628
  C:0872H         LINE#         629
  C:0875H         LINE#         630
  C:0877H         LINE#         631
  C:087AH         LINE#         632
  C:087CH         LINE#         633
  C:087EH         LINE#         634
  C:0880H         LINE#         635
  C:0883H         LINE#         637
  C:0886H         LINE#         638
  C:0888H         LINE#         641
  C:088AH         LINE#         642
  C:088CH         LINE#         643
  C:088FH         LINE#         644
  C:0891H         LINE#         645
  C:0894H         LINE#         649
  C:0896H         LINE#         650
  C:0899H         LINE#         651
  C:089CH         LINE#         652
  C:089FH         LINE#         654
  C:08A1H         LINE#         655
  C:08A4H         LINE#         656
  C:08A7H         LINE#         657
  C:08AAH         LINE#         659
  C:08ADH         LINE#         660
  C:08B0H         LINE#         661
  C:08B3H         LINE#         663
  C:08B6H         LINE#         664
  C:08B9H         LINE#         665
  C:08BCH         LINE#         666
  C:08BFH         LINE#         667
  C:08C2H         LINE#         668
  C:08C5H         LINE#         669
  C:08C8H         LINE#         670
  C:08CBH         LINE#         672
  C:08CEH         LINE#         673
  C:08D1H         LINE#         675
  C:08D4H         LINE#         676
  C:08D7H         LINE#         678
  C:08DAH         LINE#         679
  C:08DDH         LINE#         681
  C:08E0H         LINE#         682
  C:08E3H         LINE#         684
  C:08E6H         LINE#         685
  C:08E9H         LINE#         687
  C:08ECH         LINE#         690
  C:08EEH         LINE#         691
  C:08F1H         LINE#         693
  C:08F4H         LINE#         694
  C:08F7H         LINE#         696
  C:08FAH         LINE#         697
  C:08FDH         LINE#         698
  C:0900H         LINE#         699
  C:0903H         LINE#         700
  C:0906H         LINE#         701
  C:0909H         LINE#         702
  C:090CH         LINE#         703
  C:090FH         LINE#         704
  C:0912H         LINE#         705
  C:0915H         LINE#         706
  C:0918H         LINE#         707
BL51 BANKED LINKER/LOCATER V4.16a           02/14/2007  11:03:22  PAGE 26


  C:091BH         LINE#         708
  C:091EH         LINE#         709
  C:0921H         LINE#         710
  C:0924H         LINE#         711
  C:0927H         LINE#         712
  C:092AH         LINE#         713
  C:092DH         LINE#         714
  C:0930H         LINE#         716
  C:0933H         LINE#         718
  C:0936H         LINE#         719
  C:0939H         LINE#         720
  C:093CH         LINE#         721
  C:093FH         LINE#         722
  C:0942H         LINE#         723
  C:0945H         LINE#         724
  C:0948H         LINE#         725
  C:094BH         LINE#         727
  C:094EH         LINE#         728
  C:0951H         LINE#         730
  C:0954H         LINE#         731
  C:0957H         LINE#         733
  C:095AH         LINE#         734
  C:095DH         LINE#         736
  C:0960H         LINE#         737
  C:0963H         LINE#         739
  C:0966H         LINE#         740
  C:0969H         LINE#         742
  C:096CH         LINE#         743
  C:096FH         LINE#         744
  C:0972H         LINE#         746
  C:0975H         LINE#         747
  C:0978H         LINE#         748
  C:097BH         LINE#         749
  C:097EH         LINE#         750
  C:0981H         LINE#         751
  C:0984H         LINE#         752
  C:0987H         LINE#         754
  C:098AH         LINE#         755
  C:098DH         LINE#         757
  C:0990H         LINE#         758
  C:0993H         LINE#         760
  C:0996H         LINE#         761
  C:0999H         LINE#         763
  C:099CH         LINE#         764
  C:099FH         LINE#         766
  C:09A2H         LINE#         767
  C:09A5H         LINE#         769
  C:09A8H         LINE#         772
  C:09AAH         LINE#         773
  C:09ADH         LINE#         775
  C:09B0H         LINE#         776
  C:09B3H         LINE#         778
  C:09B6H         LINE#         779
  C:09B9H         LINE#         780
  C:09BCH         LINE#         781
  C:09BFH         LINE#         782
  C:09C2H         LINE#         783
  C:09C5H         LINE#         784
  C:09C8H         LINE#         785
  C:09CBH         LINE#         786
  C:09CEH         LINE#         787
  C:09D1H         LINE#         788
  C:09D4H         LINE#         789
  C:09D7H         LINE#         790
  C:09DAH         LINE#         791
BL51 BANKED LINKER/LOCATER V4.16a           02/14/2007  11:03:22  PAGE 27


  C:09DDH         LINE#         792
  C:09E0H         LINE#         793
  C:09E3H         LINE#         794
  C:09E6H         LINE#         795
  C:09E9H         LINE#         797
  C:09ECH         LINE#         798
  C:09EFH         LINE#         799
  C:09F2H         LINE#         800
  C:09F5H         LINE#         801
  C:09F8H         LINE#         802
  C:09FBH         LINE#         803
  C:09FEH         LINE#         804
  C:0A01H         LINE#         805
  C:0A04H         LINE#         806
  C:0A07H         LINE#         807
  C:0A0AH         LINE#         808
  C:0A0DH         LINE#         809
  C:0A10H         LINE#         810
  C:0A13H         LINE#         811
  C:0A16H         LINE#         812
  C:0A19H         LINE#         813
  C:0A1CH         LINE#         814
  C:0A1FH         LINE#         815
  C:0A22H         LINE#         816
  C:0A25H         LINE#         817
  C:0A27H         LINE#         820
  C:0A2AH         LINE#         821
  C:0A2DH         LINE#         822
  C:0A30H         LINE#         823
  C:0A33H         LINE#         824
  C:0A36H         LINE#         825
  C:0A39H         LINE#         828
  C:0A3BH         LINE#         829
  C:0A3EH         LINE#         831
  C:0A41H         LINE#         832
  C:0A44H         LINE#         834
  C:0A47H         LINE#         835
  C:0A4AH         LINE#         836
  C:0A4DH         LINE#         837
  C:0A50H         LINE#         838
  C:0A53H         LINE#         839
  C:0A56H         LINE#         843
  C:0A58H         LINE#         844
  C:0A59H         LINE#         845
  C:0A5AH         LINE#         846
  C:0A5DH         LINE#         848
  C:0A60H         LINE#         849
  C:0A62H         LINE#         850
  C:0A65H         LINE#         851
  C:0A67H         LINE#         852
  C:0A68H         LINE#         854
  C:0A6BH         LINE#         855
  C:0A6EH         LINE#         856
  C:0A71H         LINE#         857
  C:0A73H         LINE#         859
  C:0A76H         LINE#         860
  C:0A79H         LINE#         861
  C:0A7CH         LINE#         862
  C:0A7EH         LINE#         864
  C:0A81H         LINE#         865
  C:0A84H         LINE#         866
  C:0A87H         LINE#         867
  C:0A89H         LINE#         869
  C:0A8CH         LINE#         870
  C:0A8FH         LINE#         871
BL51 BANKED LINKER/LOCATER V4.16a           02/14/2007  11:03:22  PAGE 28


  C:0A91H         LINE#         873
  C:0A94H         LINE#         874
  C:0A95H         LINE#         875
  C:0A97H         LINE#         876
  C:0A99H         LINE#         877
  C:0A9BH         LINE#         880
  C:0A9EH         LINE#         887
  C:0AA0H         LINE#         888
  C:0AA3H         LINE#         892
  C:0AA4H         LINE#         893
  C:0AA6H         LINE#         894
  C:0AA8H         LINE#         895
  C:0AA9H         LINE#         896
  C:0AABH         LINE#         898
  C:0AAEH         LINE#         899
  C:0AB0H         LINE#         900
  C:0AB3H         LINE#         902
  C:0AB5H         LINE#         903
  C:0AB6H         LINE#         904
  C:0AB9H         LINE#         905
  C:0ABBH         LINE#         906
  C:0ABEH         LINE#         907
  C:0AC1H         LINE#         908
  C:0AC3H         LINE#         909
  C:0AC6H         LINE#         910
  C:0AC8H         LINE#         913
  C:0ACAH         LINE#         914
  C:0ACBH         LINE#         915
  C:0ACEH         LINE#         917
  C:0AD1H         LINE#         921
  C:0AD3H         LINE#         922
  C:0AD4H         LINE#         923
  C:0AD7H         LINE#         924
  C:0ADAH         LINE#         925
  C:0ADDH         LINE#         926
  C:0ADFH         LINE#         927
  C:0AE2H         LINE#         928
  C:0AE4H         LINE#         930
  C:0AE7H         LINE#         932
  C:0AE9H         LINE#         934
  C:0AEAH         LINE#         935
  C:0AECH         LINE#         936
  C:0AEEH         LINE#         937
  C:0AEFH         LINE#         938
  C:0AF1H         LINE#         949
  C:0AF3H         LINE#         950
  C:0AF6H         LINE#         952
  C:0AF9H         LINE#         953
  C:0AFBH         LINE#         954
  C:0AFEH         LINE#         955
  C:0B00H         LINE#         956
  C:0B03H         LINE#         957
  C:0B06H         LINE#         958
  C:0B08H         LINE#         959
  C:0B0BH         LINE#         960
  C:0B0EH         LINE#         962
  C:0B10H         LINE#         963
  C:0B11H         LINE#         964
  C:0B13H         LINE#         965
  C:0B15H         LINE#         966
  C:0B17H         LINE#         967
  C:0B1AH         LINE#         968
  C:0B1CH         LINE#         969
  C:0B1FH         LINE#         970
  C:0B21H         LINE#         972
BL51 BANKED LINKER/LOCATER V4.16a           02/14/2007  11:03:22  PAGE 29


  C:0B24H         LINE#         974
  C:0B26H         LINE#         975
  C:0B29H         LINE#         977
  C:0B2BH         LINE#         978
  C:0B2CH         LINE#         979
  C:0B2EH         LINE#         980
  C:0B30H         LINE#         982
  C:0B32H         LINE#         983
  C:0B35H         LINE#         984
  C:0B37H         LINE#         986
  C:0B3AH         LINE#         987
  C:0B3CH         LINE#         988
  C:0B3FH         LINE#         994
  C:0B41H         LINE#         995
  C:0B44H         LINE#         996
  C:0B47H         LINE#         997
  C:0B49H         LINE#         998
  C:0B4CH         LINE#         999
  C:0B4FH         LINE#         1000
  C:0B51H         LINE#         1001
  C:0B52H         LINE#         1002
  C:0B55H         LINE#         1005
  C:0B57H         LINE#         1006
  C:0B5AH         LINE#         1007
  C:0B5DH         LINE#         1008
  C:0B5FH         LINE#         1009
  C:0B62H         LINE#         1013
  C:0B63H         LINE#         1014
  C:0B65H         LINE#         1015
  C:0B66H         LINE#         1016
  C:0B69H         LINE#         1017
  C:0B6CH         LINE#         1018
  C:0B6FH         LINE#         1019
  C:0B71H         LINE#         1021
  C:0B74H         LINE#         1022
  C:0B76H         LINE#         1023
  C:0B79H         LINE#         1024
  C:0B7BH         LINE#         1025
  C:0B7DH         LINE#         1026
  C:0B80H         LINE#         1027
  C:0B83H         LINE#         1028
  C:0B85H         LINE#         1029
  C:0B87H         LINE#         1030
  C:0B89H         LINE#         1031
  C:0B8BH         LINE#         1032
  C:0B8DH         LINE#         1033
  C:0B8FH         LINE#         1034
  C:0B92H         LINE#         1035
  C:0B95H         LINE#         1036
  C:0B98H         LINE#         1037
  C:0B9AH         LINE#         1038
  C:0B9CH         LINE#         1039
  C:0B9EH         LINE#         1040
  C:0BA0H         LINE#         1041
  C:0BA3H         LINE#         1046
  C:0BA5H         LINE#         1047
  C:0BA7H         LINE#         1048
  C:0BA9H         LINE#         1049
  C:0BABH         LINE#         1050
  C:0BADH         LINE#         1051
  C:0BAFH         LINE#         1052
  C:0BB2H         LINE#         1053
  C:0BB5H         LINE#         1054
  C:0BB8H         LINE#         1055
  C:0BBAH         LINE#         1056
BL51 BANKED LINKER/LOCATER V4.16a           02/14/2007  11:03:22  PAGE 30


  C:0BBCH         LINE#         1057
  C:0BBEH         LINE#         1058
  C:0BC0H         LINE#         1059
  C:0BC3H         LINE#         1060
  C:0BC6H         LINE#         1061
  C:0BC9H         LINE#         1062
  C:0BCCH         LINE#         1064
  C:0BCEH         LINE#         1065
  C:0BD1H         LINE#         1066
  C:0BD3H         LINE#         1067
  C:0BD5H         LINE#         1068
  C:0BD8H         LINE#         1069
  C:0BDBH         LINE#         1070
  C:0BDDH         LINE#         1071
  C:0BDFH         LINE#         1072
  C:0BE1H         LINE#         1073
  C:0BE3H         LINE#         1074
  C:0BE5H         LINE#         1075
  C:0BE7H         LINE#         1076
  C:0BE9H         LINE#         1077
  C:0BEBH         LINE#         1078
  C:0BEDH         LINE#         1079
  C:0BF0H         LINE#         1080
  C:0BF3H         LINE#         1081
  C:0BF5H         LINE#         1082
  C:0BF7H         LINE#         1083
  C:0BF9H         LINE#         1084
  C:0BFBH         LINE#         1085
  C:0BFDH         LINE#         1086
  C:0BFFH         LINE#         1087
  C:0C01H         LINE#         1090
  C:0C04H         LINE#         1091
  C:0C07H         LINE#         1092
  C:0C0AH         LINE#         1093
  C:0C0CH         LINE#         1094
  C:0C0FH         LINE#         1095
  C:0C12H         LINE#         1097
  C:0C15H         LINE#         1098
  C:0C18H         LINE#         1099
  C:0C1BH         LINE#         1100
  C:0C1EH         LINE#         1101
  C:0C21H         LINE#         1102
  C:0C23H         LINE#         1103
  C:0C26H         LINE#         1105
  C:0C29H         LINE#         1107
  C:0C2CH         LINE#         1108
  C:0C2EH         LINE#         1109
  C:0C31H         LINE#         1110
  C:0C34H         LINE#         1111
  C:0C37H         LINE#         1112
  C:0C3AH         LINE#         1113
  C:0C3DH         LINE#         1114
  C:0C3FH         LINE#         1117
  C:0C42H         LINE#         1118
  C:0C45H         LINE#         1119
  C:0C47H         LINE#         1120
  C:0C4AH         LINE#         1123
  C:0C4CH         LINE#         1124
  C:0C4FH         LINE#         1125
  C:0C51H         LINE#         1126
  C:0C54H         LINE#         1128
  C:0C56H         LINE#         1129
  C:0C59H         LINE#         1130
  C:0C5CH         LINE#         1131
  C:0C5EH         LINE#         1132
BL51 BANKED LINKER/LOCATER V4.16a           02/14/2007  11:03:22  PAGE 31


  C:0C61H         LINE#         1134
  C:0C64H         LINE#         1136
  C:0C66H         LINE#         1137
  C:0C69H         LINE#         1138
  C:0C6CH         LINE#         1140
  C:0C6FH         LINE#         1141
  C:0C72H         LINE#         1142
  C:0C74H         LINE#         1143
  C:0C77H         LINE#         1144
  C:0C79H         LINE#         1146
  C:0C7AH         LINE#         1147
  C:0C7CH         LINE#         1148
  C:0C7DH         LINE#         1149
  C:0C80H         LINE#         1150
  C:0C83H         LINE#         1151
  C:0C86H         LINE#         1152
  C:0C88H         LINE#         1153
  C:0C8AH         LINE#         1154
  C:0C8DH         LINE#         1155
  C:0C8FH         LINE#         1157
  C:0C90H         LINE#         1158
  C:0C93H         LINE#         1159
  C:0C94H         LINE#         1161
  C:0C97H         LINE#         1163
  C:0C9AH         LINE#         1164
  C:0C9CH         LINE#         1165
  C:0C9FH         LINE#         1166
  C:0CA1H         LINE#         1167
  C:0CA4H         LINE#         1168
  C:0CA6H         LINE#         1169
  C:0CA8H         LINE#         1171
  C:0CAAH         LINE#         1172
  C:0CACH         LINE#         1173
  C:0CAEH         LINE#         1174
  C:0CB0H         LINE#         1175
  C:0CB2H         LINE#         1176
  C:0CB4H         LINE#         1177
  C:0CB7H         LINE#         1178
  C:0CBAH         LINE#         1179
  C:0CBDH         LINE#         1180
  C:0CC0H         LINE#         1181
  C:0CC2H         LINE#         1188
  C:0CC4H         LINE#         1189
  C:0CC7H         LINE#         1191
  C:0CCAH         LINE#         1192
  C:0CCBH         LINE#         1193
  C:0CCDH         LINE#         1194
  C:0CCEH         LINE#         1197
  C:0CD1H         LINE#         1198
  C:0CD4H         LINE#         1199
  C:0CD7H         LINE#         1200
  C:0CD9H         LINE#         1201
  C:0CDCH         LINE#         1202
  C:0CDFH         LINE#         1203
  C:0CE2H         LINE#         1204
  C:0CE4H         LINE#         1206
  C:0CE7H         LINE#         1207
  C:0CE9H         LINE#         1208
  C:0CEBH         LINE#         1209
  C:0CEDH         LINE#         1210
  C:0CEFH         LINE#         1211
  C:0CF1H         LINE#         1212
  C:0CF4H         LINE#         1213
  C:0CF7H         LINE#         1214
  C:0CFAH         LINE#         1215
BL51 BANKED LINKER/LOCATER V4.16a           02/14/2007  11:03:22  PAGE 32


  C:0CFDH         LINE#         1216
  C:0CFFH         LINE#         1217
  C:0D02H         LINE#         1218
  C:0D05H         LINE#         1219
  C:0D08H         LINE#         1220
  C:0D0AH         LINE#         1221
  C:0D0CH         LINE#         1222
  C:0D0EH         LINE#         1223
  C:0D10H         LINE#         1224
  C:0D13H         LINE#         1225
  C:0D15H         LINE#         1226
  C:0D18H         LINE#         1227
  C:0D1BH         LINE#         1229
  C:0D1DH         LINE#         1230
  C:0D20H         LINE#         1232
  C:0D22H         LINE#         1234
  C:0D24H         LINE#         1235
  C:0D25H         LINE#         1236
  C:0D28H         LINE#         1238
  C:0D2AH         LINE#         1239
  C:0D2DH         LINE#         1241
  C:0D30H         LINE#         1242
  C:0D33H         LINE#         1243
  C:0D36H         LINE#         1245
  C:0D38H         LINE#         1246
  C:0D3AH         LINE#         1247
  C:0D3CH         LINE#         1248
  C:0D3EH         LINE#         1249
  C:0D41H         LINE#         1250
  C:0D44H         LINE#         1251
  C:0D47H         LINE#         1252
  C:0D49H         LINE#         1253
  C:0D4BH         LINE#         1254
  C:0D4CH         LINE#         1255
  C:0D4FH         LINE#         1256
  C:0D52H         LINE#         1257
  C:0D55H         LINE#         1258
  C:0D57H         LINE#         1260
  C:0D5AH         LINE#         1261
  C:0D5DH         LINE#         1262
  C:0D60H         LINE#         1263
  C:0D63H         LINE#         1264
  C:0D66H         LINE#         1265
  C:0D69H         LINE#         1266
  C:0D6CH         LINE#         1267
  C:0D6FH         LINE#         1269
  C:0D71H         LINE#         1270
  C:0D74H         LINE#         1272
  C:0D77H         LINE#         1273
  C:0D7AH         LINE#         1274
  C:0D7DH         LINE#         1275
  C:0D7FH         LINE#         1276
  C:0D81H         LINE#         1277
  C:0D82H         LINE#         1278
  C:0D85H         LINE#         1279
[...]
  C:20CAH         LINE#         4172
  C:20CCH         LINE#         4173
  C:20CEH         LINE#         4174
  C:20D1H         LINE#         4175
  C:20D4H         LINE#         4176
  C:20D7H         LINE#         4177
  C:20DAH         LINE#         4178
  C:20DBH         LINE#         4179
  C:20DDH         LINE#         4180
  C:20DEH         LINE#         4184
  C:20E0H         LINE#         4185
  C:20E2H         LINE#         4186
  C:20E4H         LINE#         4187
  C:20E6H         LINE#         4188
  C:20E9H         LINE#         4192
  C:20EBH         LINE#         4193
  C:20EDH         LINE#         4194
  C:20EFH         LINE#         4195
  C:20F1H         LINE#         4196
  C:20F3H         LINE#         4197
  C:20F5H         LINE#         4198
  C:20F7H         LINE#         4199
  C:20F9H         LINE#         4200
  C:20FBH         LINE#         4201
  C:20FDH         LINE#         4202
  C:20FFH         LINE#         4203
  C:2101H         LINE#         4204
  C:2104H         LINE#         4205
  C:2107H         LINE#         4207
  C:2109H         LINE#         4208
  C:210BH         LINE#         4209
  C:210DH         LINE#         4210
  C:210FH         LINE#         4211
  C:2110H         LINE#         4212
  C:2111H         LINE#         4214
  C:2113H         LINE#         4215
  C:2115H         LINE#         4216
  C:2117H         LINE#         4217
  C:2118H         LINE#         4223
  C:211AH         LINE#         4224
  C:211DH         LINE#         4225
BL51 BANKED LINKER/LOCATER V4.16a           02/14/2007  11:03:22  PAGE 67


  C:2120H         LINE#         4226
  C:2123H         LINE#         4227
  C:2124H         LINE#         4228
  C:2127H         LINE#         4229
  C:212AH         LINE#         4230
  C:212CH         LINE#         4231
  C:212FH         LINE#         4232
  C:2132H         LINE#         4233
  C:2134H         LINE#         4234
  C:2137H         LINE#         4235
  C:213AH         LINE#         4236
  C:213CH         LINE#         4237
  C:213FH         LINE#         4238
  C:2142H         LINE#         4239
  C:2144H         LINE#         4241
  C:2147H         LINE#         4242
  C:214AH         LINE#         4243
  C:214CH         LINE#         4244
  C:214FH         LINE#         4245
  C:2152H         LINE#         4246
  C:2154H         LINE#         4247
  C:2157H         LINE#         4248
  C:215AH         LINE#         4249
  C:215CH         LINE#         4250
  C:215FH         LINE#         4251
  C:2162H         LINE#         4252
  C:2164H         LINE#         4255
  C:2167H         LINE#         4256
  C:2169H         LINE#         4258
  C:216CH         LINE#         4260
  C:216FH         LINE#         4261
  C:2171H         LINE#         4262
  C:2174H         LINE#         4264
  C:2177H         LINE#         4265
  C:2178H         LINE#         4266
  C:217AH         LINE#         4267
  C:217BH         LINE#         4268
  C:217EH         LINE#         4269
  C:2180H         LINE#         4270
  C:2183H         LINE#         4271
  C:2186H         LINE#         4273
  C:2189H         LINE#         4274
  C:218CH         LINE#         4275
  C:218FH         LINE#         4276
  C:2192H         LINE#         4278
  C:2194H         LINE#         4279
  C:2197H         LINE#         4282
  C:2199H         LINE#         4283
  C:219BH         LINE#         4284
  C:219DH         LINE#         4285
  C:21A0H         LINE#         4287
  C:21A3H         LINE#         4288
  C:21A5H         LINE#         4289
  C:21A8H         LINE#         4290
  C:21A9H         LINE#         4291
  C:21AAH         LINE#         4292
  C:21ABH         LINE#         4293
  C:21ACH         LINE#         4294
  C:21ADH         LINE#         4295
  C:21AEH         LINE#         4296
  C:21AFH         LINE#         4297
  C:21B0H         LINE#         4298
  C:21B1H         LINE#         4299
  C:21B2H         LINE#         4300
  C:21B3H         LINE#         4304
BL51 BANKED LINKER/LOCATER V4.16a           02/14/2007  11:03:22  PAGE 68


  C:21B6H         LINE#         4305
  C:21B8H         LINE#         4306
  C:21BBH         LINE#         4308
  C:21BDH         LINE#         4309
  C:21BFH         LINE#         4310
  C:21C2H         LINE#         4311
  C:21C5H         LINE#         4313
  C:21C7H         LINE#         4314
  C:21CAH         LINE#         4316
  C:21CCH         LINE#         4318
  C:21CFH         LINE#         4319
  C:21D0H         LINE#         4320
  C:21D1H         LINE#         4321
  C:21D3H         LINE#         4322
  C:21D4H         LINE#         4323
  C:21D5H         LINE#         4324
  C:21D6H         LINE#         4325
  C:21D8H         LINE#         4326
  C:21DBH         LINE#         4330
  C:21DDH         LINE#         4331
  C:21DFH         LINE#         4332
  C:21E2H         LINE#         4333
  C:21E5H         LINE#         4334
  C:21E8H         LINE#         4335
  C:21EBH         LINE#         4336
  C:21EEH         LINE#         4337
  C:21F1H         LINE#         4339
  C:21F3H         LINE#         4340
  C:21F5H         LINE#         4341
  C:21F8H         LINE#         4342
  C:21FBH         LINE#         4343
  C:21FDH         LINE#         4344
  C:21FFH         LINE#         4345
  C:2201H         LINE#         4346
  C:2203H         LINE#         4347
  C:2205H         LINE#         4348
  C:2207H         LINE#         4349
  C:220AH         LINE#         4350
  C:220DH         LINE#         4351
  C:2210H         LINE#         4352
  C:2212H         LINE#         4353
  C:2214H         LINE#         4354
  C:2216H         LINE#         4355
  C:2218H         LINE#         4356
  C:221BH         LINE#         4358
  C:221EH         LINE#         4359
  C:2221H         LINE#         4360
  C:2224H         LINE#         4361
  C:2226H         LINE#         4362
  C:2228H         LINE#         4363
  C:222AH         LINE#         4364
  C:222CH         LINE#         4366
  C:222EH         LINE#         4367
  C:2231H         LINE#         4368
  C:2234H         LINE#         4369
  C:2237H         LINE#         4370
  C:2239H         LINE#         4371
  C:223BH         LINE#         4372
  C:223DH         LINE#         4373
  C:223FH         LINE#         4374
  C:2242H         LINE#         4376
  C:2245H         LINE#         4377
  C:2248H         LINE#         4378
  C:224BH         LINE#         4379
  C:224EH         LINE#         4380
BL51 BANKED LINKER/LOCATER V4.16a           02/14/2007  11:03:22  PAGE 69


  C:2250H         LINE#         4381
  C:2253H         LINE#         4383
  C:2255H         LINE#         4384
  C:2257H         LINE#         4385
  C:2259H         LINE#         4386
  C:225CH         LINE#         4388
  C:225EH         LINE#         4389
  C:2261H         LINE#         4390
  C:2263H         LINE#         4392
  C:2264H         LINE#         4393
  C:2265H         LINE#         4394
  C:2266H         LINE#         4395
  C:2267H         LINE#         4396
  C:2268H         LINE#         4397
  C:2269H         LINE#         4398
  C:226AH         LINE#         4399
  C:226BH         LINE#         4400
  C:226CH         LINE#         4401
  C:226DH         LINE#         4402
  C:226EH         LINE#         4406
  C:2271H         LINE#         4407
  C:2273H         LINE#         4408
  C:2276H         LINE#         4410
  C:2278H         LINE#         4411
  C:227AH         LINE#         4412
  C:227DH         LINE#         4413
  C:2280H         LINE#         4415
  C:2282H         LINE#         4416
  C:2285H         LINE#         4417
  C:2288H         LINE#         4422
  C:228BH         LINE#         4423
  C:228DH         LINE#         4424
  C:228FH         LINE#         4425
  C:2290H         LINE#         4426
  C:2291H         LINE#         4427
  C:2293H         LINE#         4428
  C:2294H         LINE#         4429
  C:2296H         LINE#         4430
  C:2299H         LINE#         4431
  C:229BH         LINE#         4432
  C:229DH         LINE#         4433
  C:22A0H         LINE#         4434
  C:22A2H         LINE#         4435
  C:22A3H         LINE#         4436
  C:22A5H         LINE#         4437
  C:22A6H         LINE#         4439
  C:22A8H         LINE#         4440
  C:22A9H         LINE#         4441
  C:22ABH         LINE#         4442
  C:22ACH         LINE#         4443
  C:22ADH         LINE#         4444
  C:22AFH         LINE#         4446
  C:22B0H         LINE#         4447
  C:22B2H         LINE#         4448
  C:22B4H         LINE#         4449
  C:22B6H         LINE#         4450
  C:22B8H         LINE#         4451
  C:22BAH         LINE#         4452
  C:22BCH         LINE#         4454
  C:22BEH         LINE#         4455
  C:22C0H         LINE#         4456
  C:22C1H         LINE#         4457
  C:22C2H         LINE#         4458
  C:22C4H         LINE#         4459
  C:22C5H         LINE#         4461
BL51 BANKED LINKER/LOCATER V4.16a           02/14/2007  11:03:22  PAGE 70


  C:22C6H         LINE#         4462
  C:22C8H         LINE#         4463
  C:22C9H         LINE#         4464
  C:22CAH         LINE#         4465
  C:22CCH         LINE#         4466
  C:22CEH         LINE#         4467
  C:22CFH         LINE#         4468
  C:22D0H         LINE#         4469
  C:22D2H         LINE#         4473
  C:22D5H         LINE#         4474
  C:22D8H         LINE#         4475
  C:22DBH         LINE#         4476
  C:22DDH         LINE#         4477
  C:22E0H         LINE#         4478
  C:22E3H         LINE#         4479
  C:22E5H         LINE#         4480
  C:22E8H         LINE#         4481
  C:22EAH         LINE#         4482
  C:22EBH         LINE#         4483
  C:22EDH         LINE#         4485
  C:22F0H         LINE#         4486
  C:22F3H         LINE#         4487
  C:22F6H         LINE#         4488
  C:22F8H         LINE#         4489
  C:22FBH         LINE#         4490
  C:22FEH         LINE#         4491
  C:2300H         LINE#         4492
  C:2303H         LINE#         4493
  C:2304H         LINE#         4494
  C:2305H         LINE#         4495
  C:2306H         LINE#         4496
  C:2307H         LINE#         4497
  C:2309H         LINE#         4498
  C:230AH         LINE#         4499
  C:230CH         LINE#         4500
  C:230DH         LINE#         4501
  C:2310H         LINE#         4502
  C:2313H         LINE#         4503
  C:2315H         LINE#         4504
  C:2318H         LINE#         4505
  C:231BH         LINE#         4506
  C:231EH         LINE#         4507
  C:2321H         LINE#         4508
  C:2324H         LINE#         4509
  C:2327H         LINE#         4510
  C:232AH         LINE#         4511
  C:232CH         LINE#         4512
  C:232FH         LINE#         4515
  C:2331H         LINE#         4516
  C:2333H         LINE#         4517
  C:2336H         LINE#         4519
  C:2338H         LINE#         4520
  C:233AH         LINE#         4521
  C:233CH         LINE#         4522
  C:233DH         LINE#         4523
  C:233FH         LINE#         4524
  C:2340H         LINE#         4525
  C:2341H         LINE#         4526
  C:2342H         LINE#         4527
  C:2344H         LINE#         4528
  C:2346H         LINE#         4529
  C:2348H         LINE#         4530
  C:234BH         LINE#         4531
  C:234DH         LINE#         4532
  C:2350H         LINE#         4533
BL51 BANKED LINKER/LOCATER V4.16a           02/14/2007  11:03:22  PAGE 71


  C:2351H         LINE#         4536
  C:2352H         LINE#         4537
  C:2353H         LINE#         4538
  C:2354H         LINE#         4539
  C:2355H         LINE#         4540
  C:2356H         LINE#         4541
  C:2357H         LINE#         4542
  C:2358H         LINE#         4543
  C:2359H         LINE#         4544
  C:235AH         LINE#         4545
  C:235BH         LINE#         4546
  C:235CH         LINE#         4547
  C:235DH         LINE#         4549
  C:235EH         LINE#         4550
  C:2360H         LINE#         4551
  C:2362H         LINE#         4552
  C:2364H         LINE#         4553
  C:2366H         LINE#         4554
  C:2368H         LINE#         4555
  C:236AH         LINE#         4556
  C:236BH         LINE#         4560
  C:236EH         LINE#         4563
  C:2371H         LINE#         4565
  C:2373H         LINE#         4567
  C:2374H         LINE#         4568
  C:2375H         LINE#         4569
  C:2376H         LINE#         4570
  C:2377H         LINE#         4571
  C:2378H         LINE#         4572
  C:2379H         LINE#         4573
  C:237AH         LINE#         4574
  C:237BH         LINE#         4575
  C:237CH         LINE#         4576
  C:237DH         LINE#         4577
  C:237EH         LINE#         4578
  C:237FH         LINE#         4579
  C:2380H         LINE#         4580
  C:2381H         LINE#         4581
  C:2382H         LINE#         4583
  C:2384H         LINE#         4584
  C:2387H         LINE#         4585
  C:238AH         LINE#         4586
  C:238CH         LINE#         4587
  C:238FH         LINE#         4589
  C:2392H         LINE#         4592
  C:2394H         LINE#         4593
  C:2396H         LINE#         4594
  C:2397H         LINE#         4595
  C:2398H         LINE#         4596
  C:239AH         LINE#         4597
  C:239BH         LINE#         4599
  C:239DH         LINE#         4600
  C:239FH         LINE#         4601
  C:23A2H         LINE#         4602
  C:23A4H         LINE#         4603
  C:23A5H         LINE#         4604
  C:23A7H         LINE#         4605
  C:23A8H         LINE#         4607
  C:23AAH         LINE#         4608
  C:23ABH         LINE#         4609
  C:23ADH         LINE#         4610
  C:23AEH         LINE#         4611
  C:23AFH         LINE#         4612
  C:23B1H         LINE#         4614
  C:23B2H         LINE#         4615
BL51 BANKED LINKER/LOCATER V4.16a           02/14/2007  11:03:22  PAGE 72


  C:23B4H         LINE#         4616
  C:23B6H         LINE#         4617
  C:23B8H         LINE#         4618
  C:23BAH         LINE#         4619
  C:23BCH         LINE#         4620
  C:23BEH         LINE#         4622
  C:23C0H         LINE#         4623
  C:23C2H         LINE#         4624
  C:23C3H         LINE#         4625
  C:23C4H         LINE#         4626
  C:23C6H         LINE#         4627
  C:23C7H         LINE#         4629
  C:23C8H         LINE#         4630
  C:23CAH         LINE#         4631
  C:23CBH         LINE#         4632
  C:23CCH         LINE#         4633
  C:23CEH         LINE#         4634
  C:23D0H         LINE#         4635
  C:23D1H         LINE#         4636
  C:23D2H         LINE#         4637
  C:23D4H         LINE#         4641
  C:23D6H         LINE#         4642
  C:23D9H         LINE#         4644
  C:23DCH         LINE#         4645
  C:23DFH         LINE#         4647
  C:23E2H         LINE#         4649
  C:23E5H         LINE#         4650
  C:23E7H         LINE#         4651
  C:23E9H         LINE#         4652
  C:23ECH         LINE#         4653
  C:23EEH         LINE#         4654
  C:23EFH         LINE#         4655
  C:23F1H         LINE#         4657
  C:23F3H         LINE#         4658
  C:23F6H         LINE#         4660
  C:23F9H         LINE#         4661
  C:23FCH         LINE#         4663
  C:23FFH         LINE#         4665
  C:2402H         LINE#         4666
  C:2404H         LINE#         4667
  C:2406H         LINE#         4668
  C:2409H         LINE#         4671
  C:240BH         LINE#         4672
  C:240EH         LINE#         4676
  C:2411H         LINE#         4677
  C:2414H         LINE#         4678
  C:2417H         LINE#         4679
  C:241AH         LINE#         4681
  C:241DH         LINE#         4682
  C:241FH         LINE#         4683
  C:2422H         LINE#         4686
  C:2424H         LINE#         4687
  C:2426H         LINE#         4688
  C:2429H         LINE#         4690
  C:242BH         LINE#         4691
  C:242DH         LINE#         4692
  C:242FH         LINE#         4693
  C:2430H         LINE#         4694
  C:2432H         LINE#         4695
  C:2433H         LINE#         4696
  C:2434H         LINE#         4697
  C:2435H         LINE#         4698
  C:2437H         LINE#         4699
  C:2439H         LINE#         4700
  C:243BH         LINE#         4701
BL51 BANKED LINKER/LOCATER V4.16a           02/14/2007  11:03:22  PAGE 73


  C:243EH         LINE#         4702
  C:2440H         LINE#         4703
  C:2443H         LINE#         4704
  C:2444H         LINE#         4710
  C:2447H         LINE#         4714
  C:244AH         LINE#         4716
  C:244CH         LINE#         4718
  C:244DH         LINE#         4719
  C:244EH         LINE#         4720
  C:244FH         LINE#         4721
  C:2450H         LINE#         4722
  C:2451H         LINE#         4723
  C:2452H         LINE#         4724
  C:2453H         LINE#         4725
  C:2454H         LINE#         4726
  C:2455H         LINE#         4727
  C:2456H         LINE#         4728
  C:2457H         LINE#         4729
  C:2458H         LINE#         4730
  C:2459H         LINE#         4731
  C:245AH         LINE#         4732
  C:245BH         LINE#         4734
  C:245DH         LINE#         4735
  C:2460H         LINE#         4736
  C:2463H         LINE#         4737
  C:2465H         LINE#         4738
  C:2468H         LINE#         4740
  C:246BH         LINE#         4743
  C:246DH         LINE#         4744
  C:246FH         LINE#         4745
  C:2470H         LINE#         4746
  C:2471H         LINE#         4747
  C:2473H         LINE#         4748
  C:2474H         LINE#         4750
  C:2476H         LINE#         4751
  C:2478H         LINE#         4752
  C:247BH         LINE#         4753
  C:247DH         LINE#         4754
  C:247EH         LINE#         4755
  C:2480H         LINE#         4756
  C:2481H         LINE#         4758
  C:2483H         LINE#         4759
  C:2484H         LINE#         4760
  C:2486H         LINE#         4761
  C:2487H         LINE#         4762
  C:2488H         LINE#         4763
  C:248AH         LINE#         4765
  C:248BH         LINE#         4766
  C:248DH         LINE#         4767
  C:248FH         LINE#         4768
  C:2491H         LINE#         4769
  C:2493H         LINE#         4770
  C:2495H         LINE#         4771
  C:2497H         LINE#         4773
  C:2499H         LINE#         4774
  C:249BH         LINE#         4775
  C:249CH         LINE#         4776
  C:249DH         LINE#         4777
  C:249FH         LINE#         4778
  C:24A0H         LINE#         4780
  C:24A1H         LINE#         4781
  C:24A3H         LINE#         4782
  C:24A4H         LINE#         4783
  C:24A5H         LINE#         4784
  C:24A7H         LINE#         4785
BL51 BANKED LINKER/LOCATER V4.16a           02/14/2007  11:03:22  PAGE 74


  C:24A9H         LINE#         4786
  C:24AAH         LINE#         4787
  C:24ABH         LINE#         4788
  C:24ADH         LINE#         4792
  C:24AFH         LINE#         4793
  C:24B2H         LINE#         4795
  C:24B5H         LINE#         4796
  C:24B8H         LINE#         4798
  C:24BBH         LINE#         4800
  C:24BEH         LINE#         4801
  C:24C0H         LINE#         4802
  C:24C2H         LINE#         4803
  C:24C5H         LINE#         4804
  C:24C7H         LINE#         4805
  C:24C8H         LINE#         4806
  C:24CAH         LINE#         4807
  C:24CCH         LINE#         4808
  C:24CFH         LINE#         4810
  C:24D2H         LINE#         4811
  C:24D5H         LINE#         4813
  C:24D8H         LINE#         4815
  C:24DBH         LINE#         4816
  C:24DDH         LINE#         4817
  C:24DFH         LINE#         4818
  C:24E2H         LINE#         4821
  -------         ENDMOD        MAIN

LINK/LOCATE RUN COMPLETE.  0 WARNING(S),  0 ERROR(S)
