BL51 BANKED LINKER/LOCATER V4.16a             02/26/2007  12:28:42  PAGE 1


BL51 BANKED LINKER/LOCATER V4.16a, INVOKED BY:
D:\PROGRAM FILES\CYGNAL\IDEFILES\C51\BIN\BL51.EXE D:\AMP\AMP33_2.OBJ TO D:\AMP
>> \AMP33_2 RS (256) PL (68) PW (78)


INPUT MODULES INCLUDED:
  D:\AMP\AMP33_2.OBJ (MAIN)


LINK MAP OF MODULE:  D:\AMP\AMP33_2 (MAIN)


            TYPE    BASE      LENGTH    RELOCATION   SEGMENT NAME
            -----------------------------------------------------

            * * * * * * *   D A T A   M E M O R Y   * * * * * * *
            REG     0000H     0008H     ABSOLUTE     "REG BANK 0"

            * * * * * * *   C O D E   M E M O R Y   * * * * * * *
            CODE    0000H     04C9H     ABSOLUTE     
            CODE    04C9H     2C0CH     UNIT         MAIN



SYMBOL TABLE OF MODULE:  D:\AMP\AMP33_2 (MAIN)

  VALUE           TYPE          NAME
  ----------------------------------

  -------         MODULE        MAIN
  C:04C9H         SEGMENT       MAIN
  X:0100H         PUBLIC        MASS0
  B:00C0H.2       SYMBOL        AA
  C:087DH         SYMBOL        AAPAR
  D:004FH         SYMBOL        ABIN
  C:28E7H         SYMBOL        ABRET
  C:03F3H         SYMBOL        ABTOF
  B:00D0H.6       SYMBOL        AC
  D:00E0H         SYMBOL        ACC
  B:00E8H.4       SYMBOL        AD0BUSY
  B:00E8H.7       SYMBOL        AD0EN
  B:00E8H.5       SYMBOL        AD0INT
  B:00E8H.0       SYMBOL        AD0LJST
  B:00E8H.2       SYMBOL        AD0STM0
  B:00E8H.3       SYMBOL        AD0STM1
  B:00E8H.6       SYMBOL        AD0TM
  B:00E8H.1       SYMBOL        AD0WINT
  D:00BCH         SYMBOL        ADC0CF
  D:00E8H         SYMBOL        ADC0CN
  D:00C5H         SYMBOL        ADC0GTH
  D:00C4H         SYMBOL        ADC0GTL
  D:00BFH         SYMBOL        ADC0H
  D:00BEH         SYMBOL        ADC0L
  D:00C7H         SYMBOL        ADC0LTH
  D:00C6H         SYMBOL        ADC0LTL
  D:009CH         SYMBOL        ADC1
  D:00ABH         SYMBOL        ADC1CF
  D:00AAH         SYMBOL        ADC1CN
  C:30ACH         SYMBOL        ADDX
  D:0053H         SYMBOL        ADEC
  C:2D60H         SYMBOL        ADRBLOK
  C:0B74H         SYMBOL        AFTERK
  C:0717H         SYMBOL        AGE2
  C:0D3AH         SYMBOL        AGE9
  C:0725H         SYMBOL        AGEON
  C:081BH         SYMBOL        ALLSUM
BL51 BANKED LINKER/LOCATER V4.16a           02/26/2007  12:28:42  PAGE 2


  C:2FF3H         SYMBOL        ALMUL
  C:0402H         SYMBOL        ALTOF
  C:041EH         SYMBOL        ALTOF1
  D:00BAH         SYMBOL        AMX0CF
  D:00BBH         SYMBOL        AMX0SL
  D:00ACH         SYMBOL        AMX1SL
  C:0ADAH         SYMBOL        ANKOR
  C:16C2H         SYMBOL        AN_T7
  C:114AH         SYMBOL        AUTOKA
  C:0CA5H         SYMBOL        AVPGO
  C:0B36H         SYMBOL        AVTDEC1
  C:03FCH         SYMBOL        AWTOF
  D:00F0H         SYMBOL        B
  C:05C9H         SYMBOL        BEGIN
  C:2C9DH         SYMBOL        BFORM
  B:0021H.5       SYMBOL        BIFL_KT
  C:2E0FH         SYMBOL        BIN30
  C:2E13H         SYMBOL        BIN31
  C:2E23H         SYMBOL        BIN32
  C:2E34H         SYMBOL        BIN41
  C:2E03H         SYMBOL        BINDEC
  B:0023H.2       SYMBOL        BITAKT
  B:0020H.5       SYMBOL        BITAVP
  B:0021H.2       SYMBOL        BITBON
  B:0021H.0       SYMBOL        BITBUF
  B:0022H.5       SYMBOL        BITEIZM
  B:0020H.4       SYMBOL        BITIZM
  B:0022H.2       SYMBOL        BITKLB
  B:0020H.1       SYMBOL        BITMAS
  B:0021H.3       SYMBOL        BITMEM
  B:0022H.1       SYMBOL        BITMENU
  B:0023H.1       SYMBOL        BITMIG
  B:0021H.7       SYMBOL        BITNUL
  B:0022H.7       SYMBOL        BITOLL
  B:0022H.6       SYMBOL        BITPAR
  B:0021H.1       SYMBOL        BITPRD
  B:0020H.3       SYMBOL        BITRS
  B:0022H.0       SYMBOL        BITT2
  B:0022H.3       SYMBOL        BITV19
  B:0020H.6       SYMBOL        BITVI11
  B:0022H.4       SYMBOL        BITVICH
  B:0020H.0       SYMBOL        BITZNAK
  B:0023H.3       SYMBOL        BITZNB
  B:0020H.7       SYMBOL        BITZUS
  C:1B60H         SYMBOL        BLOIN
  C:1B32H         SYMBOL        BLOKVV
  C:1B3CH         SYMBOL        BLOKVVC
  C:1AFDH         SYMBOL        BL_LI
  C:111DH         SYMBOL        BONPART
  C:189BH         SYMBOL        BOUT7
  C:2728H         SYMBOL        BRET
  C:0E82H         SYMBOL        BUFDEC
  D:0040H         SYMBOL        BUFIND
  C:25D2H         SYMBOL        BUFL_DEC
  C:2429H         SYMBOL        BUFMEA
  C:251CH         SYMBOL        BUFMIN
  C:12A3H         SYMBOL        BUFON
  C:0DDFH         SYMBOL        BUFR
  C:0DC1H         SYMBOL        BUFR2
  C:0DBAH         SYMBOL        BUFR3
  C:0DBDH         SYMBOL        BUFR30
  B:00D8H.0       SYMBOL        CCF0
  B:00D8H.1       SYMBOL        CCF1
  B:00D8H.2       SYMBOL        CCF2
  B:00D8H.3       SYMBOL        CCF3
BL51 BANKED LINKER/LOCATER V4.16a           02/26/2007  12:28:42  PAGE 3


  B:00D8H.4       SYMBOL        CCF4
  C:01F7H         SYMBOL        CDONE
  D:0020H         SYMBOL        CELLBIT
  D:0021H         SYMBOL        CELLBIT1
  D:0022H         SYMBOL        CELLBIT2
  D:0023H         SYMBOL        CELLBIT3
  C:01E2H         SYMBOL        CEXP
  B:00D8H.7       SYMBOL        CF
  C:27CBH         SYMBOL        CH0
  C:27EBH         SYMBOL        CH1
  C:27CFH         SYMBOL        CH10
  C:27E3H         SYMBOL        CH100
  C:27DFH         SYMBOL        CH10000
  C:2833H         SYMBOL        CH150H
  C:27E7H         SYMBOL        CH2
  C:29AEH         SYMBOL        CH20
  C:2813H         SYMBOL        CH2THO
  C:282FH         SYMBOL        CH320H
  C:27D7H         SYMBOL        CH4
  C:1D6BH         SYMBOL        CH43
  C:1E11H         SYMBOL        CH43_42
  C:27D3H         SYMBOL        CH5
  C:29AAH         SYMBOL        CH57
  C:27DBH         SYMBOL        CH954
  C:19ABH         SYMBOL        CHAIBL
  C:1CC0H         SYMBOL        CHAIPR
  C:1472H         SYMBOL        CHANMA
  C:1459H         SYMBOL        CHANZ
  D:0081H         SYMBOL        CHAVT
  D:009BH         SYMBOL        CHBEFORE
  D:00D6H         SYMBOL        CHBLOK
  D:00CFH         SYMBOL        CHBUF
  X:0E00H         SYMBOL        CHBUF1
  C:26CBH         SYMBOL        CHCMP
  C:26DEH         SYMBOL        CHDEC
  D:0083H         SYMBOL        CHDEL
  C:1108H         SYMBOL        CHDELMO
  C:29F3H         SYMBOL        CHIF
  C:29FBH         SYMBOL        CHIF5
  C:2A1EH         SYMBOL        CHIFB
  C:2A24H         SYMBOL        CHIFB1
  C:2A2CH         SYMBOL        CHIFL5
  C:2A0DH         SYMBOL        CHIFOUR
  D:00ACH         SYMBOL        CHIND
  D:0033H         SYMBOL        CHIND2
  D:0098H         SYMBOL        CHINKOR
  C:282BH         SYMBOL        CHK
  D:003DH         SYMBOL        CHKL
  D:006EH         SYMBOL        CHMAS
  D:003FH         SYMBOL        CHMASN
  C:2D45H         SYMBOL        CHMINUS
  C:2675H         SYMBOL        CHTADC
  C:280BH         SYMBOL        CHTHO
  C:28B2H         SYMBOL        CHTHOU
  C:27C7H         SYMBOL        CHZAP
  C:27F3H         SYMBOL        CH_1
  C:2823H         SYMBOL        CH_10
  C:281FH         SYMBOL        CH_10TH
  C:27F7H         SYMBOL        CH_2
  C:281BH         SYMBOL        CH_200
  C:2817H         SYMBOL        CH_220
  C:28F0H         SYMBOL        CH_22T
  C:2827H         SYMBOL        CH_250
  C:27FBH         SYMBOL        CH_4
  C:27FFH         SYMBOL        CH_5
BL51 BANKED LINKER/LOCATER V4.16a           02/26/2007  12:28:42  PAGE 4


  C:28ECH         SYMBOL        CH_500
  C:2803H         SYMBOL        CH_7
  C:2807H         SYMBOL        CH_953
  C:28E8H         SYMBOL        CH_B
  C:28F4H         SYMBOL        CH_FL
  C:2837H         SYMBOL        CH_M3
  C:27EFH         SYMBOL        CH_MLN
  C:2C73H         SYMBOL        CIKLWR
  D:008EH         SYMBOL        CKCON
  C:2849H         SYMBOL        CL4
  C:284FH         SYMBOL        CL4N
  C:1DFEH         SYMBOL        CLE20
  C:043EH         SYMBOL        CLE256
  C:2DFDH         SYMBOL        CLEAR
  C:2846H         SYMBOL        CLEAR4
  C:284EH         SYMBOL        CLEARN
  C:2C63H         SYMBOL        CLMASSIX
  C:0CAAH         SYMBOL        CLMASV
  C:2C68H         SYMBOL        CLMAX
  C:2DFEH         SYMBOL        CLR11
  C:2DF7H         SYMBOL        CLRDEC
  C:2DFBH         SYMBOL        CLRNUM
  C:180BH         SYMBOL        CLRVICH
  N:0006H         SYMBOL        CNTR
  C:27AFH         SYMBOL        CO02S
  C:27BCH         SYMBOL        CO05S
  C:27A6H         SYMBOL        CO1S
  C:27A2H         SYMBOL        CO2S
  C:0D56H         SYMBOL        COMPA1
  C:0D8CH         SYMBOL        COMPA2
  C:2CD7H         SYMBOL        COND
  C:049FH         SYMBOL        COPY1
  C:0499H         SYMBOL        COPYPP
  D:00D7H         SYMBOL        COPY_HL
  C:2784H         SYMBOL        COUNT
  B:00C8H.0       SYMBOL        CPRL2
  D:009EH         SYMBOL        CPT0CN
  D:009FH         SYMBOL        CPT1CN
  B:00D8H.6       SYMBOL        CR
  C:278BH         SYMBOL        CT
  B:00C8H.1       SYMBOL        CT2
  B:00D0H.7       SYMBOL        CY
  D:00D4H         SYMBOL        DAC0CN
  D:00D3H         SYMBOL        DAC0H
  D:00D2H         SYMBOL        DAC0L
  D:00D7H         SYMBOL        DAC1CN
  D:00D6H         SYMBOL        DAC1H
  D:00D5H         SYMBOL        DAC1L
  C:2CDCH         SYMBOL        DCOA
  C:2CE3H         SYMBOL        DCOB
  C:2CEEH         SYMBOL        DCOC
  C:2CFBH         SYMBOL        DCOD
  C:1AB2H         SYMBOL        DDOUTF
  C:198FH         SYMBOL        DDOUTFR
  C:2E50H         SYMBOL        DEC30
  C:2E55H         SYMBOL        DEC31
  C:2E65H         SYMBOL        DEC32
  C:2E43H         SYMBOL        DECBIN
  N:000AH         SYMBOL        DECSIZE
  C:2E6EH         SYMBOL        DECT2
  C:30C3H         SYMBOL        DEDPTR
  C:0133H         SYMBOL        DENORM
  C:1C44H         SYMBOL        DGOTO7
  D:00AEH         SYMBOL        DIAP
  C:12C8H         SYMBOL        DIINC
BL51 BANKED LINKER/LOCATER V4.16a           02/26/2007  12:28:42  PAGE 5


  C:2982H         SYMBOL        DIKDN
  C:289AH         SYMBOL        DIKDW
  C:28B0H         SYMBOL        DIKM
  C:28AEH         SYMBOL        DIPAR
  C:02DDH         SYMBOL        DIV1
  C:0320H         SYMBOL        DIV2
  C:030DH         SYMBOL        DIV3
  C:0336H         SYMBOL        DIV9
  C:2F2EH         SYMBOL        DIVIDE
  C:2E9DH         SYMBOL        DONE
  C:2E9BH         SYMBOL        DONE1
  C:2FB7H         SYMBOL        DOSH
  C:2FA5H         SYMBOL        DOSUB
  D:0083H         SYMBOL        DPH
  D:0082H         SYMBOL        DPL
  C:0F63H         SYMBOL        DVIG0
  C:0F58H         SYMBOL        DVIG1
  C:0F4DH         SYMBOL        DVIG2
  C:0F41H         SYMBOL        DVIG3
  C:0F6FH         SYMBOL        DVIG4
  C:0F91H         SYMBOL        DVIG6
  C:0F8FH         SYMBOL        DVM
  B:00A8H.7       SYMBOL        EA
  D:00E6H         SYMBOL        EIE1
  D:00E7H         SYMBOL        EIE2
  D:00F6H         SYMBOL        EIP1
  D:00F7H         SYMBOL        EIP2
  D:00A3H         SYMBOL        EMI0CF
  D:00AFH         SYMBOL        EMI0CN
  D:00A1H         SYMBOL        EMI0TC
  C:2259H         SYMBOL        ENDKALIB
  C:0F95H         SYMBOL        ENDSDV
  C:0A68H         SYMBOL        ENDSUM
  B:00C0H.6       SYMBOL        ENSMB
  C:0D87H         SYMBOL        EQU0
  C:0DA5H         SYMBOL        EQU00
  C:15AEH         SYMBOL        EQU1L
  C:1B18H         SYMBOL        EQU2L
  C:2178H         SYMBOL        ERRA0
  C:0CC0H         SYMBOL        ERRA01
  C:2A89H         SYMBOL        ERROR
  B:00A8H.4       SYMBOL        ES
  B:00A8H.1       SYMBOL        ET0
  B:00A8H.3       SYMBOL        ET1
  B:00A8H.5       SYMBOL        ET2
  B:00A8H.0       SYMBOL        EX0
  B:00A8H.2       SYMBOL        EX1
  B:00C8H.3       SYMBOL        EXEN2
  B:00C8H.6       SYMBOL        EXF2
  N:0000H         SYMBOL        EXP1
  N:0001H         SYMBOL        EXP2
  C:0687H         SYMBOL        EXTCLE
  B:00D0H.5       SYMBOL        F0
  B:00D0H.1       SYMBOL        F1
  C:2893H         SYMBOL        FINDEXT
  C:2884H         SYMBOL        FINDKOEF
  C:1512H         SYMBOL        FINDMEM
  C:29DBH         SYMBOL        FINDR
  C:2FE2H         SYMBOL        FINIS
  D:00B7H         SYMBOL        FLACL
  C:0166H         SYMBOL        FLADD
  C:01D6H         SYMBOL        FLCMP
  C:02B7H         SYMBOL        FLDIV
  C:0203H         SYMBOL        FLMUL
  C:01E1H         SYMBOL        FLOUT
BL51 BANKED LINKER/LOCATER V4.16a           02/26/2007  12:28:42  PAGE 6


  D:00B6H         SYMBOL        FLSCL
  C:01D1H         SYMBOL        FLSUB
  C:01F8H         SYMBOL        FND
  C:2C9AH         SYMBOL        FO1M
  C:2CA3H         SYMBOL        FO2M
  C:2CA4H         SYMBOL        FORM4
  C:13B2H         SYMBOL        FT1IZM
  C:0343H         SYMBOL        FTOL
  C:037CH         SYMBOL        FTOL1
  C:039EH         SYMBOL        FTOL2
  C:03C4H         SYMBOL        FTOL22
  C:03A2H         SYMBOL        FTOL23
  C:03B5H         SYMBOL        FTOL24
  C:03C2H         SYMBOL        FTOL25
  C:03E4H         SYMBOL        FTOL26
  C:038AH         SYMBOL        FTOL3
  C:038EH         SYMBOL        FTOL33
  C:0371H         SYMBOL        FTOL4
  C:0381H         SYMBOL        FTOL9
  C:22C8H         SYMBOL        FULKALIB
  C:060EH         SYMBOL        GENER
  C:1A77H         SYMBOL        GO23NO
  C:15B4H         SYMBOL        GO31L
  C:15B9H         SYMBOL        GO41L
  C:0C60H         SYMBOL        GOA2
  C:0C6AH         SYMBOL        GOA3A2
  C:10A1H         SYMBOL        GOCIKLE
  C:1AAAH         SYMBOL        GOFULL
  C:2196H         SYMBOL        GOGO7
  C:0C88H         SYMBOL        GOKAA2
  C:128BH         SYMBOL        GOKLB
  C:19FEH         SYMBOL        GOOFF1
  C:1A1CH         SYMBOL        GOOFF2
  C:1A3AH         SYMBOL        GOOFF3
  C:1A58H         SYMBOL        GOOFF4
  C:0C7AH         SYMBOL        GOONIN
  C:0E21H         SYMBOL        GOONIN1
  C:0E59H         SYMBOL        GOONIND
  C:19B7H         SYMBOL        GOONOFF
  C:1021H         SYMBOL        GOONT
  C:1FFAH         SYMBOL        GOPAROL
  C:1EE4H         SYMBOL        GOPAROM
  C:07F9H         SYMBOL        GOPART
  C:14E3H         SYMBOL        GOSK19
  C:16C2H         SYMBOL        GOTO7
  C:0AFBH         SYMBOL        GOTOKD
  C:1003H         SYMBOL        GOTOSTROB
  C:1240H         SYMBOL        GOUT6
  C:1CE4H         SYMBOL        GOVVLIST
  C:07ABH         SYMBOL        GOZNAK
  C:1816H         SYMBOL        HNOR11
  C:17BEH         SYMBOL        HNOR12
  C:185FH         SYMBOL        HNOT1
  C:178CH         SYMBOL        HNOT2
  C:17B4H         SYMBOL        HR12
  C:17AEH         SYMBOL        HVI1113
  D:00A8H         SYMBOL        IE
  B:0088H.1       SYMBOL        IE0
  B:0088H.3       SYMBOL        IE1
  C:1788H         SYMBOL        INCT
  C:2643H         SYMBOL        IND
  C:0E16H         SYMBOL        INDOLL
  C:28F8H         SYMBOL        INIACP
  C:1B9BH         SYMBOL        INNOT1_2
  C:1B8CH         SYMBOL        INNOT3
BL51 BANKED LINKER/LOCATER V4.16a           02/26/2007  12:28:42  PAGE 7


  C:1B80H         SYMBOL        INNOT6
  C:25E6H         SYMBOL        INTER2
  D:00CDH         SYMBOL        INTERVA
  C:1044H         SYMBOL        INTMUL
  C:1047H         SYMBOL        INTMUL1
  C:105CH         SYMBOL        INTMUL2
  C:1C2DH         SYMBOL        INTN
  D:00B8H         SYMBOL        IP
  B:0088H.0       SYMBOL        IT0
  B:0088H.2       SYMBOL        IT1
  C:1847H         SYMBOL        IZCHI
  C:1329H         SYMBOL        IZMAN
  C:1338H         SYMBOL        IZMFUN
  C:133CH         SYMBOL        IZMPAT
  C:134BH         SYMBOL        IZMT2
  C:1356H         SYMBOL        IZMT3
  C:2F49H         SYMBOL        JFINIS
  C:280FH         SYMBOL        KD
  C:120FH         SYMBOL        KEYB1
  C:1656H         SYMBOL        KEYB2
  C:1A81H         SYMBOL        KFULL
  C:197EH         SYMBOL        KFULLR
  C:19EBH         SYMBOL        KGO23
  C:1712H         SYMBOL        KLBOFF
  C:1958H         SYMBOL        KLEV1
  C:195DH         SYMBOL        KLEV2
  C:1981H         SYMBOL        KLEV21
  C:1967H         SYMBOL        KLEV22
  C:1992H         SYMBOL        KLEV23
  C:1962H         SYMBOL        KLEV3
  C:08A6H         SYMBOL        KLMAS
  C:1721H         SYMBOL        KNAVP
  B:0023H.0       SYMBOL        KNIZM
  C:1333H         SYMBOL        KNIZMON
  C:1647H         SYMBOL        KNKMP
  C:1731H         SYMBOL        KNLEFT
  C:18BCH         SYMBOL        KNMEM
  C:16E4H         SYMBOL        KNMENU
  C:1752H         SYMBOL        KNNUL
  C:135EH         SYMBOL        KNOPT
  C:1373H         SYMBOL        KNRAZR
  C:12BEH         SYMBOL        KNRIGHT
  C:12DFH         SYMBOL        KNVICH
  D:00A0H         SYMBOL        KOEFKD
  D:0094H         SYMBOL        KOEFKM
  D:0090H         SYMBOL        KOEFKP
  C:0C24H         SYMBOL        KOMUL
  C:0C1EH         SYMBOL        KOMULPZ
  D:00BCH         SYMBOL        KONSTA
  C:143DH         SYMBOL        KON_B
  C:273CH         SYMBOL        KOR0US
  D:0084H         SYMBOL        KOR0_AN
  C:0B4CH         SYMBOL        KORDEC1
  C:0B2CH         SYMBOL        KORDEC10
  C:10DBH         SYMBOL        KORNUL
  C:1A9DH         SYMBOL        KVVOD0
  C:1CDBH         SYMBOL        LABEL43
  C:1DC4H         SYMBOL        LABEL7
  C:0772H         SYMBOL        LABELA
  C:0F3AH         SYMBOL        LABELB
  C:1373H         SYMBOL        LABELC
  C:133CH         SYMBOL        LABELE
  C:139EH         SYMBOL        LABELF
  C:1774H         SYMBOL        LABELH
  C:20F2H         SYMBOL        LABELI
BL51 BANKED LINKER/LOCATER V4.16a           02/26/2007  12:28:42  PAGE 8


  C:17FBH         SYMBOL        LABELI2
  C:18FCH         SYMBOL        LABELK
  C:156FH         SYMBOL        LABELL
  C:147AH         SYMBOL        LABELL1
  C:15D3H         SYMBOL        LABELN
  C:1CB1H         SYMBOL        LABELP
  C:1C76H         SYMBOL        LABELS
  C:1F45H         SYMBOL        LABELS1
  C:2078H         SYMBOL        LABELS13
  C:2105H         SYMBOL        LABELS3
  C:20E0H         SYMBOL        LABELS4
  C:1595H         SYMBOL        LABL2
  C:1B21H         SYMBOL        LABM
  C:308AH         SYMBOL        LADD
  C:309BH         SYMBOL        LADDX
  C:042DH         SYMBOL        LBTOF
  C:2E88H         SYMBOL        LCMP
  C:2E9EH         SYMBOL        LDC_LONG
  C:2EC0H         SYMBOL        LDC_LTEMP
  C:2EE6H         SYMBOL        LDX_LONG
  C:2F0CH         SYMBOL        LDX_LTEMP
  C:1BACH         SYMBOL        LEFCUR
  C:173BH         SYMBOL        LEFKL
  C:190AH         SYMBOL        LEFMEM11
  C:1ACBH         SYMBOL        LEFT21
  C:1F42H         SYMBOL        LEFT_S
  C:2059H         SYMBOL        LEFT_SK
  C:196AH         SYMBOL        LEV220
  C:15F9H         SYMBOL        LEV2GO
  D:00B0H         SYMBOL        LEVEL
  C:1851H         SYMBOL        LI21
  C:1D4AH         SYMBOL        LI42_43
  C:1DCEH         SYMBOL        LIST_43
  C:1322H         SYMBOL        LLDI2
  C:1316H         SYMBOL        LLDI23
  C:131DH         SYMBOL        LLDI3
  C:15BEH         SYMBOL        LLEV2
  C:2FF3H         SYMBOL        LLMUL
  C:3078H         SYMBOL        LLSUB
  C:0432H         SYMBOL        LLTOF
  C:2FF3H         SYMBOL        LMUL
  C:2DD3H         SYMBOL        LOA3_X
  C:2947H         SYMBOL        LOAB12
  D:00B7H         SYMBOL        LOAD
  C:1872H         SYMBOL        LOADB
  C:189EH         SYMBOL        LOADB2
  C:1928H         SYMBOL        LOADCLE
  C:2964H         SYMBOL        LOADKD
  C:2956H         SYMBOL        LOADR2
  C:2757H         SYMBOL        LOADT
  C:26F6H         SYMBOL        LOADUS
  C:243EH         SYMBOL        LOAHL_R2
  C:1AD6H         SYMBOL        LOBLOK
  C:1923H         SYMBOL        LOCLE
  C:2766H         SYMBOL        LOD1
  C:2775H         SYMBOL        LODT
  C:17C1H         SYMBOL        LOIZMK
  C:1E97H         SYMBOL        LOKAME1
  C:2759H         SYMBOL        LOLEVT
  C:1917H         SYMBOL        LOLIST
  C:220DH         SYMBOL        LOME1
  C:2205H         SYMBOL        LOMENU
  C:26B2H         SYMBOL        LOOP
  C:2F4CH         SYMBOL        LOOPS
  C:2730H         SYMBOL        LOSPUS
BL51 BANKED LINKER/LOCATER V4.16a           02/26/2007  12:28:42  PAGE 9


  C:193FH         SYMBOL        LOSTAT
  C:2771H         SYMBOL        LOTEXT
  C:29BAH         SYMBOL        LOTP
  C:29B2H         SYMBOL        LOTPUS
  C:1328H         SYMBOL        LOU
  C:1305H         SYMBOL        LOUIZM
  C:15B1H         SYMBOL        LOUTF
  C:17B7H         SYMBOL        LOVICH
  C:1931H         SYMBOL        LOWR
  C:1936H         SYMBOL        LOWR1
  C:3078H         SYMBOL        LSUB
  N:0008H         SYMBOL        LTEMP
  C:2C75H         SYMBOL        LWR
  C:2C39H         SYMBOL        LWRX
  C:042FH         SYMBOL        LWTOF
  D:006FH         SYMBOL        MABIN
  C:2C90H         SYMBOL        MAFORM
  N:0002H         SYMBOL        MANT1
  N:0008H         SYMBOL        MANT2
  C:1444H         SYMBOL        MARK0_8
  D:00B2H         SYMBOL        MARKER
  C:2A2EH         SYMBOL        MARLE
  C:2A3BH         SYMBOL        MARRI
  C:08C5H         SYMBOL        MAS10
  C:0945H         SYMBOL        MAS20
  C:0A39H         SYMBOL        MAS4
  C:0AADH         SYMBOL        MAS5DIV
  C:0A74H         SYMBOL        MASFULL
  X:0104H         SYMBOL        MASS1
  X:0128H         SYMBOL        MASS10
  X:012CH         SYMBOL        MASS11
  X:0130H         SYMBOL        MASS12
  X:0134H         SYMBOL        MASS13
  X:0138H         SYMBOL        MASS14
  X:013CH         SYMBOL        MASS15
  X:0140H         SYMBOL        MASS16
  X:0144H         SYMBOL        MASS17
  X:0148H         SYMBOL        MASS18
  X:014CH         SYMBOL        MASS19
  X:0108H         SYMBOL        MASS2
  X:010CH         SYMBOL        MASS3
  X:0110H         SYMBOL        MASS4
  X:0114H         SYMBOL        MASS5
  X:0118H         SYMBOL        MASS6
  X:011CH         SYMBOL        MASS7
  X:0120H         SYMBOL        MASS8
  X:0124H         SYMBOL        MASS9
  C:0AA3H         SYMBOL        MASX5
  C:2565H         SYMBOL        MAXG
  C:25CFH         SYMBOL        MAXVIX
  C:1C6DH         SYMBOL        ME11_15DE
  C:1E96H         SYMBOL        ME11_15DEC
  C:1579H         SYMBOL        ME21_22
  C:1F00H         SYMBOL        ME21_23
  C:1F1CH         SYMBOL        ME21_23DEC
  C:172CH         SYMBOL        MEAVP
  C:0674H         SYMBOL        MECLE
  C:067BH         SYMBOL        MEFF
  C:076DH         SYMBOL        MEM10MS
  C:1A98H         SYMBOL        MEM12NO
  C:238AH         SYMBOL        MENG
  C:2211H         SYMBOL        MENU12
  C:2219H         SYMBOL        MENU13
  C:2221H         SYMBOL        MENU14
  C:2229H         SYMBOL        MENU15
BL51 BANKED LINKER/LOCATER V4.16a           02/26/2007  12:28:42  PAGE 10


  C:2231H         SYMBOL        MENU21
  C:2239H         SYMBOL        MENU22
  C:2241H         SYMBOL        MENU23
  C:2249H         SYMBOL        MENU31
  C:2251H         SYMBOL        MENU41
  C:1706H         SYMBOL        MENUOFF
  C:1CA3H         SYMBOL        MENUON
  C:16E1H         SYMBOL        MERR
  C:194AH         SYMBOL        ME_14
  C:1FBDH         SYMBOL        ME_41
  C:1F91H         SYMBOL        ME_52
  C:1FAEH         SYMBOL        ME_52V
  C:2F7FH         SYMBOL        MIDL
  C:2A6BH         SYMBOL        MIGN
  C:2A73H         SYMBOL        MIGNN
  C:244AH         SYMBOL        MIN4_HL
  C:248CH         SYMBOL        MING
  C:24F6H         SYMBOL        MINIVIX
  C:1B01H         SYMBOL        MLABL2
  C:1CE1H         SYMBOL        MLABL2R
  C:0768H         SYMBOL        MMM
  C:0E0BH         SYMBOL        MO220
  C:0D7BH         SYMBOL        MO500I
  C:0D6FH         SYMBOL        MO500R
  B:00F8H.5       SYMBOL        MODF
  C:150CH         SYMBOL        MOUTF
  C:1C70H         SYMBOL        MOUTKMEM
  C:2CFDH         SYMBOL        MOVE28
  C:28B6H         SYMBOL        MOVE82
  C:0E59H         SYMBOL        MOVEA3
  D:003AH         SYMBOL        MOVLEFT
  D:003BH         SYMBOL        MOVRIG
  B:00F8H.1       SYMBOL        MSTEN
  C:021AH         SYMBOL        MUP1
  C:0257H         SYMBOL        MUP11
  C:0297H         SYMBOL        MUP2
  C:026CH         SYMBOL        MUP3
  C:1AD1H         SYMBOL        MVV11
  C:1AE9H         SYMBOL        MVV12
  C:11FCH         SYMBOL        N12DELCH
  C:11A8H         SYMBOL        N4DELCH
  C:11EAH         SYMBOL        N8DELCH
  C:1512H         SYMBOL        NBIMENU
  D:0038H         SYMBOL        NBLOK
  C:0358H         SYMBOL        NE05
  D:0037H         SYMBOL        NELEM
  C:264DH         SYMBOL        NEXIN
  C:259AH         SYMBOL        NEXTMAX
  C:23BFH         SYMBOL        NEXTMEA
  C:24C1H         SYMBOL        NEXTMIN
  C:1C73H         SYMBOL        NMEM_MENU
  C:0B69H         SYMBOL        NMINUS
  C:0ACDH         SYMBOL        NMINUS3
  C:1168H         SYMBOL        NNDELCH
  C:1605H         SYMBOL        NNMEMB
  C:0ED6H         SYMBOL        NNNUL
  C:2F67H         SYMBOL        NO
  C:077FH         SYMBOL        NO0KEY
  C:1C14H         SYMBOL        NO10MSV
  C:13F6H         SYMBOL        NO11V6
  C:1409H         SYMBOL        NO12V6
  C:141CH         SYMBOL        NO13V6
  C:219DH         SYMBOL        NO21P7
  C:14C3H         SYMBOL        NO23RI
  C:1C11H         SYMBOL        NO2MSV
BL51 BANKED LINKER/LOCATER V4.16a           02/26/2007  12:28:42  PAGE 11


  C:0E4EH         SYMBOL        NO2PARN
  C:1BCBH         SYMBOL        NO31N
  C:14F4H         SYMBOL        NO31RI
  C:0E44H         SYMBOL        NO3PARN
  C:110EH         SYMBOL        NO4DEL
  C:112DH         SYMBOL        NO5DEL
  C:113BH         SYMBOL        NO6DEL
  C:0B3BH         SYMBOL        NOAVK
  C:0C60H         SYMBOL        NOAVP
  C:0EF2H         SYMBOL        NOBAVP
  C:0836H         SYMBOL        NOBEF99
  C:0245H         SYMBOL        NOBIT
  C:0EFBH         SYMBOL        NOBITIZM
  C:1582H         SYMBOL        NOBL21
  C:158CH         SYMBOL        NOBL22
  C:0F30H         SYMBOL        NOBUF
  C:10B1H         SYMBOL        NOBUF0
  C:0E40H         SYMBOL        NOCHI0
  C:079EH         SYMBOL        NOCHIND
  C:0A90H         SYMBOL        NOCHN10
  C:0A85H         SYMBOL        NOCHN2
  C:0A9BH         SYMBOL        NOCHN20
  C:0E24H         SYMBOL        NODI2
  C:173DH         SYMBOL        NODI6
  C:0EAAH         SYMBOL        NODI8
  C:202DH         SYMBOL        NODI8K
  C:1DA7H         SYMBOL        NODI8_43
  C:0E29H         SYMBOL        NODI9
  C:1DB2H         SYMBOL        NODI9_43
  C:0EBCH         SYMBOL        NODIS9
  C:2035H         SYMBOL        NODISK9
  C:2D9FH         SYMBOL        NOENDLI
  C:15EAH         SYMBOL        NOEQU1
  C:1BC5H         SYMBOL        NOEQU2
  C:13D8H         SYMBOL        NOFIZM
  C:13B1H         SYMBOL        NOFT1
  C:10ACH         SYMBOL        NOFZ
  C:17D6H         SYMBOL        NOH37
  C:18B1H         SYMBOL        NOHNOT1
  C:18A6H         SYMBOL        NOHNOT2
  C:0F2AH         SYMBOL        NOKLB
  C:0AE3H         SYMBOL        NOKORR
  C:1798H         SYMBOL        NOLAH
  C:1E22H         SYMBOL        NOLI_43
  C:1BA3H         SYMBOL        NOM31
  C:1C1CH         SYMBOL        NOM32
  C:1C4AH         SYMBOL        NOM33
  C:211AH         SYMBOL        NOMARL
  C:25B2H         SYMBOL        NOMAXI
  C:1A88H         SYMBOL        NOME11
  C:152DH         SYMBOL        NOMEM11
  C:1543H         SYMBOL        NOMEM12
  C:1559H         SYMBOL        NOMEM13
  C:1A85H         SYMBOL        NOMEMK
  C:24D9H         SYMBOL        NOMINI
  C:1384H         SYMBOL        NON1C
  C:0B20H         SYMBOL        NONULAVT
  C:10F0H         SYMBOL        NONULDEL
  C:0E44H         SYMBOL        NOP3_0
  C:083AH         SYMBOL        NOPART1
  C:085AH         SYMBOL        NOPART2
  C:087AH         SYMBOL        NOPART3
  C:089AH         SYMBOL        NOPART4
  C:146CH         SYMBOL        NOPLUS
  C:2131H         SYMBOL        NOPOIN7
BL51 BANKED LINKER/LOCATER V4.16a           02/26/2007  12:28:42  PAGE 12


  C:20FDH         SYMBOL        NOPOINT
  C:1480H         SYMBOL        NOR11
  C:00F6H         SYMBOL        NORDN
  C:0107H         SYMBOL        NORDN1
  C:15C7H         SYMBOL        NORIG2
  C:1605H         SYMBOL        NORIM6
  C:14A9H         SYMBOL        NORIME
  C:14A3H         SYMBOL        NORIME1
  C:00F0H         SYMBOL        NORM1
  C:17EEH         SYMBOL        NORR11
  C:17FEH         SYMBOL        NORR12
  C:0119H         SYMBOL        NORUP
  C:011EH         SYMBOL        NORUP1
  C:0132H         SYMBOL        NORUP2
  C:0F33H         SYMBOL        NORVICH
  C:0FF1H         SYMBOL        NOSAV1
  C:0FF8H         SYMBOL        NOSAV2
  C:0FFFH         SYMBOL        NOSAV3
  C:2FA2H         SYMBOL        NOSUB
  C:10C6H         SYMBOL        NOT1IN
  C:16D1H         SYMBOL        NOT1_7
  C:10CEH         SYMBOL        NOT2IN
  C:16DCH         SYMBOL        NOT2_7
  C:10D6H         SYMBOL        NOT3IN
  C:0F05H         SYMBOL        NOTAKT
  C:0BE0H         SYMBOL        NOTE21
  C:0BFBH         SYMBOL        NOTE22
  C:0C13H         SYMBOL        NOTESTIZM
  C:103BH         SYMBOL        NOTT1
  C:1063H         SYMBOL        NOTT2
  C:1071H         SYMBOL        NOTT3
  C:1088H         SYMBOL        NOTT4
  C:1096H         SYMBOL        NOTT5
  C:138BH         SYMBOL        NOT_1
  C:138BH         SYMBOL        NOT_10
  C:148BH         SYMBOL        NOVIR
  C:13C2H         SYMBOL        NOVIR1
  C:243AH         SYMBOL        NOZMEA
  C:252DH         SYMBOL        NOZMIN
  C:1D99H         SYMBOL        NOZZBL
  C:0E97H         SYMBOL        NOZZMI
  C:1D89H         SYMBOL        NOZZMI1
  C:1D90H         SYMBOL        NOZZMI2
  C:1D97H         SYMBOL        NOZZMI3
  C:1D80H         SYMBOL        NOZZMI43
  C:0EDFH         SYMBOL        NSEC1
  C:0EE8H         SYMBOL        NSEC10
  C:0EE6H         SYMBOL        NSEC11
  D:0039H         SYMBOL        NUERR
  C:114DH         SYMBOL        NULAVT
  N:0004H         SYMBOL        NUMSIZE
  C:2ED8H         SYMBOL        OBOARD
  C:2F20H         SYMBOL        OBOARD1
  C:0186H         SYMBOL        OK1
  C:01A0H         SYMBOL        OK2
  C:01C4H         SYMBOL        OK3
  C:2EFEH         SYMBOL        ONBOAR1
  C:2EB2H         SYMBOL        ONBOARD
  C:18D3H         SYMBOL        ONMEM11
  C:1F23H         SYMBOL        ONMEM12
  C:20DDH         SYMBOL        ONMEM13
  C:2A81H         SYMBOL        ONMIG
  C:12FDH         SYMBOL        ONVICH
  D:00B2H         SYMBOL        OSCICN
  D:00B1H         SYMBOL        OSCXCN
BL51 BANKED LINKER/LOCATER V4.16a           02/26/2007  12:28:42  PAGE 13


  C:1DBBH         SYMBOL        OUT43
  C:1605H         SYMBOL        OUT6
  C:21C6H         SYMBOL        OUT7
  C:2A48H         SYMBOL        OUTA
  C:2A62H         SYMBOL        OUTA2
  C:13B8H         SYMBOL        OUTF
  C:147DH         SYMBOL        OUTFL
  C:18E0H         SYMBOL        OUTKMEM
  C:1456H         SYMBOL        OUTMA
  C:25B7H         SYMBOL        OUTMAX
  C:23DAH         SYMBOL        OUTMEA
  C:1EDFH         SYMBOL        OUTMENU
  C:24DEH         SYMBOL        OUTMIN
  C:0DD2H         SYMBOL        OUTR
  C:0DEEH         SYMBOL        OUTR5
  C:1F84H         SYMBOL        OUTSKO
  C:1F81H         SYMBOL        OUTSKO1
  C:13C5H         SYMBOL        OUTVICH
  C:1284H         SYMBOL        OUTVIR
  C:22D5H         SYMBOL        OUT_KALI
  B:00D0H.2       SYMBOL        OV
  B:00D0H.0       SYMBOL        P
  D:0080H         SYMBOL        P0
  D:00A4H         SYMBOL        P0MDOUT
  D:0090H         SYMBOL        P1
  D:00BDH         SYMBOL        P1MDIN
  D:00A5H         SYMBOL        P1MDOUT
  D:00A0H         SYMBOL        P2
  D:00A6H         SYMBOL        P2MDOUT
  D:00B0H         SYMBOL        P3
  D:00ADH         SYMBOL        P3IF
  D:00A7H         SYMBOL        P3MDOUT
  D:0084H         SYMBOL        P4
  D:0085H         SYMBOL        P5
  D:0086H         SYMBOL        P6
  D:0096H         SYMBOL        P7
  D:00B5H         SYMBOL        P74OUT
  C:00DEH         SYMBOL        PACK1
  C:2042H         SYMBOL        PARERR
  D:00AFH         SYMBOL        PARN
  D:00A8H         SYMBOL        PAROL
  D:009AH         SYMBOL        PART
  D:00D8H         SYMBOL        PCA0CN
  D:00FAH         SYMBOL        PCA0CPH0
  D:00FBH         SYMBOL        PCA0CPH1
  D:00FCH         SYMBOL        PCA0CPH2
  D:00FDH         SYMBOL        PCA0CPH3
  D:00FEH         SYMBOL        PCA0CPH4
  D:00EAH         SYMBOL        PCA0CPL0
  D:00EBH         SYMBOL        PCA0CPL1
  D:00ECH         SYMBOL        PCA0CPL2
  D:00EDH         SYMBOL        PCA0CPL3
  D:00EEH         SYMBOL        PCA0CPL4
  D:00DAH         SYMBOL        PCA0CPM0
  D:00DBH         SYMBOL        PCA0CPM1
  D:00DCH         SYMBOL        PCA0CPM2
  D:00DDH         SYMBOL        PCA0CPM3
  D:00DEH         SYMBOL        PCA0CPM4
  D:00F9H         SYMBOL        PCA0H
  D:00E9H         SYMBOL        PCA0L
  D:00D9H         SYMBOL        PCA0MD
  D:0087H         SYMBOL        PCON
  C:2130H         SYMBOL        POIN3
  C:2198H         SYMBOL        POINA
  C:2115H         SYMBOL        POINA1
BL51 BANKED LINKER/LOCATER V4.16a           02/26/2007  12:28:42  PAGE 14


  C:210FH         SYMBOL        POINA2
  C:21BBH         SYMBOL        POZB
  N:000CH         SYMBOL        PROD
  B:00B8H.4       SYMBOL        PS
  D:008FH         SYMBOL        PSCTL
  D:00D0H         SYMBOL        PSW
  B:00B8H.1       SYMBOL        PT0
  B:00B8H.3       SYMBOL        PT1
  B:00B8H.5       SYMBOL        PT2
  B:00B8H.0       SYMBOL        PX0
  B:00B8H.2       SYMBOL        PX1
  C:128EH         SYMBOL        PYSKST
  C:198CH         SYMBOL        QUES
  C:0C5DH         SYMBOL        QU_AVP
  N:000AH         SYMBOL        R10
  N:000BH         SYMBOL        R11
  N:0008H         SYMBOL        R8
  N:0009H         SYMBOL        R9
  C:0AF9H         SYMBOL        RAFTERK
  B:0098H.2       SYMBOL        RB8
  D:00CBH         SYMBOL        RCAP2H
  D:00CAH         SYMBOL        RCAP2L
  D:00E5H         SYMBOL        RCAP4H
  D:00E4H         SYMBOL        RCAP4L
  B:00C8H.5       SYMBOL        RCLK
  C:19E5H         SYMBOL        RDDOUTF
  C:26BBH         SYMBOL        RE1
  C:0BA1H         SYMBOL        RE11_7
  C:0454H         SYMBOL        RE4BYTE
  C:2DE5H         SYMBOL        REA3_X
  D:0077H         SYMBOL        REACP
  C:26B9H         SYMBOL        READ
  C:07F1H         SYMBOL        READYACP
  C:26A1H         SYMBOL        READ_X2
  C:0741H         SYMBOL        REBYTE
  C:046CH         SYMBOL        REBYTE2
  C:1140H         SYMBOL        REBYTER
  D:00D1H         SYMBOL        REF0CN
  B:0098H.4       SYMBOL        REN
  C:171EH         SYMBOL        RENDKALIB
  C:2D09H         SYMBOL        RESAR2
  C:2CC7H         SYMBOL        RESAR8
  C:2DB2H         SYMBOL        RESA_HL
  D:008CH         SYMBOL        REZAM
  D:0088H         SYMBOL        REZAP
  C:0B51H         SYMBOL        REZMUL
  D:0062H         SYMBOL        REZ_A
  D:006AH         SYMBOL        REZ_A0
  D:0066H         SYMBOL        REZ_A1
  D:007BH         SYMBOL        REZ_A2
  D:009CH         SYMBOL        REZ_A3
  D:00A4H         SYMBOL        REZ_AK
  D:005EH         SYMBOL        REZ_AME
  D:00C5H         SYMBOL        REZ_DEL
  D:00C9H         SYMBOL        REZ_R
  C:2DB9H         SYMBOL        RE_HL
  C:2DC1H         SYMBOL        RE_HL1
  C:2DC8H         SYMBOL        RE_HL2
  C:2DCFH         SYMBOL        RE_HL3
  C:1488H         SYMBOL        RFINDMEM
  C:19E8H         SYMBOL        RGO23NO
  C:1BA0H         SYMBOL        RGOTO7
  C:17C8H         SYMBOL        RHNOR11
  C:178FH         SYMBOL        RHNOT1
  B:0098H.0       SYMBOL        RI
BL51 BANKED LINKER/LOCATER V4.16a           02/26/2007  12:28:42  PAGE 15


  C:14ACH         SYMBOL        RI21_23
  C:14A6H         SYMBOL        RI6
  C:158FH         SYMBOL        RIGBLO
  C:15CDH         SYMBOL        RIGBLOK
  C:12B5H         SYMBOL        RIGHT2
  C:12B9H         SYMBOL        RIGHT3
  C:142EH         SYMBOL        RIKN
  C:120CH         SYMBOL        RIZMAN
  C:14C6H         SYMBOL        RI_31
  C:1653H         SYMBOL        RKNLEFT
  C:1644H         SYMBOL        RKNMEM
  C:1650H         SYMBOL        RKNNUL
  C:1209H         SYMBOL        RKNOPT
  C:1206H         SYMBOL        RKNRAZR
  C:1920H         SYMBOL        RKVVOD0
  C:1203H         SYMBOL        RLABELF
  C:164DH         SYMBOL        RLABELH
  C:1795H         SYMBOL        RLABELI
  C:1792H         SYMBOL        RLABELK
  C:1485H         SYMBOL        RLABELL
  C:1602H         SYMBOL        RLABELL1
  C:1509H         SYMBOL        RLABELN
  C:1E7AH         SYMBOL        RLABELP
  C:1F8EH         SYMBOL        RLABELS13
  C:1F8BH         SYMBOL        RLABELS4
  C:1986H         SYMBOL        RLABL2
  C:1989H         SYMBOL        RLABM
  C:1C47H         SYMBOL        RLEFCUR
  C:2A3AH         SYMBOL        RLER
  C:1CDEH         SYMBOL        RLIST_43
  C:0942H         SYMBOL        RMAS4
  C:1CAEH         SYMBOL        RME21_23
  C:0B33H         SYMBOL        RMO220
  C:150FH         SYMBOL        RNNMEMB
  C:0EBAH         SYMBOL        RNO3PARN
  C:0FD7H         SYMBOL        RNOBUF0
  C:0C85H         SYMBOL        RNOCHI0
  C:17ECH         SYMBOL        RNOH37
  C:1B1EH         SYMBOL        RNOM31
  C:18DDH         SYMBOL        RNOMEMK
  C:0EB8H         SYMBOL        RNORVICH
  C:0F8CH         SYMBOL        RNOT1IN
  C:0B49H         SYMBOL        RNOTESTIZM
  C:1E66H         SYMBOL        ROUSTA
  C:1E77H         SYMBOL        ROUSTA1
  C:1200H         SYMBOL        ROUT6
  C:164AH         SYMBOL        ROUT7
  C:17E9H         SYMBOL        ROUTF
  N:0000H         SYMBOL        RR0
  N:0001H         SYMBOL        RR1
  N:0002H         SYMBOL        RR2
  N:0003H         SYMBOL        RR3
  N:0004H         SYMBOL        RR4
  N:0005H         SYMBOL        RR5
  N:0006H         SYMBOL        RR6
  N:0007H         SYMBOL        RR7
  C:2A47H         SYMBOL        RRIR
  C:0C82H         SYMBOL        RRMO220
  B:00D0H.3       SYMBOL        RS0
  B:00D0H.4       SYMBOL        RS1
  C:0E57H         SYMBOL        RSEEIND
  D:00EFH         SYMBOL        RSTSRC
  C:138FH         SYMBOL        RTIZMRI
  C:17CAH         SYMBOL        RVVIZKO
  C:1FBAH         SYMBOL        RVVKALI52
BL51 BANKED LINKER/LOCATER V4.16a           02/26/2007  12:28:42  PAGE 16


  B:00F8H.4       SYMBOL        RXOVRN
  D:00A9H         SYMBOL        SADDR0
  D:00F3H         SYMBOL        SADDR1
  D:00B9H         SYMBOL        SADEN0
  D:00AEH         SYMBOL        SADEN1
  D:0034H         SYMBOL        SADIAP
  D:0032H         SYMBOL        SADIAP2
  D:0031H         SYMBOL        SADIAP3
  D:0030H         SYMBOL        SADIAP4
  D:0036H         SYMBOL        SAUS
  D:003CH         SYMBOL        SAVBA
  C:2C4BH         SYMBOL        SAVEIR2
  C:04A7H         SYMBOL        SAVELTE
  D:00D3H         SYMBOL        SAVEN_BL
  D:00C0H         SYMBOL        SAVEN_BL2
  D:00C2H         SYMBOL        SAVEN_BL3
  D:00D9H         SYMBOL        SAVEN_BL4
  C:2C57H         SYMBOL        SAVER2
  C:2D7EH         SYMBOL        SAVE_HL
  C:2D85H         SYMBOL        SA_HL
  C:2DA0H         SYMBOL        SA_HL1
  C:2DA7H         SYMBOL        SA_HL2
  C:2DAEH         SYMBOL        SA_HL3
  D:0099H         SYMBOL        SBUF0
  D:00F2H         SYMBOL        SBUF1
  D:0098H         SYMBOL        SCON0
  D:00F1H         SYMBOL        SCON1
  C:2663H         SYMBOL        SDV
  C:2677H         SYMBOL        SDV1
  C:07D2H         SYMBOL        SDVIG0
  C:07C7H         SYMBOL        SDVIG1
  C:07BCH         SYMBOL        SDVIG2
  C:07B0H         SYMBOL        SDVIG3
  C:07E1H         SYMBOL        SDVIG4
  C:07EBH         SYMBOL        SDVIG6
  C:07E9H         SYMBOL        SDVM
  C:0EBFH         SYMBOL        SEEGOON
  C:0ECDH         SYMBOL        SEEIND
  C:1DB5H         SYMBOL        SEE_L43
  B:00C0H.3       SYMBOL        SI
  N:0007H         SYMBOL        SIGN
  C:1EC5H         SYMBOL        SKOR19
  B:00F8H.2       SYMBOL        SLVSEL
  B:0098H.7       SYMBOL        SM0
  B:0098H.6       SYMBOL        SM1
  B:0098H.5       SYMBOL        SM2
  D:00C3H         SYMBOL        SMB0ADR
  D:00C0H         SYMBOL        SMB0CN
  D:00CFH         SYMBOL        SMB0CR
  D:00C2H         SYMBOL        SMB0DAT
  D:00C1H         SYMBOL        SMB0STA
  B:00C0H.1       SYMBOL        SMBFTE
  B:00C0H.0       SYMBOL        SMBTOE
  C:1859H         SYMBOL        SOOTV
  D:0081H         SYMBOL        SP
  D:009AH         SYMBOL        SPI0CFG
  D:009DH         SYMBOL        SPI0CKR
  D:00F8H         SYMBOL        SPI0CN
  D:009BH         SYMBOL        SPI0DAT
  B:00F8H.0       SYMBOL        SPIEN
  B:00F8H.7       SYMBOL        SPIF
  C:1F66H         SYMBOL        SPWRI
  C:2799H         SYMBOL        SS1
  B:00C0H.5       SYMBOL        STA
  B:00C0H.4       SYMBOL        STO
BL51 BANKED LINKER/LOCATER V4.16a           02/26/2007  12:28:42  PAGE 17


  D:00B3H         SYMBOL        SUMMA
  C:083DH         SYMBOL        SUMT2
  D:00C8H         SYMBOL        T2CON
  C:1C0BH         SYMBOL        T2MSME
  D:00C9H         SYMBOL        T4CON
  C:2939H         SYMBOL        TABB1_2
  C:29D1H         SYMBOL        TABN
  C:2751H         SYMBOL        TABT11
  C:2755H         SYMBOL        TABT7
  C:2753H         SYMBOL        TABT9
  C:273DH         SYMBOL        TABUS
  C:0F0AH         SYMBOL        TAKTIND
  B:0098H.3       SYMBOL        TB8
  B:00C8H.4       SYMBOL        TCLK
  D:0088H         SYMBOL        TCON
  C:2A9DH         SYMBOL        TE10MS
  C:29C4H         SYMBOL        TE22
  C:29CCH         SYMBOL        TE23
  C:2A93H         SYMBOL        TE2MS
  C:2AD9H         SYMBOL        TEAEQU0
  C:2B15H         SYMBOL        TEAVK
  C:2AE3H         SYMBOL        TEBEQU0
  C:2BC9H         SYMBOL        TEBL
  C:2BD3H         SYMBOL        TEBL0
  C:2BDDH         SYMBOL        TECH
  C:2B8EH         SYMBOL        TECLE
  C:2C2DH         SYMBOL        TEEND
  C:2C23H         SYMBOL        TEERR
  C:2BB5H         SYMBOL        TEFULL
  C:2BBFH         SYMBOL        TEINT
  C:2B70H         SYMBOL        TEIZMK
  C:2B1FH         SYMBOL        TEKALIB
  C:2B66H         SYMBOL        TEKD
  C:2BAAH         SYMBOL        TELIST
  C:2BFBH         SYMBOL        TEMAX
  C:2B98H         SYMBOL        TEMEM
  C:2AEDH         SYMBOL        TEMENU
  C:2C05H         SYMBOL        TEMID
  C:2BF1H         SYMBOL        TEMIN
  C:0C30H         SYMBOL        TEMUL
  C:283BH         SYMBOL        TENMIN
  C:2C0FH         SYMBOL        TEOLI
  C:2B84H         SYMBOL        TEOLL
  C:2C19H         SYMBOL        TEOLR
  C:2B7AH         SYMBOL        TEOUT
  C:2B5CH         SYMBOL        TEPAR
  C:2B52H         SYMBOL        TES19_2
  C:2B48H         SYMBOL        TES57_6
  C:2B0BH         SYMBOL        TESKOR
  C:25FEH         SYMBOL        TEST01
  C:262DH         SYMBOL        TEST02
  C:260EH         SYMBOL        TEST04
  C:25F4H         SYMBOL        TEST1
  C:2626H         SYMBOL        TEST2
  C:1F3BH         SYMBOL        TEST22
  C:1F40H         SYMBOL        TEST23
  C:2618H         SYMBOL        TEST3
  C:2606H         SYMBOL        TEST4
  C:2630H         SYMBOL        TEST5
  C:0F22H         SYMBOL        TEST7I
  C:0F1BH         SYMBOL        TEST9I
  C:2BE7H         SYMBOL        TESTAT
  C:25F2H         SYMBOL        TESTRS
  C:1F2FH         SYMBOL        TESTS
  C:2B2AH         SYMBOL        TETE11
BL51 BANKED LINKER/LOCATER V4.16a           02/26/2007  12:28:42  PAGE 18


  C:2B3EH         SYMBOL        TETE7
  C:2B34H         SYMBOL        TETE9
  C:2AF7H         SYMBOL        TETESI
  C:2B01H         SYMBOL        TETESR
  C:2ACFH         SYMBOL        TEVICH
  C:2BA0H         SYMBOL        TEWR
  C:2A93H         SYMBOL        TEXTT
  B:0088H.5       SYMBOL        TF0
  B:0088H.7       SYMBOL        TF1
  B:00C8H.7       SYMBOL        TF2
  D:008CH         SYMBOL        TH0
  D:008DH         SYMBOL        TH1
  D:00CDH         SYMBOL        TH2
  D:00F5H         SYMBOL        TH4
  B:0098H.1       SYMBOL        TI
  C:2687H         SYMBOL        TIM
  C:2689H         SYMBOL        TIM1
  C:268CH         SYMBOL        TIM2
  C:268EH         SYMBOL        TIM3
  C:12AEH         SYMBOL        TIZMRI
  D:008AH         SYMBOL        TL0
  D:008BH         SYMBOL        TL1
  D:00CCH         SYMBOL        TL2
  D:00F4H         SYMBOL        TL4
  C:1856H         SYMBOL        TLABELI
  D:0089H         SYMBOL        TMOD
  D:00CBH         SYMBOL        TMR2RLH
  D:00CAH         SYMBOL        TMR2RLL
  D:0091H         SYMBOL        TMR3CN
  D:0095H         SYMBOL        TMR3H
  D:0094H         SYMBOL        TMR3L
  D:0093H         SYMBOL        TMR3RLH
  D:0092H         SYMBOL        TMR3RLL
  C:1EA6H         SYMBOL        TOME13
  C:1ED3H         SYMBOL        TOME14
  C:1EEBH         SYMBOL        TOME15
  C:1E9DH         SYMBOL        TOME21
  C:206AH         SYMBOL        TOSK19
  C:17D3H         SYMBOL        TOUTF
  B:0088H.4       SYMBOL        TR0
  B:0088H.6       SYMBOL        TR1
  B:00C8H.2       SYMBOL        TR2
  C:1392H         SYMBOL        TTOUT
  B:00F8H.3       SYMBOL        TXBSY
  C:009EH         SYMBOL        UNPACK1
  C:00BAH         SYMBOL        UNPACK2
  C:0138H         SYMBOL        UP1
  C:014BH         SYMBOL        UP2
  C:0161H         SYMBOL        UP2A
  C:286AH         SYMBOL        UPA
  C:287AH         SYMBOL        UPA1
  C:285AH         SYMBOL        UPA2
  C:2D56H         SYMBOL        UPAA
  C:28C5H         SYMBOL        UPAA4
  C:28D5H         SYMBOL        UPAB
  C:2864H         SYMBOL        UPAK
  C:2D30H         SYMBOL        UPAK1
  C:2854H         SYMBOL        UPAK2
  C:2874H         SYMBOL        UPAK3
  C:2D50H         SYMBOL        UPAK4
  C:28BFH         SYMBOL        UPAKA
  C:28CFH         SYMBOL        UPAKB
  C:1FD9H         SYMBOL        UPAV1
  C:209CH         SYMBOL        UPAV2
  C:2D42H         SYMBOL        UPK1
BL51 BANKED LINKER/LOCATER V4.16a           02/26/2007  12:28:42  PAGE 19


  C:2D43H         SYMBOL        UPK2
  C:2531H         SYMBOL        VICHMAX
  C:2375H         SYMBOL        VICHMEAN
  C:2458H         SYMBOL        VICHMIN
  D:00B1H         SYMBOL        VICHR
  C:0F78H         SYMBOL        VIG0
  C:0F86H         SYMBOL        VIG4
  C:1369H         SYMBOL        VIOUT
  C:17CCH         SYMBOL        VIOUTF
  C:12DCH         SYMBOL        VIT2_10
  C:1C6AH         SYMBOL        VODM11_15
  D:00D5H         SYMBOL        VOLUME
  C:1F26H         SYMBOL        VV21_23
  C:2A08H         SYMBOL        VVCHIBL
  C:29E3H         SYMBOL        VVCHIF
  C:1BCBH         SYMBOL        VVINTE
  C:1823H         SYMBOL        VVIZKO
  C:208FH         SYMBOL        VVKALI52
  C:203FH         SYMBOL        VVMENU
  C:2A03H         SYMBOL        VVNOL23
  C:29FEH         SYMBOL        VVNOL31
  C:29FCH         SYMBOL        VVNOL41
  C:1C03H         SYMBOL        VVOD2_10
  C:1DE1H         SYMBOL        VVOD43
  C:1E7DH         SYMBOL        VVODM11_15
  C:1E3EH         SYMBOL        VVOSTA
  C:1E52H         SYMBOL        VVOSTAD
  C:13EEH         SYMBOL        VVRR6
  C:1FB1H         SYMBOL        VV_52V
  B:00F8H.6       SYMBOL        WCOL
  D:00FFH         SYMBOL        WDTCN
  D:00B8H         SYMBOL        WORK
  C:2D1DH         SYMBOL        WR1
  C:2D1AH         SYMBOL        WRITE
  C:2692H         SYMBOL        WRITED_X1
  C:2691H         SYMBOL        WRITE_X1
  C:0480H         SYMBOL        WRPAGE
  C:0483H         SYMBOL        WW5
  D:00E1H         SYMBOL        XBR0
  D:00E2H         SYMBOL        XBR1
  D:00E3H         SYMBOL        XBR2
  C:2C37H         SYMBOL        XCIKLWR
  N:000CH         SYMBOL        XTEMP
  C:1764H         SYMBOL        YBNUL
  C:2F85H         SYMBOL        YES
  C:078CH         SYMBOL        YES0KEY
  C:0799H         SYMBOL        YES0KEY1
  C:0C8FH         SYMBOL        YESAVP
  C:0FDCH         SYMBOL        YESBUF
  C:0F24H         SYMBOL        YESIND
  C:0FDAH         SYMBOL        YESPRD
  C:272CH         SYMBOL        YESTEST
  C:10AFH         SYMBOL        YESTT5
  C:0CDAH         SYMBOL        YESVICH
  C:22DEH         SYMBOL        YESVI_KM
  C:2256H         SYMBOL        YESVI_KR
  C:066BH         SYMBOL        YST1
  C:0663H         SYMBOL        YST19
  C:27B1H         SYMBOL        Z01S
  C:27BEH         SYMBOL        Z05S
  C:2782H         SYMBOL        Z100
  C:2790H         SYMBOL        Z15
  C:27A4H         SYMBOL        Z1S
  C:2661H         SYMBOL        ZAPADC
  C:2CB9H         SYMBOL        ZCMP
BL51 BANKED LINKER/LOCATER V4.16a           02/26/2007  12:28:42  PAGE 20


  C:2C86H         SYMBOL        ZDIV
  C:00B3H         SYMBOL        ZER1
  C:00D4H         SYMBOL        ZER2
  C:2C7CH         SYMBOL        ZMUL
  B:0020H.2       SYMBOL        ZNMAT
  C:07A3H         SYMBOL        ZNPLUS
  C:2792H         SYMBOL        ZZ
  C:27ADH         SYMBOL        Z_01S
  C:27BAH         SYMBOL        Z_05S
  C:2780H         SYMBOL        Z_100
  C:278EH         SYMBOL        Z_15
  C:2797H         SYMBOL        Z_1MS
  C:27A0H         SYMBOL        Z_1S
  C:2789H         SYMBOL        Z_5
  C:2D15H         SYMBOL        Z_9
  C:0000H         LINE#         15
  C:0003H         LINE#         18
  C:000BH         LINE#         20
  C:0013H         LINE#         22
  C:001BH         LINE#         24
  C:0023H         LINE#         26
  C:002BH         LINE#         28
  C:0033H         LINE#         30
  C:003BH         LINE#         32
  C:0043H         LINE#         34
  C:004BH         LINE#         36
  C:0053H         LINE#         38
  C:005BH         LINE#         41
  C:0063H         LINE#         43
  C:006BH         LINE#         45
  C:0073H         LINE#         47
  C:0093H         LINE#         49
  C:009BH         LINE#         52
  C:05C9H         LINE#         228
  C:05CCH         LINE#         229
  C:05CFH         LINE#         230
  C:05D2H         LINE#         231
  C:05D5H         LINE#         232
  C:05D8H         LINE#         233
  C:05DBH         LINE#         235
  C:05DEH         LINE#         236
  C:05E1H         LINE#         237
  C:05E4H         LINE#         239
  C:05E7H         LINE#         240
  C:05EAH         LINE#         241
  C:05EDH         LINE#         242
  C:05F0H         LINE#         243
  C:05F3H         LINE#         244
  C:05F6H         LINE#         245
  C:05F9H         LINE#         246
  C:05FCH         LINE#         247
  C:05FFH         LINE#         248
  C:0602H         LINE#         249
  C:0605H         LINE#         251
  C:0608H         LINE#         252
  C:060BH         LINE#         253
  C:060EH         LINE#         257
  C:0610H         LINE#         258
  C:0613H         LINE#         260
  C:0616H         LINE#         261
  C:0619H         LINE#         262
  C:061CH         LINE#         264
  C:061EH         LINE#         265
  C:0620H         LINE#         267
  C:0623H         LINE#         270
BL51 BANKED LINKER/LOCATER V4.16a           02/26/2007  12:28:42  PAGE 21


  C:0626H         LINE#         271
  C:0629H         LINE#         272
  C:062CH         LINE#         273
  C:062FH         LINE#         275
  C:0632H         LINE#         276
  C:0635H         LINE#         277
  C:0638H         LINE#         278
  C:063BH         LINE#         279
  C:063EH         LINE#         281
  C:0641H         LINE#         282
  C:0644H         LINE#         283
  C:0647H         LINE#         284
  C:064AH         LINE#         285
  C:064DH         LINE#         286
  C:0650H         LINE#         288
  C:0652H         LINE#         289
  C:0654H         LINE#         290
  C:0657H         LINE#         291
  C:0659H         LINE#         292
  C:065CH         LINE#         293
  C:065EH         LINE#         294
  C:0661H         LINE#         295
  C:0663H         LINE#         296
  C:0666H         LINE#         297
  C:0668H         LINE#         298
  C:066BH         LINE#         300
  C:066EH         LINE#         302
  C:0671H         LINE#         304
  C:0672H         LINE#         305
  C:0674H         LINE#         306
  C:0675H         LINE#         307
  C:0676H         LINE#         308
  C:0679H         LINE#         309
  C:067BH         LINE#         310
  C:067CH         LINE#         311
  C:067DH         LINE#         312
  C:067EH         LINE#         313
  C:0681H         LINE#         314
  C:0684H         LINE#         316
  C:0687H         LINE#         317
  C:0688H         LINE#         318
  C:0689H         LINE#         319
  C:068AH         LINE#         320
  C:068CH         LINE#         321
  C:068FH         LINE#         323
  C:0691H         LINE#         324
  C:0693H         LINE#         325
  C:0694H         LINE#         326
  C:0696H         LINE#         328
  C:0698H         LINE#         329
  C:069AH         LINE#         330
  C:069BH         LINE#         331
  C:069DH         LINE#         333
  C:069FH         LINE#         334
  C:06A1H         LINE#         338
  C:06A3H         LINE#         339
  C:06A5H         LINE#         340
  C:06A7H         LINE#         341
  C:06A9H         LINE#         342
  C:06ABH         LINE#         343
  C:06ADH         LINE#         344
  C:06B0H         LINE#         345
  C:06B2H         LINE#         346
  C:06B4H         LINE#         347
  C:06B6H         LINE#         348
BL51 BANKED LINKER/LOCATER V4.16a           02/26/2007  12:28:42  PAGE 22


  C:06B8H         LINE#         349
  C:06BAH         LINE#         351
  C:06BCH         LINE#         352
  C:06BEH         LINE#         354
  C:06C1H         LINE#         355
  C:06C4H         LINE#         356
  C:06C6H         LINE#         357
  C:06C9H         LINE#         358
  C:06CBH         LINE#         359
  C:06CEH         LINE#         360
  C:06D0H         LINE#         361
  C:06D3H         LINE#         362
  C:06D5H         LINE#         363
  C:06D8H         LINE#         364
  C:06DBH         LINE#         365
  C:06DDH         LINE#         366
  C:06DFH         LINE#         367
  C:06E0H         LINE#         368
  C:06E1H         LINE#         369
  C:06E3H         LINE#         370
  C:06E4H         LINE#         372
  C:06E7H         LINE#         373
  C:06E9H         LINE#         374
  C:06EBH         LINE#         375
  C:06ECH         LINE#         376
  C:06EDH         LINE#         377
  C:06EFH         LINE#         378
  C:06F0H         LINE#         379
  C:06F3H         LINE#         380
  C:06F5H         LINE#         381
  C:06F7H         LINE#         382
  C:06F8H         LINE#         383
  C:06F9H         LINE#         384
  C:06FBH         LINE#         385
  C:06FCH         LINE#         386
  C:06FFH         LINE#         387
  C:0701H         LINE#         388
  C:0703H         LINE#         389
  C:0704H         LINE#         390
  C:0705H         LINE#         391
  C:0707H         LINE#         392
  C:0708H         LINE#         393
  C:070BH         LINE#         394
  C:070EH         LINE#         395
  C:0710H         LINE#         396
  C:0712H         LINE#         397
  C:0713H         LINE#         398
  C:0715H         LINE#         399
  C:0717H         LINE#         401
  C:0719H         LINE#         402
  C:071AH         LINE#         403
  C:071DH         LINE#         404
  C:0720H         LINE#         405
  C:0723H         LINE#         408
  C:0725H         LINE#         409
  C:0727H         LINE#         410
  C:0728H         LINE#         411
  C:072BH         LINE#         412
  C:072EH         LINE#         413
  C:0731H         LINE#         416
  C:0734H         LINE#         417
  C:0737H         LINE#         419
  C:0739H         LINE#         420
  C:073BH         LINE#         421
  C:073EH         LINE#         422
BL51 BANKED LINKER/LOCATER V4.16a           02/26/2007  12:28:42  PAGE 23


  C:0741H         LINE#         424
  C:0743H         LINE#         425
  C:0746H         LINE#         426
  C:0749H         LINE#         436
  C:074BH         LINE#         437
  C:074EH         LINE#         439
  C:0751H         LINE#         440
  C:0753H         LINE#         441
  C:0756H         LINE#         442
  C:0758H         LINE#         443
  C:075BH         LINE#         444
  C:075DH         LINE#         446
  C:075FH         LINE#         447
  C:0760H         LINE#         448
  C:0763H         LINE#         449
  C:0765H         LINE#         450
  C:0767H         LINE#         451
  C:0768H         LINE#         453
  C:0769H         LINE#         454
  C:076BH         LINE#         455
  C:076DH         LINE#         457
  C:0770H         LINE#         458
  C:0772H         LINE#         462
  C:0774H         LINE#         463
  C:0776H         LINE#         464
  C:0778H         LINE#         465
  C:077AH         LINE#         466
  C:077DH         LINE#         467
  C:077FH         LINE#         471
  C:0780H         LINE#         472
  C:0782H         LINE#         473
  C:0784H         LINE#         474
  C:0786H         LINE#         475
  C:0788H         LINE#         476
  C:078AH         LINE#         477
  C:078CH         LINE#         480
  C:078FH         LINE#         482
  C:0791H         LINE#         483
  C:0793H         LINE#         484
  C:0796H         LINE#         485
  C:0799H         LINE#         486
  C:079CH         LINE#         489
  C:079EH         LINE#         491
  C:079FH         LINE#         492
  C:07A1H         LINE#         493
  C:07A3H         LINE#         495
  C:07A5H         LINE#         496
  C:07A7H         LINE#         497
  C:07A8H         LINE#         498
  C:07A9H         LINE#         499
  C:07ABH         LINE#         503
  C:07ADH         LINE#         504
  C:07AEH         LINE#         505
  C:07B0H         LINE#         506
  C:07B1H         LINE#         507
  C:07B2H         LINE#         508
  C:07B4H         LINE#         509
  C:07B5H         LINE#         510
  C:07B6H         LINE#         511
  C:07B7H         LINE#         512
  C:07B9H         LINE#         513
  C:07BAH         LINE#         514
  C:07BCH         LINE#         515
  C:07BDH         LINE#         516
  C:07BEH         LINE#         517
BL51 BANKED LINKER/LOCATER V4.16a           02/26/2007  12:28:42  PAGE 24


  C:07C0H         LINE#         518
  C:07C1H         LINE#         519
  C:07C3H         LINE#         520
  C:07C5H         LINE#         522
  C:07C7H         LINE#         523
  C:07C8H         LINE#         524
  C:07C9H         LINE#         525
  C:07CBH         LINE#         526
  C:07CCH         LINE#         527
  C:07CEH         LINE#         528
  C:07D0H         LINE#         530
  C:07D2H         LINE#         531
  C:07D3H         LINE#         532
  C:07D4H         LINE#         533
  C:07D6H         LINE#         534
  C:07D7H         LINE#         535
  C:07D9H         LINE#         536
  C:07DBH         LINE#         538
  C:07DEH         LINE#         539
  C:07DFH         LINE#         540
  C:07E1H         LINE#         541
  C:07E2H         LINE#         542
  C:07E3H         LINE#         543
  C:07E5H         LINE#         544
  C:07E7H         LINE#         545
  C:07E9H         LINE#         547
  C:07EBH         LINE#         548
  C:07ECH         LINE#         549
  C:07EDH         LINE#         550
  C:07EFH         LINE#         551
  C:07F1H         LINE#         556
  C:07F3H         LINE#         557
  C:07F4H         LINE#         558
  C:07F7H         LINE#         559
  C:07F9H         LINE#         562
  C:07FBH         LINE#         563
  C:07FDH         LINE#         564
  C:0800H         LINE#         566
  C:0802H         LINE#         567
  C:0805H         LINE#         568
  C:0807H         LINE#         569
  C:080AH         LINE#         570
  C:080CH         LINE#         571
  C:080FH         LINE#         572
  C:0811H         LINE#         573
  C:0813H         LINE#         574
  C:0815H         LINE#         575
  C:0818H         LINE#         577
  C:081BH         LINE#         578
  C:081EH         LINE#         579
  C:0821H         LINE#         580
  C:0823H         LINE#         581
  C:0826H         LINE#         582
  C:0828H         LINE#         583
  C:082BH         LINE#         585
  C:082DH         LINE#         586
  C:0830H         LINE#         588
  C:0832H         LINE#         589
  C:0834H         LINE#         590
  C:0836H         LINE#         591
  C:0837H         LINE#         592
  C:083AH         LINE#         598
  C:083DH         LINE#         601
  C:083FH         LINE#         602
  C:0842H         LINE#         603
BL51 BANKED LINKER/LOCATER V4.16a           02/26/2007  12:28:42  PAGE 25


  C:0844H         LINE#         604
  C:0847H         LINE#         605
  C:0849H         LINE#         606
  C:084CH         LINE#         607
  C:084EH         LINE#         608
  C:0850H         LINE#         609
  C:0852H         LINE#         610
  C:0855H         LINE#         612
  C:0858H         LINE#         613
  C:085AH         LINE#         617
  C:085DH         LINE#         619
  C:085FH         LINE#         620
  C:0862H         LINE#         621
  C:0864H         LINE#         622
  C:0867H         LINE#         623
  C:0869H         LINE#         624
  C:086CH         LINE#         625
  C:086EH         LINE#         626
  C:0870H         LINE#         627
  C:0872H         LINE#         628
  C:0875H         LINE#         630
  C:0878H         LINE#         631
  C:087AH         LINE#         633
  C:087DH         LINE#         635
  C:087FH         LINE#         636
  C:0882H         LINE#         637
  C:0884H         LINE#         638
  C:0887H         LINE#         639
  C:0889H         LINE#         640
  C:088CH         LINE#         641
  C:088EH         LINE#         642
  C:0890H         LINE#         643
  C:0892H         LINE#         644
  C:0895H         LINE#         646
  C:0898H         LINE#         647
  C:089AH         LINE#         650
  C:089CH         LINE#         651
  C:089EH         LINE#         652
  C:08A1H         LINE#         653
  C:08A3H         LINE#         654
  C:08A6H         LINE#         658
  C:08A8H         LINE#         659
  C:08ABH         LINE#         660
  C:08AEH         LINE#         661
  C:08B1H         LINE#         663
  C:08B3H         LINE#         664
  C:08B6H         LINE#         665
  C:08B9H         LINE#         666
  C:08BCH         LINE#         668
  C:08BFH         LINE#         669
  C:08C2H         LINE#         670
  C:08C5H         LINE#         672
  C:08C8H         LINE#         673
  C:08CBH         LINE#         674
  C:08CEH         LINE#         675
  C:08D1H         LINE#         676
  C:08D4H         LINE#         677
  C:08D7H         LINE#         678
  C:08DAH         LINE#         679
  C:08DDH         LINE#         681
  C:08E0H         LINE#         682
  C:08E3H         LINE#         684
  C:08E6H         LINE#         685
  C:08E9H         LINE#         687
  C:08ECH         LINE#         688
BL51 BANKED LINKER/LOCATER V4.16a           02/26/2007  12:28:42  PAGE 26


  C:08EFH         LINE#         690
  C:08F2H         LINE#         691
  C:08F5H         LINE#         693
  C:08F8H         LINE#         694
  C:08FBH         LINE#         696
  C:08FEH         LINE#         699
  C:0900H         LINE#         700
  C:0903H         LINE#         702
  C:0906H         LINE#         703
  C:0909H         LINE#         705
  C:090CH         LINE#         706
  C:090FH         LINE#         707
  C:0912H         LINE#         708
  C:0915H         LINE#         709
  C:0918H         LINE#         710
  C:091BH         LINE#         711
  C:091EH         LINE#         712
  C:0921H         LINE#         713
  C:0924H         LINE#         714
  C:0927H         LINE#         715
  C:092AH         LINE#         716
  C:092DH         LINE#         717
  C:0930H         LINE#         718
  C:0933H         LINE#         719
  C:0936H         LINE#         720
  C:0939H         LINE#         721
  C:093CH         LINE#         722
  C:093FH         LINE#         723
  C:0942H         LINE#         725
  C:0945H         LINE#         727
  C:0948H         LINE#         728
  C:094BH         LINE#         729
  C:094EH         LINE#         730
  C:0951H         LINE#         731
  C:0954H         LINE#         732
  C:0957H         LINE#         733
  C:095AH         LINE#         734
  C:095DH         LINE#         736
  C:0960H         LINE#         737
  C:0963H         LINE#         739
  C:0966H         LINE#         740
  C:0969H         LINE#         742
  C:096CH         LINE#         743
  C:096FH         LINE#         745
  C:0972H         LINE#         746
  C:0975H         LINE#         748
  C:0978H         LINE#         749
  C:097BH         LINE#         751
  C:097EH         LINE#         752
  C:0981H         LINE#         753
  C:0984H         LINE#         755
  C:0987H         LINE#         756
  C:098AH         LINE#         757
  C:098DH         LINE#         758
  C:0990H         LINE#         759
  C:0993H         LINE#         760
  C:0996H         LINE#         761
  C:0999H         LINE#         763
  C:099CH         LINE#         764
  C:099FH         LINE#         766
  C:09A2H         LINE#         767
  C:09A5H         LINE#         769
  C:09A8H         LINE#         770
  C:09ABH         LINE#         772
  C:09AEH         LINE#         773
BL51 BANKED LINKER/LOCATER V4.16a           02/26/2007  12:28:42  PAGE 27


  C:09B1H         LINE#         775
  C:09B4H         LINE#         776
  C:09B7H         LINE#         778
  C:09BAH         LINE#         781
  C:09BCH         LINE#         782
  C:09BFH         LINE#         784
  C:09C2H         LINE#         785
  C:09C5H         LINE#         787
  C:09C8H         LINE#         788
  C:09CBH         LINE#         789
  C:09CEH         LINE#         790
  C:09D1H         LINE#         791
  C:09D4H         LINE#         792
  C:09D7H         LINE#         793
  C:09DAH         LINE#         794
  C:09DDH         LINE#         795
  C:09E0H         LINE#         796
  C:09E3H         LINE#         797
  C:09E6H         LINE#         798
  C:09E9H         LINE#         799
  C:09ECH         LINE#         800
  C:09EFH         LINE#         801
  C:09F2H         LINE#         802
  C:09F5H         LINE#         803
  C:09F8H         LINE#         804
  C:09FBH         LINE#         806
  C:09FEH         LINE#         807
  C:0A01H         LINE#         808
  C:0A04H         LINE#         809
  C:0A07H         LINE#         810
  C:0A0AH         LINE#         811
  C:0A0DH         LINE#         812
  C:0A10H         LINE#         813
  C:0A13H         LINE#         814
  C:0A16H         LINE#         815
  C:0A19H         LINE#         816
  C:0A1CH         LINE#         817
  C:0A1FH         LINE#         818
  C:0A22H         LINE#         819
  C:0A25H         LINE#         820
  C:0A28H         LINE#         821
  C:0A2BH         LINE#         822
  C:0A2EH         LINE#         823
  C:0A31H         LINE#         824
  C:0A34H         LINE#         825
  C:0A37H         LINE#         826
  C:0A39H         LINE#         829
  C:0A3CH         LINE#         830
  C:0A3FH         LINE#         831
  C:0A42H         LINE#         832
  C:0A45H         LINE#         833
  C:0A48H         LINE#         834
  C:0A4BH         LINE#         837
  C:0A4DH         LINE#         838
  C:0A50H         LINE#         840
  C:0A53H         LINE#         841
  C:0A56H         LINE#         843
  C:0A59H         LINE#         844
  C:0A5CH         LINE#         845
  C:0A5FH         LINE#         846
  C:0A62H         LINE#         847
  C:0A65H         LINE#         848
  C:0A68H         LINE#         852
  C:0A6AH         LINE#         853
  C:0A6BH         LINE#         854
BL51 BANKED LINKER/LOCATER V4.16a           02/26/2007  12:28:42  PAGE 28


  C:0A6CH         LINE#         855
  C:0A6FH         LINE#         857
  C:0A72H         LINE#         858
  C:0A74H         LINE#         859
  C:0A77H         LINE#         860
  C:0A79H         LINE#         861
  C:0A7AH         LINE#         863
  C:0A7DH         LINE#         864
  C:0A80H         LINE#         865
  C:0A83H         LINE#         866
  C:0A85H         LINE#         868
  C:0A88H         LINE#         869
  C:0A8BH         LINE#         870
  C:0A8EH         LINE#         871
  C:0A90H         LINE#         873
  C:0A93H         LINE#         874
  C:0A96H         LINE#         875
  C:0A99H         LINE#         876
  C:0A9BH         LINE#         878
  C:0A9EH         LINE#         879
  C:0AA1H         LINE#         880
  C:0AA3H         LINE#         882
  C:0AA6H         LINE#         883
  C:0AA7H         LINE#         884
  C:0AA9H         LINE#         885
  C:0AABH         LINE#         886
  C:0AADH         LINE#         889
  C:0AB0H         LINE#         896
  C:0AB2H         LINE#         897
  C:0AB5H         LINE#         901
  C:0AB6H         LINE#         902
  C:0AB8H         LINE#         903
  C:0ABAH         LINE#         904
  C:0ABBH         LINE#         905
  C:0ABDH         LINE#         907
  C:0AC0H         LINE#         908
  C:0AC2H         LINE#         909
  C:0AC5H         LINE#         911
  C:0AC7H         LINE#         912
  C:0AC8H         LINE#         913
  C:0ACBH         LINE#         914
  C:0ACDH         LINE#         915
  C:0AD0H         LINE#         916
  C:0AD3H         LINE#         917
  C:0AD5H         LINE#         918
  C:0AD8H         LINE#         919
  C:0ADAH         LINE#         922
  C:0ADCH         LINE#         923
  C:0ADDH         LINE#         924
  C:0AE0H         LINE#         926
  C:0AE3H         LINE#         930
  C:0AE5H         LINE#         931
  C:0AE6H         LINE#         932
  C:0AE9H         LINE#         933
  C:0AECH         LINE#         934
  C:0AEFH         LINE#         935
  C:0AF1H         LINE#         936
  C:0AF4H         LINE#         937
  C:0AF6H         LINE#         939
  C:0AF9H         LINE#         941
  C:0AFBH         LINE#         943
  C:0AFCH         LINE#         944
  C:0AFEH         LINE#         945
  C:0B00H         LINE#         946
  C:0B01H         LINE#         947
BL51 BANKED LINKER/LOCATER V4.16a           02/26/2007  12:28:42  PAGE 29


  C:0B03H         LINE#         958
  C:0B05H         LINE#         959
  C:0B08H         LINE#         961
  C:0B0BH         LINE#         962
  C:0B0DH         LINE#         963
  C:0B10H         LINE#         964
  C:0B12H         LINE#         965
  C:0B15H         LINE#         966
  C:0B18H         LINE#         967
  C:0B1AH         LINE#         968
  C:0B1DH         LINE#         969
  C:0B20H         LINE#         971
  C:0B22H         LINE#         972
  C:0B23H         LINE#         973
  C:0B25H         LINE#         974
  C:0B27H         LINE#         975
  C:0B29H         LINE#         976
  C:0B2CH         LINE#         977
  C:0B2EH         LINE#         978
  C:0B31H         LINE#         979
  C:0B33H         LINE#         981
  C:0B36H         LINE#         983
  C:0B38H         LINE#         984
  C:0B3BH         LINE#         986
  C:0B3DH         LINE#         987
  C:0B3EH         LINE#         988
  C:0B40H         LINE#         989
  C:0B42H         LINE#         991
  C:0B44H         LINE#         992
  C:0B47H         LINE#         993
  C:0B49H         LINE#         995
  C:0B4CH         LINE#         996
  C:0B4EH         LINE#         997
  C:0B51H         LINE#         1003
  C:0B53H         LINE#         1004
  C:0B56H         LINE#         1005
  C:0B59H         LINE#         1006
  C:0B5BH         LINE#         1007
  C:0B5EH         LINE#         1008
  C:0B61H         LINE#         1009
  C:0B63H         LINE#         1010
  C:0B64H         LINE#         1011
  C:0B67H         LINE#         1014
  C:0B69H         LINE#         1015
  C:0B6CH         LINE#         1016
  C:0B6FH         LINE#         1017
  C:0B71H         LINE#         1018
  C:0B74H         LINE#         1022
  C:0B75H         LINE#         1023
  C:0B77H         LINE#         1024
  C:0B78H         LINE#         1025
  C:0B7BH         LINE#         1026
  C:0B7EH         LINE#         1027
  C:0B81H         LINE#         1028
  C:0B83H         LINE#         1030
  C:0B86H         LINE#         1031
  C:0B88H         LINE#         1032
  C:0B8BH         LINE#         1033
  C:0B8DH         LINE#         1034
  C:0B8FH         LINE#         1035
  C:0B92H         LINE#         1036
  C:0B95H         LINE#         1037
  C:0B97H         LINE#         1038
  C:0B99H         LINE#         1039
  C:0B9BH         LINE#         1040
BL51 BANKED LINKER/LOCATER V4.16a           02/26/2007  12:28:42  PAGE 30


  C:0B9DH         LINE#         1041
  C:0B9FH         LINE#         1042
  C:0BA1H         LINE#         1043
  C:0BA4H         LINE#         1044
  C:0BA7H         LINE#         1045
  C:0BAAH         LINE#         1046
  C:0BACH         LINE#         1047
  C:0BAEH         LINE#         1048
  C:0BB0H         LINE#         1049
  C:0BB2H         LINE#         1050
  C:0BB5H         LINE#         1055
  C:0BB7H         LINE#         1056
  C:0BB9H         LINE#         1057
  C:0BBBH         LINE#         1058
  C:0BBDH         LINE#         1059
  C:0BBFH         LINE#         1060
  C:0BC1H         LINE#         1061
  C:0BC4H         LINE#         1062
  C:0BC7H         LINE#         1063
  C:0BCAH         LINE#         1064
  C:0BCCH         LINE#         1065
  C:0BCEH         LINE#         1066
  C:0BD0H         LINE#         1067
  C:0BD2H         LINE#         1068
  C:0BD5H         LINE#         1069
  C:0BD8H         LINE#         1070
  C:0BDBH         LINE#         1071
  C:0BDEH         LINE#         1073
  C:0BE0H         LINE#         1074
  C:0BE3H         LINE#         1075
  C:0BE5H         LINE#         1076
  C:0BE7H         LINE#         1077
  C:0BEAH         LINE#         1078
  C:0BEDH         LINE#         1079
  C:0BEFH         LINE#         1080
  C:0BF1H         LINE#         1081
  C:0BF3H         LINE#         1082
  C:0BF5H         LINE#         1083
  C:0BF7H         LINE#         1084
  C:0BF9H         LINE#         1085
  C:0BFBH         LINE#         1086
  C:0BFDH         LINE#         1087
  C:0BFFH         LINE#         1088
  C:0C02H         LINE#         1089
  C:0C05H         LINE#         1090
  C:0C07H         LINE#         1091
  C:0C09H         LINE#         1092
  C:0C0BH         LINE#         1093
  C:0C0DH         LINE#         1094
  C:0C0FH         LINE#         1095
  C:0C11H         LINE#         1096
  C:0C13H         LINE#         1099
  C:0C16H         LINE#         1100
  C:0C19H         LINE#         1101
  C:0C1CH         LINE#         1102
  C:0C1EH         LINE#         1103
  C:0C21H         LINE#         1104
  C:0C24H         LINE#         1106
  C:0C27H         LINE#         1107
  C:0C2AH         LINE#         1108
  C:0C2DH         LINE#         1109
  C:0C30H         LINE#         1110
  C:0C33H         LINE#         1111
  C:0C35H         LINE#         1112
  C:0C38H         LINE#         1114
BL51 BANKED LINKER/LOCATER V4.16a           02/26/2007  12:28:42  PAGE 31


  C:0C3BH         LINE#         1116
  C:0C3EH         LINE#         1117
  C:0C40H         LINE#         1118
  C:0C43H         LINE#         1119
  C:0C46H         LINE#         1120
  C:0C47H         LINE#         1121
  C:0C49H         LINE#         1122
  C:0C4AH         LINE#         1123
  C:0C4DH         LINE#         1124
  C:0C50H         LINE#         1125
  C:0C53H         LINE#         1126
  C:0C55H         LINE#         1129
  C:0C58H         LINE#         1130
  C:0C5BH         LINE#         1131
  C:0C5DH         LINE#         1132
  C:0C60H         LINE#         1135
  C:0C62H         LINE#         1136
  C:0C65H         LINE#         1137
  C:0C67H         LINE#         1138
  C:0C6AH         LINE#         1140
  C:0C6CH         LINE#         1141
  C:0C6FH         LINE#         1142
  C:0C72H         LINE#         1143
  C:0C74H         LINE#         1144
  C:0C77H         LINE#         1146
  C:0C7AH         LINE#         1148
  C:0C7CH         LINE#         1149
  C:0C7FH         LINE#         1150
  C:0C82H         LINE#         1152
  C:0C85H         LINE#         1153
  C:0C88H         LINE#         1154
  C:0C8AH         LINE#         1155
  C:0C8DH         LINE#         1156
  C:0C8FH         LINE#         1158
  C:0C90H         LINE#         1159
  C:0C92H         LINE#         1160
  C:0C93H         LINE#         1161
  C:0C96H         LINE#         1162
  C:0C99H         LINE#         1163
  C:0C9CH         LINE#         1164
  C:0C9EH         LINE#         1165
  C:0CA0H         LINE#         1166
  C:0CA3H         LINE#         1167
  C:0CA5H         LINE#         1169
  C:0CA6H         LINE#         1170
  C:0CA9H         LINE#         1171
  C:0CAAH         LINE#         1173
  C:0CADH         LINE#         1175
  C:0CB0H         LINE#         1176
  C:0CB2H         LINE#         1177
  C:0CB5H         LINE#         1178
  C:0CB7H         LINE#         1179
  C:0CBAH         LINE#         1180
  C:0CBCH         LINE#         1181
  C:0CBEH         LINE#         1182
  C:0CC0H         LINE#         1184
  C:0CC2H         LINE#         1185
  C:0CC4H         LINE#         1186
  C:0CC6H         LINE#         1187
  C:0CC8H         LINE#         1188
  C:0CCAH         LINE#         1189
  C:0CCCH         LINE#         1190
  C:0CCFH         LINE#         1191
  C:0CD2H         LINE#         1192
  C:0CD5H         LINE#         1193
BL51 BANKED LINKER/LOCATER V4.16a           02/26/2007  12:28:42  PAGE 32


  C:0CD8H         LINE#         1194
  C:0CDAH         LINE#         1201
  C:0CDCH         LINE#         1202
  C:0CDFH         LINE#         1204
  C:0CE2H         LINE#         1205
  C:0CE3H         LINE#         1206
  C:0CE5H         LINE#         1207
  C:0CE6H         LINE#         1210
  C:0CE9H         LINE#         1211
  C:0CECH         LINE#         1212
  C:0CEFH         LINE#         1213
  C:0CF1H         LINE#         1214
  C:0CF4H         LINE#         1215
  C:0CF7H         LINE#         1216
  C:0CFAH         LINE#         1217
  C:0CFCH         LINE#         1219
  C:0CFFH         LINE#         1220
  C:0D01H         LINE#         1221
  C:0D03H         LINE#         1222
  C:0D05H         LINE#         1223
  C:0D07H         LINE#         1224
  C:0D09H         LINE#         1225
  C:0D0CH         LINE#         1226
  C:0D0FH         LINE#         1227
  C:0D12H         LINE#         1228
  C:0D15H         LINE#         1229
  C:0D17H         LINE#         1230
  C:0D1AH         LINE#         1231
  C:0D1DH         LINE#         1232
  C:0D20H         LINE#         1233
  C:0D22H         LINE#         1234
  C:0D24H         LINE#         1235
  C:0D26H         LINE#         1236
  C:0D28H         LINE#         1237
  C:0D2BH         LINE#         1238
  C:0D2DH         LINE#         1239
  C:0D30H         LINE#         1240
  C:0D33H         LINE#         1242
  C:0D35H         LINE#         1243
  C:0D38H         LINE#         1245
  C:0D3AH         LINE#         1247
  C:0D3CH         LINE#         1248
  C:0D3DH         LINE#         1249
  C:0D40H         LINE#         1251
  C:0D42H         LINE#         1252
  C:0D45H         LINE#         1254
  C:0D48H         LINE#         1255
  C:0D4BH         LINE#         1256
  C:0D4EH         LINE#         1258
  C:0D50H         LINE#         1259
  C:0D52H         LINE#         1260
  C:0D54H         LINE#         1261
  C:0D56H         LINE#         1262
[...]
  C:21D4H         LINE#         4309
  C:21D6H         LINE#         4310
  C:21D8H         LINE#         4311
  C:21DAH         LINE#         4312
  C:21DCH         LINE#         4313
  C:21DEH         LINE#         4314
  C:21E1H         LINE#         4315
  C:21E4H         LINE#         4317
  C:21E6H         LINE#         4318
  C:21E8H         LINE#         4319
  C:21EAH         LINE#         4320
  C:21ECH         LINE#         4321
  C:21EDH         LINE#         4322
  C:21EEH         LINE#         4324
  C:21F0H         LINE#         4325
  C:21F2H         LINE#         4326
  C:21F4H         LINE#         4328
  C:21F6H         LINE#         4329
  C:21F8H         LINE#         4330
  C:21FAH         LINE#         4332
  C:21FDH         LINE#         4333
  C:2200H         LINE#         4335
  C:2202H         LINE#         4336
  C:2204H         LINE#         4337
  C:2205H         LINE#         4343
  C:2207H         LINE#         4344
  C:220AH         LINE#         4345
  C:220DH         LINE#         4346
  C:2210H         LINE#         4347
  C:2211H         LINE#         4348
  C:2214H         LINE#         4349
  C:2217H         LINE#         4350
  C:2219H         LINE#         4351
  C:221CH         LINE#         4352
  C:221FH         LINE#         4353
  C:2221H         LINE#         4354
  C:2224H         LINE#         4355
BL51 BANKED LINKER/LOCATER V4.16a           02/26/2007  12:28:42  PAGE 69


  C:2227H         LINE#         4356
  C:2229H         LINE#         4357
  C:222CH         LINE#         4358
  C:222FH         LINE#         4359
  C:2231H         LINE#         4361
  C:2234H         LINE#         4362
  C:2237H         LINE#         4363
  C:2239H         LINE#         4364
  C:223CH         LINE#         4365
  C:223FH         LINE#         4366
  C:2241H         LINE#         4367
  C:2244H         LINE#         4368
  C:2247H         LINE#         4369
  C:2249H         LINE#         4370
  C:224CH         LINE#         4371
  C:224FH         LINE#         4372
  C:2251H         LINE#         4375
  C:2254H         LINE#         4376
  C:2256H         LINE#         4378
  C:2259H         LINE#         4380
  C:225CH         LINE#         4381
  C:225EH         LINE#         4382
  C:2261H         LINE#         4384
  C:2264H         LINE#         4385
  C:2265H         LINE#         4386
  C:2267H         LINE#         4387
  C:2268H         LINE#         4388
  C:226BH         LINE#         4389
  C:226DH         LINE#         4390
  C:2270H         LINE#         4391
  C:2273H         LINE#         4393
  C:2276H         LINE#         4394
  C:2279H         LINE#         4395
  C:227CH         LINE#         4396
  C:227FH         LINE#         4398
  C:2281H         LINE#         4399
  C:2284H         LINE#         4402
  C:2286H         LINE#         4403
  C:2288H         LINE#         4404
  C:228AH         LINE#         4405
  C:228DH         LINE#         4407
  C:2290H         LINE#         4408
  C:2292H         LINE#         4409
  C:2295H         LINE#         4410
  C:2296H         LINE#         4411
  C:2297H         LINE#         4412
  C:2298H         LINE#         4413
  C:2299H         LINE#         4414
  C:229AH         LINE#         4415
  C:229BH         LINE#         4416
  C:229CH         LINE#         4417
  C:229DH         LINE#         4418
  C:229EH         LINE#         4419
  C:229FH         LINE#         4420
  C:22A0H         LINE#         4424
  C:22A3H         LINE#         4425
  C:22A5H         LINE#         4426
  C:22A8H         LINE#         4428
  C:22AAH         LINE#         4429
  C:22ACH         LINE#         4430
  C:22AFH         LINE#         4431
  C:22B2H         LINE#         4433
  C:22B4H         LINE#         4434
  C:22B7H         LINE#         4436
  C:22B9H         LINE#         4438
BL51 BANKED LINKER/LOCATER V4.16a           02/26/2007  12:28:42  PAGE 70


  C:22BCH         LINE#         4439
  C:22BDH         LINE#         4440
  C:22BEH         LINE#         4441
  C:22C0H         LINE#         4442
  C:22C1H         LINE#         4443
  C:22C2H         LINE#         4444
  C:22C3H         LINE#         4445
  C:22C5H         LINE#         4446
  C:22C8H         LINE#         4450
  C:22CAH         LINE#         4451
  C:22CCH         LINE#         4452
  C:22CFH         LINE#         4453
  C:22D2H         LINE#         4454
  C:22D5H         LINE#         4455
  C:22D8H         LINE#         4456
  C:22DBH         LINE#         4457
  C:22DEH         LINE#         4459
  C:22E0H         LINE#         4460
  C:22E2H         LINE#         4461
  C:22E5H         LINE#         4462
  C:22E8H         LINE#         4463
  C:22EAH         LINE#         4464
  C:22ECH         LINE#         4465
  C:22EEH         LINE#         4466
  C:22F0H         LINE#         4467
  C:22F2H         LINE#         4468
  C:22F4H         LINE#         4469
  C:22F7H         LINE#         4470
  C:22FAH         LINE#         4471
  C:22FDH         LINE#         4472
  C:22FFH         LINE#         4473
  C:2301H         LINE#         4474
  C:2303H         LINE#         4475
  C:2305H         LINE#         4476
  C:2308H         LINE#         4478
  C:230BH         LINE#         4479
  C:230EH         LINE#         4480
  C:2311H         LINE#         4481
  C:2313H         LINE#         4482
  C:2315H         LINE#         4483
  C:2317H         LINE#         4484
  C:2319H         LINE#         4486
  C:231BH         LINE#         4487
  C:231EH         LINE#         4488
  C:2321H         LINE#         4489
  C:2324H         LINE#         4490
  C:2326H         LINE#         4491
  C:2328H         LINE#         4492
  C:232AH         LINE#         4493
  C:232CH         LINE#         4494
  C:232FH         LINE#         4496
  C:2332H         LINE#         4497
  C:2335H         LINE#         4498
  C:2338H         LINE#         4499
  C:233BH         LINE#         4500
  C:233DH         LINE#         4501
  C:2340H         LINE#         4503
  C:2342H         LINE#         4504
  C:2344H         LINE#         4505
  C:2346H         LINE#         4506
  C:2349H         LINE#         4508
  C:234BH         LINE#         4509
  C:234EH         LINE#         4510
  C:2350H         LINE#         4512
  C:2351H         LINE#         4513
BL51 BANKED LINKER/LOCATER V4.16a           02/26/2007  12:28:42  PAGE 71


  C:2352H         LINE#         4514
  C:2353H         LINE#         4515
  C:2354H         LINE#         4516
  C:2355H         LINE#         4517
  C:2356H         LINE#         4518
  C:2357H         LINE#         4519
  C:2358H         LINE#         4520
  C:2359H         LINE#         4521
  C:235AH         LINE#         4522
  C:235BH         LINE#         4526
  C:235EH         LINE#         4527
  C:2360H         LINE#         4528
  C:2363H         LINE#         4530
  C:2365H         LINE#         4531
  C:2367H         LINE#         4532
  C:236AH         LINE#         4533
  C:236DH         LINE#         4535
  C:236FH         LINE#         4536
  C:2372H         LINE#         4537
  C:2375H         LINE#         4542
  C:2378H         LINE#         4543
  C:237AH         LINE#         4544
  C:237CH         LINE#         4545
  C:237DH         LINE#         4546
  C:237EH         LINE#         4547
  C:2380H         LINE#         4548
  C:2381H         LINE#         4549
  C:2383H         LINE#         4550
  C:2386H         LINE#         4551
  C:2388H         LINE#         4552
  C:238AH         LINE#         4553
  C:238DH         LINE#         4554
  C:238FH         LINE#         4555
  C:2390H         LINE#         4556
  C:2392H         LINE#         4557
  C:2393H         LINE#         4559
  C:2395H         LINE#         4560
  C:2396H         LINE#         4561
  C:2398H         LINE#         4562
  C:2399H         LINE#         4563
  C:239AH         LINE#         4564
  C:239CH         LINE#         4566
  C:239DH         LINE#         4567
  C:239FH         LINE#         4568
  C:23A1H         LINE#         4569
  C:23A3H         LINE#         4570
  C:23A5H         LINE#         4571
  C:23A7H         LINE#         4572
  C:23A9H         LINE#         4574
  C:23ABH         LINE#         4575
  C:23ADH         LINE#         4576
  C:23AEH         LINE#         4577
  C:23AFH         LINE#         4578
  C:23B1H         LINE#         4579
  C:23B2H         LINE#         4581
  C:23B3H         LINE#         4582
  C:23B5H         LINE#         4583
  C:23B6H         LINE#         4584
  C:23B7H         LINE#         4585
  C:23B9H         LINE#         4586
  C:23BBH         LINE#         4587
  C:23BCH         LINE#         4588
  C:23BDH         LINE#         4589
  C:23BFH         LINE#         4593
  C:23C2H         LINE#         4594
BL51 BANKED LINKER/LOCATER V4.16a           02/26/2007  12:28:42  PAGE 72


  C:23C5H         LINE#         4595
  C:23C8H         LINE#         4596
  C:23CAH         LINE#         4597
  C:23CDH         LINE#         4598
  C:23D0H         LINE#         4599
  C:23D2H         LINE#         4600
  C:23D5H         LINE#         4601
  C:23D7H         LINE#         4602
  C:23D8H         LINE#         4603
  C:23DAH         LINE#         4605
  C:23DDH         LINE#         4606
  C:23E0H         LINE#         4607
  C:23E3H         LINE#         4608
  C:23E5H         LINE#         4609
  C:23E8H         LINE#         4610
  C:23EBH         LINE#         4611
  C:23EDH         LINE#         4612
  C:23F0H         LINE#         4613
  C:23F1H         LINE#         4614
  C:23F2H         LINE#         4615
  C:23F3H         LINE#         4616
  C:23F4H         LINE#         4617
  C:23F6H         LINE#         4618
  C:23F7H         LINE#         4619
  C:23F9H         LINE#         4620
  C:23FAH         LINE#         4621
  C:23FDH         LINE#         4622
  C:2400H         LINE#         4623
  C:2402H         LINE#         4624
  C:2405H         LINE#         4625
  C:2408H         LINE#         4626
  C:240BH         LINE#         4627
  C:240EH         LINE#         4628
  C:2411H         LINE#         4629
  C:2414H         LINE#         4630
  C:2417H         LINE#         4631
  C:2419H         LINE#         4632
  C:241CH         LINE#         4635
  C:241EH         LINE#         4636
  C:2420H         LINE#         4637
  C:2423H         LINE#         4639
  C:2425H         LINE#         4640
  C:2427H         LINE#         4641
  C:2429H         LINE#         4642
  C:242AH         LINE#         4643
  C:242CH         LINE#         4644
  C:242DH         LINE#         4645
  C:242EH         LINE#         4646
  C:242FH         LINE#         4647
  C:2431H         LINE#         4648
  C:2433H         LINE#         4649
  C:2435H         LINE#         4650
  C:2438H         LINE#         4651
  C:243AH         LINE#         4652
  C:243DH         LINE#         4653
  C:243EH         LINE#         4656
  C:243FH         LINE#         4657
  C:2440H         LINE#         4658
  C:2441H         LINE#         4659
  C:2442H         LINE#         4660
  C:2443H         LINE#         4661
  C:2444H         LINE#         4662
  C:2445H         LINE#         4663
  C:2446H         LINE#         4664
  C:2447H         LINE#         4665
BL51 BANKED LINKER/LOCATER V4.16a           02/26/2007  12:28:42  PAGE 73


  C:2448H         LINE#         4666
  C:2449H         LINE#         4667
  C:244AH         LINE#         4669
  C:244BH         LINE#         4670
  C:244DH         LINE#         4671
  C:244FH         LINE#         4672
  C:2451H         LINE#         4673
  C:2453H         LINE#         4674
  C:2455H         LINE#         4675
  C:2457H         LINE#         4676
  C:2458H         LINE#         4680
  C:245BH         LINE#         4683
  C:245EH         LINE#         4685
  C:2460H         LINE#         4687
  C:2461H         LINE#         4688
  C:2462H         LINE#         4689
  C:2463H         LINE#         4690
  C:2464H         LINE#         4691
  C:2465H         LINE#         4692
  C:2466H         LINE#         4693
  C:2467H         LINE#         4694
  C:2468H         LINE#         4695
  C:2469H         LINE#         4696
  C:246AH         LINE#         4697
  C:246BH         LINE#         4698
  C:246CH         LINE#         4699
  C:246DH         LINE#         4700
  C:246EH         LINE#         4701
  C:246FH         LINE#         4703
  C:2471H         LINE#         4704
  C:2474H         LINE#         4705
  C:2477H         LINE#         4706
  C:2479H         LINE#         4707
  C:247CH         LINE#         4709
  C:247FH         LINE#         4712
  C:2481H         LINE#         4713
  C:2483H         LINE#         4714
  C:2484H         LINE#         4715
  C:2485H         LINE#         4716
  C:2487H         LINE#         4717
  C:2488H         LINE#         4719
  C:248AH         LINE#         4720
  C:248CH         LINE#         4721
  C:248FH         LINE#         4722
  C:2491H         LINE#         4723
  C:2492H         LINE#         4724
  C:2494H         LINE#         4725
  C:2495H         LINE#         4727
  C:2497H         LINE#         4728
  C:2498H         LINE#         4729
  C:249AH         LINE#         4730
  C:249BH         LINE#         4731
  C:249CH         LINE#         4732
  C:249EH         LINE#         4734
  C:249FH         LINE#         4735
  C:24A1H         LINE#         4736
  C:24A3H         LINE#         4737
  C:24A5H         LINE#         4738
  C:24A7H         LINE#         4739
  C:24A9H         LINE#         4740
  C:24ABH         LINE#         4742
  C:24ADH         LINE#         4743
  C:24AFH         LINE#         4744
  C:24B0H         LINE#         4745
  C:24B1H         LINE#         4746
BL51 BANKED LINKER/LOCATER V4.16a           02/26/2007  12:28:42  PAGE 74


  C:24B3H         LINE#         4747
  C:24B4H         LINE#         4749
  C:24B5H         LINE#         4750
  C:24B7H         LINE#         4751
  C:24B8H         LINE#         4752
  C:24B9H         LINE#         4753
  C:24BBH         LINE#         4754
  C:24BDH         LINE#         4755
  C:24BEH         LINE#         4756
  C:24BFH         LINE#         4757
  C:24C1H         LINE#         4761
  C:24C3H         LINE#         4762
  C:24C6H         LINE#         4764
  C:24C9H         LINE#         4765
  C:24CCH         LINE#         4767
  C:24CFH         LINE#         4769
  C:24D2H         LINE#         4770
  C:24D4H         LINE#         4771
  C:24D6H         LINE#         4772
  C:24D9H         LINE#         4773
  C:24DBH         LINE#         4774
  C:24DCH         LINE#         4775
  C:24DEH         LINE#         4777
  C:24E0H         LINE#         4778
  C:24E3H         LINE#         4780
  C:24E6H         LINE#         4781
  C:24E9H         LINE#         4783
  C:24ECH         LINE#         4785
  C:24EFH         LINE#         4786
  C:24F1H         LINE#         4787
  C:24F3H         LINE#         4788
  C:24F6H         LINE#         4791
  C:24F8H         LINE#         4792
  C:24FBH         LINE#         4796
  C:24FEH         LINE#         4797
  C:2501H         LINE#         4798
  C:2504H         LINE#         4799
  C:2507H         LINE#         4801
  C:250AH         LINE#         4802
  C:250CH         LINE#         4803
  C:250FH         LINE#         4806
  C:2511H         LINE#         4807
  C:2513H         LINE#         4808
  C:2516H         LINE#         4810
  C:2518H         LINE#         4811
  C:251AH         LINE#         4812
  C:251CH         LINE#         4813
  C:251DH         LINE#         4814
  C:251FH         LINE#         4815
  C:2520H         LINE#         4816
  C:2521H         LINE#         4817
  C:2522H         LINE#         4818
  C:2524H         LINE#         4819
  C:2526H         LINE#         4820
  C:2528H         LINE#         4821
  C:252BH         LINE#         4822
  C:252DH         LINE#         4823
  C:2530H         LINE#         4824
  C:2531H         LINE#         4830
  C:2534H         LINE#         4834
  C:2537H         LINE#         4836
  C:2539H         LINE#         4838
  C:253AH         LINE#         4839
  C:253BH         LINE#         4840
  C:253CH         LINE#         4841
BL51 BANKED LINKER/LOCATER V4.16a           02/26/2007  12:28:42  PAGE 75


  C:253DH         LINE#         4842
  C:253EH         LINE#         4843
  C:253FH         LINE#         4844
  C:2540H         LINE#         4845
  C:2541H         LINE#         4846
  C:2542H         LINE#         4847
  C:2543H         LINE#         4848
  C:2544H         LINE#         4849
  C:2545H         LINE#         4850
  C:2546H         LINE#         4851
  C:2547H         LINE#         4852
  C:2548H         LINE#         4854
  C:254AH         LINE#         4855
  C:254DH         LINE#         4856
  C:2550H         LINE#         4857
  C:2552H         LINE#         4858
  C:2555H         LINE#         4860
  C:2558H         LINE#         4863
  C:255AH         LINE#         4864
  C:255CH         LINE#         4865
  C:255DH         LINE#         4866
  C:255EH         LINE#         4867
  C:2560H         LINE#         4868
  C:2561H         LINE#         4870
  C:2563H         LINE#         4871
  C:2565H         LINE#         4872
  C:2568H         LINE#         4873
  C:256AH         LINE#         4874
  C:256BH         LINE#         4875
  C:256DH         LINE#         4876
  C:256EH         LINE#         4878
  C:2570H         LINE#         4879
  C:2571H         LINE#         4880
  C:2573H         LINE#         4881
  C:2574H         LINE#         4882
  C:2575H         LINE#         4883
  C:2577H         LINE#         4885
  C:2578H         LINE#         4886
  C:257AH         LINE#         4887
  C:257CH         LINE#         4888
  C:257EH         LINE#         4889
  C:2580H         LINE#         4890
  C:2582H         LINE#         4891
  C:2584H         LINE#         4893
  C:2586H         LINE#         4894
  C:2588H         LINE#         4895
  C:2589H         LINE#         4896
  C:258AH         LINE#         4897
  C:258CH         LINE#         4898
  C:258DH         LINE#         4900
  C:258EH         LINE#         4901
  C:2590H         LINE#         4902
  C:2591H         LINE#         4903
  C:2592H         LINE#         4904
  C:2594H         LINE#         4905
  C:2596H         LINE#         4906
  C:2597H         LINE#         4907
  C:2598H         LINE#         4908
  C:259AH         LINE#         4912
  C:259CH         LINE#         4913
  C:259FH         LINE#         4915
  C:25A2H         LINE#         4916
  C:25A5H         LINE#         4918
  C:25A8H         LINE#         4920
  C:25ABH         LINE#         4921
BL51 BANKED LINKER/LOCATER V4.16a           02/26/2007  12:28:42  PAGE 76


  C:25ADH         LINE#         4922
  C:25AFH         LINE#         4923
  C:25B2H         LINE#         4924
  C:25B4H         LINE#         4925
  C:25B5H         LINE#         4926
  C:25B7H         LINE#         4927
  C:25B9H         LINE#         4928
  C:25BCH         LINE#         4930
  C:25BFH         LINE#         4931
  C:25C2H         LINE#         4933
  C:25C5H         LINE#         4935
  C:25C8H         LINE#         4936
  C:25CAH         LINE#         4937
  C:25CCH         LINE#         4938
  C:25CFH         LINE#         4941
  C:25D2H         LINE#         4944
  C:25D4H         LINE#         4945
  C:25D7H         LINE#         4946
  C:25DAH         LINE#         4947
  C:25DDH         LINE#         4948
  C:25E0H         LINE#         4949
  C:25E2H         LINE#         4950
  C:25E5H         LINE#         4951
  C:25E6H         LINE#         4955
  C:25E8H         LINE#         4956
  C:25EAH         LINE#         4957
  C:25ECH         LINE#         4960
  C:25EFH         LINE#         4961
  C:25F1H         LINE#         4962
  -------         ENDMOD        MAIN

LINK/LOCATE RUN COMPLETE.  0 WARNING(S),  0 ERROR(S)
