BL51 BANKED LINKER/LOCATER V4.16a             01/09/2008  13:19:07  PAGE 1


BL51 BANKED LINKER/LOCATER V4.16a, INVOKED BY:
D:\PROGRAM FILES\CYGNAL\IDEFILES\C51\BIN\BL51.EXE D:\AMP\AMP36_2.OBJ TO D:\AMP
>> \AMP36_2 RS (256) PL (68) PW (78)


INPUT MODULES INCLUDED:
  D:\AMP\AMP36_2.OBJ (MAIN)


LINK MAP OF MODULE:  D:\AMP\AMP36_2 (MAIN)


            TYPE    BASE      LENGTH    RELOCATION   SEGMENT NAME
            -----------------------------------------------------

            * * * * * * *   D A T A   M E M O R Y   * * * * * * *
            REG     0000H     0008H     ABSOLUTE     "REG BANK 0"

            * * * * * * *   C O D E   M E M O R Y   * * * * * * *
            CODE    0000H     04C9H     ABSOLUTE     
            CODE    04C9H     2CDFH     UNIT         MAIN



SYMBOL TABLE OF MODULE:  D:\AMP\AMP36_2 (MAIN)

  VALUE           TYPE          NAME
  ----------------------------------

  -------         MODULE        MAIN
  C:04C9H         SEGMENT       MAIN
  X:0100H         PUBLIC        MASS0
  B:00C0H.2       SYMBOL        AA
  C:0880H         SYMBOL        AAPAR
  D:004FH         SYMBOL        ABIN
  C:29BAH         SYMBOL        ABRET
  C:03F3H         SYMBOL        ABTOF
  B:00D0H.6       SYMBOL        AC
  D:00E0H         SYMBOL        ACC
  B:00E8H.4       SYMBOL        AD0BUSY
  B:00E8H.7       SYMBOL        AD0EN
  B:00E8H.5       SYMBOL        AD0INT
  B:00E8H.0       SYMBOL        AD0LJST
  B:00E8H.2       SYMBOL        AD0STM0
  B:00E8H.3       SYMBOL        AD0STM1
  B:00E8H.6       SYMBOL        AD0TM
  B:00E8H.1       SYMBOL        AD0WINT
  D:00BCH         SYMBOL        ADC0CF
  D:00E8H         SYMBOL        ADC0CN
  D:00C5H         SYMBOL        ADC0GTH
  D:00C4H         SYMBOL        ADC0GTL
  D:00BFH         SYMBOL        ADC0H
  D:00BEH         SYMBOL        ADC0L
  D:00C7H         SYMBOL        ADC0LTH
  D:00C6H         SYMBOL        ADC0LTL
  D:009CH         SYMBOL        ADC1
  D:00ABH         SYMBOL        ADC1CF
  D:00AAH         SYMBOL        ADC1CN
  C:317FH         SYMBOL        ADDX
  D:0053H         SYMBOL        ADEC
  C:2E33H         SYMBOL        ADRBLOK
  C:0B77H         SYMBOL        AFTERK
  C:0717H         SYMBOL        AGE2
  C:0D3DH         SYMBOL        AGE9
  C:0725H         SYMBOL        AGEON
  C:081EH         SYMBOL        ALLSUM
BL51 BANKED LINKER/LOCATER V4.16a           01/09/2008  13:19:07  PAGE 2


  C:30C6H         SYMBOL        ALMUL
  C:0402H         SYMBOL        ALTOF
  C:041EH         SYMBOL        ALTOF1
  D:00BAH         SYMBOL        AMX0CF
  D:00BBH         SYMBOL        AMX0SL
  D:00ACH         SYMBOL        AMX1SL
  C:0ADDH         SYMBOL        ANKOR
  C:0F50H         SYMBOL        ANLP1
  C:1715H         SYMBOL        AN_T7
  C:116DH         SYMBOL        AUTOKA
  C:0CA8H         SYMBOL        AVPGO
  C:0B39H         SYMBOL        AVTDEC1
  C:03FCH         SYMBOL        AWTOF
  D:00F0H         SYMBOL        B
  C:05C9H         SYMBOL        BEGIN
  C:2D70H         SYMBOL        BFORM
  B:0021H.5       SYMBOL        BIFL_KT
  C:2EE2H         SYMBOL        BIN30
  C:2EE6H         SYMBOL        BIN31
  C:2EF6H         SYMBOL        BIN32
  C:2F07H         SYMBOL        BIN41
  C:2ED6H         SYMBOL        BINDEC
  B:0023H.2       SYMBOL        BITAKT
  B:0020H.5       SYMBOL        BITAVP
  B:0021H.2       SYMBOL        BITBON
  B:0021H.0       SYMBOL        BITBUF
  B:0022H.5       SYMBOL        BITEIZM
  B:0020H.4       SYMBOL        BITIZM
  B:0022H.2       SYMBOL        BITKLB
  B:0020H.1       SYMBOL        BITMAS
  B:0021H.3       SYMBOL        BITMEM
  B:0022H.1       SYMBOL        BITMENU
  B:0023H.1       SYMBOL        BITMIG
  B:0021H.7       SYMBOL        BITNUL
  B:0022H.7       SYMBOL        BITOLL
  B:0022H.6       SYMBOL        BITPAR
  B:0021H.1       SYMBOL        BITPRD
  B:0023H.4       SYMBOL        BITPRER
  B:0020H.3       SYMBOL        BITRS
  B:0022H.0       SYMBOL        BITT2
  B:0022H.3       SYMBOL        BITV19
  B:0020H.6       SYMBOL        BITVI11
  B:0022H.4       SYMBOL        BITVICH
  B:0020H.0       SYMBOL        BITZNAK
  B:0023H.3       SYMBOL        BITZNB
  B:0020H.7       SYMBOL        BITZUS
  C:1BCEH         SYMBOL        BLOIN
  C:1BA0H         SYMBOL        BLOKVV
  C:1BAAH         SYMBOL        BLOKVVC
  C:1B6BH         SYMBOL        BL_LI
  C:113DH         SYMBOL        BONPART
  C:18EFH         SYMBOL        BOUT7
  C:27FBH         SYMBOL        BRET
  C:0E94H         SYMBOL        BUFDEC
  D:0040H         SYMBOL        BUFIND
  C:26A2H         SYMBOL        BUFL_DEC
  C:24C1H         SYMBOL        BUFMEA
  C:25D0H         SYMBOL        BUFMIN
  C:12CDH         SYMBOL        BUFON
  C:0DE2H         SYMBOL        BUFR
  C:0DC4H         SYMBOL        BUFR2
  C:0DBDH         SYMBOL        BUFR3
  C:0DC0H         SYMBOL        BUFR30
  B:00D8H.0       SYMBOL        CCF0
  B:00D8H.1       SYMBOL        CCF1
BL51 BANKED LINKER/LOCATER V4.16a           01/09/2008  13:19:07  PAGE 3


  B:00D8H.2       SYMBOL        CCF2
  B:00D8H.3       SYMBOL        CCF3
  B:00D8H.4       SYMBOL        CCF4
  C:01F7H         SYMBOL        CDONE
  D:0020H         SYMBOL        CELLBIT
  D:0021H         SYMBOL        CELLBIT1
  D:0022H         SYMBOL        CELLBIT2
  D:0023H         SYMBOL        CELLBIT3
  C:01E2H         SYMBOL        CEXP
  B:00D8H.7       SYMBOL        CF
  C:289EH         SYMBOL        CH0
  C:28BEH         SYMBOL        CH1
  C:28A2H         SYMBOL        CH10
  C:28B6H         SYMBOL        CH100
  C:28B2H         SYMBOL        CH10000
  C:2906H         SYMBOL        CH150H
  C:28BAH         SYMBOL        CH2
  C:2A81H         SYMBOL        CH20
  C:28E6H         SYMBOL        CH2THO
  C:2902H         SYMBOL        CH320H
  C:28AAH         SYMBOL        CH4
  C:1DD9H         SYMBOL        CH43
  C:1E80H         SYMBOL        CH43_42
  C:28A6H         SYMBOL        CH5
  C:2A7DH         SYMBOL        CH57
  C:28AEH         SYMBOL        CH954
  C:1A04H         SYMBOL        CHAIBL
  C:1D2EH         SYMBOL        CHAIPR
  C:14A8H         SYMBOL        CHANMA
  C:148FH         SYMBOL        CHANZ
  D:0081H         SYMBOL        CHAVT
  D:009BH         SYMBOL        CHBEFORE
  D:00D6H         SYMBOL        CHBLOK
  D:00CFH         SYMBOL        CHBUF
  X:0E00H         SYMBOL        CHBUF1
  C:279EH         SYMBOL        CHCMP
  C:27B1H         SYMBOL        CHDEC
  D:0083H         SYMBOL        CHDEL
  C:1128H         SYMBOL        CHDELMO
  C:2AC6H         SYMBOL        CHIF
  C:2ACEH         SYMBOL        CHIF5
  C:2AF1H         SYMBOL        CHIFB
  C:2AF7H         SYMBOL        CHIFB1
  C:2AFFH         SYMBOL        CHIFL5
  C:2AE0H         SYMBOL        CHIFOUR
  D:00ACH         SYMBOL        CHIND
  D:0033H         SYMBOL        CHIND2
  D:0098H         SYMBOL        CHINKOR
  C:28FEH         SYMBOL        CHK
  D:003DH         SYMBOL        CHKL
  D:006EH         SYMBOL        CHMAS
  D:003FH         SYMBOL        CHMASN
  C:2E18H         SYMBOL        CHMINUS
  C:2748H         SYMBOL        CHTADC
  C:28DEH         SYMBOL        CHTHO
  C:2985H         SYMBOL        CHTHOU
  C:289AH         SYMBOL        CHZAP
  C:28C6H         SYMBOL        CH_1
  C:28F6H         SYMBOL        CH_10
  C:28F2H         SYMBOL        CH_10TH
  C:28CAH         SYMBOL        CH_2
  C:28EEH         SYMBOL        CH_200
  C:28EAH         SYMBOL        CH_220
  C:29C3H         SYMBOL        CH_22T
  C:28FAH         SYMBOL        CH_250
BL51 BANKED LINKER/LOCATER V4.16a           01/09/2008  13:19:07  PAGE 4


  C:28CEH         SYMBOL        CH_4
  C:28D2H         SYMBOL        CH_5
  C:29BFH         SYMBOL        CH_500
  C:28D6H         SYMBOL        CH_7
  C:28DAH         SYMBOL        CH_953
  C:29BBH         SYMBOL        CH_B
  C:29C7H         SYMBOL        CH_FL
  C:290AH         SYMBOL        CH_M3
  C:28C2H         SYMBOL        CH_MLN
  C:2D46H         SYMBOL        CIKLWR
  D:008EH         SYMBOL        CKCON
  C:291CH         SYMBOL        CL4
  C:2922H         SYMBOL        CL4N
  C:1E6DH         SYMBOL        CLE20
  C:043EH         SYMBOL        CLE256
  C:2ED0H         SYMBOL        CLEAR
  C:2919H         SYMBOL        CLEAR4
  C:2921H         SYMBOL        CLEARN
  C:2D36H         SYMBOL        CLMASSIX
  C:0CADH         SYMBOL        CLMASV
  C:2D3BH         SYMBOL        CLMAX
  C:2ED1H         SYMBOL        CLR11
  C:2ECAH         SYMBOL        CLRDEC
  C:2ECEH         SYMBOL        CLRNUM
  C:185CH         SYMBOL        CLRVICH
  C:1AB7H         SYMBOL        CL_HL
  C:1AC9H         SYMBOL        CL_HL1
  C:1AD3H         SYMBOL        CL_HL2
  C:1ADDH         SYMBOL        CL_HL3
  N:0006H         SYMBOL        CNTR
  C:2882H         SYMBOL        CO02S
  C:288FH         SYMBOL        CO05S
  C:2879H         SYMBOL        CO1S
  C:2875H         SYMBOL        CO2S
  C:0D59H         SYMBOL        COMPA1
  C:0D8FH         SYMBOL        COMPA2
  C:2DAAH         SYMBOL        COND
  C:049FH         SYMBOL        COPY1
  C:0499H         SYMBOL        COPYPP
  D:00D7H         SYMBOL        COPY_HL
  C:2857H         SYMBOL        COUNT
  B:00C8H.0       SYMBOL        CPRL2
  D:009EH         SYMBOL        CPT0CN
  D:009FH         SYMBOL        CPT1CN
  B:00D8H.6       SYMBOL        CR
  C:285EH         SYMBOL        CT
  B:00C8H.1       SYMBOL        CT2
  B:00D0H.7       SYMBOL        CY
  D:00D4H         SYMBOL        DAC0CN
  D:00D3H         SYMBOL        DAC0H
  D:00D2H         SYMBOL        DAC0L
  D:00D7H         SYMBOL        DAC1CN
  D:00D6H         SYMBOL        DAC1H
  D:00D5H         SYMBOL        DAC1L
  C:2DAFH         SYMBOL        DCOA
  C:2DB6H         SYMBOL        DCOB
  C:2DC1H         SYMBOL        DCOC
  C:2DCEH         SYMBOL        DCOD
  C:1B20H         SYMBOL        DDOUTF
  C:19E8H         SYMBOL        DDOUTFR
  C:2F23H         SYMBOL        DEC30
  C:2F28H         SYMBOL        DEC31
  C:2F38H         SYMBOL        DEC32
  C:2F16H         SYMBOL        DECBIN
  N:000AH         SYMBOL        DECSIZE
BL51 BANKED LINKER/LOCATER V4.16a           01/09/2008  13:19:07  PAGE 5


  C:2F41H         SYMBOL        DECT2
  C:3196H         SYMBOL        DEDPTR
  C:0133H         SYMBOL        DENORM
  C:1CB2H         SYMBOL        DGOTO7
  D:00AEH         SYMBOL        DIAP
  C:12F3H         SYMBOL        DIINC
  C:2A55H         SYMBOL        DIKDN
  C:296DH         SYMBOL        DIKDW
  C:2983H         SYMBOL        DIKM
  C:2981H         SYMBOL        DIPAR
  C:02DDH         SYMBOL        DIV1
  C:0320H         SYMBOL        DIV2
  C:030DH         SYMBOL        DIV3
  C:0336H         SYMBOL        DIV9
  C:3001H         SYMBOL        DIVIDE
  C:2F70H         SYMBOL        DONE
  C:2F6EH         SYMBOL        DONE1
  C:308AH         SYMBOL        DOSH
  C:3078H         SYMBOL        DOSUB
  D:0083H         SYMBOL        DPH
  D:0082H         SYMBOL        DPL
  C:0F8CH         SYMBOL        DVIG0
  C:0F81H         SYMBOL        DVIG1
  C:0F76H         SYMBOL        DVIG2
  C:0F6AH         SYMBOL        DVIG3
  C:0F98H         SYMBOL        DVIG4
  C:0FBAH         SYMBOL        DVIG6
  C:0FB8H         SYMBOL        DVM
  B:00A8H.7       SYMBOL        EA
  D:00E6H         SYMBOL        EIE1
  D:00E7H         SYMBOL        EIE2
  D:00F6H         SYMBOL        EIP1
  D:00F7H         SYMBOL        EIP2
  D:00A3H         SYMBOL        EMI0CF
  D:00AFH         SYMBOL        EMI0CN
  D:00A1H         SYMBOL        EMI0TC
  C:22D8H         SYMBOL        ENDKALIB
  C:0FBEH         SYMBOL        ENDSDV
  C:0A6BH         SYMBOL        ENDSUM
  B:00C0H.6       SYMBOL        ENSMB
  C:0D8AH         SYMBOL        EQU0
  C:0DA8H         SYMBOL        EQU00
  C:15ECH         SYMBOL        EQU1L
  C:1B86H         SYMBOL        EQU2L
  C:21F7H         SYMBOL        ERRA0
  C:0CC3H         SYMBOL        ERRA01
  C:2B5CH         SYMBOL        ERROR
  B:00A8H.4       SYMBOL        ES
  B:00A8H.1       SYMBOL        ET0
  B:00A8H.3       SYMBOL        ET1
  B:00A8H.5       SYMBOL        ET2
  B:00A8H.0       SYMBOL        EX0
  B:00A8H.2       SYMBOL        EX1
  B:00C8H.3       SYMBOL        EXEN2
  B:00C8H.6       SYMBOL        EXF2
  N:0000H         SYMBOL        EXP1
  N:0001H         SYMBOL        EXP2
  C:0687H         SYMBOL        EXTCLE
  B:00D0H.5       SYMBOL        F0
  B:00D0H.1       SYMBOL        F1
  C:2966H         SYMBOL        FINDEXT
  C:2957H         SYMBOL        FINDKOEF
  C:154AH         SYMBOL        FINDMEM
  C:2AAEH         SYMBOL        FINDR
  C:30B5H         SYMBOL        FINIS
BL51 BANKED LINKER/LOCATER V4.16a           01/09/2008  13:19:07  PAGE 6


  D:00B7H         SYMBOL        FLACL
  C:0166H         SYMBOL        FLADD
  C:01D6H         SYMBOL        FLCMP
  C:02B7H         SYMBOL        FLDIV
  C:0203H         SYMBOL        FLMUL
  C:01E1H         SYMBOL        FLOUT
  D:00B6H         SYMBOL        FLSCL
  C:01D1H         SYMBOL        FLSUB
  C:01F8H         SYMBOL        FND
  C:2D6DH         SYMBOL        FO1M
  C:2D76H         SYMBOL        FO2M
  C:2D77H         SYMBOL        FORM4
  C:13E6H         SYMBOL        FT1IZM
  C:0343H         SYMBOL        FTOL
  C:037CH         SYMBOL        FTOL1
  C:039EH         SYMBOL        FTOL2
  C:03C4H         SYMBOL        FTOL22
  C:03A2H         SYMBOL        FTOL23
  C:03B5H         SYMBOL        FTOL24
  C:03C2H         SYMBOL        FTOL25
  C:03E4H         SYMBOL        FTOL26
  C:038AH         SYMBOL        FTOL3
  C:038EH         SYMBOL        FTOL33
  C:0371H         SYMBOL        FTOL4
  C:0381H         SYMBOL        FTOL9
  C:2347H         SYMBOL        FULKALIB
  C:060EH         SYMBOL        GENER
  C:1AE4H         SYMBOL        GO23NO
  C:15F2H         SYMBOL        GO31L
  C:15F7H         SYMBOL        GO41L
  C:0C63H         SYMBOL        GOA2
  C:0C6DH         SYMBOL        GOA3A2
  C:10C1H         SYMBOL        GOCIKLE
  C:1B17H         SYMBOL        GOFULL
  C:2215H         SYMBOL        GOGO7
  C:0C8BH         SYMBOL        GOKAA2
  C:12B5H         SYMBOL        GOKLB
  C:1A4BH         SYMBOL        GOOFF1
  C:1A66H         SYMBOL        GOOFF2
  C:1A81H         SYMBOL        GOOFF3
  C:1A9CH         SYMBOL        GOOFF4
  C:0C7DH         SYMBOL        GOONIN
  C:0E33H         SYMBOL        GOONIN1
  C:0E31H         SYMBOL        GOONIN2
  C:0E6BH         SYMBOL        GOONIND
  C:1A10H         SYMBOL        GOONOFF
  C:104AH         SYMBOL        GOONT
  C:2079H         SYMBOL        GOPAROL
  C:1F53H         SYMBOL        GOPAROM
  C:07FCH         SYMBOL        GOPART
  C:151BH         SYMBOL        GOSK19
  C:1715H         SYMBOL        GOTO7
  C:0AFEH         SYMBOL        GOTOKD
  C:102CH         SYMBOL        GOTOSTROB
  C:126AH         SYMBOL        GOUT6
  C:1D52H         SYMBOL        GOVVLIST
  C:07AEH         SYMBOL        GOZNAK
  C:1867H         SYMBOL        HNOR11
  C:180FH         SYMBOL        HNOR12
  C:18B3H         SYMBOL        HNOT1
  C:17DDH         SYMBOL        HNOT2
  C:1805H         SYMBOL        HR12
  C:17FFH         SYMBOL        HVI1113
  D:00A8H         SYMBOL        IE
  B:0088H.1       SYMBOL        IE0
BL51 BANKED LINKER/LOCATER V4.16a           01/09/2008  13:19:07  PAGE 7


  B:0088H.3       SYMBOL        IE1
  C:17D9H         SYMBOL        INCT
  C:26C2H         SYMBOL        IND
  C:0E1CH         SYMBOL        INDOLL
  C:29CBH         SYMBOL        INIACP
  C:1C09H         SYMBOL        INNOT1_2
  C:1BFAH         SYMBOL        INNOT3
  C:1BEEH         SYMBOL        INNOT6
  C:26B6H         SYMBOL        INTER2
  D:00CDH         SYMBOL        INTERVA
  C:106DH         SYMBOL        INTMUL
  C:1070H         SYMBOL        INTMUL1
  C:1085H         SYMBOL        INTMUL2
  C:1C9BH         SYMBOL        INTN
  D:00B8H         SYMBOL        IP
  B:0088H.0       SYMBOL        IT0
  B:0088H.2       SYMBOL        IT1
  C:1898H         SYMBOL        IZCHI
  C:135BH         SYMBOL        IZMAN
  C:136DH         SYMBOL        IZMFUN
  C:1371H         SYMBOL        IZMPAT
  C:1380H         SYMBOL        IZMT2
  C:138BH         SYMBOL        IZMT3
  C:301CH         SYMBOL        JFINIS
  C:28E2H         SYMBOL        KD
  C:123CH         SYMBOL        KEYB1
  C:16A5H         SYMBOL        KEYB2
  C:1AEEH         SYMBOL        KFULL
  C:19D7H         SYMBOL        KFULLR
  C:1A38H         SYMBOL        KGO23
  C:1665H         SYMBOL        KKOUT6
  C:1765H         SYMBOL        KLBOFF
  C:19B1H         SYMBOL        KLEV1
  C:19B6H         SYMBOL        KLEV2
  C:19DAH         SYMBOL        KLEV21
  C:19C0H         SYMBOL        KLEV22
  C:19EBH         SYMBOL        KLEV23
  C:19BBH         SYMBOL        KLEV3
  C:08A9H         SYMBOL        KLMAS
  C:1774H         SYMBOL        KNAVP
  B:0023H.0       SYMBOL        KNIZM
  C:1368H         SYMBOL        KNIZMON
  C:168CH         SYMBOL        KNKMP
  C:1782H         SYMBOL        KNLEFT
  C:1910H         SYMBOL        KNMEM
  C:1737H         SYMBOL        KNMENU
  C:17A3H         SYMBOL        KNNUL
  C:1393H         SYMBOL        KNOPT
  C:13A8H         SYMBOL        KNRAZR
  C:12E9H         SYMBOL        KNRIGHT
  C:130AH         SYMBOL        KNVICH
  D:00A0H         SYMBOL        KOEFKD
  D:0094H         SYMBOL        KOEFKM
  D:0090H         SYMBOL        KOEFKP
  C:0C27H         SYMBOL        KOMUL
  C:0C21H         SYMBOL        KOMULPZ
  D:00BCH         SYMBOL        KONSTA
  C:1473H         SYMBOL        KON_B
  C:280FH         SYMBOL        KOR0US
  D:0084H         SYMBOL        KOR0_AN
  C:0B4FH         SYMBOL        KORDEC1
  C:0B2FH         SYMBOL        KORDEC10
  C:10FBH         SYMBOL        KORNUL
  C:1B0AH         SYMBOL        KVVOD0
  C:1D49H         SYMBOL        LABEL43
BL51 BANKED LINKER/LOCATER V4.16a           01/09/2008  13:19:07  PAGE 8


  C:1E32H         SYMBOL        LABEL7
  C:0772H         SYMBOL        LABELA
  C:0F63H         SYMBOL        LABELB
  C:13A8H         SYMBOL        LABELC
  C:1371H         SYMBOL        LABELE
  C:13D3H         SYMBOL        LABELF
  C:17C5H         SYMBOL        LABELH
  C:2171H         SYMBOL        LABELI
  C:184CH         SYMBOL        LABELI2
  C:1953H         SYMBOL        LABELK
  C:15A7H         SYMBOL        LABELL
  C:14B0H         SYMBOL        LABELL1
  C:1611H         SYMBOL        LABELN
  C:1D1FH         SYMBOL        LABELP
  C:1CE4H         SYMBOL        LABELS
  C:1FC4H         SYMBOL        LABELS1
  C:20F7H         SYMBOL        LABELS13
  C:2184H         SYMBOL        LABELS3
  C:215FH         SYMBOL        LABELS4
  C:15D3H         SYMBOL        LABL2
  C:1B8FH         SYMBOL        LABM
  C:161BH         SYMBOL        LABN_1
  C:1616H         SYMBOL        LABN_2
  C:315DH         SYMBOL        LADD
  C:316EH         SYMBOL        LADDX
  C:042DH         SYMBOL        LBTOF
  C:2F5BH         SYMBOL        LCMP
  C:2F71H         SYMBOL        LDC_LONG
  C:2F93H         SYMBOL        LDC_LTEMP
  C:2FB9H         SYMBOL        LDX_LONG
  C:2FDFH         SYMBOL        LDX_LTEMP
  C:1C1AH         SYMBOL        LEFCUR
  C:178CH         SYMBOL        LEFKL
  C:1967H         SYMBOL        LEFMEM11
  C:1B39H         SYMBOL        LEFT21
  C:1FC1H         SYMBOL        LEFT_S
  C:20D8H         SYMBOL        LEFT_SK
  C:19C3H         SYMBOL        LEV220
  C:1641H         SYMBOL        LEV2GO
  D:00B0H         SYMBOL        LEVEL
  C:18A2H         SYMBOL        LI21
  C:1DB8H         SYMBOL        LI42_43
  C:1E3CH         SYMBOL        LIST_43
  C:1354H         SYMBOL        LLDI2
  C:1348H         SYMBOL        LLDI23
  C:134FH         SYMBOL        LLDI3
  C:15FCH         SYMBOL        LLEV2
  C:30C6H         SYMBOL        LLMUL
  C:314BH         SYMBOL        LLSUB
  C:0432H         SYMBOL        LLTOF
  C:30C6H         SYMBOL        LMUL
  C:2EA6H         SYMBOL        LOA3_X
  C:2A1AH         SYMBOL        LOAB12
  D:00B7H         SYMBOL        LOAD
  C:18C6H         SYMBOL        LOADB
  C:18F2H         SYMBOL        LOADB2
  C:1984H         SYMBOL        LOADCLE
  C:2A37H         SYMBOL        LOADKD
  C:2A29H         SYMBOL        LOADR2
  C:282AH         SYMBOL        LOADT
  C:27C9H         SYMBOL        LOADUS
  C:24D6H         SYMBOL        LOAHL_R2
  C:1B44H         SYMBOL        LOBLOK
  C:197FH         SYMBOL        LOCLE
  C:2839H         SYMBOL        LOD1
BL51 BANKED LINKER/LOCATER V4.16a           01/09/2008  13:19:07  PAGE 9


  C:2848H         SYMBOL        LODT
  C:1812H         SYMBOL        LOIZMK
  C:1F06H         SYMBOL        LOKAME1
  C:282CH         SYMBOL        LOLEVT
  C:1974H         SYMBOL        LOLIST
  C:228CH         SYMBOL        LOME1
  C:2284H         SYMBOL        LOMENU
  C:2785H         SYMBOL        LOOP
  C:301FH         SYMBOL        LOOPS
  C:2803H         SYMBOL        LOSPUS
  C:1999H         SYMBOL        LOSTAT
  C:2844H         SYMBOL        LOTEXT
  C:2A8DH         SYMBOL        LOTP
  C:2A85H         SYMBOL        LOTPUS
  C:135AH         SYMBOL        LOU
  C:1337H         SYMBOL        LOUIZM
  C:15EFH         SYMBOL        LOUTF
  C:1808H         SYMBOL        LOVICH
  C:198CH         SYMBOL        LOWR
  C:1991H         SYMBOL        LOWR1
  C:314BH         SYMBOL        LSUB
  N:0008H         SYMBOL        LTEMP
  C:2D48H         SYMBOL        LWR
  C:2D0CH         SYMBOL        LWRX
  C:042FH         SYMBOL        LWTOF
  D:006FH         SYMBOL        MABIN
  C:2D63H         SYMBOL        MAFORM
  N:0002H         SYMBOL        MANT1
  N:0008H         SYMBOL        MANT2
  C:147AH         SYMBOL        MARK0_8
  D:00B2H         SYMBOL        MARKER
  C:2B01H         SYMBOL        MARLE
  C:2B0EH         SYMBOL        MARRI
  C:08C8H         SYMBOL        MAS10
  C:0948H         SYMBOL        MAS20
  C:0A3CH         SYMBOL        MAS4
  C:0AB0H         SYMBOL        MAS5DIV
  C:0A77H         SYMBOL        MASFULL
  X:0104H         SYMBOL        MASS1
  X:0128H         SYMBOL        MASS10
  X:012CH         SYMBOL        MASS11
  X:0130H         SYMBOL        MASS12
  X:0134H         SYMBOL        MASS13
  X:0138H         SYMBOL        MASS14
  X:013CH         SYMBOL        MASS15
  X:0140H         SYMBOL        MASS16
  X:0144H         SYMBOL        MASS17
  X:0148H         SYMBOL        MASS18
  X:014CH         SYMBOL        MASS19
  X:0108H         SYMBOL        MASS2
  X:010CH         SYMBOL        MASS3
  X:0110H         SYMBOL        MASS4
  X:0114H         SYMBOL        MASS5
  X:0118H         SYMBOL        MASS6
  X:011CH         SYMBOL        MASS7
  X:0120H         SYMBOL        MASS8
  X:0124H         SYMBOL        MASS9
  C:0AA6H         SYMBOL        MASX5
  C:2635H         SYMBOL        MAXG
  C:269FH         SYMBOL        MAXVIX
  C:1CDBH         SYMBOL        ME11_15DE
  C:1F05H         SYMBOL        ME11_15DEC
  C:15B7H         SYMBOL        ME21_22
  C:1F7FH         SYMBOL        ME21_23
  C:1F9BH         SYMBOL        ME21_23DEC
BL51 BANKED LINKER/LOCATER V4.16a           01/09/2008  13:19:07  PAGE 10


  C:177EH         SYMBOL        MEAVP
  C:0674H         SYMBOL        MECLE
  C:067BH         SYMBOL        MEFF
  C:076DH         SYMBOL        MEM10MS
  C:1B05H         SYMBOL        MEM12NO
  C:2422H         SYMBOL        MENG
  C:2290H         SYMBOL        MENU12
  C:2298H         SYMBOL        MENU13
  C:22A0H         SYMBOL        MENU14
  C:22A8H         SYMBOL        MENU15
  C:22B0H         SYMBOL        MENU21
  C:22B8H         SYMBOL        MENU22
  C:22C0H         SYMBOL        MENU23
  C:22C8H         SYMBOL        MENU31
  C:22D0H         SYMBOL        MENU41
  C:1759H         SYMBOL        MENUOFF
  C:1D11H         SYMBOL        MENUON
  C:1734H         SYMBOL        MERR
  C:19A3H         SYMBOL        ME_14
  C:203CH         SYMBOL        ME_41
  C:2010H         SYMBOL        ME_52
  C:202DH         SYMBOL        ME_52V
  C:3052H         SYMBOL        MIDL
  C:2B3EH         SYMBOL        MIGN
  C:2B46H         SYMBOL        MIGNN
  C:24E2H         SYMBOL        MIN4_HL
  C:2540H         SYMBOL        MING
  C:25AAH         SYMBOL        MINIVIX
  C:1B6FH         SYMBOL        MLABL2
  C:1D4FH         SYMBOL        MLABL2R
  C:0768H         SYMBOL        MMM
  C:0E11H         SYMBOL        MO220
  C:0D7EH         SYMBOL        MO500I
  C:0D72H         SYMBOL        MO500R
  B:00F8H.5       SYMBOL        MODF
  C:1544H         SYMBOL        MOUTF
  C:1CDEH         SYMBOL        MOUTKMEM
  C:2DD0H         SYMBOL        MOVE28
  C:2989H         SYMBOL        MOVE82
  C:0E6BH         SYMBOL        MOVEA3
  D:003AH         SYMBOL        MOVLEFT
  D:003BH         SYMBOL        MOVRIG
  B:00F8H.1       SYMBOL        MSTEN
  C:021AH         SYMBOL        MUP1
  C:0257H         SYMBOL        MUP11
  C:0297H         SYMBOL        MUP2
  C:026CH         SYMBOL        MUP3
  C:1B3FH         SYMBOL        MVV11
  C:1B57H         SYMBOL        MVV12
  C:121FH         SYMBOL        N12DELCH
  C:11CBH         SYMBOL        N4DELCH
  C:120DH         SYMBOL        N8DELCH
  C:154AH         SYMBOL        NBIMENU
  D:0038H         SYMBOL        NBLOK
  C:0358H         SYMBOL        NE05
  D:0037H         SYMBOL        NELEM
  C:26CFH         SYMBOL        NEXIN
  C:266AH         SYMBOL        NEXTMAX
  C:2457H         SYMBOL        NEXTMEA
  C:2575H         SYMBOL        NEXTMIN
  C:1CE1H         SYMBOL        NMEM_MENU
  C:0B6CH         SYMBOL        NMINUS
  C:0AD0H         SYMBOL        NMINUS3
  C:118BH         SYMBOL        NNDELCH
  C:164DH         SYMBOL        NNMEMB
BL51 BANKED LINKER/LOCATER V4.16a           01/09/2008  13:19:07  PAGE 11


  C:18B0H         SYMBOL        NNNOTT
  C:0EE9H         SYMBOL        NNNUL
  C:303AH         SYMBOL        NO
  C:169BH         SYMBOL        NO0CHK
  C:1232H         SYMBOL        NO0CHKL
  C:0782H         SYMBOL        NO0KEY
  C:1C82H         SYMBOL        NO10MSV
  C:142AH         SYMBOL        NO11V6
  C:143EH         SYMBOL        NO12V6
  C:1452H         SYMBOL        NO13V6
  C:221CH         SYMBOL        NO21P7
  C:14FBH         SYMBOL        NO23RI
  C:1C7FH         SYMBOL        NO2MSV
  C:0E60H         SYMBOL        NO2PARN
  C:1C39H         SYMBOL        NO31N
  C:152CH         SYMBOL        NO31RI
  C:0E56H         SYMBOL        NO3PARN
  C:112EH         SYMBOL        NO4DEL
  C:114DH         SYMBOL        NO5DEL
  C:115BH         SYMBOL        NO6DEL
  C:0B3EH         SYMBOL        NOAVK
  C:0C63H         SYMBOL        NOAVP
  C:0F07H         SYMBOL        NOBAVP
  C:0839H         SYMBOL        NOBEF99
  C:0245H         SYMBOL        NOBIT
  C:0F10H         SYMBOL        NOBITIZM
  C:15C0H         SYMBOL        NOBL21
  C:15CAH         SYMBOL        NOBL22
  C:0F45H         SYMBOL        NOBUF
  C:10D1H         SYMBOL        NOBUF0
  C:0E52H         SYMBOL        NOCHI0
  C:07A1H         SYMBOL        NOCHIND
  C:0A93H         SYMBOL        NOCHN10
  C:0A88H         SYMBOL        NOCHN2
  C:0A9EH         SYMBOL        NOCHN20
  C:0E36H         SYMBOL        NODI2
  C:178EH         SYMBOL        NODI6
  C:0EBCH         SYMBOL        NODI8
  C:20ACH         SYMBOL        NODI8K
  C:1E15H         SYMBOL        NODI8_43
  C:0E3BH         SYMBOL        NODI9
  C:1E20H         SYMBOL        NODI9_43
  C:0ECFH         SYMBOL        NODIS9
  C:20B4H         SYMBOL        NODISK9
  C:2E72H         SYMBOL        NOENDLI
  C:1632H         SYMBOL        NOEQU1
  C:1C33H         SYMBOL        NOEQU2
  C:140BH         SYMBOL        NOFIZM
  C:13E5H         SYMBOL        NOFT1
  C:10CCH         SYMBOL        NOFZ
  C:1827H         SYMBOL        NOH37
  C:1905H         SYMBOL        NOHNOT1
  C:18FAH         SYMBOL        NOHNOT2
  C:0F3FH         SYMBOL        NOKLB
  C:0AE6H         SYMBOL        NOKORR
  C:17E9H         SYMBOL        NOLAH
  C:1E91H         SYMBOL        NOLI_43
  C:1C11H         SYMBOL        NOM31
  C:1C8AH         SYMBOL        NOM32
  C:1CB8H         SYMBOL        NOM33
  C:2199H         SYMBOL        NOMARL
  C:2682H         SYMBOL        NOMAXI
  C:1AF5H         SYMBOL        NOME11
  C:1565H         SYMBOL        NOMEM11
  C:157BH         SYMBOL        NOMEM12
BL51 BANKED LINKER/LOCATER V4.16a           01/09/2008  13:19:07  PAGE 12


  C:1591H         SYMBOL        NOMEM13
  C:1AF2H         SYMBOL        NOMEMK
  C:258DH         SYMBOL        NOMINI
  C:13B9H         SYMBOL        NON1C
  C:0B23H         SYMBOL        NONULAVT
  C:1110H         SYMBOL        NONULDEL
  C:0F59H         SYMBOL        NOP1OLL
  C:0E56H         SYMBOL        NOP3_0
  C:083DH         SYMBOL        NOPART1
  C:085DH         SYMBOL        NOPART2
  C:087DH         SYMBOL        NOPART3
  C:089DH         SYMBOL        NOPART4
  C:14A2H         SYMBOL        NOPLUS
  C:21B0H         SYMBOL        NOPOIN7
  C:217CH         SYMBOL        NOPOINT
  C:00F6H         SYMBOL        NORDN
  C:0107H         SYMBOL        NORDN1
  C:1605H         SYMBOL        NORIG2
  C:164DH         SYMBOL        NORIM6
  C:14E1H         SYMBOL        NORIME
  C:14DBH         SYMBOL        NORIME1
  C:00F0H         SYMBOL        NORM1
  C:183FH         SYMBOL        NORR11
  C:184FH         SYMBOL        NORR12
  C:0119H         SYMBOL        NORUP
  C:011EH         SYMBOL        NORUP1
  C:0132H         SYMBOL        NORUP2
  C:0F5CH         SYMBOL        NORVICH
  C:101AH         SYMBOL        NOSAV1
  C:1021H         SYMBOL        NOSAV2
  C:1028H         SYMBOL        NOSAV3
  C:3075H         SYMBOL        NOSUB
  C:10E6H         SYMBOL        NOT1IN
  C:1724H         SYMBOL        NOT1_7
  C:10EEH         SYMBOL        NOT2IN
  C:172FH         SYMBOL        NOT2_7
  C:10F6H         SYMBOL        NOT3IN
  C:0F1AH         SYMBOL        NOTAKT
  C:0BE3H         SYMBOL        NOTE21
  C:0BFEH         SYMBOL        NOTE22
  C:0C16H         SYMBOL        NOTESTIZM
  C:1064H         SYMBOL        NOTT1
  C:108CH         SYMBOL        NOTT2
  C:109AH         SYMBOL        NOTT3
  C:10B1H         SYMBOL        NOTT4
  C:10BFH         SYMBOL        NOTT5
  C:13C0H         SYMBOL        NOT_1
  C:13C0H         SYMBOL        NOT_10
  C:14C3H         SYMBOL        NOVIR
  C:13F5H         SYMBOL        NOVIR1
  C:24D2H         SYMBOL        NOZMEA
  C:25E1H         SYMBOL        NOZMIN
  C:1E07H         SYMBOL        NOZZBL
  C:0EA9H         SYMBOL        NOZZMI
  C:1DF7H         SYMBOL        NOZZMI1
  C:1DFEH         SYMBOL        NOZZMI2
  C:1E05H         SYMBOL        NOZZMI3
  C:1DEEH         SYMBOL        NOZZMI43
  C:0EF3H         SYMBOL        NSEC1
  C:0EFEH         SYMBOL        NSEC10
  C:0EFBH         SYMBOL        NSEC11
  D:0039H         SYMBOL        NUERR
  C:1170H         SYMBOL        NULAVT
  N:0004H         SYMBOL        NUMSIZE
  C:2FABH         SYMBOL        OBOARD
BL51 BANKED LINKER/LOCATER V4.16a           01/09/2008  13:19:07  PAGE 13


  C:2FF3H         SYMBOL        OBOARD1
  C:1950H         SYMBOL        OFFMENUM
  C:0186H         SYMBOL        OK1
  C:01A0H         SYMBOL        OK2
  C:01C4H         SYMBOL        OK3
  C:2601H         SYMBOL        OLDMAX
  C:240DH         SYMBOL        OLDMEAN
  C:250CH         SYMBOL        OLDMIN
  C:2FD1H         SYMBOL        ONBOAR1
  C:2F85H         SYMBOL        ONBOARD
  C:192AH         SYMBOL        ONMEM11
  C:1FA2H         SYMBOL        ONMEM12
  C:215CH         SYMBOL        ONMEM13
  C:2B54H         SYMBOL        ONMIG
  C:136FH         SYMBOL        ONTEST
  C:132BH         SYMBOL        ONVICH
  D:00B2H         SYMBOL        OSCICN
  D:00B1H         SYMBOL        OSCXCN
  C:1E29H         SYMBOL        OUT43
  C:164DH         SYMBOL        OUT6
  C:2245H         SYMBOL        OUT7
  C:2B1BH         SYMBOL        OUTA
  C:2B35H         SYMBOL        OUTA2
  C:13EBH         SYMBOL        OUTF
  C:14B3H         SYMBOL        OUTFL
  C:1937H         SYMBOL        OUTKMEM
  C:148CH         SYMBOL        OUTMA
  C:2687H         SYMBOL        OUTMAX
  C:2472H         SYMBOL        OUTMEA
  C:1F4EH         SYMBOL        OUTMENU
  C:2592H         SYMBOL        OUTMIN
  C:0DD5H         SYMBOL        OUTR
  C:0DF1H         SYMBOL        OUTR5
  C:2003H         SYMBOL        OUTSKO
  C:2000H         SYMBOL        OUTSKO1
  C:13F8H         SYMBOL        OUTVICH
  C:12AEH         SYMBOL        OUTVIR
  C:2354H         SYMBOL        OUT_KALI
  B:00D0H.2       SYMBOL        OV
  B:00D0H.0       SYMBOL        P
  D:0080H         SYMBOL        P0
  D:00A4H         SYMBOL        P0MDOUT
  D:0090H         SYMBOL        P1
  D:00BDH         SYMBOL        P1MDIN
  D:00A5H         SYMBOL        P1MDOUT
  D:00A0H         SYMBOL        P2
  D:00A6H         SYMBOL        P2MDOUT
  D:00B0H         SYMBOL        P3
  D:00ADH         SYMBOL        P3IF
  D:00A7H         SYMBOL        P3MDOUT
  D:0084H         SYMBOL        P4
  D:0085H         SYMBOL        P5
  D:0086H         SYMBOL        P6
  D:0096H         SYMBOL        P7
  D:00B5H         SYMBOL        P74OUT
  C:00DEH         SYMBOL        PACK1
  C:20C1H         SYMBOL        PARERR
  D:00AFH         SYMBOL        PARN
  D:00A8H         SYMBOL        PAROL
  D:009AH         SYMBOL        PART
  D:00D8H         SYMBOL        PCA0CN
  D:00FAH         SYMBOL        PCA0CPH0
  D:00FBH         SYMBOL        PCA0CPH1
  D:00FCH         SYMBOL        PCA0CPH2
  D:00FDH         SYMBOL        PCA0CPH3
BL51 BANKED LINKER/LOCATER V4.16a           01/09/2008  13:19:07  PAGE 14


  D:00FEH         SYMBOL        PCA0CPH4
  D:00EAH         SYMBOL        PCA0CPL0
  D:00EBH         SYMBOL        PCA0CPL1
  D:00ECH         SYMBOL        PCA0CPL2
  D:00EDH         SYMBOL        PCA0CPL3
  D:00EEH         SYMBOL        PCA0CPL4
  D:00DAH         SYMBOL        PCA0CPM0
  D:00DBH         SYMBOL        PCA0CPM1
  D:00DCH         SYMBOL        PCA0CPM2
  D:00DDH         SYMBOL        PCA0CPM3
  D:00DEH         SYMBOL        PCA0CPM4
  D:00F9H         SYMBOL        PCA0H
  D:00E9H         SYMBOL        PCA0L
  D:00D9H         SYMBOL        PCA0MD
  D:0087H         SYMBOL        PCON
  C:21AFH         SYMBOL        POIN3
  C:2217H         SYMBOL        POINA
  C:2194H         SYMBOL        POINA1
  C:218EH         SYMBOL        POINA2
  C:223AH         SYMBOL        POZB
  N:000CH         SYMBOL        PROD
  B:00B8H.4       SYMBOL        PS
  D:008FH         SYMBOL        PSCTL
  D:00D0H         SYMBOL        PSW
  B:00B8H.1       SYMBOL        PT0
  B:00B8H.3       SYMBOL        PT1
  B:00B8H.5       SYMBOL        PT2
  B:00B8H.0       SYMBOL        PX0
  B:00B8H.2       SYMBOL        PX1
  C:12B8H         SYMBOL        PYSKST
  C:19E5H         SYMBOL        QUES
  C:0C60H         SYMBOL        QU_AVP
  N:000AH         SYMBOL        R10
  N:000BH         SYMBOL        R11
  N:0008H         SYMBOL        R8
  N:0009H         SYMBOL        R9
  C:0AFCH         SYMBOL        RAFTERK
  B:0098H.2       SYMBOL        RB8
  D:00CBH         SYMBOL        RCAP2H
  D:00CAH         SYMBOL        RCAP2L
  D:00E5H         SYMBOL        RCAP4H
  D:00E4H         SYMBOL        RCAP4L
  B:00C8H.5       SYMBOL        RCLK
  C:1A32H         SYMBOL        RDDOUTF
  C:278EH         SYMBOL        RE1
  C:0BA4H         SYMBOL        RE11_7
  C:0454H         SYMBOL        RE4BYTE
  C:2EB8H         SYMBOL        REA3_X
  D:0077H         SYMBOL        REACP
  C:278CH         SYMBOL        READ
  C:07F4H         SYMBOL        READYACP
  C:2774H         SYMBOL        READ_X2
  C:0741H         SYMBOL        REBYTE
  C:046CH         SYMBOL        REBYTE2
  C:1160H         SYMBOL        REBYTER
  D:00D1H         SYMBOL        REF0CN
  B:0098H.4       SYMBOL        REN
  C:1771H         SYMBOL        RENDKALIB
  C:2DDCH         SYMBOL        RESAR2
  C:2D9AH         SYMBOL        RESAR8
  C:2E85H         SYMBOL        RESA_HL
  D:008CH         SYMBOL        REZAM
  D:0088H         SYMBOL        REZAP
  C:0B54H         SYMBOL        REZMUL
  D:0062H         SYMBOL        REZ_A
BL51 BANKED LINKER/LOCATER V4.16a           01/09/2008  13:19:07  PAGE 15


  D:006AH         SYMBOL        REZ_A0
  D:0066H         SYMBOL        REZ_A1
  D:007BH         SYMBOL        REZ_A2
  D:009CH         SYMBOL        REZ_A3
  D:00A4H         SYMBOL        REZ_AK
  D:005EH         SYMBOL        REZ_AME
  D:00C5H         SYMBOL        REZ_DEL
  D:00C9H         SYMBOL        REZ_R
  C:2E8CH         SYMBOL        RE_HL
  C:2E94H         SYMBOL        RE_HL1
  C:2E9BH         SYMBOL        RE_HL2
  C:2EA2H         SYMBOL        RE_HL3
  C:14C0H         SYMBOL        RFINDMEM
  C:1A35H         SYMBOL        RGO23NO
  C:1C0EH         SYMBOL        RGOTO7
  C:1819H         SYMBOL        RHNOR11
  C:17E0H         SYMBOL        RHNOT1
  B:0098H.0       SYMBOL        RI
  C:14E4H         SYMBOL        RI21_23
  C:14DEH         SYMBOL        RI6
  C:15CDH         SYMBOL        RIGBLO
  C:160BH         SYMBOL        RIGBLOK
  C:12DFH         SYMBOL        RIGHT2
  C:12E3H         SYMBOL        RIGHT3
  C:1464H         SYMBOL        RIKN
  C:122FH         SYMBOL        RIZMAN
  C:14FEH         SYMBOL        RI_31
  C:1698H         SYMBOL        RKNLEFT
  C:16A2H         SYMBOL        RKNMEM
  C:1695H         SYMBOL        RKNNUL
  C:122CH         SYMBOL        RKNOPT
  C:1229H         SYMBOL        RKNRAZR
  C:197CH         SYMBOL        RKVVOD0
  C:1226H         SYMBOL        RLABELF
  C:1692H         SYMBOL        RLABELH
  C:17E6H         SYMBOL        RLABELI
  C:17E3H         SYMBOL        RLABELK
  C:14BDH         SYMBOL        RLABELL
  C:164AH         SYMBOL        RLABELL1
  C:1541H         SYMBOL        RLABELN
  C:1EE9H         SYMBOL        RLABELP
  C:200DH         SYMBOL        RLABELS13
  C:200AH         SYMBOL        RLABELS4
  C:19DFH         SYMBOL        RLABL2
  C:19E2H         SYMBOL        RLABM
  C:1CB5H         SYMBOL        RLEFCUR
  C:2B0DH         SYMBOL        RLER
  C:1D4CH         SYMBOL        RLIST_43
  C:0945H         SYMBOL        RMAS4
  C:1D1CH         SYMBOL        RME21_23
  C:0B36H         SYMBOL        RMO220
  C:1547H         SYMBOL        RNNMEMB
  C:0ECDH         SYMBOL        RNO3PARN
  C:1000H         SYMBOL        RNOBUF0
  C:0C88H         SYMBOL        RNOCHI0
  C:183DH         SYMBOL        RNOH37
  C:1B8CH         SYMBOL        RNOM31
  C:1934H         SYMBOL        RNOMEMK
  C:0ECAH         SYMBOL        RNORVICH
  C:0FB5H         SYMBOL        RNOT1IN
  C:0B4CH         SYMBOL        RNOTESTIZM
  C:1ED5H         SYMBOL        ROUSTA
  C:1EE6H         SYMBOL        ROUSTA1
  C:1223H         SYMBOL        ROUT6
  C:168FH         SYMBOL        ROUT7
BL51 BANKED LINKER/LOCATER V4.16a           01/09/2008  13:19:07  PAGE 16


  C:25E5H         SYMBOL        ROUTMAX
  C:24F0H         SYMBOL        ROUTMIN
  N:0000H         SYMBOL        RR0
  N:0001H         SYMBOL        RR1
  N:0002H         SYMBOL        RR2
  N:0003H         SYMBOL        RR3
  N:0004H         SYMBOL        RR4
  N:0005H         SYMBOL        RR5
  N:0006H         SYMBOL        RR6
  N:0007H         SYMBOL        RR7
  C:2B1AH         SYMBOL        RRIR
  C:0C85H         SYMBOL        RRMO220
  B:00D0H.3       SYMBOL        RS0
  B:00D0H.4       SYMBOL        RS1
  C:0E69H         SYMBOL        RSEEIND
  D:00EFH         SYMBOL        RSTSRC
  C:13C4H         SYMBOL        RTIZMRI
  C:143BH         SYMBOL        RVIOUT
  C:181BH         SYMBOL        RVVIZKO
  C:2039H         SYMBOL        RVVKALI52
  B:00F8H.4       SYMBOL        RXOVRN
  D:00A9H         SYMBOL        SADDR0
  D:00F3H         SYMBOL        SADDR1
  D:00B9H         SYMBOL        SADEN0
  D:00AEH         SYMBOL        SADEN1
  D:0034H         SYMBOL        SADIAP
  D:0032H         SYMBOL        SADIAP2
  D:0031H         SYMBOL        SADIAP3
  D:0030H         SYMBOL        SADIAP4
  D:0036H         SYMBOL        SAUS
  D:003CH         SYMBOL        SAVBA
  C:2D1EH         SYMBOL        SAVEIR2
  C:04A7H         SYMBOL        SAVELTE
  D:00D3H         SYMBOL        SAVEN_BL
  D:00C0H         SYMBOL        SAVEN_BL2
  D:00C2H         SYMBOL        SAVEN_BL3
  D:00D9H         SYMBOL        SAVEN_BL4
  C:2D2AH         SYMBOL        SAVER2
  C:2E51H         SYMBOL        SAVE_HL
  C:2E58H         SYMBOL        SA_HL
  C:2E73H         SYMBOL        SA_HL1
  C:2E7AH         SYMBOL        SA_HL2
  C:2E81H         SYMBOL        SA_HL3
  D:0099H         SYMBOL        SBUF0
  D:00F2H         SYMBOL        SBUF1
  D:0098H         SYMBOL        SCON0
  D:00F1H         SYMBOL        SCON1
  C:2736H         SYMBOL        SDV
  C:274AH         SYMBOL        SDV1
  C:07D5H         SYMBOL        SDVIG0
  C:07CAH         SYMBOL        SDVIG1
  C:07BFH         SYMBOL        SDVIG2
  C:07B3H         SYMBOL        SDVIG3
  C:07E4H         SYMBOL        SDVIG4
  C:07EEH         SYMBOL        SDVIG6
  C:07ECH         SYMBOL        SDVM
  C:0ED2H         SYMBOL        SEEGOON
  C:0EE0H         SYMBOL        SEEIND
  C:1E23H         SYMBOL        SEE_L43
  B:00C0H.3       SYMBOL        SI
  N:0007H         SYMBOL        SIGN
  C:1F34H         SYMBOL        SKOR19
  B:00F8H.2       SYMBOL        SLVSEL
  B:0098H.7       SYMBOL        SM0
  B:0098H.6       SYMBOL        SM1
BL51 BANKED LINKER/LOCATER V4.16a           01/09/2008  13:19:07  PAGE 17


  B:0098H.5       SYMBOL        SM2
  D:00C3H         SYMBOL        SMB0ADR
  D:00C0H         SYMBOL        SMB0CN
  D:00CFH         SYMBOL        SMB0CR
  D:00C2H         SYMBOL        SMB0DAT
  D:00C1H         SYMBOL        SMB0STA
  B:00C0H.1       SYMBOL        SMBFTE
  B:00C0H.0       SYMBOL        SMBTOE
  C:18AAH         SYMBOL        SOOTV
  D:0081H         SYMBOL        SP
  D:009AH         SYMBOL        SPI0CFG
  D:009DH         SYMBOL        SPI0CKR
  D:00F8H         SYMBOL        SPI0CN
  D:009BH         SYMBOL        SPI0DAT
  B:00F8H.0       SYMBOL        SPIEN
  B:00F8H.7       SYMBOL        SPIF
  C:1FE5H         SYMBOL        SPWRI
  C:286CH         SYMBOL        SS1
  B:00C0H.5       SYMBOL        STA
  B:00C0H.4       SYMBOL        STO
  D:00B3H         SYMBOL        SUMMA
  C:0840H         SYMBOL        SUMT2
  D:00C8H         SYMBOL        T2CON
  C:1C79H         SYMBOL        T2MSME
  D:00C9H         SYMBOL        T4CON
  C:2A0CH         SYMBOL        TABB1_2
  C:2AA4H         SYMBOL        TABN
  C:2824H         SYMBOL        TABT11
  C:2828H         SYMBOL        TABT7
  C:2826H         SYMBOL        TABT9
  C:2810H         SYMBOL        TABUS
  C:0F1FH         SYMBOL        TAKTIND
  B:0098H.3       SYMBOL        TB8
  B:00C8H.4       SYMBOL        TCLK
  D:0088H         SYMBOL        TCON
  C:2B70H         SYMBOL        TE10MS
  C:2A97H         SYMBOL        TE22
  C:2A9FH         SYMBOL        TE23
  C:2B66H         SYMBOL        TE2MS
  C:2BACH         SYMBOL        TEAEQU0
  C:2BE8H         SYMBOL        TEAVK
  C:2BB6H         SYMBOL        TEBEQU0
  C:2C9CH         SYMBOL        TEBL
  C:2CA6H         SYMBOL        TEBL0
  C:2CB0H         SYMBOL        TECH
  C:2C61H         SYMBOL        TECLE
  C:2D00H         SYMBOL        TEEND
  C:2CF6H         SYMBOL        TEERR
  C:2C88H         SYMBOL        TEFULL
  C:2C92H         SYMBOL        TEINT
  C:2C43H         SYMBOL        TEIZMK
  C:2BF2H         SYMBOL        TEKALIB
  C:1163H         SYMBOL        TEKAOUT
  C:2C39H         SYMBOL        TEKD
  C:2C7DH         SYMBOL        TELIST
  C:2CCEH         SYMBOL        TEMAX
  C:2C6BH         SYMBOL        TEMEM
  C:2BC0H         SYMBOL        TEMENU
  C:2CD8H         SYMBOL        TEMID
  C:2CC4H         SYMBOL        TEMIN
  C:0C33H         SYMBOL        TEMUL
  C:290EH         SYMBOL        TENMIN
  C:2CE2H         SYMBOL        TEOLI
  C:2C57H         SYMBOL        TEOLL
  C:2CECH         SYMBOL        TEOLR
BL51 BANKED LINKER/LOCATER V4.16a           01/09/2008  13:19:07  PAGE 18


  C:2C4DH         SYMBOL        TEOUT
  C:2C2FH         SYMBOL        TEPAR
  C:2C25H         SYMBOL        TES19_2
  C:2C1BH         SYMBOL        TES57_6
  C:2BDEH         SYMBOL        TESKOR
  C:26EFH         SYMBOL        TEST01
  C:271EH         SYMBOL        TEST02
  C:26FFH         SYMBOL        TEST04
  C:26E5H         SYMBOL        TEST1
  C:2717H         SYMBOL        TEST2
  C:1FBAH         SYMBOL        TEST22
  C:1FBFH         SYMBOL        TEST23
  C:2709H         SYMBOL        TEST3
  C:26F7H         SYMBOL        TEST4
  C:2721H         SYMBOL        TEST5
  C:0F37H         SYMBOL        TEST7I
  C:0F30H         SYMBOL        TEST9I
  C:2CBAH         SYMBOL        TESTAT
  C:26E3H         SYMBOL        TESTRS
  C:1FAEH         SYMBOL        TESTS
  C:2BFDH         SYMBOL        TETE11
  C:2C11H         SYMBOL        TETE7
  C:2C07H         SYMBOL        TETE9
  C:2BCAH         SYMBOL        TETESI
  C:2BD4H         SYMBOL        TETESR
  C:2BA2H         SYMBOL        TEVICH
  C:2C73H         SYMBOL        TEWR
  C:2B66H         SYMBOL        TEXTT
  B:0088H.5       SYMBOL        TF0
  B:0088H.7       SYMBOL        TF1
  B:00C8H.7       SYMBOL        TF2
  D:008CH         SYMBOL        TH0
  D:008DH         SYMBOL        TH1
  D:00CDH         SYMBOL        TH2
  D:00F5H         SYMBOL        TH4
  B:0098H.1       SYMBOL        TI
  C:275AH         SYMBOL        TIM
  C:275CH         SYMBOL        TIM1
  C:275FH         SYMBOL        TIM2
  C:2761H         SYMBOL        TIM3
  C:12D8H         SYMBOL        TIZMRI
  D:008AH         SYMBOL        TL0
  D:008BH         SYMBOL        TL1
  D:00CCH         SYMBOL        TL2
  D:00F4H         SYMBOL        TL4
  C:18A7H         SYMBOL        TLABELI
  D:0089H         SYMBOL        TMOD
  D:00CBH         SYMBOL        TMR2RLH
  D:00CAH         SYMBOL        TMR2RLL
  D:0091H         SYMBOL        TMR3CN
  D:0095H         SYMBOL        TMR3H
  D:0094H         SYMBOL        TMR3L
  D:0093H         SYMBOL        TMR3RLH
  D:0092H         SYMBOL        TMR3RLL
  C:1F15H         SYMBOL        TOME13
  C:1F42H         SYMBOL        TOME14
  C:1F5AH         SYMBOL        TOME15
  C:1F0CH         SYMBOL        TOME21
  C:20E9H         SYMBOL        TOSK19
  C:1824H         SYMBOL        TOUTF
  B:0088H.4       SYMBOL        TR0
  B:0088H.6       SYMBOL        TR1
  B:00C8H.2       SYMBOL        TR2
  C:13C7H         SYMBOL        TTOUT
  B:00F8H.3       SYMBOL        TXBSY
BL51 BANKED LINKER/LOCATER V4.16a           01/09/2008  13:19:07  PAGE 19


  C:009EH         SYMBOL        UNPACK1
  C:00BAH         SYMBOL        UNPACK2
  C:0138H         SYMBOL        UP1
  C:014BH         SYMBOL        UP2
  C:0161H         SYMBOL        UP2A
  C:293DH         SYMBOL        UPA
  C:294DH         SYMBOL        UPA1
  C:292DH         SYMBOL        UPA2
  C:2E29H         SYMBOL        UPAA
  C:2998H         SYMBOL        UPAA4
  C:29A8H         SYMBOL        UPAB
  C:2937H         SYMBOL        UPAK
  C:2E03H         SYMBOL        UPAK1
  C:2927H         SYMBOL        UPAK2
  C:2947H         SYMBOL        UPAK3
  C:2E23H         SYMBOL        UPAK4
  C:2992H         SYMBOL        UPAKA
  C:29A2H         SYMBOL        UPAKB
  C:2058H         SYMBOL        UPAV1
  C:211BH         SYMBOL        UPAV2
  C:2E15H         SYMBOL        UPK1
  C:2E16H         SYMBOL        UPK2
  C:25E8H         SYMBOL        VICHMAX
  C:23F4H         SYMBOL        VICHMEAN
  C:24F3H         SYMBOL        VICHMIN
  D:00B1H         SYMBOL        VICHR
  C:0FA1H         SYMBOL        VIG0
  C:0FAFH         SYMBOL        VIG4
  C:139EH         SYMBOL        VIOUT
  C:181DH         SYMBOL        VIOUTF
  C:1307H         SYMBOL        VIT2_10
  C:1CD8H         SYMBOL        VODM11_15
  D:00D5H         SYMBOL        VOLUME
  C:1FA5H         SYMBOL        VV21_23
  C:2ADBH         SYMBOL        VVCHIBL
  C:2AB6H         SYMBOL        VVCHIF
  C:1C39H         SYMBOL        VVINTE
  C:1874H         SYMBOL        VVIZKO
  C:210EH         SYMBOL        VVKALI52
  C:20BEH         SYMBOL        VVMENU
  C:2AD6H         SYMBOL        VVNOL23
  C:2AD1H         SYMBOL        VVNOL31
  C:2ACFH         SYMBOL        VVNOL41
  C:1C71H         SYMBOL        VVOD2_10
  C:1E50H         SYMBOL        VVOD43
  C:1EECH         SYMBOL        VVODM11_15
  C:1EADH         SYMBOL        VVOSTA
  C:1EC1H         SYMBOL        VVOSTAD
  C:1421H         SYMBOL        VVRR6
  C:2030H         SYMBOL        VV_52V
  B:00F8H.6       SYMBOL        WCOL
  D:00FFH         SYMBOL        WDTCN
  D:00B8H         SYMBOL        WORK
  C:2DF0H         SYMBOL        WR1
  C:2DEDH         SYMBOL        WRITE
  C:2765H         SYMBOL        WRITED_X1
  C:2764H         SYMBOL        WRITE_X1
  C:0480H         SYMBOL        WRPAGE
  C:0483H         SYMBOL        WW5
  D:00E1H         SYMBOL        XBR0
  D:00E2H         SYMBOL        XBR1
  D:00E3H         SYMBOL        XBR2
  C:2D0AH         SYMBOL        XCIKLWR
  N:000CH         SYMBOL        XTEMP
  C:17B5H         SYMBOL        YBNUL
BL51 BANKED LINKER/LOCATER V4.16a           01/09/2008  13:19:07  PAGE 20


  C:3058H         SYMBOL        YES
  C:078FH         SYMBOL        YES0KEY
  C:079CH         SYMBOL        YES0KEY1
  C:0C92H         SYMBOL        YESAVP
  C:1005H         SYMBOL        YESBUF
  C:0F39H         SYMBOL        YESIND
  C:1003H         SYMBOL        YESPRD
  C:27FFH         SYMBOL        YESTEST
  C:10CFH         SYMBOL        YESTT5
  C:0CDDH         SYMBOL        YESVICH
  C:235DH         SYMBOL        YESVI_KM
  C:22D5H         SYMBOL        YESVI_KR
  C:066BH         SYMBOL        YST1
  C:0663H         SYMBOL        YST19
  C:2884H         SYMBOL        Z01S
  C:2891H         SYMBOL        Z05S
  C:2855H         SYMBOL        Z100
  C:2863H         SYMBOL        Z15
  C:2877H         SYMBOL        Z1S
  C:2734H         SYMBOL        ZAPADC
  C:2D8CH         SYMBOL        ZCMP
  C:2D59H         SYMBOL        ZDIV
  C:00B3H         SYMBOL        ZER1
  C:00D4H         SYMBOL        ZER2
  C:2D4FH         SYMBOL        ZMUL
  B:0020H.2       SYMBOL        ZNMAT
  C:07A6H         SYMBOL        ZNPLUS
  C:2865H         SYMBOL        ZZ
  C:2880H         SYMBOL        Z_01S
  C:288DH         SYMBOL        Z_05S
  C:2853H         SYMBOL        Z_100
  C:2861H         SYMBOL        Z_15
  C:286AH         SYMBOL        Z_1MS
  C:2873H         SYMBOL        Z_1S
  C:285CH         SYMBOL        Z_5
  C:2DE8H         SYMBOL        Z_9
  C:0000H         LINE#         15
  C:0003H         LINE#         18
  C:000BH         LINE#         20
  C:0013H         LINE#         22
  C:001BH         LINE#         24
  C:0023H         LINE#         26
  C:002BH         LINE#         28
  C:0033H         LINE#         30
  C:003BH         LINE#         32
  C:0043H         LINE#         34
  C:004BH         LINE#         36
  C:0053H         LINE#         38
  C:005BH         LINE#         41
  C:0063H         LINE#         43
  C:006BH         LINE#         45
  C:0073H         LINE#         47
  C:0093H         LINE#         49
  C:009BH         LINE#         52
  C:05C9H         LINE#         228
  C:05CCH         LINE#         229
  C:05CFH         LINE#         230
  C:05D2H         LINE#         231
  C:05D5H         LINE#         232
  C:05D8H         LINE#         233
  C:05DBH         LINE#         235
  C:05DEH         LINE#         236
  C:05E1H         LINE#         237
  C:05E4H         LINE#         239
  C:05E7H         LINE#         240
BL51 BANKED LINKER/LOCATER V4.16a           01/09/2008  13:19:07  PAGE 21


  C:05EAH         LINE#         241
  C:05EDH         LINE#         242
  C:05F0H         LINE#         243
  C:05F3H         LINE#         244
  C:05F6H         LINE#         245
  C:05F9H         LINE#         246
  C:05FCH         LINE#         247
  C:05FFH         LINE#         248
  C:0602H         LINE#         249
  C:0605H         LINE#         251
  C:0608H         LINE#         252
  C:060BH         LINE#         253
  C:060EH         LINE#         257
  C:0610H         LINE#         258
  C:0613H         LINE#         260
  C:0616H         LINE#         261
  C:0619H         LINE#         262
  C:061CH         LINE#         264
  C:061EH         LINE#         265
  C:0620H         LINE#         267
  C:0623H         LINE#         270
  C:0626H         LINE#         271
  C:0629H         LINE#         272
  C:062CH         LINE#         273
  C:062FH         LINE#         275
  C:0632H         LINE#         276
  C:0635H         LINE#         277
  C:0638H         LINE#         278
  C:063BH         LINE#         279
  C:063EH         LINE#         281
  C:0641H         LINE#         282
  C:0644H         LINE#         283
  C:0647H         LINE#         284
  C:064AH         LINE#         285
  C:064DH         LINE#         286
  C:0650H         LINE#         288
  C:0652H         LINE#         289
  C:0654H         LINE#         290
  C:0657H         LINE#         291
  C:0659H         LINE#         292
  C:065CH         LINE#         293
  C:065EH         LINE#         294
  C:0661H         LINE#         295
  C:0663H         LINE#         296
  C:0666H         LINE#         297
  C:0668H         LINE#         298
  C:066BH         LINE#         300
  C:066EH         LINE#         302
  C:0671H         LINE#         304
  C:0672H         LINE#         305
  C:0674H         LINE#         306
  C:0675H         LINE#         307
  C:0676H         LINE#         308
  C:0679H         LINE#         309
  C:067BH         LINE#         310
  C:067CH         LINE#         311
  C:067DH         LINE#         312
  C:067EH         LINE#         313
  C:0681H         LINE#         314
  C:0684H         LINE#         316
  C:0687H         LINE#         317
  C:0688H         LINE#         318
  C:0689H         LINE#         319
  C:068AH         LINE#         320
  C:068CH         LINE#         321
BL51 BANKED LINKER/LOCATER V4.16a           01/09/2008  13:19:07  PAGE 22


  C:068FH         LINE#         323
  C:0691H         LINE#         324
  C:0693H         LINE#         325
  C:0694H         LINE#         326
  C:0696H         LINE#         328
  C:0698H         LINE#         329
  C:069AH         LINE#         330
  C:069BH         LINE#         331
  C:069DH         LINE#         333
  C:069FH         LINE#         334
  C:06A1H         LINE#         338
  C:06A3H         LINE#         339
  C:06A5H         LINE#         340
  C:06A7H         LINE#         341
  C:06A9H         LINE#         342
  C:06ABH         LINE#         343
  C:06ADH         LINE#         344
  C:06B0H         LINE#         345
  C:06B2H         LINE#         346
  C:06B4H         LINE#         347
  C:06B6H         LINE#         348
  C:06B8H         LINE#         349
  C:06BAH         LINE#         351
  C:06BCH         LINE#         352
  C:06BEH         LINE#         354
  C:06C1H         LINE#         355
  C:06C4H         LINE#         356
  C:06C6H         LINE#         357
  C:06C9H         LINE#         358
  C:06CBH         LINE#         359
  C:06CEH         LINE#         360
  C:06D0H         LINE#         361
  C:06D3H         LINE#         362
  C:06D5H         LINE#         363
  C:06D8H         LINE#         364
  C:06DBH         LINE#         365
  C:06DDH         LINE#         366
  C:06DFH         LINE#         367
  C:06E0H         LINE#         368
  C:06E1H         LINE#         369
  C:06E3H         LINE#         370
  C:06E4H         LINE#         372
  C:06E7H         LINE#         373
  C:06E9H         LINE#         374
  C:06EBH         LINE#         375
  C:06ECH         LINE#         376
  C:06EDH         LINE#         377
  C:06EFH         LINE#         378
  C:06F0H         LINE#         379
  C:06F3H         LINE#         380
  C:06F5H         LINE#         381
  C:06F7H         LINE#         382
  C:06F8H         LINE#         383
  C:06F9H         LINE#         384
  C:06FBH         LINE#         385
  C:06FCH         LINE#         386
  C:06FFH         LINE#         387
  C:0701H         LINE#         388
  C:0703H         LINE#         389
  C:0704H         LINE#         390
  C:0705H         LINE#         391
  C:0707H         LINE#         392
  C:0708H         LINE#         393
  C:070BH         LINE#         394
  C:070EH         LINE#         395
BL51 BANKED LINKER/LOCATER V4.16a           01/09/2008  13:19:07  PAGE 23


  C:0710H         LINE#         396
  C:0712H         LINE#         397
  C:0713H         LINE#         398
  C:0715H         LINE#         399
  C:0717H         LINE#         401
  C:0719H         LINE#         402
  C:071AH         LINE#         403
  C:071DH         LINE#         404
  C:0720H         LINE#         405
  C:0723H         LINE#         408
  C:0725H         LINE#         409
  C:0727H         LINE#         410
  C:0728H         LINE#         411
  C:072BH         LINE#         412
  C:072EH         LINE#         413
  C:0731H         LINE#         416
  C:0734H         LINE#         417
  C:0737H         LINE#         419
  C:0739H         LINE#         420
  C:073BH         LINE#         421
  C:073EH         LINE#         422
  C:0741H         LINE#         424
  C:0743H         LINE#         425
  C:0746H         LINE#         426
  C:0749H         LINE#         436
  C:074BH         LINE#         437
  C:074EH         LINE#         439
  C:0751H         LINE#         440
  C:0753H         LINE#         441
  C:0756H         LINE#         442
  C:0758H         LINE#         443
  C:075BH         LINE#         444
  C:075DH         LINE#         446
  C:075FH         LINE#         447
  C:0760H         LINE#         448
  C:0763H         LINE#         449
  C:0765H         LINE#         450
  C:0767H         LINE#         451
  C:0768H         LINE#         453
  C:0769H         LINE#         454
  C:076BH         LINE#         455
  C:076DH         LINE#         457
  C:0770H         LINE#         458
  C:0772H         LINE#         464
  C:0774H         LINE#         465
  C:0777H         LINE#         466
  C:0779H         LINE#         467
  C:077BH         LINE#         468
  C:077DH         LINE#         469
  C:0780H         LINE#         470
  C:0782H         LINE#         474
  C:0783H         LINE#         475
  C:0785H         LINE#         476
  C:0787H         LINE#         477
  C:0789H         LINE#         478
  C:078BH         LINE#         479
  C:078DH         LINE#         480
  C:078FH         LINE#         483
  C:0792H         LINE#         485
  C:0794H         LINE#         486
  C:0796H         LINE#         487
  C:0799H         LINE#         488
  C:079CH         LINE#         489
  C:079FH         LINE#         492
  C:07A1H         LINE#         494
BL51 BANKED LINKER/LOCATER V4.16a           01/09/2008  13:19:07  PAGE 24


  C:07A2H         LINE#         495
  C:07A4H         LINE#         496
  C:07A6H         LINE#         498
  C:07A8H         LINE#         499
  C:07AAH         LINE#         500
  C:07ABH         LINE#         501
  C:07ACH         LINE#         502
  C:07AEH         LINE#         506
  C:07B0H         LINE#         507
  C:07B1H         LINE#         508
  C:07B3H         LINE#         509
  C:07B4H         LINE#         510
  C:07B5H         LINE#         511
  C:07B7H         LINE#         512
  C:07B8H         LINE#         513
  C:07B9H         LINE#         514
  C:07BAH         LINE#         515
  C:07BCH         LINE#         516
  C:07BDH         LINE#         517
  C:07BFH         LINE#         518
  C:07C0H         LINE#         519
  C:07C1H         LINE#         520
  C:07C3H         LINE#         521
  C:07C4H         LINE#         522
  C:07C6H         LINE#         523
  C:07C8H         LINE#         525
  C:07CAH         LINE#         526
  C:07CBH         LINE#         527
  C:07CCH         LINE#         528
  C:07CEH         LINE#         529
  C:07CFH         LINE#         530
  C:07D1H         LINE#         531
  C:07D3H         LINE#         533
  C:07D5H         LINE#         534
  C:07D6H         LINE#         535
  C:07D7H         LINE#         536
  C:07D9H         LINE#         537
  C:07DAH         LINE#         538
  C:07DCH         LINE#         539
  C:07DEH         LINE#         541
  C:07E1H         LINE#         542
  C:07E2H         LINE#         543
  C:07E4H         LINE#         544
  C:07E5H         LINE#         545
  C:07E6H         LINE#         546
  C:07E8H         LINE#         547
  C:07EAH         LINE#         548
  C:07ECH         LINE#         550
  C:07EEH         LINE#         551
  C:07EFH         LINE#         552
  C:07F0H         LINE#         553
  C:07F2H         LINE#         554
  C:07F4H         LINE#         559
  C:07F6H         LINE#         560
  C:07F7H         LINE#         561
  C:07FAH         LINE#         562
  C:07FCH         LINE#         565
  C:07FEH         LINE#         566
  C:0800H         LINE#         567
  C:0803H         LINE#         569
  C:0805H         LINE#         570
  C:0808H         LINE#         571
  C:080AH         LINE#         572
  C:080DH         LINE#         573
  C:080FH         LINE#         574
BL51 BANKED LINKER/LOCATER V4.16a           01/09/2008  13:19:07  PAGE 25


  C:0812H         LINE#         575
  C:0814H         LINE#         576
  C:0816H         LINE#         577
  C:0818H         LINE#         578
  C:081BH         LINE#         580
  C:081EH         LINE#         581
  C:0821H         LINE#         582
  C:0824H         LINE#         583
  C:0826H         LINE#         584
  C:0829H         LINE#         585
  C:082BH         LINE#         586
  C:082EH         LINE#         588
  C:0830H         LINE#         589
  C:0833H         LINE#         591
  C:0835H         LINE#         592
  C:0837H         LINE#         593
  C:0839H         LINE#         594
  C:083AH         LINE#         595
  C:083DH         LINE#         601
  C:0840H         LINE#         604
  C:0842H         LINE#         605
  C:0845H         LINE#         606
  C:0847H         LINE#         607
  C:084AH         LINE#         608
  C:084CH         LINE#         609
  C:084FH         LINE#         610
  C:0851H         LINE#         611
  C:0853H         LINE#         612
  C:0855H         LINE#         613
  C:0858H         LINE#         615
  C:085BH         LINE#         616
  C:085DH         LINE#         620
  C:0860H         LINE#         622
  C:0862H         LINE#         623
  C:0865H         LINE#         624
  C:0867H         LINE#         625
  C:086AH         LINE#         626
  C:086CH         LINE#         627
  C:086FH         LINE#         628
  C:0871H         LINE#         629
  C:0873H         LINE#         630
  C:0875H         LINE#         631
  C:0878H         LINE#         633
  C:087BH         LINE#         634
  C:087DH         LINE#         636
  C:0880H         LINE#         638
  C:0882H         LINE#         639
  C:0885H         LINE#         640
  C:0887H         LINE#         641
  C:088AH         LINE#         642
  C:088CH         LINE#         643
  C:088FH         LINE#         644
  C:0891H         LINE#         645
  C:0893H         LINE#         646
  C:0895H         LINE#         647
  C:0898H         LINE#         649
  C:089BH         LINE#         650
  C:089DH         LINE#         653
  C:089FH         LINE#         654
  C:08A1H         LINE#         655
  C:08A4H         LINE#         656
  C:08A6H         LINE#         657
  C:08A9H         LINE#         661
  C:08ABH         LINE#         662
  C:08AEH         LINE#         663
BL51 BANKED LINKER/LOCATER V4.16a           01/09/2008  13:19:07  PAGE 26


  C:08B1H         LINE#         664
  C:08B4H         LINE#         666
  C:08B6H         LINE#         667
  C:08B9H         LINE#         668
  C:08BCH         LINE#         669
  C:08BFH         LINE#         671
  C:08C2H         LINE#         672
  C:08C5H         LINE#         673
  C:08C8H         LINE#         675
  C:08CBH         LINE#         676
  C:08CEH         LINE#         677
  C:08D1H         LINE#         678
  C:08D4H         LINE#         679
  C:08D7H         LINE#         680
  C:08DAH         LINE#         681
  C:08DDH         LINE#         682
  C:08E0H         LINE#         684
  C:08E3H         LINE#         685
  C:08E6H         LINE#         687
  C:08E9H         LINE#         688
  C:08ECH         LINE#         690
  C:08EFH         LINE#         691
  C:08F2H         LINE#         693
  C:08F5H         LINE#         694
  C:08F8H         LINE#         696
  C:08FBH         LINE#         697
  C:08FEH         LINE#         699
  C:0901H         LINE#         702
  C:0903H         LINE#         703
  C:0906H         LINE#         705
  C:0909H         LINE#         706
  C:090CH         LINE#         708
  C:090FH         LINE#         709
  C:0912H         LINE#         710
  C:0915H         LINE#         711
  C:0918H         LINE#         712
  C:091BH         LINE#         713
  C:091EH         LINE#         714
  C:0921H         LINE#         715
  C:0924H         LINE#         716
  C:0927H         LINE#         717
  C:092AH         LINE#         718
  C:092DH         LINE#         719
  C:0930H         LINE#         720
  C:0933H         LINE#         721
  C:0936H         LINE#         722
  C:0939H         LINE#         723
  C:093CH         LINE#         724
  C:093FH         LINE#         725
  C:0942H         LINE#         726
  C:0945H         LINE#         728
  C:0948H         LINE#         730
  C:094BH         LINE#         731
  C:094EH         LINE#         732
  C:0951H         LINE#         733
  C:0954H         LINE#         734
  C:0957H         LINE#         735
  C:095AH         LINE#         736
  C:095DH         LINE#         737
  C:0960H         LINE#         739
  C:0963H         LINE#         740
  C:0966H         LINE#         742
  C:0969H         LINE#         743
  C:096CH         LINE#         745
  C:096FH         LINE#         746
BL51 BANKED LINKER/LOCATER V4.16a           01/09/2008  13:19:07  PAGE 27


  C:0972H         LINE#         748
  C:0975H         LINE#         749
  C:0978H         LINE#         751
  C:097BH         LINE#         752
  C:097EH         LINE#         754
  C:0981H         LINE#         755
  C:0984H         LINE#         756
  C:0987H         LINE#         758
  C:098AH         LINE#         759
  C:098DH         LINE#         760
  C:0990H         LINE#         761
  C:0993H         LINE#         762
  C:0996H         LINE#         763
  C:0999H         LINE#         764
  C:099CH         LINE#         766
  C:099FH         LINE#         767
  C:09A2H         LINE#         769
  C:09A5H         LINE#         770
  C:09A8H         LINE#         772
  C:09ABH         LINE#         773
  C:09AEH         LINE#         775
  C:09B1H         LINE#         776
  C:09B4H         LINE#         778
  C:09B7H         LINE#         779
  C:09BAH         LINE#         781
  C:09BDH         LINE#         784
  C:09BFH         LINE#         785
  C:09C2H         LINE#         787
  C:09C5H         LINE#         788
  C:09C8H         LINE#         790
  C:09CBH         LINE#         791
  C:09CEH         LINE#         792
  C:09D1H         LINE#         793
  C:09D4H         LINE#         794
  C:09D7H         LINE#         795
  C:09DAH         LINE#         796
  C:09DDH         LINE#         797
  C:09E0H         LINE#         798
  C:09E3H         LINE#         799
  C:09E6H         LINE#         800
  C:09E9H         LINE#         801
  C:09ECH         LINE#         802
  C:09EFH         LINE#         803
  C:09F2H         LINE#         804
  C:09F5H         LINE#         805
  C:09F8H         LINE#         806
  C:09FBH         LINE#         807
  C:09FEH         LINE#         809
  C:0A01H         LINE#         810
  C:0A04H         LINE#         811
  C:0A07H         LINE#         812
  C:0A0AH         LINE#         813
  C:0A0DH         LINE#         814
  C:0A10H         LINE#         815
  C:0A13H         LINE#         816
  C:0A16H         LINE#         817
  C:0A19H         LINE#         818
  C:0A1CH         LINE#         819
  C:0A1FH         LINE#         820
  C:0A22H         LINE#         821
  C:0A25H         LINE#         822
  C:0A28H         LINE#         823
  C:0A2BH         LINE#         824
  C:0A2EH         LINE#         825
  C:0A31H         LINE#         826
BL51 BANKED LINKER/LOCATER V4.16a           01/09/2008  13:19:07  PAGE 28


  C:0A34H         LINE#         827
  C:0A37H         LINE#         828
  C:0A3AH         LINE#         829
  C:0A3CH         LINE#         832
  C:0A3FH         LINE#         833
  C:0A42H         LINE#         834
  C:0A45H         LINE#         835
  C:0A48H         LINE#         836
  C:0A4BH         LINE#         837
  C:0A4EH         LINE#         840
  C:0A50H         LINE#         841
  C:0A53H         LINE#         843
  C:0A56H         LINE#         844
  C:0A59H         LINE#         846
  C:0A5CH         LINE#         847
  C:0A5FH         LINE#         848
  C:0A62H         LINE#         849
  C:0A65H         LINE#         850
  C:0A68H         LINE#         851
  C:0A6BH         LINE#         855
  C:0A6DH         LINE#         856
  C:0A6EH         LINE#         857
  C:0A6FH         LINE#         858
  C:0A72H         LINE#         860
  C:0A75H         LINE#         861
  C:0A77H         LINE#         862
  C:0A7AH         LINE#         863
  C:0A7CH         LINE#         864
  C:0A7DH         LINE#         866
  C:0A80H         LINE#         867
  C:0A83H         LINE#         868
  C:0A86H         LINE#         869
  C:0A88H         LINE#         871
  C:0A8BH         LINE#         872
  C:0A8EH         LINE#         873
  C:0A91H         LINE#         874
  C:0A93H         LINE#         876
  C:0A96H         LINE#         877
  C:0A99H         LINE#         878
  C:0A9CH         LINE#         879
  C:0A9EH         LINE#         881
  C:0AA1H         LINE#         882
  C:0AA4H         LINE#         883
  C:0AA6H         LINE#         885
  C:0AA9H         LINE#         886
  C:0AAAH         LINE#         887
  C:0AACH         LINE#         888
  C:0AAEH         LINE#         889
  C:0AB0H         LINE#         892
  C:0AB3H         LINE#         899
  C:0AB5H         LINE#         900
  C:0AB8H         LINE#         904
  C:0AB9H         LINE#         905
  C:0ABBH         LINE#         906
  C:0ABDH         LINE#         907
  C:0ABEH         LINE#         908
  C:0AC0H         LINE#         910
  C:0AC3H         LINE#         911
  C:0AC5H         LINE#         912
  C:0AC8H         LINE#         914
  C:0ACAH         LINE#         915
  C:0ACBH         LINE#         916
  C:0ACEH         LINE#         917
  C:0AD0H         LINE#         918
  C:0AD3H         LINE#         919
BL51 BANKED LINKER/LOCATER V4.16a           01/09/2008  13:19:07  PAGE 29


  C:0AD6H         LINE#         920
  C:0AD8H         LINE#         921
  C:0ADBH         LINE#         922
  C:0ADDH         LINE#         925
  C:0ADFH         LINE#         926
  C:0AE0H         LINE#         927
  C:0AE3H         LINE#         929
  C:0AE6H         LINE#         933
  C:0AE8H         LINE#         934
  C:0AE9H         LINE#         935
  C:0AECH         LINE#         936
  C:0AEFH         LINE#         937
  C:0AF2H         LINE#         938
  C:0AF4H         LINE#         939
  C:0AF7H         LINE#         940
  C:0AF9H         LINE#         942
  C:0AFCH         LINE#         944
  C:0AFEH         LINE#         946
  C:0AFFH         LINE#         947
  C:0B01H         LINE#         948
  C:0B03H         LINE#         949
  C:0B04H         LINE#         950
  C:0B06H         LINE#         961
  C:0B08H         LINE#         962
  C:0B0BH         LINE#         964
  C:0B0EH         LINE#         965
  C:0B10H         LINE#         966
  C:0B13H         LINE#         967
  C:0B15H         LINE#         968
  C:0B18H         LINE#         969
  C:0B1BH         LINE#         970
  C:0B1DH         LINE#         971
  C:0B20H         LINE#         972
  C:0B23H         LINE#         974
  C:0B25H         LINE#         975
  C:0B26H         LINE#         976
  C:0B28H         LINE#         977
  C:0B2AH         LINE#         978
  C:0B2CH         LINE#         979
  C:0B2FH         LINE#         980
  C:0B31H         LINE#         981
  C:0B34H         LINE#         982
  C:0B36H         LINE#         984
  C:0B39H         LINE#         986
  C:0B3BH         LINE#         987
  C:0B3EH         LINE#         989
  C:0B40H         LINE#         990
  C:0B41H         LINE#         991
  C:0B43H         LINE#         992
  C:0B45H         LINE#         994
  C:0B47H         LINE#         995
  C:0B4AH         LINE#         996
  C:0B4CH         LINE#         998
  C:0B4FH         LINE#         999
  C:0B51H         LINE#         1000
  C:0B54H         LINE#         1006
  C:0B56H         LINE#         1007
  C:0B59H         LINE#         1008
  C:0B5CH         LINE#         1009
  C:0B5EH         LINE#         1010
  C:0B61H         LINE#         1011
  C:0B64H         LINE#         1012
  C:0B66H         LINE#         1013
  C:0B67H         LINE#         1014
  C:0B6AH         LINE#         1017
BL51 BANKED LINKER/LOCATER V4.16a           01/09/2008  13:19:07  PAGE 30


  C:0B6CH         LINE#         1018
  C:0B6FH         LINE#         1019
  C:0B72H         LINE#         1020
  C:0B74H         LINE#         1021
  C:0B77H         LINE#         1025
  C:0B78H         LINE#         1026
  C:0B7AH         LINE#         1027
  C:0B7BH         LINE#         1028
  C:0B7EH         LINE#         1029
  C:0B81H         LINE#         1030
  C:0B84H         LINE#         1031
  C:0B86H         LINE#         1033
  C:0B89H         LINE#         1034
  C:0B8BH         LINE#         1035
  C:0B8EH         LINE#         1036
  C:0B90H         LINE#         1037
  C:0B92H         LINE#         1038
  C:0B95H         LINE#         1039
  C:0B98H         LINE#         1040
  C:0B9AH         LINE#         1041
  C:0B9CH         LINE#         1042
  C:0B9EH         LINE#         1043
  C:0BA0H         LINE#         1044
  C:0BA2H         LINE#         1045
  C:0BA4H         LINE#         1046
  C:0BA7H         LINE#         1047
  C:0BAAH         LINE#         1048
  C:0BADH         LINE#         1049
  C:0BAFH         LINE#         1050
  C:0BB1H         LINE#         1051
  C:0BB3H         LINE#         1052
  C:0BB5H         LINE#         1053
  C:0BB8H         LINE#         1058
  C:0BBAH         LINE#         1059
  C:0BBCH         LINE#         1060
  C:0BBEH         LINE#         1061
  C:0BC0H         LINE#         1062
  C:0BC2H         LINE#         1063
  C:0BC4H         LINE#         1064
  C:0BC7H         LINE#         1065
  C:0BCAH         LINE#         1066
  C:0BCDH         LINE#         1067
  C:0BCFH         LINE#         1068
  C:0BD1H         LINE#         1069
  C:0BD3H         LINE#         1070
  C:0BD5H         LINE#         1071
  C:0BD8H         LINE#         1072
  C:0BDBH         LINE#         1073
  C:0BDEH         LINE#         1074
  C:0BE1H         LINE#         1076
  C:0BE3H         LINE#         1077
  C:0BE6H         LINE#         1078
  C:0BE8H         LINE#         1079
  C:0BEAH         LINE#         1080
  C:0BEDH         LINE#         1081
  C:0BF0H         LINE#         1082
  C:0BF2H         LINE#         1083
  C:0BF4H         LINE#         1084
  C:0BF6H         LINE#         1085
  C:0BF8H         LINE#         1086
  C:0BFAH         LINE#         1087
  C:0BFCH         LINE#         1088
  C:0BFEH         LINE#         1089
  C:0C00H         LINE#         1090
  C:0C02H         LINE#         1091
BL51 BANKED LINKER/LOCATER V4.16a           01/09/2008  13:19:07  PAGE 31


  C:0C05H         LINE#         1092
  C:0C08H         LINE#         1093
  C:0C0AH         LINE#         1094
  C:0C0CH         LINE#         1095
  C:0C0EH         LINE#         1096
  C:0C10H         LINE#         1097
  C:0C12H         LINE#         1098
  C:0C14H         LINE#         1099
  C:0C16H         LINE#         1102
  C:0C19H         LINE#         1103
  C:0C1CH         LINE#         1104
  C:0C1FH         LINE#         1105
  C:0C21H         LINE#         1106
  C:0C24H         LINE#         1107
  C:0C27H         LINE#         1109
  C:0C2AH         LINE#         1110
  C:0C2DH         LINE#         1111
  C:0C30H         LINE#         1112
  C:0C33H         LINE#         1113
  C:0C36H         LINE#         1114
  C:0C38H         LINE#         1115
  C:0C3BH         LINE#         1117
  C:0C3EH         LINE#         1119
  C:0C41H         LINE#         1120
  C:0C43H         LINE#         1121
  C:0C46H         LINE#         1122
  C:0C49H         LINE#         1123
  C:0C4AH         LINE#         1124
  C:0C4CH         LINE#         1125
  C:0C4DH         LINE#         1126
  C:0C50H         LINE#         1127
  C:0C53H         LINE#         1128
  C:0C56H         LINE#         1129
  C:0C58H         LINE#         1132
  C:0C5BH         LINE#         1133
  C:0C5EH         LINE#         1134
  C:0C60H         LINE#         1135
  C:0C63H         LINE#         1138
  C:0C65H         LINE#         1139
  C:0C68H         LINE#         1140
  C:0C6AH         LINE#         1141
  C:0C6DH         LINE#         1143
  C:0C6FH         LINE#         1144
  C:0C72H         LINE#         1145
  C:0C75H         LINE#         1146
  C:0C77H         LINE#         1147
  C:0C7AH         LINE#         1149
  C:0C7DH         LINE#         1151
  C:0C7FH         LINE#         1152
  C:0C82H         LINE#         1153
  C:0C85H         LINE#         1155
  C:0C88H         LINE#         1156
  C:0C8BH         LINE#         1157
  C:0C8DH         LINE#         1158
  C:0C90H         LINE#         1159
  C:0C92H         LINE#         1161
  C:0C93H         LINE#         1162
  C:0C95H         LINE#         1163
  C:0C96H         LINE#         1164
  C:0C99H         LINE#         1165
  C:0C9CH         LINE#         1166
  C:0C9FH         LINE#         1167
  C:0CA1H         LINE#         1168
  C:0CA3H         LINE#         1169
  C:0CA6H         LINE#         1170
BL51 BANKED LINKER/LOCATER V4.16a           01/09/2008  13:19:07  PAGE 32


  C:0CA8H         LINE#         1172
  C:0CA9H         LINE#         1173
  C:0CACH         LINE#         1174
  C:0CADH         LINE#         1176
  C:0CB0H         LINE#         1178
  C:0CB3H         LINE#         1179
  C:0CB5H         LINE#         1180
  C:0CB8H         LINE#         1181
  C:0CBAH         LINE#         1182
  C:0CBDH         LINE#         1183
  C:0CBFH         LINE#         1184
  C:0CC1H         LINE#         1185
  C:0CC3H         LINE#         1187
  C:0CC5H         LINE#         1188
  C:0CC7H         LINE#         1189
  C:0CC9H         LINE#         1190
  C:0CCBH         LINE#         1191
  C:0CCDH         LINE#         1192
  C:0CCFH         LINE#         1193
  C:0CD2H         LINE#         1194
  C:0CD5H         LINE#         1195
  C:0CD8H         LINE#         1196
  C:0CDBH         LINE#         1197
  C:0CDDH         LINE#         1204
  C:0CDFH         LINE#         1205
  C:0CE2H         LINE#         1207
  C:0CE5H         LINE#         1208
  C:0CE6H         LINE#         1209
  C:0CE8H         LINE#         1210
  C:0CE9H         LINE#         1213
  C:0CECH         LINE#         1214
  C:0CEFH         LINE#         1215
  C:0CF2H         LINE#         1216
  C:0CF4H         LINE#         1217
  C:0CF7H         LINE#         1218
  C:0CFAH         LINE#         1219
  C:0CFDH         LINE#         1220
  C:0CFFH         LINE#         1222
  C:0D02H         LINE#         1223
  C:0D04H         LINE#         1224
  C:0D06H         LINE#         1225
  C:0D08H         LINE#         1226
  C:0D0AH         LINE#         1227
  C:0D0CH         LINE#         1228
  C:0D0FH         LINE#         1229
  C:0D12H         LINE#         1230
  C:0D15H         LINE#         1231
  C:0D18H         LINE#         1232
  C:0D1AH         LINE#         1233
  C:0D1DH         LINE#         1234
  C:0D20H         LINE#         1235
  C:0D23H         LINE#         1236
[...]
  C:22EAH         LINE#         4498
  C:22ECH         LINE#         4499
  C:22EFH         LINE#         4500
  C:22F2H         LINE#         4502
  C:22F5H         LINE#         4503
  C:22F8H         LINE#         4504
  C:22FBH         LINE#         4505
  C:22FEH         LINE#         4507
  C:2300H         LINE#         4508
  C:2303H         LINE#         4511
  C:2305H         LINE#         4512
  C:2307H         LINE#         4513
  C:2309H         LINE#         4514
  C:230CH         LINE#         4516
  C:230FH         LINE#         4517
  C:2311H         LINE#         4518
  C:2314H         LINE#         4519
  C:2315H         LINE#         4520
  C:2316H         LINE#         4521
  C:2317H         LINE#         4522
  C:2318H         LINE#         4523
  C:2319H         LINE#         4524
  C:231AH         LINE#         4525
  C:231BH         LINE#         4526
  C:231CH         LINE#         4527
BL51 BANKED LINKER/LOCATER V4.16a           01/09/2008  13:19:07  PAGE 71


  C:231DH         LINE#         4528
  C:231EH         LINE#         4529
  C:231FH         LINE#         4533
  C:2322H         LINE#         4534
  C:2324H         LINE#         4535
  C:2327H         LINE#         4537
  C:2329H         LINE#         4538
  C:232BH         LINE#         4539
  C:232EH         LINE#         4540
  C:2331H         LINE#         4542
  C:2333H         LINE#         4543
  C:2336H         LINE#         4545
  C:2338H         LINE#         4547
  C:233BH         LINE#         4548
  C:233CH         LINE#         4549
  C:233DH         LINE#         4550
  C:233FH         LINE#         4551
  C:2340H         LINE#         4552
  C:2341H         LINE#         4553
  C:2342H         LINE#         4554
  C:2344H         LINE#         4555
  C:2347H         LINE#         4559
  C:2349H         LINE#         4560
  C:234BH         LINE#         4561
  C:234EH         LINE#         4562
  C:2351H         LINE#         4563
  C:2354H         LINE#         4564
  C:2357H         LINE#         4565
  C:235AH         LINE#         4566
  C:235DH         LINE#         4568
  C:235FH         LINE#         4569
  C:2361H         LINE#         4570
  C:2364H         LINE#         4571
  C:2367H         LINE#         4572
  C:2369H         LINE#         4573
  C:236BH         LINE#         4574
  C:236DH         LINE#         4575
  C:236FH         LINE#         4576
  C:2371H         LINE#         4577
  C:2373H         LINE#         4578
  C:2376H         LINE#         4579
  C:2379H         LINE#         4580
  C:237CH         LINE#         4581
  C:237EH         LINE#         4582
  C:2380H         LINE#         4583
  C:2382H         LINE#         4584
  C:2384H         LINE#         4585
  C:2387H         LINE#         4587
  C:238AH         LINE#         4588
  C:238DH         LINE#         4589
  C:2390H         LINE#         4590
  C:2392H         LINE#         4591
  C:2394H         LINE#         4592
  C:2396H         LINE#         4593
  C:2398H         LINE#         4595
  C:239AH         LINE#         4596
  C:239DH         LINE#         4597
  C:23A0H         LINE#         4598
  C:23A3H         LINE#         4599
  C:23A5H         LINE#         4600
  C:23A7H         LINE#         4601
  C:23A9H         LINE#         4602
  C:23ABH         LINE#         4603
  C:23AEH         LINE#         4605
  C:23B1H         LINE#         4606
BL51 BANKED LINKER/LOCATER V4.16a           01/09/2008  13:19:07  PAGE 72


  C:23B4H         LINE#         4607
  C:23B7H         LINE#         4608
  C:23BAH         LINE#         4609
  C:23BCH         LINE#         4610
  C:23BFH         LINE#         4612
  C:23C1H         LINE#         4613
  C:23C3H         LINE#         4614
  C:23C5H         LINE#         4615
  C:23C8H         LINE#         4617
  C:23CAH         LINE#         4618
  C:23CDH         LINE#         4619
  C:23CFH         LINE#         4621
  C:23D0H         LINE#         4622
  C:23D1H         LINE#         4623
  C:23D2H         LINE#         4624
  C:23D3H         LINE#         4625
  C:23D4H         LINE#         4626
  C:23D5H         LINE#         4627
  C:23D6H         LINE#         4628
  C:23D7H         LINE#         4629
  C:23D8H         LINE#         4630
  C:23D9H         LINE#         4631
  C:23DAH         LINE#         4635
  C:23DDH         LINE#         4636
  C:23DFH         LINE#         4637
  C:23E2H         LINE#         4639
  C:23E4H         LINE#         4640
  C:23E6H         LINE#         4641
  C:23E9H         LINE#         4642
  C:23ECH         LINE#         4644
  C:23EEH         LINE#         4645
  C:23F1H         LINE#         4646
  C:23F4H         LINE#         4652
  C:23F7H         LINE#         4653
  C:23F9H         LINE#         4654
  C:23FAH         LINE#         4655
  C:23FCH         LINE#         4656
  C:23FDH         LINE#         4657
  C:2400H         LINE#         4659
  C:2401H         LINE#         4660
  C:2403H         LINE#         4661
  C:2404H         LINE#         4662
  C:2405H         LINE#         4663
  C:2407H         LINE#         4664
  C:2409H         LINE#         4665
  C:240AH         LINE#         4666
  C:240BH         LINE#         4667
  C:240DH         LINE#         4670
  C:2410H         LINE#         4671
  C:2412H         LINE#         4672
  C:2414H         LINE#         4673
  C:2415H         LINE#         4674
  C:2416H         LINE#         4675
  C:2418H         LINE#         4676
  C:2419H         LINE#         4677
  C:241BH         LINE#         4678
  C:241EH         LINE#         4679
  C:2420H         LINE#         4680
  C:2422H         LINE#         4681
  C:2425H         LINE#         4682
  C:2427H         LINE#         4683
  C:2428H         LINE#         4684
  C:242AH         LINE#         4685
  C:242BH         LINE#         4687
  C:242DH         LINE#         4688
BL51 BANKED LINKER/LOCATER V4.16a           01/09/2008  13:19:07  PAGE 73


  C:242EH         LINE#         4689
  C:2430H         LINE#         4690
  C:2431H         LINE#         4691
  C:2432H         LINE#         4692
  C:2434H         LINE#         4694
  C:2435H         LINE#         4695
  C:2437H         LINE#         4696
  C:2439H         LINE#         4697
  C:243BH         LINE#         4698
  C:243DH         LINE#         4699
  C:243FH         LINE#         4700
  C:2441H         LINE#         4702
  C:2443H         LINE#         4703
  C:2445H         LINE#         4704
  C:2446H         LINE#         4705
  C:2447H         LINE#         4706
  C:2449H         LINE#         4707
  C:244AH         LINE#         4709
  C:244BH         LINE#         4710
  C:244DH         LINE#         4711
  C:244EH         LINE#         4712
  C:244FH         LINE#         4713
  C:2451H         LINE#         4714
  C:2453H         LINE#         4715
  C:2454H         LINE#         4716
  C:2455H         LINE#         4717
  C:2457H         LINE#         4721
  C:245AH         LINE#         4722
  C:245DH         LINE#         4723
  C:2460H         LINE#         4724
  C:2462H         LINE#         4725
  C:2465H         LINE#         4726
  C:2468H         LINE#         4727
  C:246AH         LINE#         4728
  C:246DH         LINE#         4729
  C:246FH         LINE#         4730
  C:2470H         LINE#         4731
  C:2472H         LINE#         4733
  C:2475H         LINE#         4734
  C:2478H         LINE#         4735
  C:247BH         LINE#         4736
  C:247DH         LINE#         4737
  C:2480H         LINE#         4738
  C:2483H         LINE#         4739
  C:2485H         LINE#         4740
  C:2488H         LINE#         4741
  C:2489H         LINE#         4742
  C:248AH         LINE#         4743
  C:248BH         LINE#         4744
  C:248CH         LINE#         4745
  C:248EH         LINE#         4746
  C:248FH         LINE#         4747
  C:2491H         LINE#         4748
  C:2492H         LINE#         4749
  C:2495H         LINE#         4750
  C:2498H         LINE#         4751
  C:249AH         LINE#         4752
  C:249DH         LINE#         4753
  C:24A0H         LINE#         4754
  C:24A3H         LINE#         4755
  C:24A6H         LINE#         4756
  C:24A9H         LINE#         4757
  C:24ACH         LINE#         4758
  C:24AFH         LINE#         4759
  C:24B1H         LINE#         4760
BL51 BANKED LINKER/LOCATER V4.16a           01/09/2008  13:19:07  PAGE 74


  C:24B4H         LINE#         4763
  C:24B6H         LINE#         4764
  C:24B8H         LINE#         4765
  C:24BBH         LINE#         4767
  C:24BDH         LINE#         4768
  C:24BFH         LINE#         4769
  C:24C1H         LINE#         4770
  C:24C2H         LINE#         4771
  C:24C4H         LINE#         4772
  C:24C5H         LINE#         4773
  C:24C6H         LINE#         4774
  C:24C7H         LINE#         4775
  C:24C9H         LINE#         4776
  C:24CBH         LINE#         4777
  C:24CDH         LINE#         4778
  C:24D0H         LINE#         4779
  C:24D2H         LINE#         4780
  C:24D5H         LINE#         4781
  C:24D6H         LINE#         4784
  C:24D7H         LINE#         4785
  C:24D8H         LINE#         4786
  C:24D9H         LINE#         4787
  C:24DAH         LINE#         4788
  C:24DBH         LINE#         4789
  C:24DCH         LINE#         4790
  C:24DDH         LINE#         4791
  C:24DEH         LINE#         4792
  C:24DFH         LINE#         4793
  C:24E0H         LINE#         4794
  C:24E1H         LINE#         4795
  C:24E2H         LINE#         4797
  C:24E3H         LINE#         4798
  C:24E5H         LINE#         4799
  C:24E7H         LINE#         4800
  C:24E9H         LINE#         4801
  C:24EBH         LINE#         4802
  C:24EDH         LINE#         4803
  C:24EFH         LINE#         4804
  C:24F0H         LINE#         4806
  C:24F3H         LINE#         4809
  C:24F6H         LINE#         4810
  C:24F8H         LINE#         4811
  C:24F9H         LINE#         4812
  C:24FBH         LINE#         4813
  C:24FCH         LINE#         4814
  C:24FFH         LINE#         4816
  C:2500H         LINE#         4817
  C:2502H         LINE#         4818
  C:2503H         LINE#         4819
  C:2504H         LINE#         4820
  C:2506H         LINE#         4821
  C:2508H         LINE#         4822
  C:2509H         LINE#         4823
  C:250AH         LINE#         4824
  C:250CH         LINE#         4827
  C:250FH         LINE#         4830
  C:2512H         LINE#         4832
  C:2514H         LINE#         4834
  C:2515H         LINE#         4835
  C:2516H         LINE#         4836
  C:2517H         LINE#         4837
  C:2518H         LINE#         4838
  C:2519H         LINE#         4839
  C:251AH         LINE#         4840
  C:251BH         LINE#         4841
BL51 BANKED LINKER/LOCATER V4.16a           01/09/2008  13:19:07  PAGE 75


  C:251CH         LINE#         4842
  C:251DH         LINE#         4843
  C:251EH         LINE#         4844
  C:251FH         LINE#         4845
  C:2520H         LINE#         4846
  C:2521H         LINE#         4847
  C:2522H         LINE#         4848
  C:2523H         LINE#         4850
  C:2525H         LINE#         4851
  C:2528H         LINE#         4852
  C:252BH         LINE#         4853
  C:252DH         LINE#         4854
  C:2530H         LINE#         4856
  C:2533H         LINE#         4859
  C:2535H         LINE#         4860
  C:2537H         LINE#         4861
  C:2538H         LINE#         4862
  C:2539H         LINE#         4863
  C:253BH         LINE#         4864
  C:253CH         LINE#         4866
  C:253EH         LINE#         4867
  C:2540H         LINE#         4868
  C:2543H         LINE#         4869
  C:2545H         LINE#         4870
  C:2546H         LINE#         4871
  C:2548H         LINE#         4872
  C:2549H         LINE#         4874
  C:254BH         LINE#         4875
  C:254CH         LINE#         4876
  C:254EH         LINE#         4877
  C:254FH         LINE#         4878
  C:2550H         LINE#         4879
  C:2552H         LINE#         4881
  C:2553H         LINE#         4882
  C:2555H         LINE#         4883
  C:2557H         LINE#         4884
  C:2559H         LINE#         4885
  C:255BH         LINE#         4886
  C:255DH         LINE#         4887
  C:255FH         LINE#         4889
  C:2561H         LINE#         4890
  C:2563H         LINE#         4891
  C:2564H         LINE#         4892
  C:2565H         LINE#         4893
  C:2567H         LINE#         4894
  C:2568H         LINE#         4896
  C:2569H         LINE#         4897
  C:256BH         LINE#         4898
  C:256CH         LINE#         4899
  C:256DH         LINE#         4900
  C:256FH         LINE#         4901
  C:2571H         LINE#         4902
  C:2572H         LINE#         4903
  C:2573H         LINE#         4904
  C:2575H         LINE#         4908
  C:2577H         LINE#         4909
  C:257AH         LINE#         4911
  C:257DH         LINE#         4912
  C:2580H         LINE#         4914
  C:2583H         LINE#         4916
  C:2586H         LINE#         4917
  C:2588H         LINE#         4918
  C:258AH         LINE#         4919
  C:258DH         LINE#         4920
  C:258FH         LINE#         4921
BL51 BANKED LINKER/LOCATER V4.16a           01/09/2008  13:19:07  PAGE 76


  C:2590H         LINE#         4922
  C:2592H         LINE#         4924
  C:2594H         LINE#         4925
  C:2597H         LINE#         4927
  C:259AH         LINE#         4928
  C:259DH         LINE#         4930
  C:25A0H         LINE#         4932
  C:25A3H         LINE#         4933
  C:25A5H         LINE#         4934
  C:25A7H         LINE#         4935
  C:25AAH         LINE#         4938
  C:25ACH         LINE#         4939
  C:25AFH         LINE#         4943
  C:25B2H         LINE#         4944
  C:25B5H         LINE#         4945
  C:25B8H         LINE#         4946
  C:25BBH         LINE#         4948
  C:25BEH         LINE#         4949
  C:25C0H         LINE#         4950
  C:25C3H         LINE#         4953
  C:25C5H         LINE#         4954
  C:25C7H         LINE#         4955
  C:25CAH         LINE#         4957
  C:25CCH         LINE#         4958
  C:25CEH         LINE#         4959
  C:25D0H         LINE#         4960
  C:25D1H         LINE#         4961
  C:25D3H         LINE#         4962
  C:25D4H         LINE#         4963
  C:25D5H         LINE#         4964
  C:25D6H         LINE#         4965
  C:25D8H         LINE#         4966
  C:25DAH         LINE#         4967
  C:25DCH         LINE#         4968
  C:25DFH         LINE#         4969
  C:25E1H         LINE#         4970
  C:25E4H         LINE#         4971
  C:25E5H         LINE#         4975
  C:25E8H         LINE#         4978
  C:25EBH         LINE#         4979
  C:25EDH         LINE#         4980
  C:25EEH         LINE#         4981
  C:25F0H         LINE#         4982
  C:25F1H         LINE#         4983
  C:25F4H         LINE#         4985
  C:25F5H         LINE#         4986
  C:25F7H         LINE#         4987
  C:25F8H         LINE#         4988
  C:25F9H         LINE#         4989
  C:25FBH         LINE#         4990
  C:25FDH         LINE#         4991
  C:25FEH         LINE#         4992
  C:25FFH         LINE#         4993
  C:2601H         LINE#         4996
  C:2604H         LINE#         5000
  C:2607H         LINE#         5002
  C:2609H         LINE#         5004
  C:260AH         LINE#         5005
  C:260BH         LINE#         5006
  C:260CH         LINE#         5007
  C:260DH         LINE#         5008
  C:260EH         LINE#         5009
  C:260FH         LINE#         5010
  C:2610H         LINE#         5011
  C:2611H         LINE#         5012
BL51 BANKED LINKER/LOCATER V4.16a           01/09/2008  13:19:07  PAGE 77


  C:2612H         LINE#         5013
  C:2613H         LINE#         5014
  C:2614H         LINE#         5015
  C:2615H         LINE#         5016
  C:2616H         LINE#         5017
  C:2617H         LINE#         5018
  C:2618H         LINE#         5020
  C:261AH         LINE#         5021
  C:261DH         LINE#         5022
  C:2620H         LINE#         5023
  C:2622H         LINE#         5024
  C:2625H         LINE#         5026
  C:2628H         LINE#         5029
  C:262AH         LINE#         5030
  C:262CH         LINE#         5031
  C:262DH         LINE#         5032
  C:262EH         LINE#         5033
  C:2630H         LINE#         5034
  C:2631H         LINE#         5036
  C:2633H         LINE#         5037
  C:2635H         LINE#         5038
  C:2638H         LINE#         5039
  C:263AH         LINE#         5040
  C:263BH         LINE#         5041
  C:263DH         LINE#         5042
  C:263EH         LINE#         5044
  C:2640H         LINE#         5045
  C:2641H         LINE#         5046
  C:2643H         LINE#         5047
  C:2644H         LINE#         5048
  C:2645H         LINE#         5049
  C:2647H         LINE#         5051
  C:2648H         LINE#         5052
  C:264AH         LINE#         5053
  C:264CH         LINE#         5054
  C:264EH         LINE#         5055
  C:2650H         LINE#         5056
  C:2652H         LINE#         5057
  C:2654H         LINE#         5059
  C:2656H         LINE#         5060
  C:2658H         LINE#         5061
  C:2659H         LINE#         5062
  C:265AH         LINE#         5063
  C:265CH         LINE#         5064
  C:265DH         LINE#         5066
  C:265EH         LINE#         5067
  C:2660H         LINE#         5068
  C:2661H         LINE#         5069
  C:2662H         LINE#         5070
  C:2664H         LINE#         5071
  C:2666H         LINE#         5072
  C:2667H         LINE#         5073
  C:2668H         LINE#         5074
  C:266AH         LINE#         5078
  C:266CH         LINE#         5079
  C:266FH         LINE#         5081
  C:2672H         LINE#         5082
  C:2675H         LINE#         5084
  C:2678H         LINE#         5086
  C:267BH         LINE#         5087
  C:267DH         LINE#         5088
  C:267FH         LINE#         5089
  C:2682H         LINE#         5090
  C:2684H         LINE#         5091
  C:2685H         LINE#         5092
BL51 BANKED LINKER/LOCATER V4.16a           01/09/2008  13:19:07  PAGE 78


  C:2687H         LINE#         5093
  C:2689H         LINE#         5094
  C:268CH         LINE#         5096
  C:268FH         LINE#         5097
  C:2692H         LINE#         5099
  C:2695H         LINE#         5101
  C:2698H         LINE#         5102
  C:269AH         LINE#         5103
  C:269CH         LINE#         5104
  C:269FH         LINE#         5107
  C:26A2H         LINE#         5110
  C:26A4H         LINE#         5111
  C:26A7H         LINE#         5112
  C:26AAH         LINE#         5113
  C:26ADH         LINE#         5114
  C:26B0H         LINE#         5115
  C:26B2H         LINE#         5116
  C:26B5H         LINE#         5117
  C:26B6H         LINE#         5120
  C:26B8H         LINE#         5121
  C:26BAH         LINE#         5122
  C:26BCH         LINE#         5125
  C:26BFH         LINE#         5126
  C:26C1H         LINE#         5127
  C:26C2H         LINE#         5131
  C:26C4H         LINE#         5132
  C:26C5H         LINE#         5133
  C:26C8H         LINE#         5135
  C:26CBH         LINE#         5136
  C:26CDH         LINE#         5137
  C:26CFH         LINE#         5138
  C:26D1H         LINE#         5139
  C:26D2H         LINE#         5140
  C:26D4H         LINE#         5141
  C:26D7H         LINE#         5142
  C:26D9H         LINE#         5143
  C:26DCH         LINE#         5144
  C:26DDH         LINE#         5145
  C:26DFH         LINE#         5146
  C:26E0H         LINE#         5147
  C:26E2H         LINE#         5149
  -------         ENDMOD        MAIN

LINK/LOCATE RUN COMPLETE.  0 WARNING(S),  0 ERROR(S)
