;===============================================================;
; Disassembled Using DIS8051   -  (C)1989 Data Sync Engineering ;
;===============================================================;
;
;
;
	ORG	00003H
;
	RETI	
;
;
	ORG	0000BH
;
	RETI	
;
;
	ORG	00013H
;
	RETI	
;
;
	ORG	0001BH
;
	RETI	
;
;
	ORG	00023H
;
	LJMP	L2893
;
;
	ORG	0002BH
;
	LJMP	L2866
;
;
	ORG	00033H
;
	RETI	
;
;
	ORG	0003BH
;
	RETI	
;
;
	ORG	00043H
;
	RETI	
;
;
	ORG	0004BH
;
	RETI	
;
;
	ORG	00053H
;
	RETI	
;
;
	ORG	0005BH
;
	RETI	
;
;
	ORG	00063H
;
	RETI	
;
;
	ORG	0006BH
;
	RETI	
;
;
	ORG	00073H
;
	RETI	
;
;
	ORG	00093H
;
	LJMP	L1382
;
;
	ORG	0009BH
;
	LJMP	L182E
;
;
	ORG	005C9H
;
	MOV	SP,#0E0H
	MOV	0E9H,#000H
	MOV	0D9H,#000H
	MOV	0A4H,#01FH
	MOV	0A5H,#0CCH
	MOV	0A6H,#000H
	MOV	0A7H,#03FH
	MOV	0B5H,#0FFH
	MOV	0D1H,#003H
	MOV	0E1H,#014H
	MOV	0E2H,#000H
	MOV	0E3H,#000H
	MOV	P3,#0C0H
	MOV	0FFH,#0DEH
	MOV	0FFH,#0ADH
	MOV	TMOD,#022H
	MOV	08EH,#030H
	MOV	TH0,#0F9H
	MOV	TL0,#0F9H
	MOV	0E6H,#080H
	MOV	0D4H,#080H
	MOV	0D7H,#080H
	MOV	0B1H,#067H
	MOV	0B2H,#088H
	MOV	RCAP2L,#000H
	MOV	RCAP2H,#0D1H
	SETB	TR1
	SETB	TR0
	MOV	0EFH,#000H
	MOV	0E3H,#040H
	MOV	0E1H,#00EH
	MOV	0F8H,#003H
	MOV	09DH,#031H
	MOV	SCON,#050H
	MOV	PCON,#080H
	MOV	08EH,#010H
	MOV	TMOD,#020H
	MOV	TCON,#040H
	MOV	0D9H,#000H
	MOV	0DAH,#000H
	MOV	0EAH,#000H
	MOV	0FAH,#09CH
	MOV	0D8H,#040H
	MOV	T2CON,#000H
	MOV	TH1,#0F4H
	SETB	TR1
	CLR	013H
	MOV	TH1,#0F4H
	MOV	TL1,#0FDH
	SJMP	L0662
	MOV	DPTR,#L3170
	SETB	013H
	MOV	TH1,#0DCH
;
L0662:	SETB	TR1
	MOV	0E7H,#030H
	MOV	IE,#080H
	CLR	A
	MOV	R0,#000H
;
L066D:	MOV	@R0,A
	INC	R0
	CJNE	R0,#07FH,L066D
	MOV	R0,#080H
;
L0674:	MOV	@R0,A
	MOVX	@R0,A
	INC	R0
	CJNE	R0,#0DFH,L0674
	LCALL	L3281
	MOV	DPTR,#L0000
;
L0680:	CLR	A
	MOVX	@DPTR,A
	INC	DPTR
	MOV	A,DPH
	CJNE	A,#010H,L0680
	MOV	R0,#098H
	MOV	@R0,#000H
	INC	R0
	MOV	@R0,#019H
	MOV	R0,#081H
	MOV	@R0,#001H
	INC	R0
	MOV	@R0,#090H
	MOV	R0,#0B2H
	MOV	@R0,#0FFH
	MOV	R0,#0C4H
	MOV	@R0,#000H
;
L069E:	MOV	A,#0FFH
	MOV	085H,A
	MOV	R1,#09AH
	MOV	@R1,#002H
	MOV	R1,#0AEH
	MOV	@R1,#005H
	MOV	034H,#005H
	MOV	R1,#0AFH
	MOV	@R1,#002H
	MOV	A,#000H
	MOV	085H,A
	SETB	004H
	MOV	R1,#09BH
	MOV	@R1,#000H
	MOV	DPTR,#L2E53
	LCALL	L3515
	MOV	R0,#090H
	LCALL	L3275
	MOV	R0,#094H
	LCALL	L3275
	MOV	R0,#0A0H
	LCALL	L3275
	MOV	R0,#0CFH
	LCALL	L3275
	MOV	DPTR,#L0158
	MOV	R1,#0D3H
	MOV	A,DPH
	MOV	@R1,A
	INC	R1
	MOV	A,DPL
	MOV	@R1,A
	MOV	DPTR,#L0478
	MOV	R1,#0C0H
	MOV	A,DPH
	MOV	@R1,A
	INC	R1
	MOV	A,DPL
	MOV	@R1,A
	MOV	DPTR,#L0798
	MOV	R1,#0C2H
	MOV	A,DPH
	MOV	@R1,A
	INC	R1
	MOV	A,DPL
	MOV	@R1,A
	MOV	DPTR,#L0AB8
	MOV	R1,#0D9H
	MOV	A,DPH
	MOV	@R1,A
	INC	R1
	MOV	A,DPL
	MOV	@R1,A
	MOV	038H,#001H
	MOV	037H,#001H
	MOV	R0,#0CDH
	MOV	@R0,#000H
	INC	R0
	MOV	@R0,#001H
	MOV	R0,#040H
;
L0714:	MOV	@R0,#0FDH
	INC	R0
	CJNE	R0,#04CH,L0714
	LCALL	L2872
	LCALL	L2E00
	MOV	R0,#040H
;
L0722:	MOV	@R0,#069H
	INC	R0
	CJNE	R0,#04CH,L0722
	LCALL	L2872
	LCALL	L2E00
	LCALL	L2DEE
	ORL	04BH,#010H
	MOV	R4,#060H
	MOV	R5,#000H
	LCALL	L342A
	LCALL	L2D56
	MOV	027H,#0DBH
	MOV	024H,#000H
	MOV	025H,#000H
	MOV	IE,#090H
;
L074A:	JNB	01DH,L0750
	LCALL	L28DF
;
L0750:	CLR	017H
;
L0752:	JNB	P1.5,L0752
;
L0755:	JB	P1.5,L0755
	MOV	A,#011H
	LCALL	L3338
	LCALL	L2D19
	MOV	078H,A
	LCALL	L2D19
	MOV	079H,A
	LCALL	L2D19
	MOV	07AH,A
	MOV	R0,#078H
	MOV	A,@R0
	JB	ACC.7,L07B5
	SETB	000H
	ORL	A,#080H
	MOV	@R0,A
	DEC	R0
	MOV	@R0,#0FFH
	SJMP	L07BD
	LCALL	L2872
	SJMP	L074A
;
L0781:	MOV	A,03DH
	JNB	ACC.7,L0791
	MOV	A,0ADH
	ANL	A,#03FH
	MOV	0ADH,A
	MOV	0E7H,#030H
	SJMP	L079E
;
L0791:	CLR	C
	MOV	A,03EH
	SUBB	A,#001H
	MOV	03EH,A
;
L0798:	MOV	A,03DH
	SUBB	A,#000H
	MOV	03DH,A
;
L079E:	JB	004H,L074A
	MOV	A,033H
	JNZ	L07B0
	MOV	033H,#064H
	LCALL	L2872
;
L07AB:	LCALL	L2DF7
	SJMP	L0781
;
L07B0:	DEC	A
	MOV	033H,A
	SJMP	L07AB
;
L07B5:	CLR	000H
	ANL	A,#07FH
	MOV	@R0,A
	DEC	R0
	MOV	@R0,#000H
;
L07BD:	MOV	R0,#07AH
	MOV	A,@R0
	MOV	R7,#005H
;
L07C2:	CLR	C
	RRC	A
	DJNZ	R7,L07C2
	MOV	R2,A
	DEC	R0
	MOV	A,@R0
	PUSH	ACC
	CLR	C
	MOV	R7,#003H
;
L07CE:	CLR	C
	RLC	A
	DJNZ	R7,L07CE
	ORL	A,R2
	MOV	07AH,A
	POP	ACC
	MOV	R7,#005H
;
L07D9:	CLR	C
	RRC	A
	DJNZ	R7,L07D9
	MOV	R2,A
	MOV	A,078H
	PUSH	ACC
	MOV	R7,#003H
;
L07E4:	CLR	C
	RLC	A
	DJNZ	R7,L07E4
	ORL	A,R2
	MOV	079H,A
	POP	ACC
	JB	ACC.7,L07FB
	CLR	C
	MOV	R7,#005H
;
L07F3:	CLR	C
	RRC	A
	DJNZ	R7,L07F3
	MOV	078H,A
	SJMP	L0803
;
L07FB:	MOV	R7,#005H
;
L07FD:	SETB	C
	RRC	A
	DJNZ	R7,L07FD
	MOV	078H,A
;
L0803:	MOV	R0,#098H
	MOV	A,@R0
	JNB	ACC.7,L080B
	SJMP	L084F
;
L080B:	MOV	R0,#09AH
	MOV	R1,#03FH
	CJNE	@R0,#001H,L084C
	MOV	R0,#077H
	LCALL	L3327
	MOV	R0,#0B6H
	LCALL	L3701
	MOV	R0,#0B3H
	LCALL	L3275
	MOV	R1,#03FH
	MOV	@R1,#014H
	MOV	R0,#09BH
	CJNE	@R0,#063H,L0848
	MOV	DPTR,#L2E43
;
L082D:	LCALL	L3537
	LCALL	L32A4
	MOV	R0,#062H
	LCALL	L3275
	MOV	R0,#0C5H
	LCALL	L3275
	MOV	R0,#0B3H
	LCALL	L2EA6
	MOV	R1,#09BH
	MOV	@R1,#000H
	SJMP	L08B8
;
L0848:	INC	@R0
	LJMP	L074A
;
;
L084C:	CJNE	@R0,#002H,L086C
;
L084F:	MOV	R0,#077H
	LCALL	L3327
	MOV	R0,#0B6H
	LCALL	L3701
	MOV	R0,#0B3H
	LCALL	L3275
	MOV	R0,#09BH
	MOV	R1,#03FH
	MOV	@R1,#00AH
	CJNE	@R0,#013H,L0848
	MOV	DPTR,#L2FCD
	SJMP	L082D
;
L086C:	CJNE	@R0,#003H,L088C
	MOV	R0,#077H
	LCALL	L3327
	MOV	R0,#0B6H
	LCALL	L3701
	MOV	R0,#0B3H
	LCALL	L3275
	MOV	R0,#09BH
	MOV	R1,#03FH
	MOV	@R1,#002H
	CJNE	@R0,#009H,L0848
	MOV	DPTR,#L2E2F
	SJMP	L082D
;
L088C:	CJNE	@R0,#004H,L08AC
	MOV	R0,#077H
	LCALL	L3327
	MOV	R0,#0B6H
	LCALL	L3701
	MOV	R0,#0B3H
	LCALL	L3275
	MOV	R0,#09BH
	MOV	R1,#03FH
	MOV	@R1,#002H
	CJNE	@R0,#004H,L0848
	MOV	DPTR,#L2E33
	SJMP	L082D
;
L08AC:	MOV	@R1,#002H
	MOV	R0,#077H
	LCALL	L3327
	MOV	R0,#062H
	LCALL	L3275
;
L08B8:	MOV	R1,#03FH
	CJNE	@R1,#002H,L08D7
	MOV	DPTR,#L0100
	LCALL	L3255
	MOV	R0,#062H
	LCALL	L3327
	MOV	DPTR,#L0100
	LCALL	L3269
	MOV	DPTR,#L0107
	LCALL	L3723
	LJMP	L0A7A
;
;
L08D7:	CJNE	@R1,#00AH,L0957
	MOV	DPTR,#L0120
	LCALL	L3255
	MOV	DPTR,#L011C
	LCALL	L3255
	MOV	DPTR,#L0118
	LCALL	L3255
	MOV	DPTR,#L0114
	LCALL	L3255
	MOV	DPTR,#L0110
	LCALL	L3255
	MOV	DPTR,#L010C
	LCALL	L3255
	MOV	DPTR,#L0108
	LCALL	L3255
	MOV	DPTR,#L0104
	LCALL	L3255
	MOV	DPTR,#L0100
	LCALL	L3255
	MOV	R0,#062H
	LCALL	L3327
	MOV	DPTR,#L0100
	LCALL	L3269
	MOV	DPTR,#L0107
	LCALL	L3723
	MOV	DPTR,#L010B
	LCALL	L3723
	MOV	DPTR,#L010F
	LCALL	L3723
	MOV	DPTR,#L0113
	LCALL	L3723
	MOV	DPTR,#L0117
	LCALL	L3723
	MOV	DPTR,#L011B
	LCALL	L3723
	MOV	DPTR,#L011F
	LCALL	L3723
	MOV	DPTR,#L0123
	LCALL	L3723
	MOV	DPTR,#L0127
	LCALL	L3723
	LJMP	L0A7A
;
;
L0954:	LJMP	L0A4B
;
;
L0957:	CJNE	@R1,#014H,L0954
	MOV	DPTR,#L0148
	LCALL	L3255
	MOV	DPTR,#L0144
	LCALL	L3255
	MOV	DPTR,#L0140
	LCALL	L3255
	MOV	DPTR,#L013C
	LCALL	L3255
	MOV	DPTR,#L0138
	LCALL	L3255
	MOV	DPTR,#L0134
	LCALL	L3255
	MOV	DPTR,#L0130
	LCALL	L3255
	MOV	DPTR,#L012C
	LCALL	L3255
	MOV	DPTR,#L0128
	LCALL	L3255
	MOV	DPTR,#L0124
	LCALL	L3255
	MOV	DPTR,#L0120
	LCALL	L3255
	MOV	DPTR,#L011C
	LCALL	L3255
	MOV	DPTR,#L0118
	LCALL	L3255
	MOV	DPTR,#L0114
	LCALL	L3255
	MOV	DPTR,#L0110
	LCALL	L3255
	MOV	DPTR,#L010C
	LCALL	L3255
	MOV	DPTR,#L0108
	LCALL	L3255
	MOV	DPTR,#L0104
	LCALL	L3255
	MOV	DPTR,#L0100
	LCALL	L3255
	MOV	R0,#062H
	LCALL	L3327
	MOV	DPTR,#L0100
	LCALL	L3269
	MOV	DPTR,#L0107
	LCALL	L3723
	MOV	DPTR,#L010B
	LCALL	L3723
	MOV	DPTR,#L010F
	LCALL	L3723
	MOV	DPTR,#L0113
	LCALL	L3723
	MOV	DPTR,#L0117
	LCALL	L3723
	MOV	DPTR,#L011B
	LCALL	L3723
	MOV	DPTR,#L011F
	LCALL	L3723
	MOV	DPTR,#L0123
	LCALL	L3723
	MOV	DPTR,#L0127
	LCALL	L3723
	MOV	DPTR,#L012B
	LCALL	L3723
	MOV	DPTR,#L012F
	LCALL	L3723
	MOV	DPTR,#L0133
	LCALL	L3723
	MOV	DPTR,#L0137
	LCALL	L3723
	MOV	DPTR,#L013B
	LCALL	L3723
	MOV	DPTR,#L013F
	LCALL	L3723
	MOV	DPTR,#L0143
	LCALL	L3723
	MOV	DPTR,#L0147
	LCALL	L3723
	MOV	DPTR,#L014B
	LCALL	L3723
	MOV	DPTR,#L014F
	LCALL	L3723
	SJMP	L0A7A
;
L0A4B:	MOV	DPTR,#L0108
	LCALL	L3255
	MOV	DPTR,#L0104
	LCALL	L3255
	MOV	DPTR,#L0100
	LCALL	L3255
	MOV	R0,#062H
	LCALL	L3327
	MOV	DPTR,#L0100
	LCALL	L3269
	MOV	DPTR,#L0107
	LCALL	L3723
	MOV	DPTR,#L010B
	LCALL	L3723
	MOV	DPTR,#L010F
	LCALL	L3723
;
L0A7A:	MOV	R0,#06EH
	INC	@R0
	MOV	A,@R0
	JB	001H,L0A86
	CJNE	A,03FH,L0AB5
	SETB	001H
;
L0A86:	MOV	06EH,03FH
	MOV	R0,#03FH
	MOV	A,@R0
	CJNE	A,#002H,L0A97
	MOV	DPTR,#L2E47
	LCALL	L3537
	SJMP	L0ABF
;
L0A97:	CJNE	A,#00AH,L0AA2
	MOV	DPTR,#L2E2F
	LCALL	L3537
	SJMP	L0ABF
;
L0AA2:	CJNE	A,#014H,L0AAD
	MOV	DPTR,#L2FCD
	LCALL	L3537
	SJMP	L0ABF
;
L0AAD:	MOV	DPTR,#L2E37
;
L0AB0:	LCALL	L3537
	SJMP	L0ABF
;
L0AB5:	MOV	00BH,06EH
;
L0AB8:	CLR	A
	MOV	00AH,A
	MOV	009H,A
	MOV	008H,A
;
L0ABF:	LCALL	L32A4
	MOV	R0,#066H
	LCALL	L3275
	CLR	C
	MOV	R1,#09AH
	MOV	A,#002H
	SUBB	A,@R1
	JNC	L0AEC
	LCALL	L0402
	MOV	R0,#05EH
	LCALL	L3275
	MOV	R0,#090H
	MOV	A,R2
	JNB	ACC.7,L0ADF
	MOV	R0,#094H
;
L0ADF:	LCALL	L32E5
	LCALL	L0203
	MOV	R0,#05EH
	LCALL	L3275
	SJMP	L0B13
;
L0AEC:	MOV	R0,#098H
	MOV	A,@R0
	JNB	ACC.7,L0AFB
	MOV	R0,#0C4H
	MOV	A,@R0
	JB	ACC.0,L0AFB
	LJMP	L122F
;
;
L0AFB:	MOV	R0,#081H
	MOV	A,@R0
	JNB	ACC.7,L0B38
	MOV	00AH,#000H
	MOV	00BH,#0C8H
	MOV	R0,#098H
	LCALL	L2D2B
	JNZ	L0B53
	LJMP	L12A1
;
;
L0B11:	SJMP	L0B8C
;
L0B13:	CLR	C
	MOV	R1,#09AH
	MOV	A,#004H
	SUBB	A,@R1
	JNC	L0B11
	MOV	R0,#05EH
	LCALL	L3327
	LCALL	L0343
	MOV	R0,#066H
	LCALL	L3275
	MOV	R0,#06AH
	LCALL	L32E5
	LCALL	L36EF
	MOV	R0,#09CH
	LCALL	L3275
	LJMP	L0FAE
;
;
L0B38:	MOV	R0,#09AH
	MOV	A,@R0
	XRL	A,#001H
	JNZ	L0B4E
	MOV	R1,#082H
	LCALL	L2E9B
	MOV	R1,#099H
	LCALL	L2E9B
	SJMP	L0B69
;
L0B4B:	LJMP	L0E62
;
;
L0B4E:	MOV	R1,#081H
	LCALL	L2D3E
;
L0B53:	MOV	R0,#09AH
	MOV	A,@R0
	XRL	A,#001H
	JNZ	L0B64
	MOV	R1,#099H
	LCALL	L2E9B
	SJMP	L0B69
;
L0B61:	LJMP	L0C2B
;
;
L0B64:	MOV	R1,#098H
	LCALL	L2D3E
;
L0B69:	MOV	R0,#066H
	LCALL	L3327
	LCALL	L0402
	MOV	R0,#084H
	LCALL	L32E5
	LCALL	L01D1
	MOV	R0,#090H
	MOV	A,R2
	JNB	ACC.7,L0B81
	MOV	R0,#094H
;
L0B81:	LCALL	L32E5
	LCALL	L0203
	MOV	R0,#05EH
	LCALL	L3275
;
L0B8C:	MOV	A,R2
	ANL	A,#07FH
	MOV	R2,A
	MOV	DPTR,#L2E87
	LCALL	L3537
	LCALL	L01D6
	JNC	L0B4B
	JNB	015H,L0B61
	MOV	R0,#0B1H
	CJNE	@R0,#021H,L0BF8
	MOV	R2,#050H
	MOV	R3,#018H
	LCALL	L046C
	LCALL	L0402
	PUSH	002H
	PUSH	003H
	PUSH	004H
	PUSH	005H
	MOV	R2,#050H
	MOV	R3,#020H
;
L0BB9:	LCALL	L046C
	LCALL	L0402
	LCALL	L331B
	POP	005H
	POP	004H
	POP	003H
	POP	002H
	LCALL	L02B7
	PUSH	002H
	PUSH	003H
	PUSH	004H
	PUSH	005H
	MOV	R2,#050H
	MOV	R3,#02CH
	LCALL	L046C
	LCALL	L0402
	LCALL	L331B
	POP	005H
	POP	004H
	POP	003H
	POP	002H
	LCALL	L0203
	MOV	DPTR,#L2E6B
	LCALL	L3537
	LCALL	L02B7
	SJMP	L0C48
;
L0BF8:	CJNE	@R0,#022H,L0C13
	MOV	R2,#050H
	MOV	R3,#010H
	LCALL	L046C
	LCALL	L0402
	PUSH	002H
	PUSH	003H
	PUSH	004H
	PUSH	005H
	MOV	R2,#050H
	MOV	R3,#018H
	SJMP	L0BB9
;
L0C13:	MOV	R2,#050H
	MOV	R3,#008H
	LCALL	L046C
	LCALL	L0402
	PUSH	002H
	PUSH	003H
	PUSH	004H
	PUSH	005H
	MOV	R2,#050H
	MOV	R3,#010H
	SJMP	L0BB9
;
L0C2B:	JNB	012H,L0C36
	MOV	DPTR,#L2E8B
	LCALL	L3515
	SJMP	L0C3C
;
L0C36:	LCALL	L2EE4
	LCALL	L046C
;
L0C3C:	LCALL	L0402
	MOV	DPTR,#L2E6B
	LCALL	L3537
	LCALL	L02B7
;
L0C48:	LCALL	L331B
	MOV	R0,#05EH
	LCALL	L3327
	LCALL	L0203
	LCALL	L0343
	MOV	R0,#066H
	LCALL	L3275
	LCALL	L0402
	MOV	A,R2
	ANL	A,#07FH
	MOV	R2,A
	MOV	DPTR,#L2E77
	LCALL	L3537
	LCALL	L01D6
	JNC	L0C9A
	JNB	018H,L0C78
	JNB	006H,L0C75
	SJMP	L0C78
;
L0C75:	JB	005H,L0CA7
;
L0C78:	MOV	R0,#066H
	LCALL	L3327
	MOV	R0,#07BH
	LCALL	L3275
	MOV	R0,#06AH
	LCALL	L32E5
	LCALL	L36EF
	MOV	R0,#09CH
	LCALL	L3275
	JB	006H,L0CF8
;
L0C92:	MOV	R0,#0ACH
	CJNE	@R0,#000H,L0C9D
	LJMP	L0EBC
;
;
L0C9A:	LJMP	L0E62
;
;
L0C9D:	LJMP	L0EA3
;
	MOV	R0,#066H
	LCALL	L3275
	SJMP	L0C78
;
L0CA7:	MOV	A,R2
	ANL	A,#07FH
	MOV	R2,A
	MOV	DPTR,#L2E7F
	LCALL	L3537
	LCALL	L01D6
	JNC	L0C78
	MOV	R0,#0AEH
	CJNE	@R0,#009H,L0CBD
	SJMP	L0C78
;
L0CBD:	INC	@R0
	CJNE	@R0,#00AH,L0CC2
	DEC	@R0
;
L0CC2:	LCALL	L2D56
	LCALL	L3281
	MOV	R0,#0B3H
	LCALL	L2EA6
	MOV	R0,#06AH
	LCALL	L2EA6
	CLR	00FH
	SETB	007H
	SJMP	L0C92
;
L0CD8:	POP	00BH
	POP	00AH
	POP	009H
	POP	008H
	CLR	014H
	CLR	006H
	MOV	039H,#034H
	LCALL	L30A7
	LCALL	L2872
	LCALL	L2E00
	SJMP	L0C92
;
L0CF2:	LJMP	L0DC3
;
;
L0CF5:	LJMP	L0DCF
;
;
L0CF8:	MOV	R0,#09CH
	LCALL	L3327
	LCALL	L0402
	MOV	A,R2
	ANL	A,#07FH
	MOV	R2,A
	MOV	DPTR,#L2F4C
	LCALL	L3537
	LCALL	L01D6
	JC	L0CF2
	MOV	DPTR,#L2F50
	LCALL	L3537
	LCALL	L01D6
	JNC	L0CF5
	LCALL	L331B
	PUSH	008H
	PUSH	009H
	PUSH	00AH
	PUSH	00BH
	MOV	R0,#0BCH
	LCALL	L3327
	MOV	DPTR,#L2E2B
	LCALL	L3537
	LCALL	L01D6
	JZ	L0CD8
	MOV	DPTR,#L2F48
	LCALL	L3537
	LCALL	L0203
	POP	00BH
	POP	00AH
	POP	009H
	POP	008H
	LCALL	L02B7
	MOV	R0,#0C9H
	LCALL	L3275
	LCALL	L0343
	MOV	R0,#04FH
	LCALL	L3275
	JNB	01EH,L0D8C
	JNB	006H,L0D8C
	MOV	R0,#0C9H
	JNB	017H,L0D65
	MOV	R0,#0C9H
	MOV	@R0,#081H
;
L0D65:	CLR	EA
	MOV	SBUF,#07FH
;
L0D6A:	JNB	TI,L0D6A
	CLR	TI
	MOV	SBUF,@R0
	INC	R0
;
L0D72:	JNB	TI,L0D72
	CLR	TI
	MOV	SBUF,@R0
	INC	R0
;
L0D7A:	JNB	TI,L0D7A
	CLR	TI
	MOV	SBUF,@R0
	INC	R0
;
L0D82:	JNB	TI,L0D82
	CLR	TI
	MOV	SBUF,@R0
	INC	R0
	SETB	EA
;
L0D8C:	MOV	R0,#040H
;
L0D8E:	MOV	@R0,#020H
	INC	R0
	CJNE	R0,#04BH,L0D8E
	MOV	R0,#0C9H
	LCALL	L3327
	MOV	DPTR,#L2F54
	LCALL	L3537
	LCALL	L02B7
	MOV	R0,#0B8H
	MOV	@R0,#000H
	MOV	R0,#0B9H
	MOV	@R0,#000H
;
L0DAA:	MOV	DPTR,#L2E53
	LCALL	L3537
	LCALL	L01D6
	JC	L0DDB
	MOV	R0,#0B8H
	INC	@R0
	MOV	DPTR,#L2E83
	LCALL	L3537
	LCALL	L02B7
	SJMP	L0DAA
;
L0DC3:	MOV	DPTR,#L3237
	LCALL	L2DD1
	LCALL	L2872
	LJMP	L0F58
;
;
L0DCF:	MOV	DPTR,#L322D
	LCALL	L2DD1
	LCALL	L2872
	LJMP	L0F58
;
;
L0DDB:	MOV	R0,#0B8H
	CJNE	@R0,#000H,L0DF9
;
L0DE0:	MOV	DPTR,#L2E53
	LCALL	L3537
	LCALL	L01D6
	JNC	L0DF9
	MOV	R0,#0B9H
	DEC	@R0
	MOV	DPTR,#L2E83
	LCALL	L3537
	LCALL	L0203
	SJMP	L0DE0
;
L0DF9:	MOV	R0,#053H
	MOV	R1,#052H
	LCALL	L347A
;
L0E00:	MOV	R0,#0B8H
	CJNE	@R0,#000H,L0E26
	INC	R0
	CJNE	@R0,#0FFH,L0E0E
	INC	@R0
	MOV	R0,#05BH
	SJMP	L0E11
;
L0E0E:	INC	@R0
	MOV	R0,#05CH
;
L0E11:	MOV	R1,#045H
	MOV	R7,#005H
;
L0E15:	MOV	A,@R0
	ADD	A,#030H
	MOV	@R1,A
	DEC	R1
	DEC	R0
	DJNZ	R7,L0E15
	MOV	R0,#04FH
	LCALL	L2EA6
	MOV	R0,#0B9H
	SJMP	L0E42
;
L0E26:	MOV	R0,#05CH
	CLR	C
	MOV	R1,#0B8H
	MOV	A,R0
	DEC	A
	SUBB	A,@R1
	MOV	R0,A
	MOV	R1,#045H
	MOV	R7,#005H
;
L0E33:	MOV	A,@R0
	ADD	A,#030H
	MOV	@R1,A
	DEC	R1
	DEC	R0
	DJNZ	R7,L0E33
	MOV	R0,#04FH
	LCALL	L2EA6
	MOV	R0,#0B8H
;
L0E42:	MOV	A,@R0
	MOV	052H,A
	LCALL	L2FFA
	ADD	A,052H
	MOV	052H,A
	MOV	R0,#053H
	MOV	R1,#052H
	LCALL	L347A
	MOV	048H,05CH
	MOV	047H,05BH
	MOV	049H,#066H
	ORL	04BH,#010H
	LJMP	L0F58
;
;
L0E62:	JNB	005H,L0E6D
	JNB	018H,L0E6D
	MOV	R0,#0AEH
	CJNE	@R0,#000H,L0E87
;
L0E6D:	JNB	004H,L0E84
	MOV	DPTR,#L31A2
	LCALL	L2DD1
	JNB	006H,L0E82
	MOV	DPTR,#L322D
	LCALL	L2DD1
	LCALL	L2872
;
L0E82:	SETB	017H
;
L0E84:	LJMP	L0C92
;
;
L0E87:	DEC	@R0
	CJNE	@R0,#0FFH,L0E8C
	INC	@R0
;
L0E8C:	LCALL	L2D56
	LCALL	L3281
	MOV	R0,#0B3H
	LCALL	L2EA6
	MOV	R0,#06AH
	LCALL	L2EA6
	CLR	00FH
	SETB	007H
	LJMP	L0C92
;
;
L0EA3:	DEC	@R0
	LJMP	L0FAE
;
;
L0EA7:	CJNE	@R1,#002H,L0EB1
	MOV	R1,#046H
	MOV	@R1,#020H
	LJMP	L0F31
;
;
L0EB1:	MOV	R1,#045H
	MOV	@R1,#020H
	INC	R1
	MOV	@R1,#020H
	SJMP	L0F31
;
L0EBA:	SJMP	L0F31
;
L0EBC:	JB	014H,L0F1B
	JB	010H,L0F1B
	JB	017H,L0EBA
	JB	011H,L0EBA
	JB	00BH,L0EBA
	MOV	R0,#09CH
	LCALL	L3327
	LCALL	L32AE
	MOV	R0,#04FH
	LCALL	L3275
	MOV	R0,#053H
	MOV	R1,#052H
	LCALL	L347A
	MOV	R0,#05CH
	MOV	R1,#046H
	MOV	R7,#007H
;
L0EE5:	MOV	A,@R0
	ADD	A,#030H
	MOV	@R1,A
	DEC	R1
	DEC	R0
	DJNZ	R7,L0EE5
	MOV	R0,#047H
	MOV	@R0,#02DH
	MOV	R0,#040H
	MOV	@R0,#02BH
	JNB	002H,L0EFA
	MOV	@R0,#02DH
;
L0EFA:	MOV	R1,#0AEH
	MOV	R0,#048H
	MOV	A,@R1
	CJNE	A,#008H,L0F0D
	JB	015H,L0F23
	MOV	@R0,#030H
	DEC	R0
	MOV	@R0,#063H
	INC	R0
	SJMP	L0F23
;
L0F0D:	CJNE	A,#009H,L0F20
	JB	015H,L0F23
	MOV	@R0,#031H
	DEC	R0
	MOV	@R0,#063H
	INC	R0
	SJMP	L0F23
;
L0F1B:	LJMP	L0FA7
;
;
L0F1E:	SJMP	L0EA7
;
L0F20:	ADD	A,#032H
	MOV	@R0,A
;
L0F23:	INC	R0
	MOV	@R0,#041H
	INC	R0
	MOV	@R0,#000H
	INC	R0
	MOV	@R0,#010H
	MOV	R1,#0AFH
	CJNE	@R1,#003H,L0F1E
;
L0F31:	MOV	R0,#04AH
	MOV	A,@R0
	JNB	00FH,L0F3A
	ORL	A,#008H
	MOV	@R0,A
;
L0F3A:	MOV	R1,#09AH
	CJNE	@R1,#002H,L0F44
	ORL	A,#020H
	MOV	@R0,A
	SJMP	L0F4F
;
L0F44:	CJNE	@R1,#001H,L0F4C
	ORL	A,#040H
	MOV	@R0,A
	SJMP	L0F4F
;
L0F4C:	ORL	A,#010H
	MOV	@R0,A
;
L0F4F:	MOV	R0,#04AH
	MOV	A,@R0
	JNB	005H,L0F58
	ORL	A,#004H
	MOV	@R0,A
;
L0F58:	MOV	R0,#04AH
	MOV	A,@R0
	JNB	018H,L0F61
	ORL	A,#002H
	MOV	@R0,A
;
L0F61:	JNB	01AH,L0F6B
	CLR	01AH
	ANL	04AH,#0FEH
	SJMP	L0F70
;
L0F6B:	SETB	01AH
	ORL	04AH,#001H
;
L0F70:	JNB	015H,L0F8A
	MOV	R1,#0B1H
	MOV	R0,#048H
	MOV	@R0,#054H
	INC	R0
	CJNE	@R1,#021H,L0F81
	MOV	@R0,#031H
	SJMP	L0F8A
;
L0F81:	CJNE	@R1,#022H,L0F88
	MOV	@R0,#032H
	SJMP	L0F8A
;
L0F88:	MOV	@R0,#033H
;
L0F8A:	JNB	012H,L0F90
	ORL	04AH,#080H
;
L0F90:	JNB	00AH,L0F96
	ORL	04BH,#002H
;
L0F96:	JNB	018H,L0FA1
	MOV	R1,#0AEH
	CLR	C
	MOV	A,#001H
	SUBB	A,@R1
	JC	L0FA4
;
L0FA1:	JNB	P1.1,L0FA4
;
L0FA4:	LCALL	L2872
;
L0FA7:	MOV	R0,#09AH
	MOV	R1,#0ACH
	CJNE	@R0,#001H,L1000
;
L0FAE:	MOV	R0,#09FH
	MOV	R1,#0BBH
	MOV	A,@R0
	MOV	R7,#007H
;
L0FB5:	CLR	C
	RRC	A
	DJNZ	R7,L0FB5
	MOV	R2,A
	DEC	R0
	MOV	A,@R0
	PUSH	ACC
	CLR	C
	MOV	R7,#001H
;
L0FC1:	CLR	C
	RLC	A
	DJNZ	R7,L0FC1
	ORL	A,R2
	MOV	@R1,A
	DEC	R1
	POP	ACC
	MOV	R7,#007H
;
L0FCC:	CLR	C
	RRC	A
	DJNZ	R7,L0FCC
	MOV	R2,A
	DEC	R0
	MOV	A,@R0
	PUSH	ACC
	MOV	R7,#001H
;
L0FD7:	CLR	C
	RLC	A
	DJNZ	R7,L0FD7
	ORL	A,R2
	MOV	@R1,A
	DEC	R1
	POP	ACC
	CLR	C
	MOV	R7,#007H
;
L0FE3:	CLR	C
	RRC	A
	DJNZ	R7,L0FE3
	MOV	R2,A
	DEC	R0
	MOV	A,@R0
	MOV	R7,#001H
;
L0FEC:	CLR	C
	RLC	A
	DJNZ	R7,L0FEC
	ORL	A,R2
	MOV	@R1,A
	DEC	R1
	MOV	A,@R0
	JB	ACC.7,L1003
	CLR	C
	MOV	R7,#007H
;
L0FFA:	CLR	C
	RRC	A
	DJNZ	R7,L0FFA
	SJMP	L1009
;
L1000:	LJMP	L121A
;
;
L1003:	MOV	R7,#007H
;
L1005:	SETB	C
	RRC	A
	DJNZ	R7,L1005
;
L1009:	MOV	@R1,A
	JB	01EH,L1010
	LJMP	L10B9
;
;
L1010:	MOV	R1,#09AH
	JNB	017H,L101E
	MOV	R0,#040H
	CJNE	@R1,#006H,L101C
	MOV	R0,#09CH
;
L101C:	MOV	@R0,#041H
;
L101E:	CJNE	@R1,#006H,L1045
	MOV	R0,#040H
	MOV	R1,#0AEH
	MOV	A,@R1
	ADD	A,#002H
	MOV	@R0,A
	INC	R0
	MOV	R1,#09CH
	INC	R1
	MOV	A,@R1
	MOV	@R0,A
	INC	R1
	INC	R0
	MOV	A,@R1
	MOV	@R0,A
	INC	R1
	INC	R0
	MOV	A,@R1
	MOV	@R0,A
	INC	R1
	INC	R0
	MOV	A,#040H
	MOV	026H,A
	MOV	024H,#004H
	MOV	SBUF,#00AH
	SJMP	L10B9
;
L1045:	MOV	R0,#09CH
	LCALL	L3327
	LCALL	L32AE
	MOV	R0,#04FH
	LCALL	L3275
	MOV	R0,#053H
	MOV	R1,#052H
	LCALL	L347A
	MOV	R0,#05CH
	MOV	R1,#047H
	MOV	R7,#006H
;
L105F:	MOV	A,@R0
	ADD	A,#030H
	MOV	@R1,A
	DEC	R1
	DEC	R0
	DJNZ	R7,L105F
	MOV	@R1,A
	INC	R1
	MOV	@R1,#02CH
	MOV	R0,#048H
	MOV	@R0,#02DH
	MOV	R0,#040H
	MOV	@R0,#02BH
	JNB	002H,L1078
	MOV	@R0,#02DH
;
L1078:	MOV	R1,#0AEH
	MOV	R0,#049H
	MOV	A,#030H
	MOV	@R0,A
	MOV	A,@R1
	CJNE	A,#008H,L1090
	JB	015H,L10A7
	MOV	@R0,#031H
	INC	R0
	MOV	@R0,#030H
	MOV	024H,#00BH
	SJMP	L10A7
;
L1090:	CJNE	A,#009H,L10A0
	JB	015H,L10A7
	MOV	@R0,#031H
	INC	R0
	MOV	@R0,#031H
	MOV	024H,#00BH
	SJMP	L10A7
;
L10A0:	ADD	A,#032H
	INC	R0
	MOV	@R0,A
	MOV	024H,#00BH
;
L10A7:	MOV	R0,#047H
	MOV	@R0,#045H
	MOV	A,#040H
	MOV	026H,A
	MOV	SBUF,#00AH
	JNB	017H,L10B9
	MOV	R0,#040H
	MOV	@R0,#041H
;
L10B9:	JNB	00CH,L10F3
	LCALL	L33E5
	LCALL	L3406
	LCALL	L33B1
	MOV	R0,#0AEH
	MOV	A,@R0
	MOV	R1,#038H
	CJNE	@R1,#001H,L10D1
	MOV	034H,A
	SJMP	L10E1
;
L10D1:	CJNE	@R1,#002H,L10D8
	MOV	032H,A
	SJMP	L10E1
;
L10D8:	CJNE	@R1,#003H,L10DF
	MOV	031H,A
	SJMP	L10E1
;
L10DF:	MOV	030H,A
;
L10E1:	DEC	024H
	MOV	A,024H
	JNZ	L10F3
	CLR	00CH
	MOV	R0,#09AH
	MOV	@R0,#002H
	MOV	IE,#090H
	LJMP	L069E
;
;
L10F3:	MOV	DPTR,#L2E27
	LCALL	L3515
	MOV	R0,#0BBH
	LCALL	L3701
	MOV	A,R5
	MOV	0D2H,A
	MOV	A,R4
	MOV	0D3H,A
	MOV	R0,#0CFH
	LCALL	L3327
	MOV	DPTR,#L2E57
	LCALL	L3537
	LCALL	L01D6
	JNC	L1134
	MOV	DPTR,#L2E53
	LCALL	L3537
	LCALL	L01D1
	MOV	DPTR,#L0E00
	MOV	A,R2
	MOVX	@DPTR,A
	INC	DPTR
	MOV	A,R3
	MOVX	@DPTR,A
	INC	DPTR
	MOV	A,R4
	MOVX	@DPTR,A
	INC	DPTR
	MOV	A,R5
	MOVX	@DPTR,A
	JB	009H,L1137
	JB	00AH,L1139
	LJMP	L11F5
;
;
L1134:	LJMP	L1205
;
;
L1137:	SJMP	L117E
;
L1139:	LCALL	L33E5
	LCALL	L3406
	LCALL	L33B1
	MOV	R0,#0AEH
	MOV	A,@R0
	MOV	R1,#038H
	CJNE	@R1,#001H,L114E
	MOV	034H,A
	SJMP	L1160
;
L114E:	CJNE	@R1,#002H,L1155
	MOV	032H,A
	SJMP	L1160
;
L1155:	CJNE	@R1,#003H,L115C
	MOV	031H,A
	SJMP	L1160
;
L115C:	MOV	030H,A
	SJMP	L1160
;
L1160:	MOV	A,086H
	ANL	A,#0EFH
	MOV	086H,A
	NOP	
	NOP	
	MOV	A,086H
	ORL	A,#010H
	MOV	086H,A
	MOV	A,0DAH
	ORL	A,#046H
	MOV	0DAH,A
	MOV	TH2,#0D0H
	MOV	TL2,#000H
	SETB	TR2
	SETB	ET2
;
L117E:	MOV	R0,#0CDH
	MOV	A,@R0
	MOV	R4,A
	INC	R0
	MOV	A,@R0
	MOV	R5,A
	CLR	A
	MOV	R3,A
	MOV	R2,A
	LCALL	L0402
	MOV	R0,#09AH
	CJNE	@R0,#001H,L1198
	MOV	DPTR,#L2E57
	LCALL	L3537
	SJMP	L11A1
;
L1198:	CJNE	@R0,#002H,L11C0
	MOV	DPTR,#L2E83
	LCALL	L3537
;
L11A1:	LCALL	L0203
	MOV	DPTR,#L0E00
	MOVX	A,@DPTR
	MOV	008H,A
	INC	DPTR
	MOVX	A,@DPTR
	MOV	009H,A
	INC	DPTR
	MOVX	A,@DPTR
	MOV	00AH,A
	INC	DPTR
	MOVX	A,@DPTR
	MOV	00BH,A
	LCALL	L0166
;
L11B9:	MOV	R0,#0CFH
	LCALL	L3275
	SJMP	L11F5
;
L11C0:	CJNE	@R0,#003H,L11CE
	MOV	DPTR,#L2E57
	LCALL	L3537
	LCALL	L0203
	SJMP	L11B9
;
L11CE:	CJNE	@R0,#004H,L11E5
	MOV	DPTR,#L2E83
	LCALL	L3537
	LCALL	L02B7
	MOV	DPTR,#L2E5B
	LCALL	L3537
	LCALL	L0203
	SJMP	L11B9
;
L11E5:	CJNE	@R0,#005H,L11F3
	MOV	DPTR,#L2E57
	LCALL	L3537
	LCALL	L0203
	SJMP	L11B9
;
L11F3:	SJMP	L11B9
;
L11F5:	JNB	007H,L1200
	LCALL	L2E1A
	LCALL	L2E1A
	CLR	007H
;
L1200:	LJMP	L0781
;
	SJMP	L11F5
;
L1205:	MOV	R0,#0CFH
	LCALL	L3327
	MOV	DPTR,#L2E53
	LCALL	L3537
	LCALL	L01D1
	MOV	R0,#0CFH
	LCALL	L3275
	SJMP	L11F5
;
L121A:	CJNE	@R0,#002H,L1222
	MOV	@R1,#001H
	LJMP	L0FAE
;
;
L1222:	CJNE	@R0,#003H,L122A
	MOV	@R1,#001H
	LJMP	L0FAE
;
;
L122A:	MOV	@R1,#003H
	LJMP	L0FAE
;
;
L122F:	MOV	R0,#083H
	CJNE	@R0,#000H,L1244
	MOV	A,084H
	MOV	036H,A
	MOV	A,085H
	MOV	037H,A
	MOV	DPTR,#L2D9C
	LCALL	L2D90
	SJMP	L125C
;
L1244:	CJNE	@R0,#003H,L1262
	MOV	R0,#062H
	LCALL	L3327
	LCALL	L0402
	MOV	R0,#084H
	LCALL	L3275
	MOV	A,036H
	MOV	084H,A
	MOV	A,037H
	MOV	085H,A
;
L125C:	MOV	R0,#083H
	INC	@R0
	LJMP	L074A
;
;
L1262:	CJNE	@R0,#006H,L125C
	MOV	@R0,#000H
	MOV	R0,#098H
	MOV	@R0,#002H
	INC	R0
	MOV	@R0,#058H
	LCALL	L3281
	JNB	00AH,L1294
	MOV	R0,#0CFH
	LCALL	L3327
	MOV	R1,#09AH
	CJNE	@R1,#002H,L128F
	MOV	DPTR,#L2E63
;
L1281:	LCALL	L3537
	LCALL	L01D1
	MOV	R0,#0CFH
	LCALL	L3275
	LJMP	L074A
;
;
L128F:	MOV	DPTR,#L2E53
	SJMP	L1281
;
L1294:	LJMP	L074A
;
;
L1297:	MOV	R1,#081H
	MOV	@R1,#00CH
	INC	R1
	MOV	@R1,#080H
	LJMP	L0B53
;
;
L12A1:	JB	00AH,L1297
	MOV	R0,#083H
	CJNE	@R0,#000H,L12BF
	MOV	A,084H
	MOV	036H,A
	MOV	A,085H
	MOV	037H,A
	MOV	A,085H
	ORL	A,#004H
	NOP	
	NOP	
	ANL	A,#03FH
	MOV	085H,A
	INC	@R0
	LJMP	L074A
;
;
L12BF:	CJNE	@R0,#003H,L12FF
	MOV	A,077H
	MOV	R2,A
	MOV	A,078H
	MOV	R3,A
	MOV	A,079H
	MOV	R4,A
	MOV	A,07AH
	MOV	R5,A
	LCALL	L0402
	MOV	R0,#088H
	LCALL	L3275
	MOV	R0,#084H
	LCALL	L32E5
	LCALL	L01D1
	LCALL	L331B
	MOV	DPTR,#L2E73
	LCALL	L3515
	LCALL	L02B7
	MOV	A,R2
	ANL	A,#07FH
	MOV	R2,A
	MOV	R0,#090H
	LCALL	L3275
	MOV	A,085H
	ANL	A,#03BH
	MOV	085H,A
	MOV	R0,#083H
	INC	@R0
	LJMP	L074A
;
;
L12FF:	CJNE	@R0,#006H,L1341
	MOV	A,077H
	MOV	R2,A
	MOV	A,078H
	MOV	R3,A
	MOV	A,079H
	MOV	R4,A
	MOV	A,07AH
	MOV	R5,A
	LCALL	L0402
	MOV	R0,#08CH
	LCALL	L3275
	MOV	R0,#084H
	LCALL	L32E5
	LCALL	L01D1
	LCALL	L331B
	MOV	DPTR,#L2E73
	LCALL	L3515
	LCALL	L02B7
	MOV	A,R2
	ANL	A,#07FH
	MOV	R2,A
	MOV	R0,#094H
	LCALL	L3275
	MOV	A,036H
	MOV	084H,A
	MOV	A,037H
	MOV	085H,A
	MOV	R0,#083H
	INC	@R0
	LJMP	L074A
;
;
L1341:	CJNE	@R0,#009H,L1353
	MOV	@R0,#000H
	MOV	R1,#081H
	MOV	@R1,#03EH
	INC	R1
	MOV	@R1,#080H
	LCALL	L3281
	LJMP	L074A
;
;
L1353:	INC	@R0
	LJMP	L074A
;
;
L1357:	LJMP	L17D3
;
;
L135A:	MOV	A,0DAH
	ORL	A,#046H
	MOV	0DAH,A
	LJMP	L1537
;
;
L1363:	JNB	011H,L1369
	LJMP	L159F
;
;
L1369:	MOV	A,0DAH
	ORL	A,#046H
	MOV	0DAH,A
	LJMP	L150C
;
;
L1372:	LJMP	L14F1
;
;
L1375:	LJMP	L14B3
;
	LJMP	L17EE
;
	MOV	0ADH,#000H
	MOV	P3,#0C0H
	RETI	
;
;
L1382:	MOV	0E7H,#000H
	MOV	0ADH,#000H
	PUSH	ACC
	PUSH	PSW
	PUSH	000H
	PUSH	001H
	PUSH	002H
	PUSH	003H
	PUSH	004H
	PUSH	005H
	PUSH	006H
	PUSH	007H
	PUSH	DPL
	PUSH	DPH
	LCALL	L2E0D
	MOV	R0,#0B2H
	MOV	A,#040H
	ADD	A,@R0
	MOV	R1,A
	MOV	@R1,03CH
	JNB	01FH,L13B3
	CLR	01FH
	LJMP	L14B3
;
;
L13B3:	MOV	A,P3
	JB	ACC.6,L13FC
;
L13B8:	MOV	A,P3
	ORL	A,#0FFH
	MOV	P3,A
	MOV	A,P3
	JNB	ACC.6,L1357
	JNB	004H,L135A
	MOV	P3,#0FEH
	MOV	A,P3
	JNB	ACC.6,L1375
	JB	012H,L1406
	MOV	P3,#0FDH
	MOV	A,P3
	JNB	ACC.6,L1363
	MOV	P3,#0FBH
	MOV	A,P3
	JNB	ACC.6,L1433
	MOV	P3,#0F7H
	MOV	A,P3
	JNB	ACC.6,L1372
	MOV	P3,#0EFH
	MOV	A,P3
	JNB	ACC.6,L1409
	MOV	P3,#0DFH
	MOV	A,P3
	JNB	ACC.6,L145B
	LJMP	L14CF
;
;
L13FC:	LJMP	L17D3
;
	JNB	006H,L13B8
	CLR	014H
	CLR	006H
;
L1406:	LJMP	L17D3
;
;
L1409:	JB	00AH,L1417
	SETB	00AH
	ORL	04BH,#002H
	LCALL	L2872
	LJMP	L14CF
;
;
L1417:	CLR	00AH
	ANL	04BH,#0FDH
	LCALL	L2872
	LJMP	L14CF
;
;
L1422:	MOV	R1,#0B0H
	CJNE	@R1,#001H,L1429
	SJMP	L142D
;
L1429:	INC	@R1
	LCALL	L2DB9
;
L142D:	LCALL	L2872
	LJMP	L14CB
;
;
L1433:	MOV	A,0DAH
	ORL	A,#046H
	MOV	0DAH,A
	MOV	R1,#0AEH
	DEC	@R1
	CJNE	@R1,#0FFH,L1444
	MOV	@R1,#000H
	LJMP	L14CB
;
;
L1444:	LCALL	L3281
	MOV	R0,#0B3H
	LCALL	L2EA6
	MOV	R0,#06AH
	LCALL	L2EA6
	CLR	00FH
	LCALL	L2D56
	SJMP	L14CB
;
L1458:	LJMP	L17D3
;
;
L145B:	MOV	A,0DAH
	ORL	A,#046H
	MOV	0DAH,A
	MOV	R0,#09AH
	CLR	C
	MOV	A,#004H
	SUBB	A,@R0
	JC	L1458
	JB	015H,L1458
	JB	006H,L1483
	CLR	004H
	SETB	014H
	MOV	R0,#0B1H
	MOV	@R0,#011H
	MOV	DPTR,#L30ED
	LCALL	L2DD1
	LCALL	L2E00
	LJMP	L1502
;
;
L1483:	CLR	014H
	CLR	006H
	SETB	004H
	MOV	R0,#0B1H
	MOV	@R0,#000H
	SJMP	L14CF
;
L148F:	JNB	018H,L14B2
	MOV	R1,#0AEH
	CLR	C
	MOV	A,#003H
	SUBB	A,@R1
	JNC	L14A0
	MOV	A,084H
	ANL	A,#0F7H
	MOV	084H,A
;
L14A0:	MOV	A,@R1
	XRL	A,#003H
	JNZ	L14A7
	SJMP	L14AC
;
L14A7:	MOV	A,@R1
	XRL	A,#002H
	JNZ	L14B2
;
L14AC:	MOV	A,085H
	ORL	A,#008H
	MOV	085H,A
;
L14B2:	RET	
;
;
L14B3:	MOV	A,0DAH
	ORL	A,#046H
	MOV	0DAH,A
	JB	015H,L14CD
	JB	018H,L14C6
	SETB	018H
	LCALL	L148F
	SJMP	L14CB
;
L14C6:	CLR	018H
	LCALL	L2D56
;
L14CB:	SETB	007H
;
L14CD:	SJMP	L14CF
;
L14CF:	MOV	R0,#09AH
	MOV	R1,#03DH
	CJNE	@R0,#001H,L14DE
	MOV	@R1,#000H
	INC	R1
	MOV	@R1,#001H
	LJMP	L17D3
;
;
L14DE:	CJNE	@R0,#002H,L14E9
	MOV	@R1,#000H
	INC	R1
	MOV	@R1,#002H
	LJMP	L17D3
;
;
L14E9:	MOV	@R1,#000H
	INC	R1
	MOV	@R1,#00AH
	LJMP	L17D3
;
;
L14F1:	MOV	A,0DAH
	ORL	A,#046H
	MOV	0DAH,A
	CLR	004H
	SETB	010H
	MOV	R1,#0B7H
	MOV	@R1,#004H
	LCALL	L2DB7
;
L1502:	MOV	R1,#03DH
	MOV	@R1,#003H
	INC	R1
	MOV	@R1,#0E8H
	LJMP	L17D3
;
;
L150C:	CLR	C
	MOV	R0,#0AFH
	MOV	R1,#09AH
	MOV	A,#002H
	SUBB	A,@R1
	JC	L14CF
	CJNE	@R0,#001H,L151D
	MOV	@R0,#002H
	SJMP	L14CF
;
L151D:	CJNE	@R0,#002H,L1524
	MOV	@R0,#003H
	SJMP	L14CF
;
L1524:	MOV	@R0,#001H
	SJMP	L14CF
	LJMP	L1422
;
;
L152B:	MOV	P3,#0F7H
	JB	P3.6,L1502
	SETB	004H
	CLR	010H
	SJMP	L14CF
;
L1537:	JNB	010H,L156F
	MOV	P3,#0FBH
	MOV	A,P3
	JB	ACC.6,L152B
	MOV	R1,#0B7H
	CJNE	@R1,#005H,L1549
	SJMP	L1502
;
L1549:	INC	@R1
	LCALL	L2DB7
	SJMP	L1502
	MOV	R0,#03DH
	MOV	@R0,#027H
	INC	R0
	MOV	@R0,#010H
	LJMP	L17D3
;
;
L1559:	LJMP	L1627
;
;
L155C:	MOV	R0,#0B1H
	MOV	@R0,#000H
	CLR	014H
	CLR	006H
	CLR	011H
	SETB	004H
	MOV	R0,#0B2H
	MOV	@R0,#0FFH
	LJMP	L14CF
;
;
L156F:	JNB	014H,L1559
	MOV	P3,#0DFH
	JNB	P3.6,L155C
	MOV	R0,#0B1H
	CJNE	@R0,#011H,L158E
	MOV	P3,#0FBH
	JB	P3.6,L159F
	MOV	@R0,#012H
	MOV	DPTR,#L318E
	LCALL	L2DD1
	LJMP	L1502
;
;
L158E:	CJNE	@R0,#012H,L15A2
	MOV	P3,#0FBH
	JB	P3.6,L159F
	MOV	@R0,#011H
	MOV	DPTR,#L30ED
	LCALL	L2DD1
;
L159F:	LJMP	L1502
;
;
L15A2:	CJNE	@R0,#013H,L15B6
	MOV	P3,#0FBH
	JB	P3.6,L159F
	MOV	@R0,#011H
	MOV	DPTR,#L30ED
	LCALL	L2DD1
	LJMP	L1502
;
;
L15B6:	MOV	P3,#0FBH
	MOV	A,P3
	JB	ACC.6,L15F3
	MOV	A,03BH
	CJNE	A,#007H,L15D7
	MOV	R0,#0B2H
	CJNE	@R0,#007H,L15DE
;
L15C8:	MOV	A,03AH
	MOV	@R0,A
	MOV	R0,#0B2H
	MOV	A,#040H
	ADD	A,@R0
	MOV	R1,A
	INC	R1
	MOV	03CH,@R1
	LJMP	L1502
;
;
L15D7:	MOV	R0,#0B2H
	CJNE	@R0,#008H,L15DE
	SJMP	L15C8
;
L15DE:	MOV	R0,#0B2H
	MOV	A,#040H
	ADD	A,@R0
	MOV	R1,A
	INC	R1
	MOV	03CH,@R1
	MOV	R0,#0B2H
	INC	@R0
	CLR	019H
	CJNE	@R0,#009H,L15F0
	DEC	R0
;
L15F0:	LJMP	L1502
;
;
L15F3:	MOV	P3,#0FEH
	MOV	A,P3
	JB	ACC.6,L160C
	MOV	A,043H
	CJNE	A,#02BH,L1606
	MOV	043H,#02DH
	LJMP	L1502
;
;
L1606:	MOV	043H,#02BH
	LJMP	L1502
;
;
L160C:	MOV	P3,#0FDH
	MOV	A,P3
	JB	ACC.6,L1617
;
L1614:	LCALL	L3027
;
L1617:	MOV	R1,#03DH
	MOV	@R1,#001H
	INC	R1
	MOV	@R1,#0F4H
	LJMP	L17D3
;
	LJMP	L1710
;
;
L1624:	LJMP	L16B3
;
;
L1627:	JNB	011H,L1624
	MOV	R0,#0B1H
	MOV	A,#015H
	CLR	C
	SUBB	A,@R0
	JC	L1648
	MOV	P3,#0FBH
	JB	P3.6,L1642
	MOV	R0,#0B1H
	CJNE	@R0,#015H,L1645
	MOV	@R0,#011H
;
L163F:	LCALL	L2434
;
L1642:	LJMP	L1502
;
;
L1645:	INC	@R0
	SJMP	L163F
;
L1648:	MOV	A,#023H
	CLR	C
	SUBB	A,@R0
	JC	L1662
	MOV	P3,#0FBH
	JB	P3.6,L1642
	CJNE	@R0,#023H,L165F
	MOV	@R0,#021H
	LCALL	L2434
	LJMP	L1502
;
;
L165F:	INC	@R0
	SJMP	L163F
;
L1662:	CJNE	@R0,#031H,L1695
	MOV	P3,#0FBH
	JB	P3.6,L1642
	JNB	013H,L1680
	MOV	DPTR,#L3166
	LCALL	L2DD1
	ANL	04BH,#003H
	ORL	04BH,#080H
	CLR	013H
	MOV	R0,#000H
	SJMP	L1690
;
L1680:	MOV	DPTR,#L3170
	LCALL	L2DD1
	ANL	04BH,#003H
	ORL	04BH,#080H
	SETB	013H
	MOV	R0,#000H
;
L1690:	SETB	008H
	LJMP	L1502
;
;
L1695:	MOV	A,#052H
	CLR	C
	SUBB	A,@R0
	JC	L1642
	MOV	P3,#0FBH
	JNB	P3.6,L16AA
	MOV	P3,#0FDH
	JB	P3.6,L1642
	LJMP	L1614
;
;
L16AA:	LJMP	L1788
;
;
L16AD:	LJMP	L1502
;
;
L16B0:	LJMP	L17D3
;
;
L16B3:	JNB	00BH,L16B0
	MOV	R1,#0B0H
	CJNE	@R1,#011H,L16CE
	MOV	P3,#0FBH
	MOV	A,P3
	JB	ACC.6,L16AD
	MOV	@R1,#012H
	MOV	DPTR,#L31BE
	LCALL	L2DD1
	LJMP	L1502
;
;
L16CE:	CJNE	@R1,#012H,L16E4
	MOV	P3,#0FBH
	MOV	A,P3
	JB	ACC.6,L16AD
	MOV	@R1,#013H
	MOV	DPTR,#L31C8
	LCALL	L2DD1
	LJMP	L1502
;
;
L16E4:	CJNE	@R1,#013H,L16FA
	MOV	P3,#0FBH
	MOV	A,P3
	JB	ACC.6,L16AD
	MOV	@R1,#014H
	MOV	DPTR,#L3205
	LCALL	L2DD1
	LJMP	L1502
;
;
L16FA:	CJNE	@R1,#014H,L1710
	MOV	P3,#0FBH
	MOV	A,P3
	JB	ACC.6,L16AD
	MOV	@R1,#011H
	MOV	DPTR,#L31AC
	LCALL	L2DD1
	LJMP	L1502
;
;
L1710:	MOV	P3,#0DFH
	JNB	P3.6,L16AD
	MOV	R0,#0B0H
	CJNE	@R0,#021H,L1729
	MOV	@R0,#022H
	MOV	DPTR,#L31E7
;
L1720:	LCALL	L2DD1
	LCALL	L2E1A
	LJMP	L1502
;
;
L1729:	CJNE	@R0,#022H,L1733
	MOV	DPTR,#L31D3
	MOV	@R0,#021H
	SJMP	L1720
;
L1733:	CJNE	@R0,#023H,L1769
;
L1736:	MOV	P3,#0FBH
	JB	P3.6,L1773
;
L173C:	MOV	R0,#0B0H
	CJNE	@R1,#041H,L1744
	LJMP	L17D3
;
;
L1744:	CJNE	@R1,#031H,L174A
	LJMP	L17D3
;
;
L174A:	MOV	R0,#0B2H
	MOV	A,#040H
	ADD	A,@R0
	MOV	R1,A
	INC	R1
	MOV	03CH,@R1
	CLR	019H
	MOV	R0,#0B2H
	MOV	A,03BH
	CLR	C
	SUBB	A,@R0
	JZ	L1763
	MOV	A,03BH
	MOV	@R0,A
	LJMP	L1502
;
;
L1763:	MOV	A,03AH
	MOV	@R0,A
;
L1766:	LJMP	L1502
;
;
L1769:	CJNE	@R0,#031H,L176E
	SJMP	L1736
;
L176E:	CJNE	@R0,#041H,L177C
	SJMP	L1736
;
L1773:	MOV	P3,#0FDH
	JB	P3.6,L1766
	LJMP	L1614
;
;
L177C:	CLR	C
	MOV	A,#031H
	SUBB	A,@R0
	JNC	L1766
	MOV	P3,#0FBH
	JB	P3.6,L17C7
;
L1788:	CJNE	@R0,#043H,L178D
	SJMP	L1766
;
L178D:	CJNE	@R0,#044H,L1792
	SJMP	L1766
;
L1792:	CJNE	@R0,#061H,L1797
	SJMP	L17D3
;
L1797:	CJNE	@R0,#062H,L179C
	SJMP	L17D3
;
L179C:	CJNE	@R0,#063H,L17A1
	SJMP	L17D3
;
L17A1:	MOV	R0,#0B2H
	MOV	A,#040H
	ADD	A,@R0
	MOV	R1,A
	INC	R1
	MOV	03CH,@R1
	MOV	R0,#0B2H
	MOV	A,03BH
	CLR	C
	SUBB	A,@R0
	JNZ	L17B8
	MOV	A,03AH
	MOV	@R0,A
	LJMP	L1502
;
;
L17B8:	MOV	R0,#0B2H
	MOV	A,#040H
	ADD	A,@R0
	MOV	R1,A
	INC	R1
	MOV	03CH,@R1
	LCALL	L3059
	LJMP	L1502
;
;
L17C7:	MOV	P3,#0FDH
	JNB	P3.6,L17D0
	LJMP	L1502
;
;
L17D0:	LJMP	L1614
;
;
L17D3:	POP	DPH
	POP	DPL
	POP	007H
	POP	006H
	POP	005H
	POP	004H
	POP	003H
	POP	002H
	POP	001H
	POP	000H
	POP	PSW
	POP	ACC
	MOV	0E7H,#030H
;
L17EE:	MOV	0ADH,#000H
	MOV	P3,#0C0H
	CLR	019H
	MOV	A,086H
	ANL	A,#0EFH
	MOV	086H,A
	NOP	
	NOP	
	MOV	A,086H
	ORL	A,#010H
	MOV	086H,A
	MOV	TH2,#0D0H
	MOV	TL2,#000H
	SETB	TR2
	SETB	ET2
	RETI	
;
;
L180F:	LJMP	L23F8
;
;
L1812:	LJMP	L23F8
;
;
L1815:	LJMP	L1964
;
;
L1818:	LJMP	L1939
;
;
L181B:	MOV	A,0DAH
	ORL	A,#046H
	MOV	0DAH,A
	LJMP	L1917
;
	MOV	0ADH,#000H
	MOV	P3,#0C0H
	RETI	
;
;
L182B:	LJMP	L1AB5
;
;
L182E:	MOV	0E7H,#000H
	MOV	0ADH,#000H
	PUSH	ACC
	PUSH	PSW
	PUSH	000H
	PUSH	001H
	PUSH	002H
	PUSH	003H
	PUSH	004H
	PUSH	005H
	PUSH	006H
	PUSH	007H
	PUSH	DPL
	PUSH	DPH
	LCALL	L2E0D
	MOV	R0,#0B2H
	MOV	A,#040H
	ADD	A,@R0
	MOV	R1,A
	MOV	@R1,03CH
	MOV	A,P3
	JB	ACC.7,L1812
	MOV	A,P3
	MOV	A,#0FFH
	MOV	P3,A
	MOV	A,P3
	JNB	ACC.7,L1812
	JNB	004H,L1815
	MOV	P3,#0FEH
	MOV	A,P3
	JNB	ACC.7,L1818
	MOV	P3,#0FDH
	MOV	A,P3
	JNB	ACC.7,L180F
	MOV	P3,#0FBH
	MOV	A,P3
	JNB	ACC.7,L181B
	MOV	P3,#0F7H
	NOP	
	NOP	
	NOP	
	NOP	
	MOV	A,P3
	JNB	ACC.7,L1903
	MOV	P3,#0EFH
	MOV	A,P3
	JNB	ACC.7,L182B
	MOV	P3,#0DFH
	MOV	A,P3
	JNB	ACC.7,L18C0
;
L189E:	MOV	R1,#09AH
	MOV	R0,#03DH
	CJNE	@R1,#001H,L18AD
	MOV	@R0,#000H
	INC	R0
	MOV	@R0,#001H
	LJMP	L23F8
;
;
L18AD:	CJNE	@R1,#002H,L18B8
	MOV	@R0,#000H
	INC	R0
	MOV	@R0,#002H
	LJMP	L23F8
;
;
L18B8:	MOV	@R0,#000H
	INC	R0
	MOV	@R0,#00AH
;
L18BD:	LJMP	L23F8
;
;
L18C0:	MOV	A,0DAH
	ORL	A,#046H
	MOV	0DAH,A
	JB	006H,L18BD
	JB	015H,L18E8
	JB	012H,L18F4
	CLR	004H
	SETB	011H
	CLR	017H
	MOV	DPTR,#L3115
	LCALL	L2DD1
	ANL	04BH,#003H
	LCALL	L2872
	MOV	R0,#0B1H
	MOV	@R0,#011H
	LJMP	L1AD5
;
;
L18E8:	MOV	R0,#0B1H
	MOV	@R0,#000H
	CLR	015H
	LCALL	L2D56
	LJMP	L23F8
;
;
L18F4:	CLR	012H
	LCALL	L2D56
	MOV	R0,#0B1H
	MOV	@R0,#000H
	LJMP	L23F8
;
;
L1900:	LJMP	L2488
;
;
L1903:	MOV	A,0DAH
	ORL	A,#046H
	MOV	0DAH,A
	JB	012H,L1900
	JB	005H,L1913
	SETB	005H
	SJMP	L189E
;
L1913:	CLR	005H
	SJMP	L189E
;
L1917:	JB	012H,L1921
	MOV	R1,#0AEH
	INC	@R1
	CJNE	@R1,#00AH,L1924
	DEC	@R1
;
L1921:	LJMP	L189E
;
;
L1924:	LCALL	L3281
	MOV	R0,#0B3H
	LCALL	L2EA6
	MOV	R0,#06AH
	LCALL	L2EA6
	CLR	00FH
	LCALL	L2D56
	LJMP	L189E
;
;
L1939:	JB	011H,L1961
	MOV	A,0DAH
	ORL	A,#046H
	MOV	0DAH,A
	JB	00FH,L1954
	SETB	00FH
	MOV	R0,#09CH
	LCALL	L3327
	MOV	R0,#06AH
	LCALL	L3275
	LJMP	L189E
;
;
L1954:	CLR	00FH
	MOV	DPTR,#L2E2B
	LCALL	L3515
	MOV	R0,#06AH
	LCALL	L3275
;
L1961:	LJMP	L189E
;
;
L1964:	MOV	A,0DAH
	ORL	A,#046H
	MOV	0DAH,A
	JNB	010H,L198E
	MOV	P3,#0FBH
	ANL	04AH,#08FH
	MOV	R1,#0B7H
	JB	P3.7,L1985
	CJNE	@R1,#000H,L197E
	LJMP	L23F8
;
;
L197E:	DEC	@R1
	LCALL	L2DB7
	LJMP	L1AD5
;
;
L1985:	LJMP	L1A58
;
;
L1988:	LJMP	L1AFE
;
	LJMP	L2324
;
;
L198E:	JNB	014H,L1988
	MOV	R0,#0B1H
	CJNE	@R0,#011H,L19BE
	MOV	P3,#0FBH
	JB	P3.7,L19CC
	CJNE	@R0,#011H,L19AA
	MOV	@R0,#012H
	MOV	DPTR,#L318E
;
L19A4:	LCALL	L2DD1
	LJMP	L1AD5
;
;
L19AA:	CJNE	@R0,#012H,L19B4
;
L19AD:	MOV	@R0,#011H
	MOV	DPTR,#L30ED
	SJMP	L19A4
;
L19B4:	CJNE	@R0,#013H,L19BE
;
L19B7:	MOV	@R0,#012H
	MOV	DPTR,#L318E
	SJMP	L19A4
;
L19BE:	SJMP	L1A0C
;
L19C0:	SJMP	L1A19
	CLR	014H
	CLR	006H
	LJMP	L1502
;
;
L19C9:	LJMP	L1502
;
;
L19CC:	MOV	P3,#0F7H
	JB	P3.7,L19C9
	CJNE	@R0,#011H,L19C0
	SETB	006H
	SETB	004H
	ANL	04BH,#007H
	ORL	04BH,#010H
	LJMP	L189E
;
;
L19E2:	SJMP	L19CC
	CJNE	@R0,#012H,L19F4
	MOV	P3,#0FBH
	JB	P3.7,L19E2
	MOV	@R0,#00BH
	SJMP	L19AD
;
L19F1:	LJMP	L2324
;
;
L19F4:	CJNE	@R0,#013H,L19F1
	MOV	P3,#0FBH
	JB	P3.7,L19E2
	MOV	@R0,#012H
	SJMP	L19B7
;
L1A01:	CLR	014H
	SETB	004H
	MOV	R0,0B2H
	MOV	@R0,#0FFH
	LJMP	L189E
;
;
L1A0C:	CJNE	@R0,#012H,L19F4
	MOV	P3,#0FBH
	JB	P3.7,L19E2
	MOV	@R0,#011H
	SJMP	L19AD
;
L1A19:	MOV	R0,#0B1H
	MOV	A,@R0
	CJNE	A,#012H,L1A01
	MOV	@R0,#021H
	MOV	R0,#0B2H
	MOV	@R0,#004H
	MOV	03AH,#004H
	MOV	03BH,#007H
	MOV	DPTR,#L30F7
	LCALL	L2DD1
	LCALL	L3066
	ANL	04BH,#00FH
	ORL	04BH,#040H
	LJMP	L189E
;
	CJNE	@R0,#021H,L1A4C
	MOV	R0,#0B2H
	DEC	@R0
	CJNE	@R0,#002H,L1A47
	INC	@R0
;
L1A47:	CLR	019H
	LJMP	L189E
;
;
L1A4C:	LJMP	L2324
;
;
L1A4F:	INC	@R0
	INC	004H
	RR	A
	LJMP	L0102
;
	DEC	002H
;
L1A58:	MOV	P3,#0F7H
	JB	P3.7,L1A55
	CJNE	@R1,#005H,L1AAA
	MOV	R1,#04AH
	MOV	A,@R1
	ANL	A,#08FH
	ORL	A,#040H
	MOV	@R1,A
	SJMP	L1A6B
;
L1A6B:	MOV	R0,#09AH
	MOV	DPTR,#L1A4F
	MOV	R1,#0B7H
	MOV	A,@R1
	MOVC	A,@A+DPTR
	MOV	@R0,A
	LCALL	L2F66
	LCALL	L342A
	LCALL	L2D56
	LCALL	L3281
	SETB	004H
	CLR	010H
	ANL	04AH,#08FH
	CLR	C
	MOV	R0,#09AH
	MOV	R1,#0AFH
	MOV	A,#002H
	SUBB	A,@R0
	JNC	L1A97
	MOV	@R1,#001H
;
L1A94:	LJMP	L189E
;
;
L1A97:	CJNE	@R1,#002H,L1A94
	MOV	@R1,#002H
	LJMP	L189E
;
;
L1A9F:	MOV	R1,#04AH
	MOV	A,@R1
	ORL	A,#010H
	MOV	@R1,A
	LCALL	L2872
	SJMP	L1A6B
;
L1AAA:	CJNE	@R1,#004H,L1A9F
	MOV	R1,#04AH
	MOV	A,@R1
	ORL	A,#020H
	MOV	@R1,A
	SJMP	L1A6B
;
L1AB5:	MOV	A,0DAH
	ORL	A,#046H
	MOV	0DAH,A
	JB	012H,L1A94
	CLR	004H
	MOV	DPTR,#L31C8
	LCALL	L2DD1
	SETB	00BH
	ANL	04BH,#0EFH
	ORL	04BH,#001H
	LCALL	L2872
	MOV	R0,#0B0H
	MOV	@R0,#013H
;
L1AD5:	MOV	R0,#03DH
	MOV	@R0,#003H
	INC	R0
	MOV	@R0,#0E8H
	LJMP	L23F8
;
;
L1ADF:	LJMP	L1CA4
;
;
L1AE2:	MOV	R0,#0B0H
	MOV	@R0,#000H
	MOV	R0,#0B1H
	MOV	@R0,#000H
	CLR	00BH
	CLR	014H
	CLR	006H
	CLR	011H
	SETB	004H
	MOV	R0,#0B2H
	MOV	@R0,#0FFH
	LJMP	L1E20
;
;
L1AFB:	LJMP	L189E
;
;
L1AFE:	JNB	00BH,L1ADF
	MOV	P3,#0DFH
	JNB	P3.7,L1AFB
	MOV	P3,#0EFH
	JNB	P3.7,L1AE2
	MOV	R0,#0B0H
	CJNE	@R0,#011H,L1B5C
;
L1B12:	MOV	P3,#0FBH
	MOV	A,P3
	JB	ACC.7,L1B27
	CJNE	@R0,#011H,L1B2A
	MOV	@R0,#014H
	MOV	DPTR,#L3205
	LCALL	L2DD1
	SJMP	L1AD5
;
L1B27:	LJMP	L1CBC
;
;
L1B2A:	CJNE	@R0,#012H,L1B37
	MOV	@R0,#011H
;
L1B2F:	MOV	DPTR,#L31AC
	LCALL	L2DD1
	SJMP	L1AD5
;
L1B37:	CJNE	@R0,#013H,L1B44
	MOV	@R0,#012H
;
L1B3C:	MOV	DPTR,#L31BE
	LCALL	L2DD1
	SJMP	L1AD5
;
L1B44:	MOV	@R0,#013H
	MOV	DPTR,#L31C8
	LCALL	L2DD1
	SJMP	L1AD5
	CJNE	@R0,#014H,L1B6B
	MOV	@R0,#013H
	MOV	DPTR,#L31C8
	LCALL	L2DD1
	LJMP	L189E
;
;
L1B5C:	CJNE	@R0,#012H,L1B61
	SJMP	L1B12
;
L1B61:	CJNE	@R0,#013H,L1B66
	SJMP	L1B12
;
L1B66:	CJNE	@R0,#014H,L1B6B
	SJMP	L1B12
;
L1B6B:	CJNE	@R0,#021H,L1B85
;
L1B6E:	MOV	P3,#0FBH
	JB	P3.7,L1BEA
	CJNE	@R0,#021H,L1B82
	MOV	@R0,#022H
	MOV	DPTR,#L31E7
	LCALL	L2DD1
	LJMP	L189E
;
;
L1B82:	LJMP	L1CA0
;
;
L1B85:	CJNE	@R0,#022H,L1B96
	SJMP	L1B6E
	LJMP	L173C
;
;
L1B8D:	LJMP	L1D3E
;
;
L1B90:	LJMP	L23F8
;
;
L1B93:	LJMP	L1CD2
;
;
L1B96:	CJNE	@R0,#023H,L1B8D
	MOV	P3,#0FBH
	JNB	P3.7,L1B90
	MOV	P3,#0F7H
	JB	P3.7,L1B93
	CLR	C
	MOV	A,047H
	SUBB	A,#030H
	CJNE	A,#000H,L1BAF
	MOV	A,#001H
;
L1BAF:	MOV	038H,A
	LCALL	L3393
	MOV	R1,#0B8H
	MOV	@R1,#003H
	INC	R1
	MOV	@R1,#020H
	MOV	R1,#0D5H
	MOV	@R1,#000H
	INC	R1
	MOV	@R1,#0C7H
;
L1BC2:	CLR	A
	MOVX	@DPTR,A
	INC	DPTR
	MOV	R1,#0B9H
	LCALL	L3378
	MOV	R0,#0B8H
	MOV	A,@R0
	JNB	ACC.7,L1BC2
	CLR	00BH
	SETB	004H
	LCALL	L3393
	LCALL	L33B1
	MOV	R0,#0B2H
	MOV	@R0,#0FFH
	LJMP	L1E20
;
	LJMP	L189E
;
;
L1BE4:	LJMP	L1CD2
;
;
L1BE7:	LJMP	L1C96
;
;
L1BEA:	MOV	P3,#0F7H
	JB	P3.7,L1BE4
	CJNE	@R0,#021H,L1BE7
	MOV	DPTR,#L0150
	MOV	R1,#0B8H
	MOV	@R1,#003H
	INC	R1
	MOV	@R1,#020H
;
L1BFD:	CLR	A
	MOVX	@DPTR,A
	INC	DPTR
	MOV	R1,#0B9H
	LCALL	L3378
	MOV	R0,#0B8H
	MOV	A,@R0
	JNB	ACC.7,L1BFD
	MOV	DPTR,#L0150
	MOV	DPTR,#L0470
	MOV	R1,#0B8H
	MOV	@R1,#003H
	INC	R1
	MOV	@R1,#020H
;
L1C18:	CLR	A
	MOVX	@DPTR,A
	INC	DPTR
	MOV	R1,#0B9H
	LCALL	L3378
	MOV	R0,#0B8H
	MOV	A,@R0
	JNB	ACC.7,L1C18
	MOV	DPTR,#L0470
	MOV	DPTR,#L0790
	MOV	R1,#0B8H
	MOV	@R1,#003H
	INC	R1
	MOV	@R1,#020H
;
L1C33:	CLR	A
	MOVX	@DPTR,A
	INC	DPTR
	MOV	R1,#0B9H
	LCALL	L3378
	MOV	R0,#0B8H
	MOV	A,@R0
	JNB	ACC.7,L1C33
	MOV	DPTR,#L0790
	MOV	DPTR,#L0AB0
	MOV	R1,#0B8H
	MOV	@R1,#003H
	INC	R1
	MOV	@R1,#020H
;
L1C4E:	CLR	A
	MOVX	@DPTR,A
	INC	DPTR
	MOV	R1,#0B9H
	LCALL	L3378
	MOV	R0,#0B8H
	MOV	A,@R0
	JNB	ACC.7,L1C4E
	MOV	DPTR,#L0AB0
	MOV	A,038H
	CJNE	A,#001H,L1C7B
	MOV	DPTR,#L0150
	MOV	R1,#0D3H
;
L1C69:	MOV	A,DPH
	MOV	@R1,A
	INC	R1
	MOV	A,DPL
	MOV	@R1,A
	CLR	00BH
	SETB	004H
	MOV	R0,#0B2H
	MOV	@R0,#0FFH
	LJMP	L1E20
;
;
L1C7B:	CJNE	A,#002H,L1C85
	MOV	DPTR,#L0470
	MOV	R1,#0C0H
	SJMP	L1C69
;
L1C85:	CJNE	A,#003H,L1C8F
	MOV	DPTR,#L0790
	MOV	R1,#0C2H
	SJMP	L1C69
;
L1C8F:	MOV	DPTR,#L0AB0
	MOV	R1,#0D9H
	SJMP	L1C69
;
L1C96:	MOV	@R0,#023H
	MOV	03BH,#008H
	MOV	03AH,#007H
	SJMP	L1CF3
;
L1CA0:	MOV	@R0,#021H
	SJMP	L1CC9
;
L1CA4:	LJMP	L1E93
;
	MOV	P3,#0FBH
	MOV	A,P3
	JB	ACC.7,L1CBC
	CJNE	@R0,#012H,L1CB7
	MOV	@R0,#011H
	LJMP	L1B2F
;
;
L1CB7:	MOV	@R0,#012H
	LJMP	L1B3C
;
;
L1CBC:	MOV	P3,#0F7H
	JB	P3.7,L1CD2
	MOV	R0,#0B0H
	CJNE	@R0,#011H,L1CEE
	MOV	@R0,#021H
;
L1CC9:	MOV	DPTR,#L31D3
	LCALL	L2DD1
	LJMP	L1AD5
;
;
L1CD2:	MOV	R0,#0B2H
	MOV	A,#040H
	ADD	A,@R0
	MOV	R1,A
	DEC	R1
	MOV	03CH,@R1
	CLR	019H
	MOV	R0,#0B2H
	MOV	A,03AH
	CLR	C
	SUBB	A,@R0
	JNZ	L1CEB
	MOV	A,03BH
	MOV	@R0,A
	LJMP	L189E
;
;
L1CEB:	LJMP	L189E
;
;
L1CEE:	CJNE	@R0,#012H,L1D06
	MOV	@R0,#031H
;
L1CF3:	MOV	DPTR,#L31F1
	LCALL	L2DD1
	MOV	A,038H
	ADD	A,#030H
	MOV	047H,A
	MOV	R0,#0B2H
	MOV	@R0,#007H
	LJMP	L1AD5
;
;
L1D06:	CJNE	@R0,#014H,L1D1A
	MOV	@R0,#061H
	MOV	DPTR,#L320F
	LCALL	L2DD1
	LCALL	L26A3
	LCALL	L2E00
	LJMP	L1AD5
;
;
L1D1A:	MOV	@R0,#041H
	SJMP	L1CF3
;
L1D1E:	MOV	R0,#0B2H
	MOV	A,#040H
	ADD	A,@R0
	MOV	R1,A
	INC	R1
	MOV	03CH,@R1
	MOV	R0,#0B2H
	MOV	A,03BH
	CLR	C
	SUBB	A,@R0
	JZ	L1D35
	MOV	A,03BH
	MOV	@R0,A
	LJMP	L189E
;
;
L1D35:	MOV	A,03AH
	MOV	@R0,A
	LJMP	L189E
;
;
L1D3B:	LJMP	L1DC0
;
;
L1D3E:	CJNE	@R0,#031H,L1D3B
	MOV	P3,#0FBH
	JNB	P3.7,L1D1E
	MOV	P3,#0F7H
	JB	P3.7,L1CD2
	MOV	@R0,#032H
	CLR	C
	MOV	A,047H
	SUBB	A,#030H
	CJNE	A,#000H,L1D59
	MOV	A,#001H
;
L1D59:	MOV	038H,A
	MOV	DPTR,#L31DD
	LCALL	L2DD1
	MOV	R0,#0CEH
	MOV	R1,#052H
	MOV	A,@R0
	MOV	@R1,A
	DEC	R0
	DEC	R1
	MOV	A,@R0
	MOV	@R1,A
	DEC	R1
	CLR	A
	MOV	@R1,A
	DEC	R1
	MOV	@R1,A
	MOV	R0,#053H
	MOV	R1,#052H
	LCALL	L347A
	MOV	R0,#05CH
	MOV	R1,#048H
	MOV	R7,#004H
;
L1D7D:	MOV	A,@R0
	ADD	A,#030H
	MOV	@R1,A
	DEC	R1
	DEC	R0
	DJNZ	R7,L1D7D
	MOV	R0,#0B2H
	MOV	@R0,#005H
	MOV	03BH,#008H
	MOV	03AH,#005H
	MOV	R0,#09AH
	CJNE	@R0,#006H,L1D9D
	ANL	04BH,#0F0H
	ORL	04BH,#004H
	LJMP	L189E
;
;
L1D9D:	CJNE	@R0,#003H,L1DA9
	ANL	04BH,#0F0H
	ORL	04BH,#020H
	LJMP	L23F8
;
;
L1DA9:	CLR	C
	MOV	A,#003H
	SUBB	A,@R0
	JNC	L1DB8
	ANL	04BH,#0F0H
	ORL	04BH,#040H
	LJMP	L189E
;
;
L1DB8:	ANL	04BH,#00FH
	CLR	019H
;
L1DBD:	LJMP	L189E
;
;
L1DC0:	CJNE	@R0,#032H,L1E39
	MOV	P3,#0FBH
	JB	P3.7,L1DE8
;
L1DC9:	CLR	019H
	MOV	R0,#0B2H
	MOV	A,#040H
	ADD	A,@R0
	MOV	R1,A
	DEC	R1
	MOV	03CH,@R1
	MOV	R0,#0B2H
	MOV	A,03AH
	CLR	C
	SUBB	A,@R0
	JNZ	L1DE2
	MOV	A,03BH
	MOV	@R0,A
	LJMP	L189E
;
;
L1DE2:	LCALL	L304C
	LJMP	L189E
;
;
L1DE8:	MOV	P3,#0F7H
	JB	P3.7,L1DBD
	MOV	@R0,#033H
	MOV	R7,#00AH
	MOV	R0,#053H
	LCALL	L2EAE
	LCALL	L3383
	MOV	R0,#04FH
	MOV	R1,#053H
	LCALL	L34BA
	MOV	R1,#04FH
	MOV	R0,#0CEH
	MOV	A,@R1
	MOV	@R0,A
	DEC	R0
	INC	R1
	MOV	A,@R1
	MOV	@R0,A
	MOV	R0,#0D5H
	MOV	@R0,#000H
	INC	R0
	MOV	@R0,#0C7H
	LCALL	L3393
	LCALL	L33B1
	MOV	R0,#0B2H
	MOV	@R0,#0FFH
	SETB	004H
	CLR	00BH
;
L1E20:	MOV	R0,#09AH
	CJNE	@R0,#005H,L1E31
	MOV	DPTR,#L30BB
;
L1E28:	LCALL	L2DD1
	LCALL	L2872
;
L1E2E:	LJMP	L189E
;
;
L1E31:	CJNE	@R0,#006H,L1E2E
	MOV	DPTR,#L30B1
	SJMP	L1E28
;
L1E39:	CJNE	@R0,#033H,L1E67
	MOV	P3,#0FBH
	JNB	P3.7,L1DC9
	MOV	P3,#0F7H
	JB	P3.7,L1E2E
	MOV	@R0,#034H
	MOV	R7,#00AH
	MOV	R0,#053H
	LCALL	L2EAE
	LCALL	L2ED4
	MOV	R0,#04FH
	MOV	R1,#053H
	LCALL	L34BA
	LCALL	L2F75
	LCALL	L0402
;
L1E61:	LJMP	L189E
;
;
L1E64:	LJMP	L1DC9
;
;
L1E67:	CJNE	@R0,#034H,L1ECE
	MOV	P3,#0FBH
	JNB	P3.7,L1E64
	MOV	P3,#0F7H
	JB	P3.7,L1E61
	MOV	@R0,#035H
	MOV	R0,#0B2H
	MOV	@R0,#0FFH
	MOV	R0,#0CFH
	MOV	@R0,#030H
	CLR	00BH
	SETB	004H
	LJMP	L189E
;
;
L1E87:	LJMP	L209B
;
;
L1E8A:	LJMP	L20B4
;
;
L1E8D:	LJMP	L1AE2
;
;
L1E90:	LJMP	L23F8
;
;
L1E93:	JNB	011H,L1ECE
	MOV	P3,#0EFH
	JNB	P3.7,L1E90
	MOV	P3,#0DFH
	JNB	P3.7,L1E8D
	MOV	R0,#0B1H
	MOV	A,#015H
	CLR	C
	SUBB	A,@R0
	JC	L1ECB
	MOV	P3,#0FBH
	JB	P3.7,L1E87
	MOV	R0,#0B1H
	CJNE	@R0,#011H,L1E8A
	MOV	@R0,#015H
	MOV	DPTR,#L313D
	LCALL	L2DD1
	LJMP	L1AD5
;
	CLR	011H
	SETB	004H
	MOV	R0,#0B1H
	MOV	@R0,#000H
	LJMP	L1AD5
;
;
L1ECB:	LJMP	L2129
;
;
L1ECE:	CJNE	@R0,#041H,L1F01
	MOV	@R0,#042H
	CLR	C
	MOV	A,047H
	SUBB	A,#030H
	CJNE	A,#000H,L1EDD
	MOV	A,#001H
;
L1EDD:	MOV	038H,A
	MOV	DPTR,#L31FB
	LCALL	L2DD1
	ANL	04BH,#0EFH
	MOV	R0,#0B2H
	MOV	@R0,#007H
	MOV	03BH,#009H
	MOV	03AH,#007H
	LCALL	L2E00
	LJMP	L189E
;
;
L1EF8:	LJMP	L1FE1
;
;
L1EFB:	LJMP	L1FEB
;
;
L1EFE:	LJMP	L1D1E
;
;
L1F01:	CJNE	@R0,#042H,L1EFB
	MOV	P3,#0FBH
	JNB	P3.7,L1EFE
	MOV	P3,#0F7H
	JB	P3.7,L1EF8
	MOV	@R0,#043H
	MOV	R0,#0B2H
	MOV	@R0,#0FFH
	MOV	R7,#00AH
	MOV	R0,#053H
	LCALL	L2EAE
	LCALL	L2ED4
	MOV	R0,#04FH
	MOV	R1,#053H
	LCALL	L34BA
	LCALL	L2F75
	MOV	A,R5
	MOV	037H,A
	LCALL	L0402
	MOV	DPTR,#L2E53
	LCALL	L3537
	LCALL	L01D1
	MOV	DPTR,#L2E5B
	LCALL	L3537
	LCALL	L0203
	LCALL	L0343
	PUSH	002H
	PUSH	003H
	PUSH	004H
	PUSH	005H
	LCALL	L3393
	POP	005H
	POP	004H
	POP	003H
	POP	002H
	MOV	R1,#0D8H
	MOV	A,DPL
	ADD	A,R5
	MOV	DPL,A
	MOV	@R1,A
	MOV	A,DPH
	ADDC	A,R4
	MOV	DPH,A
	DEC	R1
	MOV	@R1,A
;
L1F67:	LCALL	L3418
	MOV	DPTR,#L2E2F
	LCALL	L3537
	LCALL	L32A4
	LCALL	L32AE
	MOV	R0,#04FH
	LCALL	L3275
	MOV	R0,#053H
	MOV	R1,#052H
	LCALL	L347A
	MOV	R0,#05CH
	MOV	R1,#045H
	MOV	R7,#007H
;
L1F88:	MOV	A,@R0
	ADD	A,#030H
	MOV	@R1,A
	DEC	R1
	DEC	R0
	DJNZ	R7,L1F88
	MOV	R0,#047H
	MOV	@R0,#02DH
	MOV	R0,#040H
	MOV	@R0,#02BH
	JNB	002H,L1F9D
	MOV	@R0,#02DH
;
L1F9D:	MOV	A,038H
	CJNE	A,#001H,L1FA6
	MOV	R1,#034H
	SJMP	L1FB6
;
L1FA6:	CJNE	A,#002H,L1FAD
	MOV	R1,#032H
	SJMP	L1FB6
;
L1FAD:	CJNE	A,#003H,L1FB4
	MOV	R1,#031H
	SJMP	L1FB6
;
L1FB4:	MOV	R1,#030H
;
L1FB6:	MOV	R0,#048H
	MOV	A,@R1
	CJNE	A,#008H,L1FC4
	MOV	@R0,#030H
	DEC	R0
	MOV	@R0,#063H
	INC	R0
	SJMP	L1FD2
;
L1FC4:	CJNE	A,#009H,L1FCF
	MOV	@R0,#031H
	DEC	R0
	MOV	@R0,#063H
	INC	R0
	SJMP	L1FD2
;
L1FCF:	ADD	A,#032H
	MOV	@R0,A
;
L1FD2:	INC	R0
	MOV	@R0,#041H
	ORL	04BH,#010H
	LCALL	L2872
	LCALL	L2E00
	LJMP	L23F8
;
;
L1FE1:	MOV	R0,#03DH
	MOV	@R0,#003H
	INC	R0
	MOV	@R0,#0E8H
	LJMP	L23F8
;
;
L1FEB:	CJNE	@R0,#043H,L2040
	MOV	P3,#0FBH
	JB	P3.7,L1FFF
	CLR	00BH
	SETB	004H
	MOV	R0,#0B2H
	MOV	@R0,#0FFH
	LJMP	L189E
;
;
L1FFF:	MOV	@R0,#044H
	MOV	A,037H
	INC	A
	MOV	052H,A
	MOV	037H,A
	CLR	A
	MOV	051H,A
	MOV	050H,A
	MOV	04FH,A
	MOV	R0,#053H
	MOV	R1,#052H
	LCALL	L347A
	MOV	R0,#040H
	MOV	R7,#00AH
	MOV	A,#020H
;
L201C:	MOV	@R0,A
	INC	R0
	DJNZ	R7,L201C
	MOV	DPTR,#L31FB
	LCALL	L2DD1
	ANL	04BH,#0EFH
	MOV	R0,#05CH
	MOV	R1,#049H
	MOV	R7,#003H
;
L202F:	MOV	A,@R0
	ADD	A,#030H
	MOV	@R1,A
	DEC	R1
	DEC	R0
	DJNZ	R7,L202F
	LCALL	L2872
	LCALL	L2E00
	LJMP	L23F8
;
;
L2040:	CJNE	@R0,#044H,L205C
	MOV	@R0,#043H
	MOV	R1,#0D8H
	MOV	A,@R1
	MOV	DPL,A
	DEC	R1
	MOV	A,@R1
	MOV	DPH,A
	INC	DPTR
	INC	DPTR
	INC	DPTR
	INC	DPTR
	MOV	A,DPH
	MOV	@R1,A
	INC	R1
	MOV	A,DPL
	MOV	@R1,A
	LJMP	L1F67
;
;
L205C:	CJNE	@R0,#061H,L2070
	MOV	@R0,#062H
	MOV	DPTR,#L3219
	LCALL	L2DD1
	LCALL	L2798
	LCALL	L2E1A
	LJMP	L189E
;
;
L2070:	CJNE	@R0,#062H,L2084
	MOV	@R0,#063H
	MOV	DPTR,#L3223
	LCALL	L2DD1
	LCALL	L25A4
	LCALL	L2E1A
	LJMP	L189E
;
;
L2084:	CJNE	@R0,#063H,L2095
	MOV	@R0,#061H
	MOV	DPTR,#L320F
	LCALL	L2DD1
	LCALL	L26A3
	LCALL	L2E1A
;
L2095:	LJMP	L189E
;
;
L2098:	LJMP	L1ECE
;
;
L209B:	MOV	R0,#0B1H
	MOV	P3,#0F7H
	JB	P3.7,L2098
	CJNE	@R0,#011H,L20BB
	MOV	@R0,#021H
	MOV	DPTR,#L3148
	LCALL	L2DD1
	ANL	04BH,#003H
	LJMP	L1AD5
;
;
L20B4:	DEC	@R0
	LCALL	L2434
	LJMP	L1AD5
;
;
L20BB:	CJNE	@R0,#012H,L20C4
	LJMP	L2C70
;
	LJMP	L1AD5
;
;
L20C4:	CJNE	@R0,#013H,L20EC
	JNB	013H,L20DB
	MOV	DPTR,#L3166
	LCALL	L2DD1
	ORL	04BH,#080H
	MOV	TH1,#0F4H
	CLR	013H
	LJMP	L1AD5
;
;
L20DB:	MOV	DPTR,#L3170
	LCALL	L2DD1
	MOV	TH1,#0DCH
	SETB	013H
	ORL	04BH,#080H
	LJMP	L1AD5
;
;
L20EC:	CJNE	@R0,#014H,L2104
	SETB	004H
	MOV	R0,#081H
	MOV	@R0,#000H
	INC	R0
	MOV	@R0,#000H
	CLR	011H
	LJMP	L23F8
;
;
L20FD:	MOV	R0,#0B1H
	MOV	@R0,#052H
	LJMP	L222C
;
;
L2104:	JNB	P1.0,L20FD
	MOV	039H,#036H
	LCALL	L30A7
	LCALL	L2872
	LCALL	L2E0D
	SJMP	L2104
	SJMP	L20FD
	MOV	@R0,#051H
	LCALL	L2434
	MOV	R0,#0B2H
	MOV	@R0,#007H
	MOV	03BH,#009H
	MOV	03AH,#007H
	LJMP	L1AD5
;
;
L2129:	MOV	R0,#0B1H
	MOV	A,#023H
	CLR	C
	SUBB	A,@R0
	JC	L2170
	MOV	P3,#0FBH
	JB	P3.7,L214C
	CJNE	@R0,#021H,L2145
	MOV	@R0,#023H
	MOV	DPTR,#L315C
	LCALL	L2DD1
	LJMP	L1AD5
;
;
L2145:	DEC	@R0
	LCALL	L2434
	LJMP	L1AD5
;
;
L214C:	MOV	P3,#0F7H
	JB	P3.7,L216B
	CJNE	@R0,#021H,L2161
;
L2155:	LCALL	L2FD1
	SETB	015H
	SETB	004H
	CLR	011H
	LJMP	L189E
;
;
L2161:	CJNE	@R0,#022H,L2166
	SJMP	L2155
;
L2166:	SJMP	L2155
;
L2168:	LJMP	L228B
;
;
L216B:	MOV	R7,#0FFH
	LJMP	L1502
;
;
L2170:	CJNE	@R0,#031H,L21EF
	MOV	P3,#0FBH
	JNB	P3.7,L2168
	MOV	P3,#0F7H
	JB	P3.7,L216B
	MOV	R1,#000H
	MOV	R2,#050H
	MOV	R3,#000H
	LCALL	L0499
	MOV	R1,#02CH
	MOV	A,#000H
	JNB	013H,L2191
	MOV	A,#001H
;
L2191:	MOVX	@R1,A
	MOV	DPTR,#L5000
	MOV	R7,#0FFH
	LCALL	L043E
	MOV	R7,#0FFH
	MOV	R1,#000H
	MOV	DPTR,#L5000
	LCALL	L0480
	MOV	0EFH,#010H
	CLR	TR1
	JB	013H,L21B1
	MOV	TH1,#0F4H
	SJMP	L21B6
;
L21B1:	MOV	TH1,#0DCH
	SETB	TR1
;
L21B6:	CLR	011H
	SETB	004H
	LJMP	L23F8
;
;
L21BD:	LJMP	L2312
;
;
L21C0:	LJMP	L22AA
;
;
L21C3:	CJNE	@R0,#052H,L21BD
	MOV	P3,#0FBH
	JB	P3.7,L21E3
	MOV	R0,#0B2H
	MOV	A,#040H
	ADD	A,@R0
	MOV	R1,A
	DEC	R1
	MOV	03CH,@R1
	MOV	R0,#0B2H
	DEC	@R0
	CLR	019H
	MOV	A,03AH
	CJNE	@R0,#000H,L21E0
	INC	@R0
;
L21E0:	LJMP	L189E
;
;
L21E3:	MOV	P3,#0F7H
	JNB	P3.7,L21EC
	LJMP	L189E
;
;
L21EC:	LJMP	L22C1
;
;
L21EF:	CJNE	@R0,#051H,L21C3
	MOV	P3,#0FBH
	JNB	P3.7,L21C0
	MOV	P3,#0F7H
	JB	P3.7,L2271
	MOV	R7,#00EH
	MOV	R0,#04FH
	LCALL	L2EAE
	MOV	R0,#049H
	MOV	R1,#05CH
	MOV	R7,#003H
;
L220B:	CLR	C
	MOV	A,@R0
	SUBB	A,#030H
	MOV	@R1,A
	DEC	R0
	DEC	R1
	DJNZ	R7,L220B
	MOV	R2,#050H
	MOV	R3,#028H
	LCALL	L0454
	SJMP	L222C
	MOV	A,008H
	CJNE	A,05AH,L2274
	MOV	A,009H
	CJNE	A,05BH,L2274
	MOV	A,00AH
	CJNE	A,05CH,L2274
;
L222C:	MOV	R0,#0B1H
	MOV	@R0,#052H
	MOV	DPTR,#L3184
	LCALL	L2DD1
	LCALL	L2FFA
	ADD	A,052H
	MOV	052H,A
	MOV	R0,#053H
	MOV	R1,#052H
	LCALL	L347A
	MOV	048H,05CH
	MOV	047H,#02DH
	ORL	04AH,#080H
	ORL	04BH,#010H
	MOV	R1,#0AEH
	MOV	R0,#048H
	MOV	A,@R1
	CJNE	A,#008H,L225F
	MOV	@R0,#030H
	DEC	R0
	MOV	@R0,#063H
	SJMP	L2267
;
L225F:	CJNE	A,#009H,L2267
	MOV	@R0,#031H
	DEC	R0
	MOV	@R0,#063H
;
L2267:	MOV	R0,#0B2H
	MOV	@R0,#001H
	MOV	03AH,#001H
	MOV	03BH,#005H
;
L2271:	LJMP	L189E
;
;
L2274:	MOV	039H,#032H
	LCALL	L30A7
	LCALL	L2872
	LCALL	L2E00
	CLR	011H
	SETB	004H
	MOV	R0,#0B2H
	MOV	@R0,#0FFH
	LJMP	L189E
;
;
L228B:	JNB	013H,L229C
	MOV	DPTR,#L3166
	LCALL	L2DD1
	ORL	04BH,#080H
	CLR	013H
	LJMP	L1AD5
;
;
L229C:	MOV	DPTR,#L3170
	LCALL	L2DD1
	ORL	04BH,#080H
	SETB	013H
	LJMP	L1AD5
;
;
L22AA:	MOV	R0,#0B2H
	MOV	A,#040H
	ADD	A,@R0
	MOV	R1,A
	DEC	R1
	MOV	03CH,@R1
	MOV	R0,#0B2H
	DEC	@R0
	CLR	019H
	MOV	A,03AH
	CJNE	@R0,#006H,L230F
	INC	@R0
	LJMP	L189E
;
;
L22C1:	MOV	R7,#00EH
	MOV	R0,#04FH
	LCALL	L2EAE
	MOV	R0,#045H
	MOV	R1,#05CH
	MOV	R7,#005H
;
L22CE:	CLR	C
	MOV	A,@R0
	SUBB	A,#030H
	MOV	@R1,A
	DEC	R0
	DEC	R1
	DJNZ	R7,L22CE
	MOV	R0,#04FH
	MOV	R1,#053H
	LCALL	L34BA
	LCALL	L2F75
	LCALL	L0402
	MOV	DPTR,#L2E83
	LCALL	L3537
	LCALL	L0203
	MOV	R0,#0A4H
	LCALL	L3275
	CLR	011H
	SETB	012H
	ORL	04AH,#080H
	SETB	004H
	MOV	R0,#0B2H
	MOV	@R0,#0FFH
	MOV	R0,#03DH
	MOV	@R0,#0FFH
	INC	R0
	MOV	@R0,#0FFH
	LCALL	L2E00
	LJMP	L23F8
;
	LJMP	L189E
;
;
L230F:	LJMP	L189E
;
;
L2312:	CJNE	@R0,#042H,L22C1
	MOV	P3,#0FBH
	JNB	P3.7,L230F
	MOV	P3,#0F7H
	JB	P3.7,L230F
	LJMP	L23F8
;
;
L2324:	MOV	P3,#0FEH
	MOV	A,P3
	JB	ACC.7,L232F
	LJMP	L189E
;
;
L232F:	MOV	P3,#0FBH
	MOV	A,P3
	JB	ACC.7,L2363
	MOV	R0,#0B2H
	MOV	A,03AH
	CJNE	A,#003H,L2347
	CJNE	@R0,#003H,L234C
;
L2341:	MOV	A,03BH
	MOV	@R0,A
	LJMP	L189E
;
;
L2347:	CJNE	@R0,#004H,L234C
	SJMP	L2341
;
L234C:	MOV	R0,#0B2H
	MOV	A,#040H
	ADD	A,@R0
	MOV	R1,A
	INC	R1
	MOV	03CH,@R1
	MOV	R0,#0B2H
	DEC	@R0
	CLR	019H
	MOV	A,03AH
	CJNE	A,#003H,L23CA
	CJNE	@R0,#002H,L23C8
;
L2362:	INC	@R0
;
L2363:	MOV	P3,#0F7H
	MOV	A,P3
	JB	ACC.7,L23C8
	MOV	R0,#0B1H
	MOV	A,@R0
	CJNE	@R0,#021H,L23CF
	MOV	@R0,#011H
	MOV	R7,#00EH
	MOV	R0,#04FH
	LCALL	L2EAE
	LCALL	L2F1F
	MOV	R0,#04FH
	MOV	R1,#053H
	LCALL	L34BA
	LCALL	L2F75
	LCALL	L0402
	MOV	R0,#0BCH
	LCALL	L3275
	MOV	DPTR,#L2E2B
	LCALL	L3537
	LCALL	L01D6
	JZ	L23AA
	MOV	R0,#0B2H
	MOV	@R0,#0FFH
	MOV	DPTR,#L30ED
	LCALL	L2DD1
	ANL	04BH,#0BFH
	LJMP	L189E
;
;
L23AA:	MOV	R0,#0B2H
	MOV	@R0,#0FFH
	MOV	039H,#034H
	LCALL	L30A7
	LCALL	L2872
	LCALL	L2E00
	MOV	R0,#0B1H
	MOV	@R0,#000H
	CLR	014H
	CLR	006H
	SETB	004H
	MOV	R0,#0B2H
	MOV	@R0,#0FFH
;
L23C8:	SJMP	L23F8
;
L23CA:	CJNE	@R0,#003H,L23F8
	SJMP	L2362
;
L23CF:	MOV	R7,#00EH
	MOV	R0,#04FH
	LCALL	L2EAE
	LCALL	L2F2F
	MOV	R0,#04FH
	MOV	R1,#053H
	LCALL	L34BA
	LCALL	L2F75
	LCALL	L0402
	JNB	01BH,L23ED
	MOV	A,R2
	ORL	A,#080H
	MOV	R2,A
;
L23ED:	MOV	R1,#0B2H
	MOV	@R1,#0FFH
	MOV	R0,#0B1H
	MOV	@R0,#011H
	LJMP	L19AD
;
;
L23F8:	POP	DPH
	POP	DPL
	POP	007H
	POP	006H
	POP	005H
	POP	004H
	POP	003H
	POP	002H
	POP	001H
	POP	000H
	POP	PSW
	POP	ACC
	MOV	0ADH,#000H
	MOV	P3,#0C0H
	MOV	0E7H,#030H
	CLR	019H
	MOV	A,086H
	ANL	A,#0EFH
	MOV	086H,A
	NOP	
	NOP	
	MOV	A,086H
	ORL	A,#010H
	MOV	086H,A
	MOV	TH2,#0D0H
	MOV	TL2,#000H
	SETB	TR2
	SETB	ET2
	RETI	
;
;
L2434:	MOV	R0,#0B1H
	CJNE	@R0,#011H,L2440
	MOV	DPTR,#L3115
;
L243C:	LCALL	L2DD1
	RET	
;
;
L2440:	CJNE	@R0,#012H,L2448
	MOV	DPTR,#L311F
	SJMP	L243C
;
L2448:	CJNE	@R0,#013H,L2450
	MOV	DPTR,#L3129
	SJMP	L243C
;
L2450:	CJNE	@R0,#014H,L2458
	MOV	DPTR,#L3133
	SJMP	L243C
;
L2458:	CJNE	@R0,#015H,L2460
	MOV	DPTR,#L313D
	SJMP	L243C
;
L2460:	CJNE	@R0,#021H,L2468
	MOV	DPTR,#L3148
	SJMP	L243C
;
L2468:	CJNE	@R0,#022H,L2470
	MOV	DPTR,#L3152
	SJMP	L243C
;
L2470:	CJNE	@R0,#023H,L2478
	MOV	DPTR,#L315C
	SJMP	L243C
;
L2478:	CJNE	@R0,#031H,L2480
	MOV	DPTR,#L3166
	SJMP	L243C
;
L2480:	MOV	DPTR,#L317A
	SJMP	L243C
;
L2485:	LJMP	L250D
;
;
L2488:	JB	00DH,L2485
	MOV	R0,#09CH
	LCALL	L3327
	LCALL	L0402
	MOV	A,R2
	ANL	A,#07FH
	MOV	R2,A
	LCALL	L331B
	MOV	R0,#0A4H
	LCALL	L3327
	LCALL	L02B7
	MOV	DPTR,#L2E6B
	LCALL	L3537
	LCALL	L0203
	LCALL	L0343
	MOV	R0,#0A0H
	LCALL	L3275
	MOV	R1,#000H
	MOV	R2,#050H
	MOV	R3,#000H
	LCALL	L0499
	LCALL	L2EF3
	MOV	R0,#0A0H
	LCALL	L3327
	MOV	A,R2
	MOVX	@R1,A
	INC	R1
	MOV	A,R3
	MOVX	@R1,A
	INC	R1
	MOV	A,R4
	MOVX	@R1,A
	INC	R1
	MOV	A,R5
	MOVX	@R1,A
	MOV	DPTR,#L5000
	MOV	R7,#0FFH
	LCALL	L043E
	MOV	R7,#0FFH
	MOV	R1,#000H
	MOV	DPTR,#L5000
	LCALL	L0480
	MOV	R1,#0AEH
	CJNE	@R1,#005H,L24F7
	SETB	00DH
	MOV	DPTR,#L2DB5
	CLR	A
	MOVC	A,@A+DPTR
	MOV	084H,A
	INC	DPTR
	CLR	A
	MOVC	A,@A+DPTR
	MOV	085H,A
	LJMP	L189E
;
;
L24F7:	CLR	012H
	SETB	016H
	MOV	DPTR,#L324B
	LCALL	L2DD1
	LCALL	L2872
	LCALL	L2E00
	LCALL	L2E00
	LJMP	L189E
;
;
L250D:	MOV	R2,#050H
	MOV	R3,#014H
	LCALL	L046C
	LCALL	L0402
	PUSH	002H
	PUSH	003H
	PUSH	004H
	PUSH	005H
	MOV	R2,#050H
	MOV	R3,#00CH
	LCALL	L046C
	LCALL	L0402
	LCALL	L331B
	POP	005H
	POP	004H
	POP	003H
	POP	002H
	LCALL	L02B7
	MOV	DPTR,#L2E6B
	LCALL	L3537
	LCALL	L0203
	PUSH	002H
	PUSH	003H
	PUSH	004H
	PUSH	005H
	MOV	R0,#09CH
	LCALL	L3327
	LCALL	L0402
	LCALL	L331B
	POP	005H
	POP	004H
	POP	003H
	POP	002H
	LCALL	L02B7
	MOV	DPTR,#L2E6B
	LCALL	L3537
	LCALL	L0203
	LCALL	L0343
	MOV	R0,#0A0H
	LCALL	L3275
	MOV	R1,#000H
	MOV	R2,#050H
	MOV	R3,#000H
	LCALL	L0499
	MOV	R0,#0A0H
	LCALL	L3327
	MOV	R1,#02CH
	MOV	A,R2
	MOVX	@R1,A
	INC	R1
	MOV	A,R3
	MOVX	@R1,A
	INC	R1
	MOV	A,R4
	MOVX	@R1,A
	INC	R1
	MOV	A,R5
	MOVX	@R1,A
	MOV	DPTR,#L5000
	MOV	R7,#0FFH
	LCALL	L043E
	MOV	R7,#0FFH
	MOV	R1,#000H
	MOV	DPTR,#L5000
	LCALL	L0480
	CLR	00DH
	LCALL	L2D56
	LJMP	L24F7
;
;
L25A4:	LCALL	L3393
	MOV	A,DPL
	MOV	R7,A
	MOV	A,DPH
	MOV	R6,A
	LCALL	L33E5
	CLR	C
	MOV	A,DPL
	SUBB	A,R7
	MOV	R7,A
	JNZ	L25BD
	MOV	A,DPH
	SUBB	A,R6
	MOV	R6,A
	JZ	L2622
;
L25BD:	LCALL	L33E5
	MOV	R0,#0D7H
	MOV	A,DPH
	MOV	@R0,A
	INC	R0
	MOV	A,DPL
	MOV	@R0,A
	MOV	R0,#0B8H
	LCALL	L2EA6
	MOV	R0,#0D6H
	MOV	@R0,#000H
;
L25D2:	LCALL	L3393
	MOV	A,DPL
	MOV	R7,A
	MOV	A,DPH
	MOV	R6,A
	MOV	R0,#0D7H
	MOV	A,@R0
	MOV	DPH,A
	INC	R0
	MOV	A,@R0
	MOV	DPL,A
	CLR	C
	MOV	A,DPL
	SUBB	A,#004H
	MOV	DPL,A
	MOV	A,DPH
	SUBB	A,#000H
	MOV	DPH,A
	MOV	R1,#0D7H
	MOV	A,DPH
	MOV	@R1,A
	INC	R1
	MOV	A,DPL
	MOV	@R1,A
	CLR	C
	MOV	A,DPL
	SUBB	A,R7
	MOV	R7,A
	JNZ	L2607
	MOV	A,DPH
	SUBB	A,R6
	MOV	R6,A
	JZ	L2622
;
L2607:	LCALL	L2686
	LCALL	L0402
	LCALL	L331B
	MOV	R0,#0B8H
	LCALL	L3327
	LCALL	L0166
	MOV	R0,#0B8H
	LCALL	L3275
	MOV	R0,#0D6H
	INC	@R0
	SJMP	L25D2
;
L2622:	LCALL	L2686
	LCALL	L0402
	LCALL	L331B
	MOV	R0,#0B8H
	LCALL	L3327
	LCALL	L0166
	MOV	R0,#0B8H
	LCALL	L3275
	CLR	A
	MOV	R2,A
	MOV	R3,A
	MOV	R4,A
	MOV	R0,#0D6H
	MOV	A,@R0
	ADD	A,#001H
	MOV	R5,A
	LCALL	L0402
	LCALL	L331B
	MOV	R0,#0B8H
	LCALL	L3327
	LCALL	L02B7
	MOV	DPTR,#L2E83
	LCALL	L3537
	LCALL	L02B7
	LCALL	L0343
	LCALL	L32AE
	MOV	R0,#04FH
	LCALL	L3275
	MOV	R0,#053H
	MOV	R1,#052H
	LCALL	L347A
	MOV	R0,#05CH
	MOV	R1,#049H
	MOV	R7,#005H
;
L2671:	MOV	A,@R0
	ADD	A,#030H
	MOV	@R1,A
	DEC	R1
	DEC	R0
	DJNZ	R7,L2671
	MOV	R0,#044H
	MOV	@R0,#02BH
	JNB	002H,L2682
	MOV	@R0,#02DH
;
L2682:	ORL	04BH,#005H
	RET	
;
;
L2686:	MOVX	A,@DPTR
	MOV	R2,A
	INC	DPTR
	MOVX	A,@DPTR
	MOV	R3,A
	INC	DPTR
	MOVX	A,@DPTR
	MOV	R4,A
	INC	DPTR
	MOVX	A,@DPTR
	MOV	R5,A
	RET	
;
;
L2692:	CLR	C
	MOV	A,DPL
	SUBB	A,#004H
	MOV	DPL,A
	MOV	A,DPH
	SUBB	A,#000H
	MOV	DPH,A
	RET	
;
;
L26A0:	LJMP	L2742
;
;
L26A3:	LCALL	L3393
	MOV	A,DPL
	MOV	R7,A
	MOV	A,DPH
	MOV	R6,A
	LCALL	L33E5
	CLR	C
	MOV	A,DPL
	SUBB	A,R7
	MOV	R7,A
	JNZ	L26BC
	MOV	A,DPH
	SUBB	A,R6
	MOV	R6,A
	JZ	L26A0
;
L26BC:	LCALL	L33E5
	LCALL	L2692
	MOV	R0,#0B8H
	MOVX	A,@DPTR
	MOV	@R0,A
	INC	R0
	INC	DPTR
	MOVX	A,@DPTR
	MOV	@R0,A
	INC	R0
	INC	DPTR
	MOVX	A,@DPTR
	MOV	@R0,A
	INC	R0
	INC	DPTR
	MOVX	A,@DPTR
	MOV	@R0,A
	INC	DPTR
	MOV	R0,#0B8H
	LCALL	L3327
	LCALL	L0402
	MOV	R0,#0B8H
	LCALL	L3275
	LCALL	L2692
	MOV	R0,#0D7H
	MOV	A,DPH
	MOV	@R0,A
	INC	R0
	MOV	A,DPL
	MOV	@R0,A
	MOV	R0,#0D6H
	MOV	@R0,#000H
;
L26F0:	LCALL	L3393
	MOV	A,DPL
	MOV	R7,A
	MOV	A,DPH
	MOV	R6,A
	MOV	R0,#0D7H
	MOV	A,@R0
	MOV	DPH,A
	INC	R0
	MOV	A,@R0
	MOV	DPL,A
	CLR	C
	MOV	A,DPL
	SUBB	A,#004H
	MOV	DPL,A
	MOV	A,DPH
	SUBB	A,#000H
	MOV	DPH,A
	MOV	R1,#0D7H
	MOV	A,DPH
	MOV	@R1,A
	INC	R1
	MOV	A,DPL
	MOV	@R1,A
	CLR	C
	MOV	A,DPL
	SUBB	A,R7
	MOV	R7,A
	JNZ	L2725
	MOV	A,DPH
	SUBB	A,R6
	MOV	R6,A
	JZ	L2742
;
L2725:	MOV	R0,#0B8H
	LCALL	L3327
	LCALL	L331B
	LCALL	L2686
	LCALL	L0402
	LCALL	L01D6
	JNC	L273D
	MOV	R0,#0B8H
	LCALL	L3275
;
L273D:	MOV	R0,#0D6H
	INC	@R0
	SJMP	L26F0
;
L2742:	MOV	R0,#0B8H
	LCALL	L3327
	LCALL	L331B
	LCALL	L2686
	LCALL	L0402
	LCALL	L01D6
	JNC	L275A
	MOV	R0,#0B8H
	LCALL	L3275
;
L275A:	MOV	R0,#0B8H
	LCALL	L3327
	MOV	DPTR,#L2E83
	LCALL	L3537
	LCALL	L02B7
	LCALL	L0343
	LCALL	L32AE
	MOV	R0,#04FH
	LCALL	L3275
	MOV	R0,#053H
	MOV	R1,#052H
	LCALL	L347A
	MOV	R0,#05CH
	MOV	R1,#049H
	MOV	R7,#005H
;
L2780:	MOV	A,@R0
	ADD	A,#030H
	MOV	@R1,A
	DEC	R1
	DEC	R0
	DJNZ	R7,L2780
	MOV	R0,#044H
	MOV	@R0,#02BH
	JNB	002H,L2791
	MOV	@R0,#02DH
;
L2791:	ORL	04BH,#005H
	RET	
;
;
L2795:	LJMP	L2837
;
;
L2798:	LCALL	L3393
	MOV	A,DPL
	MOV	R7,A
	MOV	A,DPH
	MOV	R6,A
	LCALL	L33E5
	CLR	C
	MOV	A,DPL
	SUBB	A,R7
	MOV	R7,A
	JNZ	L27B1
	MOV	A,DPH
	SUBB	A,R6
	MOV	R6,A
	JZ	L2795
;
L27B1:	LCALL	L33E5
	LCALL	L2692
	MOV	R0,#0B8H
	MOVX	A,@DPTR
	MOV	@R0,A
	INC	R0
	INC	DPTR
	MOVX	A,@DPTR
	MOV	@R0,A
	INC	R0
	INC	DPTR
	MOVX	A,@DPTR
	MOV	@R0,A
	INC	R0
	INC	DPTR
	MOVX	A,@DPTR
	MOV	@R0,A
	INC	DPTR
	MOV	R0,#0B8H
	LCALL	L3327
	LCALL	L0402
	MOV	R0,#0B8H
	LCALL	L3275
	LCALL	L2692
	MOV	R0,#0D7H
	MOV	A,DPH
	MOV	@R0,A
	INC	R0
	MOV	A,DPL
	MOV	@R0,A
	MOV	R0,#0D6H
	MOV	@R0,#000H
;
L27E5:	LCALL	L3393
	MOV	A,DPL
	MOV	R7,A
	MOV	A,DPH
	MOV	R6,A
	MOV	R0,#0D7H
	MOV	A,@R0
	MOV	DPH,A
	INC	R0
	MOV	A,@R0
	MOV	DPL,A
	CLR	C
	MOV	A,DPL
	SUBB	A,#004H
	MOV	DPL,A
	MOV	A,DPH
	SUBB	A,#000H
	MOV	DPH,A
	MOV	R1,#0D7H
	MOV	A,DPH
	MOV	@R1,A
	INC	R1
	MOV	A,DPL
	MOV	@R1,A
	CLR	C
	MOV	A,DPL
	SUBB	A,R7
	MOV	R7,A
	JNZ	L281A
	MOV	A,DPH
	SUBB	A,R6
	MOV	R6,A
	JZ	L2837
;
L281A:	MOV	R0,#0B8H
	LCALL	L3327
	LCALL	L331B
	LCALL	L2686
	LCALL	L0402
	LCALL	L01D6
	JC	L2832
	MOV	R0,#0B8H
	LCALL	L3275
;
L2832:	MOV	R0,#0D6H
	INC	@R0
	SJMP	L27E5
;
L2837:	MOV	R0,#0B8H
	LCALL	L3327
	LCALL	L331B
	LCALL	L2686
	LCALL	L0402
	LCALL	L01D6
	JC	L284F
	MOV	R0,#0B8H
	LCALL	L3275
;
L284F:	LJMP	L275A
;
	MOV	R0,#0CFH
	LCALL	L3327
	MOV	DPTR,#L2E53
	LCALL	L3537
	LCALL	L01D1
	MOV	R0,#0CFH
	LCALL	L3275
	RET	
;
;
L2866:	MOV	A,0DAH
	ANL	A,#0BFH
	MOV	0DAH,A
	MOV	T2CON,#000H
	CLR	ET2
	RETI	
;
;
L2872:	MOV	A,0E7H
	MOV	R2,A
	MOV	0E7H,#000H
	LCALL	L3089
	MOV	R0,#040H
	MOV	R7,#00CH
;
L287F:	CLR	P0.7
	MOV	A,@R0
	MOV	09BH,A
;
L2884:	JB	0FBH,L2884
	SETB	P0.7
	LCALL	L3333
	INC	R0
	DJNZ	R7,L287F
	MOV	A,R2
	MOV	0E7H,A
	RET	
;
;
L2893:	PUSH	PSW
	PUSH	ACC
	MOV	A,024H
	JZ	L28B2
	CLR	C
	SUBB	A,#001H
	JC	L28B4
	JNB	TI,L28B1
	CLR	TI
	MOV	024H,A
	MOV	001H,026H
	MOV	A,@R1
	INC	026H
	MOV	SBUF,A
	SJMP	L28B4
;
L28B1:	NOP	
;
L28B2:	CLR	TI
;
L28B4:	MOV	A,025H
	CLR	C
	SUBB	A,#003H
	JC	L28C5
;
L28BB:	MOV	025H,#000H
	MOV	027H,#0DBH
	SETB	01DH
	SJMP	L28DA
;
L28C5:	JNB	RI,L28DA
	CLR	RI
	MOV	A,SBUF
	MOV	R1,027H
	MOV	@R1,A
	INC	027H
	INC	025H
	MOV	A,025H
	CJNE	A,#003H,L28DA
	SJMP	L28BB
;
L28DA:	POP	ACC
	POP	PSW
	RETI	
;
;
L28DF:	MOV	04EH,#07FH
	MOV	R0,#0DBH
	CJNE	@R0,#042H,L28E9
	SJMP	L28EC
;
L28E9:	LJMP	L297D
;
;
L28EC:	INC	R0
	CJNE	@R0,#000H,L28F5
	CLR	01EH
	LJMP	L2C15
;
;
L28F5:	CJNE	@R0,#001H,L2920
	SETB	01EH
	LJMP	L2C15
;
	MOV	R0,#09AH
	MOV	A,@R0
	CJNE	A,#006H,L2910
	SETB	00CH
	MOV	IE,#080H
	MOV	024H,#0C8H
	CLR	01EH
	LJMP	L2C15
;
;
L2910:	CJNE	A,#005H,L291D
	SETB	00CH
	MOV	IE,#080H
	MOV	024H,#0C8H
	CLR	01EH
;
L291D:	LJMP	L2C15
;
;
L2920:	MOV	R0,#0F4H
	CLR	EA
	MOV	A,#00AH
	MOV	@R0,A
	INC	R0
	MOV	R1,#0AEH
	MOV	A,@R1
	MOV	@R0,A
	INC	R0
	MOV	R1,#09AH
	MOV	A,@R1
	MOV	@R0,A
	INC	R0
	MOV	R1,#038H
	MOV	A,@R1
	MOV	@R0,A
	INC	R0
	MOV	R1,#0AFH
	MOV	A,@R1
	MOV	@R0,A
	INC	R0
	MOV	A,020H
	JNB	00FH,L2945
	ORL	A,#080H
	SJMP	L2947
;
L2945:	ANL	A,#07FH
;
L2947:	JNB	018H,L294E
	ORL	A,#001H
	SJMP	L2950
;
L294E:	ANL	A,#0FEH
;
L2950:	MOV	@R0,A
	INC	R0
	MOV	R1,#0CDH
	MOV	A,@R1
	MOV	@R0,A
	INC	R0
	INC	R1
	MOV	A,@R1
	MOV	@R0,A
	INC	R0
	MOV	R1,#0BCH
	MOV	A,@R1
	MOV	R2,A
	INC	R1
	MOV	A,@R1
	MOV	R3,A
	INC	R1
	MOV	A,@R1
	MOV	R4,A
	INC	R1
	MOV	A,@R1
	MOV	R5,A
	LCALL	L0343
	MOV	A,R4
	MOV	@R0,A
	INC	R0
	MOV	A,R5
	MOV	@R0,A
	INC	R0
	MOV	A,#00AH
	MOV	@R0,A
	MOV	026H,#0F4H
	MOV	024H,#00BH
	LJMP	L2C15
;
;
L297D:	CJNE	@R0,#04CH,L2997
	INC	R0
	MOV	A,@R0
	CLR	C
	SUBB	A,#00AH
	JNC	L2991
	MOV	A,@R0
	MOV	R0,#0AEH
	MOV	@R0,A
	LCALL	L2D56
	LJMP	L2C15
;
;
L2991:	MOV	04EH,#07DH
	LJMP	L2C15
;
;
L2997:	CJNE	@R0,#054H,L299C
	SJMP	L299F
;
L299C:	LJMP	L2A52
;
;
L299F:	INC	R0
	MOV	A,@R0
	CLR	C
	SUBB	A,#006H
	JC	L29A9
	LJMP	L2A72
;
;
L29A9:	MOV	A,@R0
	INC	A
	MOV	R0,#09AH
	MOV	@R0,A
	CJNE	A,#006H,L29EA
	MOV	R1,#0B7H
	MOV	@R1,#000H
	LCALL	L2DB7
	MOV	R1,#04AH
	MOV	A,@R1
	ANL	A,#08EH
	ORL	A,#010H
	MOV	@R1,A
	LCALL	L2872
	MOV	R0,#09AH
	MOV	DPTR,#L1A4F
	MOV	R1,#0B7H
	MOV	A,@R1
	MOVC	A,@A+DPTR
	MOV	@R0,A
	LCALL	L2F66
	LCALL	L342A
	LCALL	L2D56
	LCALL	L3281
	SETB	004H
	CLR	010H
	ANL	04AH,#08FH
	CLR	C
	MOV	R1,#0AFH
	MOV	@R1,#001H
	CLR	00CH
	LJMP	L2C15
;
;
L29EA:	CJNE	A,#005H,L2A26
	MOV	R1,#0B7H
	MOV	@R1,#001H
	LCALL	L2DB7
	MOV	R1,#04AH
	MOV	A,@R1
	ANL	A,#000H
	ORL	A,#010H
	MOV	@R1,A
	LCALL	L2872
	MOV	R0,#09AH
	MOV	DPTR,#L1A4F
	MOV	R1,#0B7H
	MOV	A,@R1
	MOVC	A,@A+DPTR
	MOV	@R0,A
	LCALL	L2F66
	LCALL	L342A
	LCALL	L2D56
	LCALL	L3281
	SETB	004H
	CLR	010H
	ANL	04AH,#08FH
	CLR	C
	MOV	R1,#0AFH
	MOV	@R1,#001H
	CLR	00CH
	LJMP	L2C15
;
;
L2A26:	MOV	R0,#09AH
	MOV	DPTR,#L1A4F
	MOV	R1,#0B7H
	CJNE	@R0,#004H,L2A34
	MOV	@R1,#002H
	SJMP	L2A44
;
L2A34:	CJNE	@R0,#003H,L2A3B
	MOV	@R1,#003H
	SJMP	L2A44
;
L2A3B:	CJNE	@R0,#002H,L2A42
	MOV	@R1,#004H
	SJMP	L2A44
;
L2A42:	MOV	@R1,#005H
;
L2A44:	MOV	A,@R1
	MOVC	A,@A+DPTR
	MOV	@R0,A
	LCALL	L2F66
	LCALL	L342A
	CLR	00CH
	LJMP	L2C15
;
;
L2A52:	CJNE	@R0,#052H,L2A9A
	INC	R0
	MOV	A,@R0
	ANL	A,#003H
	CJNE	A,#000H,L2A61
	CLR	006H
	LJMP	L2C15
;
;
L2A61:	CJNE	A,#001H,L2A69
	SETB	006H
	LJMP	L2C15
;
;
L2A69:	CJNE	A,#003H,L2A72
	MOV	04EH,#07DH
	LJMP	L2C15
;
;
L2A72:	MOV	A,@R0
	CLR	C
	RRC	A
	CLR	C
	RRC	A
	PUSH	002H
	PUSH	003H
	PUSH	004H
	PUSH	005H
	MOV	R4,A
	INC	R0
	MOV	A,@R0
	MOV	R5,A
	MOV	R3,#000H
	MOV	R2,#000H
	LCALL	L0402
	MOV	R0,#0BCH
	LCALL	L3275
	POP	005H
	POP	004H
	POP	003H
	POP	002H
	LJMP	L2C15
;
;
L2A9A:	CJNE	@R0,#048H,L2AAC
	INC	R0
	MOV	A,@R0
	CLR	C
	SUBB	A,#003H
	JNC	L2A72
	MOV	A,@R0
	INC	A
	MOV	R0,#0AFH
	MOV	@R0,A
	LJMP	L2C15
;
;
L2AAC:	CJNE	@R0,#041H,L2ABD
	INC	R0
	CJNE	@R0,#000H,L2AB8
	CLR	005H
	LJMP	L2C15
;
;
L2AB8:	SETB	005H
	LJMP	L2C15
;
;
L2ABD:	CJNE	@R0,#051H,L2AED
	INC	R0
	CJNE	@R0,#001H,L2AD6
	SETB	00FH
	MOV	R0,#09CH
	LCALL	L3327
	MOV	R0,#06AH
	LCALL	L3275
	LCALL	L2D56
	LJMP	L2C15
;
;
L2AD6:	CJNE	@R0,#002H,L2A72
	SETB	EA
	CLR	01DH
	CLR	00FH
	MOV	DPTR,#L2E2B
	LCALL	L3515
	MOV	R0,#06AH
	LCALL	L3275
	LJMP	L2C15
;
;
L2AED:	CJNE	@R0,#04BH,L2B0A
	INC	R0
	CJNE	@R0,#000H,L2AFC
	MOV	R1,#0C4H
	MOV	A,#001H
	MOV	@R1,A
	LJMP	L2C15
;
;
L2AFC:	MOV	R1,#0C4H
	CLR	A
	MOV	@R1,A
	MOV	R0,#098H
	MOV	@R0,#000H
	INC	R0
	MOV	@R0,#019H
	LJMP	L2C15
;
;
L2B0A:	CJNE	@R0,#049H,L2B1E
	INC	R0
	CJNE	@R0,#000H,L2B20
	SETB	018H
	MOV	A,04EH
	MOV	SBUF,A
	CLR	01DH
	SETB	01FH
	LJMP	L1382
;
;
L2B1E:	SJMP	L2B33
;
L2B20:	CJNE	@R0,#001H,L2B30
	CLR	018H
	MOV	A,04EH
	MOV	SBUF,A
	CLR	01DH
	SETB	01FH
	LJMP	L1382
;
;
L2B30:	LJMP	L2C15
;
;
L2B33:	CJNE	@R0,#053H,L2B36
;
L2B36:	CJNE	@R0,#04DH,L2B53
	INC	R0
	MOV	A,@R0
	ANL	A,#007H
	CJNE	A,#005H,L2B56
	MOV	A,@R0
	CLR	C
	RRC	A
	CLR	C
	RRC	A
	CLR	C
	RRC	A
	MOV	R1,#038H
	MOV	@R1,A
	LCALL	L3393
	LCALL	L33B1
	LJMP	L2C15
;
;
L2B53:	LJMP	L2C0A
;
;
L2B56:	CLR	C
	SUBB	A,#006H
	JNC	L2B62
	MOV	A,@R0
	CJNE	@R0,#000H,L2B68
	LJMP	L2C1E
;
;
L2B62:	MOV	04EH,#07DH
	LJMP	L2C15
;
;
L2B68:	CJNE	@R0,#003H,L2B76
	CLR	00AH
	ANL	04BH,#0FDH
	LCALL	L2872
	LJMP	L2C15
;
;
L2B76:	CJNE	@R0,#002H,L2B8B
	SETB	00AH
	MOV	R1,#0D5H
	MOV	@R1,#000H
	INC	R1
	MOV	@R1,#0C7H
	ORL	04BH,#002H
	LCALL	L2872
	LJMP	L2C15
;
;
L2B8B:	CJNE	@R0,#004H,L2BF8
	LCALL	L3393
	LCALL	L33B1
	CLR	EA
	MOV	024H,#0FBH
	MOV	SBUF,#07FH
;
L2B9C:	JNB	TI,L2B9C
	CLR	TI
	MOV	SBUF,#00AH
;
L2BA4:	LCALL	L3418
	MOV	R1,#0D8H
	MOV	A,DPL
	MOV	@R1,A
	MOV	A,DPH
	DEC	R1
	MOV	@R1,A
	MOV	DPTR,#L2E2F
	LCALL	L3537
	LCALL	L32A4
	LCALL	L32AE
	MOV	R0,#09CH
;
L2BBE:	JNB	TI,L2BBE
	CLR	TI
	MOV	SBUF,@R0
	INC	R0
;
L2BC6:	JNB	TI,L2BC6
	CLR	TI
	MOV	SBUF,@R0
	INC	R0
;
L2BCE:	JNB	TI,L2BCE
	CLR	TI
	MOV	SBUF,@R0
	INC	R0
;
L2BD6:	JNB	TI,L2BD6
	CLR	TI
	MOV	SBUF,@R0
	MOV	SBUF,#00AH
;
L2BE0:	JNB	TI,L2BE0
	CLR	TI
	MOV	SBUF,#00AH
	MOV	R1,#0D8H
	MOV	A,@R1
	MOV	DPL,A
	DEC	R1
	MOV	A,@R1
	MOV	DPH,A
	DJNZ	024H,L2BA4
	SETB	EA
	SJMP	L2C15
;
L2BF8:	CLR	EA
	MOV	A,@R0
	CLR	C
	RRC	A
	CLR	C
	RRC	A
	CLR	C
	RRC	A
	MOV	R1,#0CDH
	MOV	@R1,A
	INC	R0
	INC	R1
	MOV	A,@R0
	MOV	@R1,A
	SJMP	L2C15
;
L2C0A:	CJNE	@R0,#07FH,L2C12
	MOV	SBUF,#07FH
	SJMP	L2C15
;
L2C12:	MOV	04EH,#07EH
;
L2C15:	MOV	A,04EH
	MOV	SBUF,A
	SETB	EA
	CLR	01DH
	RET	
;
;
L2C1E:	CLR	EA
	LCALL	L3393
	MOV	R1,#0B8H
	MOV	@R1,#003H
	INC	R1
	MOV	@R1,#020H
;
L2C2A:	CLR	A
	MOVX	@DPTR,A
	INC	DPTR
	MOV	R1,#0B9H
	LCALL	L3378
	MOV	R0,#0B8H
	MOV	A,@R0
	JNB	ACC.7,L2C2A
	LCALL	L3393
	LCALL	L33B1
	SJMP	L2C15
	CLR	EA
	MOV	A,038H
	CJNE	A,#001H,L2C5E
	MOV	R1,#0D3H
;
L2C49:	MOV	A,DPH
	MOV	@R1,A
	INC	R1
	MOV	A,DPL
	MOV	@R1,A
	MOV	R1,#0D6H
	LCALL	L3378
	MOV	R0,#0D5H
	MOV	A,@R0
	JNB	ACC.7,L2C5D
	CLR	00EH
;
L2C5D:	RET	
;
;
L2C5E:	CJNE	A,#002H,L2C65
	MOV	R1,#0C0H
	SJMP	L2C49
;
L2C65:	CJNE	A,#003H,L2C6C
	MOV	R1,#0C2H
	SJMP	L2C49
;
L2C6C:	MOV	R1,#0D9H
	SJMP	L2C49
;
L2C70:	CLR	ES
;
L2C72:	MOV	SBUF,#055H
;
L2C75:	JNB	TI,L2C75
	MOV	R0,#0B8H
	MOV	@R0,#0BEH
;
L2C7C:	JNB	RI,L2CA4
	MOV	A,SBUF
	CJNE	A,#055H,L2C96
;
L2C84:	CLR	TI
	CLR	RI
	MOV	R5,#00AH
	MOV	R0,#040H
;
L2C8C:	MOV	@R0,#02DH
	INC	R0
	DJNZ	R5,L2C8C
	LCALL	L2872
	SJMP	L2C72
;
L2C96:	MOV	039H,#033H
	LCALL	L30A7
	LCALL	L2872
	LCALL	L2E0D
	SJMP	L2C84
;
L2CA4:	MOV	R0,#0B8H
	CJNE	@R0,#000H,L2CAB
	SJMP	L2CAE
;
L2CAB:	DEC	@R0
	SJMP	L2C7C
;
L2CAE:	LCALL	L2DF7
	CLR	TI
	MOV	039H,#033H
	LCALL	L30A7
	LCALL	L2872
	LCALL	L2E0D
	SJMP	L2C72
	MOV	R2,#008H
;
L2CC3:	SETB	P1.7
	RLC	A
	MOV	P1.6,C
	LCALL	L2CEC
	CLR	P1.7
	LCALL	L2CEC
	DJNZ	R2,L2CC3
	SETB	P1.6
	RET	
;
	MOV	R2,#008H
;
L2CD7:	SETB	P1.7
	LCALL	L2CEC
	CLR	P1.7
	MOV	C,P1.6
	RLC	A
	LCALL	L2CEC
	DJNZ	R2,L2CD7
	RET	
;
	MOV	R6,#030H
;
L2CE9:	DJNZ	R6,L2CE9
	RET	
;
;
L2CEC:	MOV	R6,#010H
;
L2CEE:	DJNZ	R6,L2CEE
	RET	
;
	CLR	C
	MOV	P3.1,C
	MOV	P2,A
	SETB	P3.3
	LCALL	L2DE9
	CLR	P3.3
	MOV	P2,#0FFH
	RET	
;
;
L2D01:	CLR	C
	MOV	P3.1,C
	SETB	P3.2
	SETB	P3.3
	LCALL	L2DE9
	MOV	A,P2
	CLR	P3.3
	CLR	P3.2
	RET	
;
;
L2D12:	LCALL	L2D01
	JB	ACC.7,L2D12
	RET	
;
;
L2D19:	MOV	R2,#008H
;
L2D1B:	CLR	P1.7
	LCALL	L2CEC
	MOV	C,P1.4
	RLC	A
	SETB	P1.7
	LCALL	L2CEC
	DJNZ	R2,L2D1B
	RET	
;
;
L2D2B:	MOV	A,@R0
	MOV	R4,A
	INC	R0
	MOV	A,@R0
	MOV	R5,A
	MOV	R3,#000H
	MOV	R2,#000H
	MOV	008H,#000H
	MOV	009H,#000H
	LCALL	L34FF
	RET	
;
;
L2D3E:	MOV	A,@R1
	MOV	R4,A
	INC	R1
	MOV	A,@R1
	MOV	R5,A
	CLR	002H
	CLR	003H
	MOV	DPTR,#L2E4B
	LCALL	L3537
	LCALL	L36EF
	MOV	A,R5
	MOV	@R1,A
	DEC	R1
	MOV	A,R4
	MOV	@R1,A
	RET	
;
;
L2D56:	JB	015H,L2D8C
	MOV	R1,#0AEH
	MOV	A,@R1
	RL	A
	MOV	R4,A
	MOV	DPTR,#L2D9D
	MOVC	A,@A+DPTR
	MOV	R2,A
	MOV	A,084H
	ANL	A,#001H
	ORL	A,R2
	MOV	084H,A
	INC	R4
	MOV	A,R4
	MOVC	A,@A+DPTR
	MOV	R3,A
	MOV	A,085H
	ANL	A,#001H
	ORL	A,R3
	MOV	085H,A
	MOV	R1,#09AH
	CJNE	@R1,#001H,L2D88
	MOV	R1,#0AEH
	MOV	A,#005H
	CLR	C
	SUBB	A,@R1
	JNC	L2D88
	MOV	A,084H
	ORL	A,#002H
	MOV	084H,A
;
L2D88:	LCALL	L148F
	RET	
;
;
L2D8C:	LCALL	L2FD1
	RET	
;
;
L2D90:	CLR	A
	CLR	A
	MOVC	A,@A+DPTR
	MOV	R3,A
	MOV	A,085H
	ANL	A,#0BFH
	ORL	A,R3
	MOV	085H,A
	RET	
;
;
L2D9C:	SJMP	L2D26
	XCHD	A,@R0
	MOV	0F6H,R0
	MOV	0D6H,R0
	MOV	0F6H,R0
	SUBB	A,R2
	XCHD	A,@R0
	SUBB	A,R2
	MOV	@R0,A
	MOV	R4,0D6H
	MOV	R4,0F6H
	XCH	A,R0
	XCHD	A,@R0
	XCH	A,R0
	MOV	@R0,A
;
L2DB1:	XRL	A,@R0
	MOV	A,@R0
;
L2DB3:	RETI	
;
	MOV	A,@R0
;
L2DB5:	DEC	R0
	MOV	A,R6
;
L2DB7:	MOV	R1,#0B7H
;
L2DB9:	MOV	R0,#040H
	MOV	R3,#00AH
	MOV	B,#00AH
	MOV	A,@R1
	MUL	AB
	MOV	R4,A
	MOV	DPTR,#L30B1
;
L2DC6:	MOVC	A,@A+DPTR
	MOV	@R0,A
	INC	R0
	INC	R4
	MOV	A,R4
	DJNZ	R3,L2DC6
	ANL	04BH,#003H
	RET	
;
;
L2DD1:	MOV	R3,#00AH
	MOV	R0,#040H
;
L2DD5:	CLR	A
	MOVC	A,@A+DPTR
	MOV	@R0,A
	INC	R0
	INC	DPTR
	DJNZ	R3,L2DD5
	ANL	04BH,#003H
	RET	
;
	MOV	R1,#078H
;
L2DE2:	MOV	R2,#002H
;
L2DE4:	DJNZ	R2,L2DE4
	DJNZ	R1,L2DE2
	RET	
;
;
L2DE9:	MOV	R3,#08BH
;
L2DEB:	DJNZ	R3,L2DEB
	RET	
;
;
L2DEE:	MOV	R1,#0FAH
;
L2DF0:	MOV	R2,#0EDH
;
L2DF2:	DJNZ	R2,L2DF2
	DJNZ	R1,L2DF0
	RET	
;
;
L2DF7:	MOV	R1,#010H
;
L2DF9:	MOV	R2,#0EDH
;
L2DFB:	DJNZ	R2,L2DFB
	DJNZ	R1,L2DF9
	RET	
;
;
L2E00:	MOV	R5,#01FH
;
L2E02:	MOV	R6,#0FFH
;
L2E04:	MOV	R7,#0FFH
;
L2E06:	DJNZ	R7,L2E06
	DJNZ	R6,L2E04
	DJNZ	R5,L2E02
	RET	
;
;
L2E0D:	MOV	R5,#003H
;
L2E0F:	MOV	R6,#0FFH
;
L2E11:	MOV	R7,#0FFH
;
L2E13:	DJNZ	R7,L2E13
	DJNZ	R6,L2E11
	DJNZ	R5,L2E0F
	RET	
;
;
L2E1A:	MOV	R5,#00DH
;
L2E1C:	MOV	R6,#0FFH
;
L2E1E:	MOV	R7,#0FFH
;
L2E20:	DJNZ	R7,L2E20
	DJNZ	R6,L2E1E
	DJNZ	R5,L2E1C
	RET	
;
;
L2E27:	NOP	
	NOP	
	INC	@R1
	MOV	R7,A
;
L2E2B:	NOP	
	NOP	
	NOP	
	NOP	
;
L2E2F:	NOP	
	NOP	
	NOP	
	INC	R2
;
L2E33:	NOP	
	NOP	
	NOP	
	INC	000H
	NOP	
	NOP	
	INC	A
	NOP	
	NOP	
	RR	A
	CJNE	R1,#000H,L2E41
;
L2E41:	RR	A
	MOV	A,R0
;
L2E43:	NOP	
	NOP	
;
L2E45:	NOP	
	XRL	A,#000H
	NOP	
	NOP	
	LJMP	L0000
;
	NOP	
	AJMP	L2849
;
	MOV	A,#024H
	NOP	
;
L2E53:	ADDC	A,R7
	SJMP	L2E56
;
L2E56:	NOP	
;
L2E57:	JC	L2E59
;
L2E59:	NOP	
	NOP	
;
L2E5B:	JC	L2DDD
	NOP	
	NOP	
	JC	L2E01
	NOP	
	NOP	
;
L2E63:	JC	L2E45
	NOP	
	NOP	
	ADDC	A,R7
	MOV	A,#01EH
	DJNZ	R7,L2EB3
	CLR	C
	JNC	L2E6F
;
L2E6F:	ADDC	A,R7
	SJMP	L2E75
	ORL	A,@R1
;
L2E73:	ORL	A,R0
	ORL	050H,#000H
;
L2E77:	ORL	A,R0
	ANL	A,@R0
	DJNZ	R0,L2E7B
;
L2E7B:	ORL	A,R0
	ANL	A,@R0
	DJNZ	R0,L2E7F
;
L2E7F:	ORL	A,@R0
	DEC	R4
	JC	L2E83
;
L2E83:	AJMP	L2A20
;
	NOP	
	NOP	
;
L2E87:	ORL	A,R0
	MOV	A,#024H
	NOP	
;
L2E8B:	NOP	
	AJMP	L2886
;
	ORL	C,/000H
	NOP	
	RR	A
	JB	000H,L2E95
;
L2E95:	AJMP	L2850
;
	PUSH	040H
	NOP	
	NOP	
;
L2E9B:	CLR	C
	MOV	A,@R1
	SUBB	A,#005H
	MOV	@R1,A
	DEC	R1
	MOV	A,@R1
	SUBB	A,#000H
	MOV	@R1,A
	RET	
;
;
L2EA6:	MOV	R7,#004H
	CLR	A
;
L2EA9:	MOV	@R0,A
	INC	R0
	DJNZ	R7,L2EA9
	RET	
;
;
L2EAE:	CLR	A
;
L2EAF:	MOV	@R0,A
	INC	R0
	DJNZ	R7,L2EAF
;
L2EB3:	RET	
;
	MOV	R0,#048H
	MOV	R1,#05CH
	MOV	R7,#002H
;
L2EBA:	CLR	C
	MOV	A,@R0
	SUBB	A,#030H
	MOV	@R1,A
	DEC	R0
	DEC	R1
	DJNZ	R7,L2EBA
	RET	
;
	MOV	R0,#049H
	MOV	R1,#05CH
	MOV	R7,#006H
;
L2ECA:	CLR	C
	MOV	A,@R0
	SUBB	A,#030H
	MOV	@R1,A
	DEC	R0
	DEC	R1
	DJNZ	R7,L2ECA
	RET	
;
;
L2ED4:	MOV	R0,#049H
	MOV	R1,#05CH
	MOV	R7,#003H
;
L2EDA:	CLR	C
	MOV	A,@R0
	SUBB	A,#030H
	MOV	@R1,A
	DEC	R0
	DEC	R1
	DJNZ	R7,L2EDA
	RET	
;
;
L2EE4:	MOV	R1,#0AEH
	MOV	A,@R1
	RL	A
	MOV	R4,A
	MOV	DPTR,#L2EFA
	MOVC	A,@A+DPTR
	MOV	R2,A
	INC	DPTR
	MOV	A,R4
	MOVC	A,@A+DPTR
	MOV	R3,A
	RET	
;
;
L2EF3:	MOV	R1,#0AEH
	MOV	A,@R1
	RL	A
	RL	A
	MOV	R1,A
	RET	
;
;
L2EFA:	JNC	L2EFC
;
L2EFC:	JNC	L2F02
	JNC	L2F08
	JNC	L2F0E
;
L2F02:	JNC	L2F14
	JNC	L2F1A
	JNC	L2F20
;
L2F08:	JNC	L2F26
	JNC	L2F2C
	JNC	L2F32
;
L2F0E:	JNC	L2F38
	JNC	L2F3E
	NOP	
	AJMP	L2886
;
	ORL	C,/EX1
	INC	R0
	MOV	R3,009H
;
L2F1A:	MOV	R4,00AH
	MOV	R5,00BH
	RET	
;
;
L2F1F:	MOV	R0,#047H
	MOV	R1,#05CH
	MOV	R7,#004H
;
L2F25:	CLR	C
;
L2F26:	MOV	A,@R0
	SUBB	A,#030H
	MOV	@R1,A
	DEC	R0
	DEC	R1
;
L2F2C:	DJNZ	R7,L2F25
	RET	
;
;
L2F2F:	MOV	R0,#048H
	MOV	R1,#05CH
	MOV	R7,#005H
;
L2F35:	CLR	C
	MOV	A,@R0
	SUBB	A,#030H
	MOV	@R1,A
	DEC	R0
	DEC	R1
	DJNZ	R7,L2F35
;
L2F3E:	CLR	01BH
	MOV	A,043H
	CJNE	A,#02DH,L2F47
	SETB	01BH
;
L2F47:	RET	
;
;
L2F48:	ORL	A,R6
	XRL	A,R6
	XRL	A,R2
	MOV	R0,043H
	MOV	R2,A
	NOP	
	NOP	
;
L2F50:	ORL	A,R0
	ANL	A,@R0
	DJNZ	R0,L2F54
;
L2F54:	ORL	A,R1
	MOV	A,#024H
	NOP	
;
L2F58:	NOP	
	NOP	
	JZ	L2F5C
;
L2F5C:	JZ	L2F5E
;
L2F5E:	JZ	L2F61
	JZ	L2F63
	JZ	L2F65
	RRC	A
;
L2F65:	RLC	A
;
L2F66:	MOV	R1,#09AH
	MOV	DPTR,#L2F58
	MOV	A,@R1
	RL	A
	MOV	R7,A
	MOVC	A,@A+DPTR
	MOV	R4,A
	INC	R7
	MOV	A,R7
	MOVC	A,@A+DPTR
	MOV	R5,A
	RET	
;
;
L2F75:	MOV	R0,#052H
	MOV	A,@R0
	MOV	R2,A
	DEC	R0
	MOV	A,@R0
	MOV	R3,A
	DEC	R0
	MOV	A,@R0
	MOV	R4,A
	DEC	R0
	MOV	A,@R0
	MOV	R5,A
	RET	
;
	MOV	R0,#0AEH
	MOV	A,@R0
	MOV	DPTR,#L2FA1
	MOV	B,#004H
	MUL	AB
	MOV	R7,A
	MOVC	A,@A+DPTR
	MOV	008H,A
	INC	DPTR
	MOV	A,R7
	MOVC	A,@A+DPTR
	MOV	009H,A
	INC	DPTR
	MOV	A,R7
	MOVC	A,@A+DPTR
	MOV	00AH,A
	INC	DPTR
	MOV	A,R7
	MOVC	A,@A+DPTR
	MOV	00BH,A
	RET	
;
;
L2FA1:	ADDC	A,R7
	JNC	L300F
	MOV	R3,#03FH
	JNC	L3027
	XCH	A,R4
	ADDC	A,R7
	ORL	A,R7
	SUBB	A,R5
	INC	R3
	ADDC	A,R7
	ORL	A,R7
	MOV	A,R0
	XRL	A,R1
	ADDC	A,R7
	JNC	L2FDD
	ORL	A,R2
	ADDC	A,R7
	JNC	L301B
	SUBB	A,R6
	ADDC	A,R7
	ORL	A,R3
	XCH	A,R1
	MOVX	@DPTR,A
	ADDC	A,R7
	ORL	A,R4
	INC	@R0
	ADDC	A,R3
	ADDC	A,R7
	JNC	L2FB3
	DJNZ	R5,L3005
	ACALL	L2A2A
	DJNZ	R1,L2FCA
;
L2FCA:	NOP	
	NOP	
	ADDC	A,R1
;
L2FCD:	NOP	
	NOP	
	NOP	
	DEC	A
;
L2FD1:	MOV	R0,#0B1H
	CJNE	@R0,#021H,L2FE3
	MOV	DPTR,#L2DB1
;
L2FD9:	CLR	A
	MOVC	A,@A+DPTR
	MOV	084H,A
;
L2FDD:	INC	DPTR
	CLR	A
	MOVC	A,@A+DPTR
	MOV	085H,A
	RET	
;
;
L2FE3:	CJNE	@R0,#022H,L2FEB
	MOV	DPTR,#L2DB3
	SJMP	L2FD9
;
L2FEB:	MOV	DPTR,#L2DB5
	SJMP	L2FD9
;
L2FF0:	LJMP	L0304
;
	INC	006H
	INC	@R1
	INC	R0
	INC	R1
	INC	R2
	INC	R3
;
L2FFA:	MOV	R0,#0AEH
	MOV	A,@R0
	MOV	DPTR,#L2FF0
	MOVC	A,@A+DPTR
	RET	
;
;
L3002:	CLR	019H
	MOV	R1,#0B2H
	MOV	A,@R1
	MOV	R0,#040H
	ADD	A,R0
	MOV	R0,A
	INC	@R0
	CJNE	@R0,#03AH,L3012
;
L300F:	MOV	@R0,#030H
	RET	
;
;
L3012:	CLR	C
	MOV	A,#030H
	SUBB	A,@R0
	JC	L301A
	MOV	@R0,#030H
;
L301A:	RET	
;
;
L301B:	SJMP	L3002
;
L301D:	CJNE	@R0,#041H,L301B
	SJMP	L302C
;
L3022:	CJNE	@R0,#031H,L301D
	SJMP	L302C
;
L3027:	MOV	R0,#0B0H
	CJNE	@R0,#023H,L3022
;
L302C:	CLR	019H
	MOV	R1,#0B2H
	MOV	A,@R1
	MOV	R0,#040H
	ADD	A,R0
	MOV	R0,A
	INC	@R0
	CJNE	@R0,#035H,L303D
	MOV	@R0,#031H
	SJMP	L3043
;
L303D:	CJNE	@R0,#030H,L3043
	MOV	@R0,#031H
	RET	
;
;
L3043:	CLR	C
	MOV	A,#030H
	SUBB	A,@R0
	JC	L304B
	MOV	@R0,#030H
;
L304B:	RET	
;
;
L304C:	CLR	019H
	MOV	R0,#0B2H
	DEC	@R0
	MOV	A,@R0
	CLR	C
	SUBB	A,03AH
	JNC	L3058
	INC	@R0
;
L3058:	RET	
;
;
L3059:	CLR	019H
	MOV	R0,#0B2H
	INC	@R0
	MOV	A,03BH
	CLR	C
	SUBB	A,@R0
	JNC	L3065
	DEC	@R0
;
L3065:	RET	
;
;
L3066:	MOV	R0,#0BCH
	LCALL	L3327
	LCALL	L0343
	MOV	R0,#04FH
	LCALL	L3275
	MOV	R0,#053H
	MOV	R1,#052H
	LCALL	L347A
	MOV	R0,#05CH
	MOV	R1,#047H
	MOV	R7,#004H
;
L3080:	MOV	A,@R0
	ADD	A,#030H
	MOV	@R1,A
	DEC	R1
	DEC	R0
	DJNZ	R7,L3080
	RET	
;
;
L3089:	MOV	R0,#0B2H
	CJNE	@R0,#0FFH,L3091
	CLR	019H
	RET	
;
;
L3091:	MOV	A,#040H
	ADD	A,@R0
	MOV	R1,A
	JB	019H,L309F
	MOV	03CH,@R1
	MOV	@R1,#020H
	SETB	019H
	RET	
;
;
L309F:	MOV	@R1,03CH
	CLR	019H
	LCALL	L2E0D
	RET	
;
;
L30A7:	MOV	DPTR,#L3241
	LCALL	L2DD1
	MOV	046H,039H
	RET	
;
;
L30B1:	MOV	R5,A
	ANL	A,#03DH
	RETI	
;
	XRL	A,R5
	XRL	A,@R1
	MOV	R5,A
	MOV	R5,A
	MOV	R5,A
	MOV	R5,A
;
L30BB:	MOV	R5,A
	ANL	A,#03DH
	ACALL	L3130
	XRL	A,R5
	XRL	A,@R1
	MOV	R5,A
	MOV	R5,A
	MOV	R5,A
	MOV	R5,A
	ANL	A,#03DH
	ADDC	A,030H
	XRL	A,R5
	XRL	A,@R1
	MOV	R5,A
	MOV	R5,A
	MOV	R5,A
	MOV	R5,A
	ANL	A,#03DH
	XRL	A,#031H
	XRL	A,@R1
	MOV	R5,A
	MOV	R5,A
	MOV	R5,A
	MOV	R5,A
	JB	020H,L30FC
	ANL	A,#03DH
	ACALL	L3167
	JB	020H,L3103
	JB	020H,L313A
	ADDC	A,R5
	ACALL	L3130
	XRL	A,@R1
	JB	020H,L310D
;
L30ED:	ORL	075H,A
	ADDC	A,#074H
	MOV	R1,#076H
	MOV	A,#054H
	MOV	@R1,#020H
;
L30F7:	JB	055H,L3137
	JB	020H,L311D
	JB	020H,L3120
	XRL	A,020H
	ORL	03DH,A
	ADD	A,R3
	JB	020H,L3128
	JB	020H,L312B
	JB	020H,L317F
	ORL	A,048H
	ORL	C,020H
	JB	020H,L3135
;
L3115:	JB	054H,L315D
	MOV	R1,#054H
	ADD	A,R5
	MOV	A,#033H
;
L311D:	ACALL	L3320
;
L311F:	ANL	A,#045H
	MOV	R1,#054H
	JB	052H,L315B
	JB	020H,L3149
;
L3129:	JB	079H,L3177
	JNB	050H,L314F
	ANL	035H,A
	JB	020H,L3154
	JB	041H,L3179
;
L3137:	ORL	A,R3
	JB	020H,L315B
	JB	020H,L315E
	ORL	A,R3
	AJMP	L3276
;
	MOV	A,#073H
	JNC	L3165
	JB	020H,L3168
;
L3148:	JB	054H,L3190
	MOV	R1,#054H
	JB	020H,L3170
	ANL	A,#031H
;
L3152:	JB	054H,L319A
	MOV	R1,#054H
	JB	020H,L317A
	ANL	A,#032H
;
L315C:	JB	054H,L31A4
	MOV	R1,#054H
	JB	020H,L3184
	ANL	A,#033H
;
L3166:	JB	020H,L3189
	ADDC	A,037H
	ADDC	A,@R0
	JB	020H,L318F
	JB	020H,L3192
	JB	031H,L31AE
	RETI	
;
	JB	020H,L3199
;
L3179:	JB	061H,L31BD
	JNC	L31AE
	MOV	@R0,#077H
	JB	030H,L31B3
	JNB	020H,L31B6
	JNB	030H,L31B9
;
L3189:	JNB	020H,L31AC
	JB	041H,L3203
;
L318F:	RLC	A
;
L3190:	ACALL	L3320
;
L3192:	ORL	A,R3
	JNB	048H,L320F
	ANL	A,#020H
	JB	020H,L31DD
	MOV	058H,#030H
	MOV	R0,#020H
	JB	020H,L31C3
	JB	030H,L31F2
	ORL	A,R4
	JB	020H,L31CA
	JB	020H,L31CD
	JB	030H,L31E4
	MOV	A,#079H
	ANL	A,#04BH
	AJMP	L3220
;
;
L31B6:	JB	020H,L31E9
;
L31B9:	AJMP	L3271
;
	MOV	R1,#054H
;
L31BD:	JB	020H,L31E0
	RLC	A
	AJMP	L3261
;
;
L31C3:	MOV	A,#079H
	MOV	@R1,#020H
	JB	020H,L31EA
;
L31CA:	AJMP	L3350
;
	JNB	079H,L3240
	JNB	054H,L3222
	JB	020H,L31F5
	AJMP	L3330
;
	MOV	@R0,#048H
	AJMP	L3262
;
	JB	020H,L31FE
	MOV	A,#048H
;
L31E0:	ANL	A,#020H
	JNB	030H,L3215
	JNB	067H,L3208
	JB	073H,L3261
	JNB	04BH,L320E
	JB	020H,L3211
;
L31F1:	JB	020H,L3267
	MOV	@R0,#030H
	ORL	A,R3
	JB	030H,L321A
	JB	030H,L3251
	MOV	R1,#034H
	ORL	A,054H
	JB	030H,L3234
	ACALL	L3179
	ANL	A,#041H
;
L3208:	ANL	A,#074H
	MOV	R1,#054H
	MOV	A,#04BH
;
L320E:	AJMP	L3271
;
	MOV	A,#048H
	JB	020H,L3235
;
L3215:	JB	020H,L3238
	JB	071H,L325C
	ORL	A,R3
	MOV	R1,#020H
	JB	020H,L3241
	JB	020H,L329D
	JNC	L326B
	MOV	R0,#020H
	JB	020H,L324B
	JB	020H,L324E
	JB	030H,L327D
	ORL	A,R4
	JB	049H,L3255
;
L3235:	JB	020H,L3258
;
L3238:	JB	030H,L3287
	ORL	A,R4
	JB	066H,L325F
	JB	020H,L3262
	JB	045H,L3297
	ANL	020H,A
	JB	020H,L326A
	JB	020H,L326D
	ORL	A,04EH
	ORL	A,#020H
;
L3251:	JB	020H,L3274
	JB	07FH,L325B
;
L3257:	MOVX	A,@DPTR
;
L3258:	PUSH	DPH
	PUSH	DPL
;
L325C:	INC	DPTR
	INC	DPTR
	INC	DPTR
;
L325F:	INC	DPTR
	MOVX	@DPTR,A
;
L3261:	POP	DPL
	POP	DPH
	INC	DPTR
	DJNZ	R7,L3257
	RET	
;
;
L3269:	MOV	A,R2
;
L326A:	MOVX	@DPTR,A
;
L326B:	INC	DPTR
	MOV	A,R3
;
L326D:	MOVX	@DPTR,A
	INC	DPTR
	MOV	A,R4
	MOVX	@DPTR,A
;
L3271:	INC	DPTR
	MOV	A,R5
	MOVX	@DPTR,A
;
L3274:	RET	
;
;
L3275:	MOV	A,R2
;
L3276:	MOV	@R0,A
	INC	R0
	MOV	A,R3
	MOV	@R0,A
	INC	R0
	MOV	A,R4
	MOV	@R0,A
;
L327D:	INC	R0
	MOV	A,R5
	MOV	@R0,A
	RET	
;
;
L3281:	MOV	R7,#050H
	MOV	DPTR,#L0100
;
L3286:	MOV	A,#000H
	MOVX	@DPTR,A
	INC	DPTR
	DJNZ	R7,L3286
	MOV	06EH,A
	CLR	001H
	RET	
;
	MOV	R7,#004H
;
L3293:	MOV	A,@R0
	MOV	@R1,A
	INC	R1
	INC	R0
;
L3297:	DJNZ	R7,L3293
	RET	
;
	LCALL	L32AE
;
L329D:	LCALL	L366A
	LCALL	L32BB
	RET	
;
;
L32A4:	LCALL	L32AE
	LCALL	L35A5
	LCALL	L32BB
	RET	
;
;
L32AE:	MOV	A,R2
	RLC	A
	JNC	L32B8
	SETB	002H
	LCALL	L32C2
	RET	
;
;
L32B8:	CLR	002H
	RET	
;
;
L32BB:	JNB	002H,L32C1
	LCALL	L32C2
;
L32C1:	RET	
;
;
L32C2:	MOV	A,R5
	CPL	A
	ADD	A,#001H
	MOV	R5,A
	MOV	A,R4
	CPL	A
	ADDC	A,#000H
	MOV	R4,A
	MOV	A,R3
	CPL	A
	ADDC	A,#000H
	MOV	R3,A
	MOV	A,R2
	CPL	A
	ADDC	A,#000H
	MOV	R2,A
	RET	
;
	LCALL	L32AE
	LCALL	L34FF
	PUSH	PSW
	LCALL	L32BB
	POP	PSW
	RET	
;
;
L32E5:	MOV	A,@R0
	MOV	008H,A
	INC	R0
	MOV	A,@R0
	MOV	009H,A
	INC	R0
	MOV	A,@R0
	MOV	00AH,A
	INC	R0
	MOV	A,@R0
	MOV	00BH,A
	RET	
;
	XCH	A,R0
	MOV	R1,A
	XCH	A,R0
	MOV	R4,#003H
;
L32FA:	MOV	@R1,#000H
	INC	R1
	DJNZ	R4,L32FA
	MOV	R3,#010H
;
L3301:	CLR	C
	RLC	A
	XCH	A,R2
	RLC	A
	XCH	A,R2
	XCH	A,R0
	MOV	R1,A
	XCH	A,R0
	MOV	R4,#003H
	MOV	R5,A
;
L330C:	MOV	A,@R1
	ADDC	A,@R1
	DA	A
	MOV	@R1,A
	INC	R1
	DJNZ	R4,L330C
	MOV	A,R5
	JC	L3319
	DJNZ	R3,L3301
	CLR	C
;
L3319:	NOP	
	RET	
;
;
L331B:	MOV	008H,R2
	MOV	009H,003H
;
L3320:	MOV	00AH,004H
	MOV	00BH,005H
	RET	
;
;
L3327:	MOV	A,@R0
	MOV	R2,A
	INC	R0
	MOV	A,@R0
	MOV	R3,A
	INC	R0
	MOV	A,@R0
	MOV	R4,A
	INC	R0
;
L3330:	MOV	A,@R0
	MOV	R5,A
	RET	
;
;
L3333:	MOV	R3,#04BH
;
L3335:	DJNZ	R3,L3335
	RET	
;
;
L3338:	MOV	R2,#008H
	CLR	C
;
L333B:	CLR	P1.7
	NOP	
	RLC	A
	MOV	P1.6,C
	LCALL	L2CEC
	SETB	P1.7
	LCALL	L2CEC
	DJNZ	R2,L333B
	CLR	P1.6
	RET	
;
;
L334E:	MOV	R2,#020H
;
L3350:	CLR	P1.7
	NOP	
	SETB	C
	MOV	P1.6,C
	LCALL	L2CEC
	SETB	P1.7
	LCALL	L2CEC
	DJNZ	R2,L3350
	CLR	P1.6
	RET	
;
	MOV	R0,#047H
	MOV	R1,#05CH
	CLR	C
	MOV	A,@R0
	SUBB	A,#030H
	MOV	R7,A
	CLR	C
	SUBB	A,#005H
	JC	L3375
	MOV	A,#004H
	SJMP	L3376
;
L3375:	MOV	A,R7
;
L3376:	MOV	@R1,A
	RET	
;
;
L3378:	CLR	C
	MOV	A,@R1
	SUBB	A,#001H
	MOV	@R1,A
	DEC	R1
	MOV	A,@R1
	SUBB	A,#000H
	MOV	@R1,A
	RET	
;
;
L3383:	MOV	R0,#048H
	MOV	R1,#05CH
	MOV	R7,#004H
;
L3389:	CLR	C
	MOV	A,@R0
	SUBB	A,#030H
	MOV	@R1,A
	DEC	R0
	DEC	R1
	DJNZ	R7,L3389
	RET	
;
;
L3393:	MOV	A,038H
	CLR	C
	SUBB	A,#001H
	MOV	R5,A
	CLR	A
	MOV	R4,A
	MOV	R3,A
	MOV	R2,A
	MOV	DPTR,#L2E8F
	LCALL	L3537
	LCALL	L366A
	MOV	A,R5
	ADD	A,#050H
	MOV	DPL,A
	MOV	A,R4
	ADDC	A,#001H
	MOV	DPH,A
	RET	
;
;
L33B1:	MOV	A,038H
	CJNE	A,#001H,L33D3
	MOV	R1,#0D3H
;
L33B8:	MOV	A,DPH
	MOV	@R1,A
	INC	R1
	MOV	A,DPL
	MOV	@R1,A
	MOV	R1,#0D6H
	LCALL	L3378
	MOV	R0,#0D5H
	MOV	A,@R0
	JNB	ACC.7,L33D2
	CLR	00AH
	ANL	04BH,#0FDH
	LCALL	L2872
;
L33D2:	RET	
;
;
L33D3:	CJNE	A,#002H,L33DA
	MOV	R1,#0C0H
	SJMP	L33B8
;
L33DA:	CJNE	A,#003H,L33E1
	MOV	R1,#0C2H
	SJMP	L33B8
;
L33E1:	MOV	R1,#0D9H
	SJMP	L33B8
;
L33E5:	MOV	A,038H
	CJNE	A,#001H,L33F4
	MOV	R1,#0D3H
;
L33EC:	MOV	A,@R1
	MOV	DPH,A
	INC	R1
	MOV	A,@R1
	MOV	DPL,A
	RET	
;
;
L33F4:	CJNE	A,#002H,L33FB
	MOV	R1,#0C0H
	SJMP	L33EC
;
L33FB:	CJNE	A,#003H,L3402
	MOV	R1,#0C2H
	SJMP	L33EC
;
L3402:	MOV	R1,#0D9H
	SJMP	L33EC
;
L3406:	MOV	R0,#09CH
	LCALL	L3327
	MOV	A,R2
	MOVX	@DPTR,A
	INC	DPTR
	MOV	A,R3
	MOVX	@DPTR,A
	INC	DPTR
	MOV	A,R4
	MOVX	@DPTR,A
	INC	DPTR
	MOV	A,R5
	MOVX	@DPTR,A
	INC	DPTR
	RET	
;
;
L3418:	MOVX	A,@DPTR
	MOV	R2,A
	INC	DPTR
	MOVX	A,@DPTR
	MOV	R3,A
	INC	DPTR
	MOVX	A,@DPTR
	MOV	R4,A
	INC	DPTR
	MOVX	A,@DPTR
	MOV	R5,A
	INC	DPTR
	MOV	R0,#09CH
	LCALL	L3275
	RET	
;
;
L342A:	LCALL	L334E
	MOV	A,#003H
	LCALL	L3338
	MOV	A,R4
	LCALL	L3338
	MOV	A,R5
	LCALL	L3338
	MOV	A,#002H
	LCALL	L3338
	MOV	A,#0A1H
	LCALL	L3338
	MOV	A,#074H
	LCALL	L3338
;
L3449:	JB	P1.5,L3449
	MOV	A,#002H
	LCALL	L3338
	MOV	A,#081H
	LCALL	L3338
	MOV	A,#074H
	LCALL	L3338
;
L345B:	JB	P1.5,L345B
	MOV	A,#002H
	LCALL	L3338
	MOV	A,#021H
	LCALL	L3338
	MOV	A,#074H
	LCALL	L3338
	RET	
;
	MOV	R2,#00AH
	SJMP	L3474
;
L3472:	MOV	R2,#004H
;
L3474:	CLR	A
;
L3475:	MOV	@R0,A
	INC	R0
	DJNZ	R2,L3475
	RET	
;
;
L347A:	MOV	R2,#005H
	LCALL	L3474
	DEC	R0
	MOV	004H,R0
	MOV	005H,R1
	MOV	R3,#020H
;
L3486:	MOV	R1,005H
	MOV	R2,#004H
;
L348A:	MOV	A,@R1
	RLC	A
	MOV	@R1,A
	DEC	R1
	DJNZ	R2,L348A
	MOV	R1,005H
	MOV	A,@R1
	MOV	ACC.0,C
	MOV	@R1,A
	MOV	R0,004H
	MOV	R2,#005H
;
L349A:	MOV	A,@R0
	ADDC	A,@R0
	DA	A
	MOV	@R0,A
	DEC	R0
	DJNZ	R2,L349A
	DJNZ	R3,L3486
	MOV	A,R0
	ADD	A,#00AH
	MOV	R0,A
	MOV	R1,004H
	MOV	R2,#005H
;
L34AB:	MOV	A,@R1
	ANL	A,#00FH
	MOV	@R0,A
	DEC	R0
	MOV	A,@R1
	SWAP	A
	ANL	A,#00FH
	MOV	@R0,A
	DEC	R0
	DEC	R1
	DJNZ	R2,L34AB
	RET	
;
;
L34BA:	LCALL	L3472
	DEC	R0
	MOV	004H,R0
	MOV	005H,R1
	MOV	DPTR,#L34E5
	MOV	R3,#020H
;
L34C7:	CLR	C
	MOV	R1,005H
	MOV	R2,#00AH
;
L34CC:	MOV	A,@R1
	ANL	A,#00FH
	MOV	ACC.4,C
	MOVC	A,@A+DPTR
	MOV	@R1,A
	MOV	C,ACC.7
	INC	R1
	DJNZ	R2,L34CC
	MOV	R0,004H
	MOV	R2,#004H
;
L34DC:	MOV	A,@R0
	RRC	A
	MOV	@R0,A
	DEC	R0
	DJNZ	R2,L34DC
	DJNZ	R3,L34C7
	RET	
;
;
L34E5:	NOP	
	SJMP	L34E9
	AJMP	L3402
;
	ANL	C,003H
	MOVC	A,@A+PC
	INC	A
	DIV	AB
	NOP	
	NOP	
	NOP	
	NOP	
	NOP	
	NOP	
	INC	085H
	INC	@R0
	MOV	007H,@R0
	MOV	008H,@R1
	MOV	009H,R0
	MOV	0C3H,R1
	MOV	A,R2
	SUBB	A,008H
	JNZ	L3514
	MOV	A,R3
	SUBB	A,009H
	JNZ	L3512
	MOV	A,R4
	SUBB	A,00AH
	JNZ	L3512
	MOV	A,R5
	SUBB	A,00BH
;
L3512:	CLR	OV
;
L3514:	RET	
;
;
L3515:	MOV	A,DPH
	JZ	L3529
	CLR	A
	MOVC	A,@A+DPTR
	MOV	R2,A
	MOV	A,#001H
	MOVC	A,@A+DPTR
	MOV	R3,A
	MOV	A,#002H
	MOVC	A,@A+DPTR
	MOV	R4,A
	MOV	A,#003H
	MOVC	A,@A+DPTR
	MOV	R5,A
	RET	
;
;
L3529:	MOV	R0,DPL
	MOV	A,@R0
	MOV	R2,A
	INC	R0
	MOV	A,@R0
	MOV	R3,A
	INC	R0
	MOV	A,@R0
	MOV	R4,A
	INC	R0
	MOV	A,@R0
	MOV	R5,A
	RET	
;
;
L3537:	MOV	A,DPH
	JZ	L354F
	CLR	A
	MOVC	A,@A+DPTR
	MOV	008H,A
	MOV	A,#001H
	MOVC	A,@A+DPTR
	MOV	009H,A
	MOV	A,#002H
	MOVC	A,@A+DPTR
	MOV	00AH,A
	MOV	A,#003H
	MOVC	A,@A+DPTR
	MOV	00BH,A
	RET	
;
;
L354F:	MOV	R0,DPL
	MOV	008H,@R0
	INC	R0
	MOV	009H,@R0
	INC	R0
	MOV	00AH,@R0
	INC	R0
	MOV	00BH,@R0
	RET	
;
	MOV	A,DPH
	JZ	L3575
	PUSH	DPL
	PUSH	DPH
	MOVX	A,@DPTR
	MOV	R2,A
	INC	DPTR
	MOVX	A,@DPTR
	MOV	R3,A
	INC	DPTR
	MOVX	A,@DPTR
	MOV	R4,A
	INC	DPTR
	MOVX	A,@DPTR
	MOV	R5,A
	POP	DPH
	POP	DPL
	RET	
;
;
L3575:	MOV	R0,DPL
	MOV	A,@R0
	MOV	R2,A
	INC	R0
	MOV	A,@R0
	MOV	R3,A
	INC	R0
	MOV	A,@R0
	MOV	R4,A
	INC	R0
	MOV	A,@R0
	MOV	R5,A
	RET	
;
	MOV	A,DPH
	JZ	L3597
	MOVX	A,@DPTR
	MOV	008H,A
	INC	DPTR
	MOVX	A,@DPTR
	MOV	009H,A
	INC	DPTR
	MOVX	A,@DPTR
	MOV	00AH,A
	INC	DPTR
	MOVX	A,@DPTR
	MOV	00BH,A
	RET	
;
;
L3597:	MOV	R0,DPL
	MOV	008H,@R0
	INC	R0
	MOV	009H,@R0
	INC	R0
	MOV	00AH,@R0
	INC	R0
	MOV	00BH,@R0
	RET	
;
;
L35A5:	CLR	A
	MOV	R0,A
	MOV	00CH,A
	MOV	00DH,A
	MOV	00EH,A
	MOV	00FH,A
	MOV	A,R5
	ORL	A,R4
	ORL	A,R3
	ORL	A,R2
	JZ	L35C0
	MOV	A,008H
	ORL	A,009H
	ORL	A,00AH
	ORL	A,00BH
	JNZ	L35F6
	RET	
;
;
L35C0:	LJMP	L3659
;
;
L35C3:	MOV	A,R2
	CLR	C
	SUBB	A,008H
	JC	L35FC
	JNZ	L35DE
	MOV	A,R3
	SUBB	A,009H
	JC	L35FC
	JNZ	L35DE
	MOV	A,R4
	SUBB	A,00AH
	JC	L35FC
	JNZ	L35DE
	MOV	A,R5
	SUBB	A,00BH
	JC	L35FC
;
L35DE:	MOV	A,00BH
	ADD	A,00BH
	MOV	00BH,A
	MOV	A,00AH
	ADDC	A,00AH
	MOV	00AH,A
	MOV	A,009H
	ADDC	A,009H
	MOV	009H,A
	MOV	A,008H
	ADDC	A,008H
	MOV	008H,A
;
L35F6:	INC	R0
	MOV	A,008H
	JNB	ACC.7,L35C3
;
L35FC:	MOV	A,008H
	CLR	C
	SUBB	A,R2
	JC	L361C
	JNZ	L3619
	MOV	A,009H
	SUBB	A,R3
	JC	L361C
	JNZ	L3619
	MOV	A,00AH
	SUBB	A,R4
	JC	L361C
	JNZ	L3619
	MOV	A,00BH
	SUBB	A,R5
	JC	L361C
	JZ	L361C
;
L3619:	CLR	C
	SJMP	L362E
;
L361C:	CLR	C
	MOV	A,R5
	SUBB	A,00BH
	MOV	R5,A
	MOV	A,R4
	SUBB	A,00AH
	MOV	R4,A
	MOV	A,R3
	SUBB	A,009H
	MOV	R3,A
	MOV	A,R2
	SUBB	A,008H
	MOV	R2,A
	SETB	C
;
L362E:	MOV	A,00FH
	RLC	A
	MOV	00FH,A
	MOV	A,00EH
	RLC	A
	MOV	00EH,A
	MOV	A,00DH
	RLC	A
	MOV	00DH,A
	MOV	A,00CH
	RLC	A
	MOV	00CH,A
	MOV	A,008H
	CLR	C
	RRC	A
	MOV	008H,A
	MOV	A,009H
	RRC	A
	MOV	009H,A
	MOV	A,00AH
	RRC	A
	MOV	00AH,A
	MOV	A,00BH
	RRC	A
	MOV	00BH,A
	DJNZ	R0,L35FC
;
L3659:	MOV	00BH,R5
	MOV	00AH,R4
	MOV	009H,R3
	MOV	008H,R2
	MOV	R5,00FH
	MOV	R4,00EH
	MOV	R3,00DH
	MOV	R2,00CH
	RET	
;
;
L366A:	MOV	A,R5
	MOV	B,00BH
	MUL	AB
	MOV	00FH,A
	MOV	00EH,B
	MOV	A,R5
	MOV	B,00AH
	MUL	AB
	ADD	A,00EH
	MOV	00EH,A
	MOV	A,B
	ADDC	A,#000H
	MOV	00DH,A
	MOV	A,R5
	MOV	B,009H
	MUL	AB
	ADD	A,00DH
	MOV	00DH,A
	MOV	A,B
	ADDC	A,#000H
	MOV	00CH,A
	MOV	A,R5
	MOV	B,008H
	MUL	AB
	ADD	A,00CH
	MOV	00CH,A
	MOV	A,R4
	MOV	B,00BH
	MUL	AB
	ADD	A,00EH
	MOV	00EH,A
	MOV	A,B
	ADDC	A,00DH
	MOV	00DH,A
	MOV	A,00CH
	ADDC	A,#000H
	MOV	00CH,A
	MOV	A,R4
	MOV	B,00AH
	MUL	AB
	ADD	A,00DH
	MOV	00DH,A
	MOV	A,B
	ADDC	A,00CH
	MOV	00CH,A
	MOV	A,R4
	MOV	B,009H
	MUL	AB
	ADD	A,00CH
	MOV	00CH,A
	MOV	A,R3
	MOV	B,00BH
	MUL	AB
	ADD	A,00DH
	MOV	00DH,A
	MOV	A,B
	ADDC	A,00CH
	MOV	00CH,A
	MOV	A,R3
	MOV	B,00AH
	MUL	AB
	ADD	A,00CH
	MOV	00CH,A
	MOV	A,R2
	MOV	B,00BH
	MUL	AB
	ADD	A,00CH
	MOV	R2,A
	MOV	R3,00DH
	MOV	R4,00EH
	MOV	R5,00FH
	RET	
;
;
L36EF:	MOV	A,R5
	CLR	C
	SUBB	A,00BH
	MOV	R5,A
	MOV	A,R4
	SUBB	A,00AH
	MOV	R4,A
	MOV	A,R3
	SUBB	A,009H
	MOV	R3,A
	MOV	A,R2
	SUBB	A,008H
	MOV	R2,A
	RET	
;
;
L3701:	CLR	C
	MOV	A,R5
	ADD	A,@R0
	MOV	R5,A
	DEC	R0
	MOV	A,R4
	ADDC	A,@R0
	MOV	R4,A
	DEC	R0
	MOV	A,R3
	ADDC	A,@R0
	MOV	R3,A
	DEC	R0
	MOV	A,R2
	ADDC	A,@R0
	MOV	R2,A
	RET	
;
	CLR	C
	MOVX	A,@R0
	ADD	A,R5
	MOV	R5,A
	DEC	R0
	MOVX	A,@R0
	ADDC	A,R4
	MOV	R4,A
	DEC	R0
	MOVX	A,@R0
	ADDC	A,R3
	MOV	R3,A
	DEC	R0
	MOVX	A,@R0
	ADDC	A,R2
	MOV	R2,A
	RET	
;
;
L3723:	CLR	C
	MOVX	A,@DPTR
	ADD	A,R5
	MOV	R5,A
	LCALL	L373A
	MOVX	A,@DPTR
	ADDC	A,R4
	MOV	R4,A
	LCALL	L373A
	MOVX	A,@DPTR
	ADDC	A,R3
	MOV	R3,A
	LCALL	L373A
	MOVX	A,@DPTR
	ADDC	A,R2
	MOV	R2,A
	RET	
;
;
L373A:	PUSH	PSW
	CLR	C
	MOV	A,DPL
	SUBB	A,#001H
	MOV	DPL,A
	MOV	A,DPH
	SUBB	A,#000H
	MOV	DPH,A
	POP	PSW
	RET	
;
;
	ORG	0009EH
;
;
L009E:	MOV	A,R2
	ANL	A,#080H
	ANL	007H,#040H
	ORL	007H,A
	MOV	A,R3
	RLC	A
	MOV	A,R2
	RLC	A
	MOV	R0,A
	JZ	L00B3
	ORL	003H,#080H
	MOV	R2,#000H
	RET	
;
;
L00B3:	CLR	A
	MOV	R2,A
	MOV	R3,A
	MOV	R4,A
	MOV	R5,A
	MOV	R0,A
	RET	
;
;
L00BA:	MOV	A,008H
	RRC	A
	ANL	A,#040H
	ANL	007H,#080H
	ORL	007H,A
	MOV	A,009H
	RLC	A
	MOV	A,008H
	RLC	A
	MOV	R1,A
	JZ	L00D4
	ORL	009H,#080H
	MOV	008H,#000H
	RET	
;
;
L00D4:	CLR	A
	MOV	008H,A
	MOV	009H,A
	MOV	00AH,A
	MOV	00BH,A
	RET	
;
;
L00DE:	MOV	A,R0
	CLR	C
	RRC	A
	ANL	007H,#080H
	ORL	A,R7
	MOV	R2,A
	MOV	A,R0
	RR	A
	ANL	A,#080H
	ANL	003H,#07FH
	ORL	003H,A
	RET	
;
;
L00F0:	MOV	A,R0
	JZ	L00B3
	MOV	A,R2
	JZ	L0119
;
L00F6:	MOV	A,R2
	CJNE	A,#001H,L0107
	MOV	A,R5
	ADD	A,#001H
	MOV	R5,A
	CLR	A
	ADDC	A,R4
;
L0100:	MOV	R4,A
	CLR	A
;
L0102:	ADDC	A,R3
	MOV	R3,A
;
L0104:	CLR	A
	ADDC	A,R2
	MOV	R2,A
;
L0107:	CLR	C
;
L0108:	MOV	A,R2
	RRC	A
	MOV	R2,A
;
L010B:	MOV	A,R3
;
L010C:	RRC	A
	MOV	R3,A
	MOV	A,R4
;
L010F:	RRC	A
;
L0110:	MOV	R4,A
	MOV	A,R5
	RRC	A
;
L0113:	MOV	R5,A
;
L0114:	INC	R0
	MOV	A,R2
	JNZ	L00F6
;
L0118:	RET	
;
;
L0119:	ORL	A,R3
	ORL	A,R4
;
L011B:	ORL	A,R5
;
L011C:	JZ	L00B3
;
L011E:	MOV	A,R3
;
L011F:	JB	ACC.7,L0132
	CLR	C
;
L0123:	MOV	A,R5
;
L0124:	RLC	A
	MOV	R5,A
	MOV	A,R4
;
L0127:	RLC	A
;
L0128:	MOV	R4,A
	MOV	A,R3
	RLC	A
;
L012B:	MOV	R3,A
;
L012C:	MOV	A,R2
	RLC	A
	MOV	R2,A
;
L012F:	DEC	R0
;
L0130:	SJMP	L011E
;
L0132:	RET	
;
;
L0133:	MOV	A,R0
;
L0134:	CLR	C
	SUBB	A,R1
	JNC	L0161
;
L0138:	INC	R0
	CLR	C
	MOV	A,R2
;
L013B:	RRC	A
;
L013C:	MOV	R2,A
	MOV	A,R3
	RRC	A
;
L013F:	MOV	R3,A
;
L0140:	MOV	A,R4
	RRC	A
	MOV	R4,A
;
L0143:	MOV	A,R5
;
L0144:	RRC	A
	MOV	R5,A
	MOV	A,R0
;
L0147:	CJNE	A,001H,L0138
	RET	
;
;
L014B:	INC	R1
	CLR	C
	MOV	A,008H
;
L014F:	RRC	A
;
L0150:	MOV	008H,A
	MOV	A,009H
	RRC	A
	MOV	009H,A
	MOV	A,00AH
	RRC	A
	MOV	00AH,A
	MOV	A,00BH
	RRC	A
	MOV	00BH,A
;
L0161:	MOV	A,R0
	CJNE	A,001H,L014B
	RET	
;
;
L0166:	PUSH	007H
	PUSH	006H
	PUSH	001H
	PUSH	000H
	ACALL	L009E
	ACALL	L00BA
	ACALL	L0133
	MOV	A,007H
	JNB	ACC.7,L0186
	CLR	C
	CLR	A
	SUBB	A,R5
	MOV	R5,A
	CLR	A
	SUBB	A,R4
	MOV	R4,A
	CLR	A
	SUBB	A,R3
	MOV	R3,A
	CLR	A
	SUBB	A,R2
	MOV	R2,A
;
L0186:	MOV	A,007H
	JNB	ACC.6,L01A0
	CLR	C
	CLR	A
	SUBB	A,00BH
	MOV	00BH,A
	CLR	A
	SUBB	A,00AH
	MOV	00AH,A
	CLR	A
	SUBB	A,009H
	MOV	009H,A
	CLR	A
	SUBB	A,008H
	MOV	008H,A
;
L01A0:	MOV	A,R5
	ADD	A,00BH
	MOV	R5,A
	MOV	A,00AH
	ADDC	A,R4
	MOV	R4,A
	MOV	A,009H
	ADDC	A,R3
	MOV	R3,A
	MOV	A,008H
	ADDC	A,R2
	MOV	R2,A
	CLR	A
	MOV	R7,A
	MOV	A,R2
	JNB	ACC.7,L01C4
	MOV	R7,A
	CLR	C
	CLR	A
	SUBB	A,R5
	MOV	R5,A
	CLR	A
	SUBB	A,R4
	MOV	R4,A
	CLR	A
	SUBB	A,R3
	MOV	R3,A
	CLR	A
	SUBB	A,R2
	MOV	R2,A
;
L01C4:	ACALL	L00F0
	ACALL	L00DE
	POP	000H
	POP	001H
	POP	006H
	POP	007H
	RET	
;
;
L01D1:	XRL	008H,#080H
	SJMP	L0166
;
L01D6:	MOV	A,R2
	XRL	A,008H
	JNB	ACC.7,L01E2
	MOV	A,R2
	RLC	A
	JNC	L01E1
	SETB	C
;
L01E1:	RET	
;
;
L01E2:	CLR	C
	MOV	A,R2
	SUBB	A,008H
	JNZ	L01F8
	MOV	A,R3
	SUBB	A,009H
	JNZ	L01F8
	MOV	A,R4
	SUBB	A,00AH
	JNZ	L01F8
	MOV	A,R5
	SUBB	A,00BH
	JNZ	L01F8
;
L01F7:	RET	
;
;
L01F8:	MOV	B,R2
	JNB	B.7,L01F7
	CPL	ACC.7
	ORL	A,#001H
	CPL	C
	RET	
;
;
L0203:	PUSH	007H
	PUSH	006H
	PUSH	001H
	PUSH	000H
	ACALL	L009E
	ACALL	L00BA
	CLR	A
	MOV	00CH,A
	MOV	00DH,A
	MOV	00EH,A
	MOV	00FH,A
	MOV	R6,#007H
;
L021A:	CLR	C
	MOV	A,008H
	RRC	A
	MOV	008H,A
	MOV	A,009H
	RRC	A
	MOV	009H,A
	MOV	A,00AH
	RRC	A
	MOV	00AH,A
	MOV	A,00BH
	RRC	A
	MOV	00BH,A
	JNC	L0245
	MOV	A,R5
	ADD	A,00FH
	MOV	00FH,A
	MOV	A,00EH
	ADDC	A,R4
	MOV	00EH,A
	MOV	A,00DH
	ADDC	A,R3
	MOV	00DH,A
	MOV	A,00CH
	ADDC	A,R2
	MOV	00CH,A
;
L0245:	MOV	A,R5
	RLC	A
	MOV	R5,A
	MOV	A,R4
	RLC	A
	MOV	R4,A
	MOV	A,R3
	RLC	A
	MOV	R3,A
	MOV	A,R2
	RLC	A
	MOV	R2,A
	DJNZ	R6,L021A
	MOV	R6,#011H
	SJMP	L026C
;
L0257:	CLR	C
	MOV	A,00CH
	RRC	A
	MOV	00CH,A
	MOV	A,00DH
	RRC	A
	MOV	00DH,A
	MOV	A,00EH
	RRC	A
	MOV	00EH,A
	MOV	A,00FH
	RRC	A
	MOV	00FH,A
;
L026C:	CLR	C
	MOV	A,008H
	RRC	A
	MOV	008H,A
	MOV	A,009H
	RRC	A
	MOV	009H,A
	MOV	A,00AH
	RRC	A
	MOV	00AH,A
	MOV	A,00BH
	RRC	A
	MOV	00BH,A
	JNC	L0297
	MOV	A,R5
	ADD	A,00FH
	MOV	00FH,A
	MOV	A,00EH
	ADDC	A,R4
	MOV	00EH,A
	MOV	A,00DH
	ADDC	A,R3
	MOV	00DH,A
	MOV	A,00CH
	ADDC	A,R2
	MOV	00CH,A
;
L0297:	DJNZ	R6,L0257
	MOV	A,R0
	ADD	A,R1
	ADD	A,#07AH
	MOV	R0,A
	MOV	A,R7
	RL	A
	XRL	007H,A
	MOV	R2,00CH
	MOV	R3,00DH
	MOV	R4,00EH
	MOV	R5,00FH
	ACALL	L00F0
	ACALL	L00DE
	POP	000H
	POP	001H
	POP	006H
	POP	007H
	RET	
;
;
L02B7:	PUSH	007H
	PUSH	006H
	PUSH	001H
	PUSH	000H
	ACALL	L009E
	ACALL	L00BA
	CLR	A
	MOV	00CH,A
	MOV	00DH,A
	MOV	00EH,A
	MOV	00FH,A
	MOV	A,R1
	JZ	L0336
	MOV	A,R0
	JZ	L0336
	CLR	C
	SUBB	A,R1
	ADD	A,#078H
	MOV	R0,A
	MOV	A,R7
	RL	A
	XRL	007H,A
	MOV	R6,#01FH
;
L02DD:	CLR	C
	MOV	A,00FH
	RLC	A
	MOV	00FH,A
	MOV	A,00EH
	RLC	A
	MOV	00EH,A
	MOV	A,00DH
	RLC	A
	MOV	00DH,A
	MOV	A,00CH
	RLC	A
	MOV	00CH,A
	CLR	C
	MOV	A,R2
	SUBB	A,008H
	JC	L0320
	JNZ	L030D
	MOV	A,R3
	SUBB	A,009H
	JC	L0320
	JNZ	L030D
	MOV	A,R4
	SUBB	A,00AH
;
L0304:	JC	L0320
	JNZ	L030D
	MOV	A,R5
	SUBB	A,00BH
	JC	L0320
;
L030D:	MOV	A,R5
	SUBB	A,00BH
	MOV	R5,A
	MOV	A,R4
	SUBB	A,00AH
	MOV	R4,A
	MOV	A,R3
	SUBB	A,009H
	MOV	R3,A
	MOV	A,R2
	SUBB	A,008H
	MOV	R2,A
	ORL	00FH,#001H
;
L0320:	MOV	A,R5
	RLC	A
	MOV	R5,A
	MOV	A,R4
	RLC	A
	MOV	R4,A
	MOV	A,R3
	RLC	A
	MOV	R3,A
	MOV	A,R2
	RLC	A
	MOV	R2,A
	DJNZ	R6,L02DD
	MOV	R2,00CH
	MOV	R3,00DH
	MOV	R4,00EH
	MOV	R5,00FH
;
L0336:	ACALL	L00F0
	ACALL	L00DE
	POP	000H
	POP	001H
	POP	006H
	POP	007H
	RET	
;
;
L0343:	PUSH	007H
	PUSH	006H
	PUSH	001H
	PUSH	000H
	MOV	A,R2
	CJNE	A,#0BFH,L0358
	MOV	A,R3
	JNZ	L0358
	MOV	A,R4
	JNZ	L0358
	MOV	A,R5
	JZ	L037C
;
L0358:	ACALL	L009E
	MOV	A,R0
	ADD	A,#082H
	JB	ACC.7,L037C
	MOV	A,R7
	JNB	ACC.7,L0371
	CLR	C
	CLR	A
	SUBB	A,R5
	MOV	R5,A
	CLR	A
	SUBB	A,R4
	MOV	R4,A
	CLR	A
	SUBB	A,R3
	MOV	R3,A
	CLR	A
	SUBB	A,R2
	MOV	R2,A
;
L0371:	MOV	A,R0
	ADD	A,#06AH
	JB	ACC.7,L039E
	MOV	R0,A
	ADD	A,#0F8H
	JNC	L038A
;
L037C:	CLR	A
	MOV	R2,A
	MOV	R3,A
	MOV	R4,A
	MOV	R5,A
;
L0381:	POP	000H
	POP	001H
	POP	006H
	POP	007H
	RET	
;
;
L038A:	MOV	A,R0
	MOV	R6,A
	JZ	L0381
;
L038E:	MOV	A,R5
	RLC	A
	MOV	R5,A
	MOV	A,R4
	RLC	A
	MOV	R4,A
	MOV	A,R3
	RLC	A
	MOV	R3,A
	MOV	A,R2
	RLC	A
	MOV	R2,A
	DJNZ	R6,L038E
	SJMP	L0381
;
L039E:	CPL	A
	MOV	R6,A
	JZ	L03C4
;
L03A2:	MOV	A,R7
	JNB	ACC.7,L03B5
	SETB	C
	MOV	A,R2
	RRC	A
	MOV	R2,A
	MOV	A,R3
	RRC	A
	MOV	R3,A
	MOV	A,R4
	RRC	A
	MOV	R4,A
	MOV	A,R5
	RRC	A
	MOV	R5,A
	SJMP	L03C2
;
L03B5:	CLR	C
	MOV	A,R2
	RRC	A
	MOV	R2,A
	MOV	A,R3
	RRC	A
	MOV	R3,A
	MOV	A,R4
	RRC	A
	MOV	R4,A
	MOV	A,R5
	RRC	A
	MOV	R5,A
;
L03C2:	DJNZ	R6,L03A2
;
L03C4:	MOV	A,R5
	ADD	A,#001H
	MOV	R5,A
	CLR	A
	ADDC	A,R4
	MOV	R4,A
	CLR	A
	ADDC	A,R3
	MOV	R3,A
	CLR	A
	ADDC	A,R2
	MOV	R2,A
	MOV	A,R7
	JNB	ACC.7,L03E4
	SETB	C
	MOV	A,R2
	RRC	A
	MOV	R2,A
	MOV	A,R3
	RRC	A
	MOV	R3,A
	MOV	A,R4
	RRC	A
	MOV	R4,A
	MOV	A,R5
	RRC	A
	MOV	R5,A
	SJMP	L0381
;
L03E4:	CLR	C
	MOV	A,R2
	RRC	A
	MOV	R2,A
	MOV	A,R3
	RRC	A
	MOV	R3,A
	MOV	A,R4
	RRC	A
	MOV	R4,A
	MOV	A,R5
	RRC	A
	MOV	R5,A
	SJMP	L0381
	MOV	A,R5
	RL	A
	MOV	R4,A
	SUBB	A,R4
	MOV	R4,A
	MOV	R3,A
	MOV	R2,A
	SJMP	L0402
	MOV	A,R4
	RL	A
	MOV	R3,A
	SUBB	A,R3
	MOV	R3,A
	MOV	R2,A
;
L0402:	PUSH	007H
	PUSH	006H
	PUSH	001H
	PUSH	000H
	MOV	A,R2
	ANL	A,#080H
	MOV	R7,A
	JNB	ACC.7,L041E
	CLR	C
	CLR	A
	SUBB	A,R5
	MOV	R5,A
	CLR	A
	SUBB	A,R4
	MOV	R4,A
	CLR	A
	SUBB	A,R3
	MOV	R3,A
	CLR	A
	SUBB	A,R2
	MOV	R2,A
;
L041E:	MOV	R0,#096H
	ACALL	L00F0
	ACALL	L00DE
	POP	000H
	POP	001H
	POP	006H
	POP	007H
	RET	
;
	MOV	R4,#000H
	CLR	A
	MOV	R3,A
	MOV	R2,A
	PUSH	007H
	PUSH	006H
	PUSH	001H
	PUSH	000H
	MOV	R7,#000H
	SJMP	L041E
;
L043E:	MOV	IE,#000H
	MOV	0B6H,#001H
	MOV	08FH,#003H
	MOV	A,#000H
	MOVX	@DPTR,A
	MOV	08FH,#000H
	MOV	0B6H,#000H
	MOV	IE,#080H
	RET	
;
;
L0454:	MOV	DPH,R2
	MOV	DPL,R3
	CLR	A
	MOVC	A,@A+DPTR
	MOV	008H,A
	INC	DPTR
	CLR	A
	MOVC	A,@A+DPTR
	MOV	009H,A
	INC	DPTR
	CLR	A
	MOVC	A,@A+DPTR
	MOV	00AH,A
	INC	DPTR
	CLR	A
	MOVC	A,@A+DPTR
	MOV	00BH,A
	RET	
;
;
L046C:	MOV	DPH,R2
	MOV	DPL,R3
;
L0470:	CLR	A
	MOVC	A,@A+DPTR
	MOV	R2,A
	INC	DPTR
	CLR	A
	MOVC	A,@A+DPTR
	MOV	R3,A
	INC	DPTR
;
L0478:	CLR	A
	MOVC	A,@A+DPTR
	MOV	R4,A
	INC	DPTR
	CLR	A
	MOVC	A,@A+DPTR
	MOV	R5,A
	RET	
;
;
L0480:	MOV	IE,#000H
;
L0483:	MOV	0B6H,#001H
	MOV	08FH,#001H
	MOVX	A,@R1
	MOVX	@DPTR,A
	MOV	08FH,#000H
	MOV	0B6H,#000H
	INC	DPTR
	INC	R1
	DJNZ	R7,L0483
	MOV	IE,#080H
	RET	
;
;
L0499:	MOV	DPH,R2
	MOV	DPL,R3
	MOV	R7,#0FFH
;
L049F:	CLR	A
	MOVC	A,@A+DPTR
	MOVX	@R1,A
	INC	DPTR
	INC	R1
	DJNZ	R7,L049F
	RET	
;
	MOV	A,008H
	MOV	@R0,A
	INC	R0
	MOV	A,009H
	MOV	@R0,A
	INC	R0
	MOV	A,00AH
	MOV	@R0,A
	INC	R0
	MOV	A,00BH
	MOV	@R0,A
	RET	
;
;
;	Unresolved Address Reference list
;
;
L0000:		EQU	00000H
L0117:		EQU	00117H
L0120:		EQU	00120H
L0137:		EQU	00137H
L0148:		EQU	00148H
L0158:		EQU	00158H
L0790:		EQU	00790H
L1A55:		EQU	01A55H
L2849:		EQU	02849H
L2850:		EQU	02850H
L2886:		EQU	02886H
L2A20:		EQU	02A20H
L2A2A:		EQU	02A2AH
L2D26:		EQU	02D26H
L2D9D:		EQU	02D9DH
L2DDD:		EQU	02DDDH
L2E01:		EQU	02E01H
L2E37:		EQU	02E37H
L2E47:		EQU	02E47H
L2E4B:		EQU	02E4BH
L2E6B:		EQU	02E6BH
L2E75:		EQU	02E75H
L2E8F:		EQU	02E8FH
L2F14:		EQU	02F14H
L2F20:		EQU	02F20H
L2F32:		EQU	02F32H
L2F38:		EQU	02F38H
L2F4C:		EQU	02F4CH
L2F61:		EQU	02F61H
L2F63:		EQU	02F63H
L2FB3:		EQU	02FB3H
L3005:		EQU	03005H
L30FC:		EQU	030FCH
L3103:		EQU	03103H
L310D:		EQU	0310DH
L3120:		EQU	03120H
L3128:		EQU	03128H
L312B:		EQU	0312BH
L3130:		EQU	03130H
L3133:		EQU	03133H
L3135:		EQU	03135H
L313A:		EQU	0313AH
L313D:		EQU	0313DH
L3149:		EQU	03149H
L314F:		EQU	0314FH
L3154:		EQU	03154H
L315B:		EQU	0315BH
L315D:		EQU	0315DH
L315E:		EQU	0315EH
L3165:		EQU	03165H
L3167:		EQU	03167H
L3168:		EQU	03168H
L3170:		EQU	03170H
L3177:		EQU	03177H
L317A:		EQU	0317AH
L317F:		EQU	0317FH
L3184:		EQU	03184H
L318E:		EQU	0318EH
L3199:		EQU	03199H
L319A:		EQU	0319AH
L31A2:		EQU	031A2H
L31A4:		EQU	031A4H
L31AC:		EQU	031ACH
L31AE:		EQU	031AEH
L31B3:		EQU	031B3H
L31BE:		EQU	031BEH
L31C8:		EQU	031C8H
L31CD:		EQU	031CDH
L31D3:		EQU	031D3H
L31DD:		EQU	031DDH
L31E4:		EQU	031E4H
L31E7:		EQU	031E7H
L31E9:		EQU	031E9H
L31EA:		EQU	031EAH
L31F2:		EQU	031F2H
L31F5:		EQU	031F5H
L31FB:		EQU	031FBH
L31FE:		EQU	031FEH
L3203:		EQU	03203H
L3205:		EQU	03205H
L320F:		EQU	0320FH
L3211:		EQU	03211H
L3219:		EQU	03219H
L321A:		EQU	0321AH
L3220:		EQU	03220H
L3222:		EQU	03222H
L3223:		EQU	03223H
L322D:		EQU	0322DH
L3234:		EQU	03234H
L3237:		EQU	03237H
L3240:		EQU	03240H
L3241:		EQU	03241H
L324B:		EQU	0324BH
L324E:		EQU	0324EH
L3255:		EQU	03255H
L325B:		EQU	0325BH
L3262:		EQU	03262H
L3267:		EQU	03267H
L3287:		EQU	03287H
L34E9:		EQU	034E9H
L34FF:		EQU	034FFH
L5000:		EQU	05000H
;
;
	END
